cargo :     Checking PyDead-bib v5.0.0 (C:\Users\andre\OneDrive\Documentos\PyDead-BIB)
En línea: 1 Carácter: 163
+ ... tent src\rust\backend\isa\stubs.rs; cargo check 2> errors.txt; Get-Co ...
+                                         ~~~~~~~~~~~~~~~~~~~~~~~~~
    + CategoryInfo          : NotSpecified: (    Checking Py...tos\PyDead-BIB):String) [], RemoteException
    + FullyQualifiedErrorId : NativeCommandError
 
warning: unused import: `fresh_temp`
 --> src\rust\frontend\python\to_ir\core.rs:4:46
  |
4 | use super::{IRProgram, IRGlobal, IRConstant, fresh_temp};
  |                                              ^^^^^^^^^^
  |
  = note: `#[warn(unused_imports)]` (part of `#[warn(unused)]`) on by default

warning: unused imports: `IRConstant` and `IRGlobal`
 --> src\rust\frontend\python\to_ir\stmt.rs:4:24
  |
4 | use super::{IRProgram, IRGlobal, IRConstant, fresh_temp};
  |                        ^^^^^^^^  ^^^^^^^^^^

warning: unnecessary parentheses around block return value
   --> src\rust\frontend\python\to_ir\stmt.rs:578:49
    |
578 | ...                   (o == "sys" && (a == "platform" || a == "version"))
    |                       ^                                                 ^
    |
    = note: `#[warn(unused_parens)]` (part of `#[warn(unused)]`) on by default
help: remove these parentheses
    |
578 -                                                 (o == "sys" && (a == "platform" || a == "version"))
578 +                                                 o == "sys" && (a == "platform" || a == "version")
    |

warning: unused imports: `IRGlobal` and `fresh_temp`
 --> src\rust\frontend\python\to_ir\expr.rs:4:24
  |
4 | use super::{IRProgram, IRGlobal, IRConstant, fresh_temp};
  |                        ^^^^^^^^              ^^^^^^^^^^

warning: unused imports: `IRCmpOp`, `IRConstValue`, `IRInstruction`, and `IROp`
  --> src\rust\frontend\python\to_ir\mod.rs:18:25
   |
18 | use crate::middle::ir::{IRCmpOp, IRConstValue, IRFunction, IRInstruction, IRModule, IROp, IRType};
   |                         ^^^^^^^  ^^^^^^^^^^^^              ^^^^^^^^^^^^^            ^^^^

warning: unused import: `std::collections::HashMap`
 --> src\rust\frontend\python\types\infer_expr.rs:2:5
  |
2 | use std::collections::HashMap;
  |     ^^^^^^^^^^^^^^^^^^^^^^^^^

warning: unused imports: `IRCmpOp`, `IRConstValue`, and `IROp`
 --> src\rust\middle\ir\cfg.rs:2:37
  |
2 | use super::opcodes::{IRInstruction, IRConstValue, IROp, IRCmpOp};
  |                                     ^^^^^^^^^^^^  ^^^^  ^^^^^^^

warning: unused import: `super::types::IRType`
 --> src\rust\middle\ir\optimizer.rs:1:5
  |
1 | use super::types::IRType;
  |     ^^^^^^^^^^^^^^^^^^^^

warning: unused import: `IRCmpOp`
 --> src\rust\middle\ir\optimizer.rs:2:57
  |
2 | use super::opcodes::{IRInstruction, IRConstValue, IROp, IRCmpOp};
  |                                                         ^^^^^^^

warning: unused import: `IRModule`
 --> src\rust\middle\ir\optimizer.rs:3:18
  |
3 | use super::cfg::{IRModule, IRFunction};
  |                  ^^^^^^^^

warning: unused imports: `IRCmpOp`, `IRConstValue`, `IRInstruction`, and `IROp`
  --> src\rust\backend\isa\types.rs:12:25
   |
12 | use crate::middle::ir::{IRConstValue, IRCmpOp, IRInstruction, IROp};
   |                         ^^^^^^^^^^^^  ^^^^^^^  ^^^^^^^^^^^^^  ^^^^

warning: unused imports: `AllocatedFunction`, `AllocatedProgram`, and `X86Reg`
  --> src\rust\backend\isa\types.rs:13:33
   |
13 | use crate::backend::reg_alloc::{AllocatedFunction, AllocatedProgram, X86Reg};
   |                                 ^^^^^^^^^^^^^^^^^  ^^^^^^^^^^^^^^^^  ^^^^^^

warning: unused import: `super::compiler::*`
 --> src\rust\backend\isa\encoder.rs:3:5
  |
3 | use super::compiler::*;
  |     ^^^^^^^^^^^^^^^^^^

warning: unused import: `super::stubs::*`
 --> src\rust\backend\isa\encoder.rs:4:5
  |
4 | use super::stubs::*;
  |     ^^^^^^^^^^^^^^^

warning: unused import: `super::instructions::*`
 --> src\rust\backend\isa\encoder.rs:5:5
  |
5 | use super::instructions::*;
  |     ^^^^^^^^^^^^^^^^^^^^^^

warning: unused import: `crate::middle::ir::*`
 --> src\rust\backend\isa\encoder.rs:6:5
  |
6 | use crate::middle::ir::*;
  |     ^^^^^^^^^^^^^^^^^^^^

warning: unused import: `std::collections::HashMap`
 --> src\rust\backend\isa\encoder.rs:8:5
  |
8 | use std::collections::HashMap;
  |     ^^^^^^^^^^^^^^^^^^^^^^^^^

warning: unused import: `super::compiler::*`
 --> src\rust\backend\isa\stubs.rs:3:5
  |
3 | use super::compiler::*;
  |     ^^^^^^^^^^^^^^^^^^

warning: unused import: `super::instructions::*`
 --> src\rust\backend\isa\stubs.rs:5:5
  |
5 | use super::instructions::*;
  |     ^^^^^^^^^^^^^^^^^^^^^^

warning: unused import: `crate::middle::ir::*`
 --> src\rust\backend\isa\stubs.rs:6:5
  |
6 | use crate::middle::ir::*;
  |     ^^^^^^^^^^^^^^^^^^^^

warning: unused import: `std::collections::HashMap`
 --> src\rust\backend\isa\stubs.rs:8:5
  |
8 | use std::collections::HashMap;
  |     ^^^^^^^^^^^^^^^^^^^^^^^^^

warning: unused import: `std::collections::HashMap`
 --> src\rust\backend\isa\compiler.rs:8:5
  |
8 | use std::collections::HashMap;
  |     ^^^^^^^^^^^^^^^^^^^^^^^^^

warning: unused import: `super::stubs::*`
 --> src\rust\backend\isa\instructions.rs:4:5
  |
4 | use super::stubs::*;
  |     ^^^^^^^^^^^^^^^

warning: unused import: `std::collections::HashMap`
 --> src\rust\backend\isa\instructions.rs:8:5
  |
8 | use std::collections::HashMap;
  |     ^^^^^^^^^^^^^^^^^^^^^^^^^

error[E0624]: method `label` is private
   --> src\rust\backend\isa\stubs.rs:12:9
    |
 12 |     enc.label("__pyb_print_str");
    |         ^^^^^ private method
    |
   ::: src\rust\backend\isa\encoder.rs:129:5
    |
129 |     fn label(&mut self, name: &str) {
    |     ------------------------------- private method defined here

error[E0624]: method `push` is private
   --> src\rust\backend\isa\stubs.rs:23:17
    |
 23 |             enc.push(X86Reg::RBX);
    |                 ^^^^ private method
    |
   ::: src\rust\backend\isa\encoder.rs:115:5
    |
115 |     fn push(&mut self, reg: X86Reg) {
    |     ------------------------------- private method defined here

error[E0624]: method `push` is private
   --> src\rust\backend\isa\stubs.rs:24:17
    |
 24 |             enc.push(X86Reg::RSI);
    |                 ^^^^ private method
    |
   ::: src\rust\backend\isa\encoder.rs:115:5
    |
115 |     fn push(&mut self, reg: X86Reg) {
    |     ------------------------------- private method defined here

error[E0624]: method `push` is private
   --> src\rust\backend\isa\stubs.rs:25:17
    |
 25 |             enc.push(X86Reg::RDI);
    |                 ^^^^ private method
    |
   ::: src\rust\backend\isa\encoder.rs:115:5
    |
115 |     fn push(&mut self, reg: X86Reg) {
    |     ------------------------------- private method defined here

error[E0624]: method `sub_rsp` is private
   --> src\rust\backend\isa\stubs.rs:26:17
    |
 26 |             enc.sub_rsp(48);
    |                 ^^^^^^^ private method
    |
   ::: src\rust\backend\isa\encoder.rs:125:5
    |
125 |     fn sub_rsp(&mut self, val: u8) { self.rex_w(); self.emit(&[0x83, 0xEC, val]); }
    |     ------------------------------ private method defined here

error[E0624]: method `mov_rr` is private
  --> src\rust\backend\isa\stubs.rs:29:17
   |
29 |             enc.mov_rr(X86Reg::RSI, X86Reg::RCX); // ptr
   |                 ^^^^^^ private method
   |
  ::: src\rust\backend\isa\encoder.rs:79:5
   |
79 |     fn mov_rr(&mut self, dst: X86Reg, src: X86Reg) {
   |     ---------------------------------------------- private method defined here

error[E0624]: method `mov_rr` is private
  --> src\rust\backend\isa\stubs.rs:30:17
   |
30 |             enc.mov_rr(X86Reg::RDI, X86Reg::RDX); // len
   |                 ^^^^^^ private method
   |
  ::: src\rust\backend\isa\encoder.rs:79:5
   |
79 |     fn mov_rr(&mut self, dst: X86Reg, src: X86Reg) {
   |     ---------------------------------------------- private method defined here

error[E0624]: method `mov_imm64` is private
  --> src\rust\backend\isa\stubs.rs:33:17
   |
33 |             enc.mov_imm64(X86Reg::RCX, -11i64);
   |                 ^^^^^^^^^ private method
   |
  ::: src\rust\backend\isa\encoder.rs:70:5
   |
70 |     fn mov_imm64(&mut self, reg: X86Reg, val: i64) {
   |     ---------------------------------------------- private method defined here

error[E0624]: method `call_iat` is private
   --> src\rust\backend\isa\stubs.rs:34:17
    |
 34 |             enc.call_iat(IAT_GET_STD_HANDLE);
    |                 ^^^^^^^^ private method
    |
   ::: src\rust\backend\isa\encoder.rs:152:5
    |
152 |     fn call_iat(&mut self, slot: usize) {
    |     ----------------------------------- private method defined here

error[E0624]: method `mov_rr` is private
  --> src\rust\backend\isa\stubs.rs:35:17
   |
35 |             enc.mov_rr(X86Reg::RBX, X86Reg::RAX); // save handle
   |                 ^^^^^^ private method
   |
  ::: src\rust\backend\isa\encoder.rs:79:5
   |
79 |     fn mov_rr(&mut self, dst: X86Reg, src: X86Reg) {
   |     ---------------------------------------------- private method defined here

error[E0624]: method `mov_rr` is private
  --> src\rust\backend\isa\stubs.rs:39:17
   |
39 |             enc.mov_rr(X86Reg::RCX, X86Reg::RBX);
   |                 ^^^^^^ private method
   |
  ::: src\rust\backend\isa\encoder.rs:79:5
   |
79 |     fn mov_rr(&mut self, dst: X86Reg, src: X86Reg) {
   |     ---------------------------------------------- private method defined here

error[E0624]: method `mov_rr` is private
  --> src\rust\backend\isa\stubs.rs:41:17
   |
41 |             enc.mov_rr(X86Reg::RDX, X86Reg::RSI);
   |                 ^^^^^^ private method
   |
  ::: src\rust\backend\isa\encoder.rs:79:5
   |
79 |     fn mov_rr(&mut self, dst: X86Reg, src: X86Reg) {
   |     ---------------------------------------------- private method defined here

error[E0624]: method `mov_rr` is private
  --> src\rust\backend\isa\stubs.rs:43:17
   |
43 |             enc.mov_rr(X86Reg::R8, X86Reg::RDI);
   |                 ^^^^^^ private method
   |
  ::: src\rust\backend\isa\encoder.rs:79:5
   |
79 |     fn mov_rr(&mut self, dst: X86Reg, src: X86Reg) {
   |     ---------------------------------------------- private method defined here

error[E0624]: method `emit` is private
  --> src\rust\backend\isa\stubs.rs:45:17
   |
45 |             enc.emit(&[0x4C, 0x8D, 0x4C, 0x24, 0x28]);
   |                 ^^^^ private method
   |
  ::: src\rust\backend\isa\encoder.rs:37:5
   |
37 |     fn emit(&mut self, bytes: &[u8]) {
   |     -------------------------------- private method defined here

error[E0624]: method `emit` is private
  --> src\rust\backend\isa\stubs.rs:47:17
   |
47 |             enc.emit(&[0x48, 0xC7, 0x44, 0x24, 0x20, 0x00, 0x00, 0x00, 0x00]);
   |                 ^^^^ private method
   |
  ::: src\rust\backend\isa\encoder.rs:37:5
   |
37 |     fn emit(&mut self, bytes: &[u8]) {
   |     -------------------------------- private method defined here

error[E0624]: method `call_iat` is private
   --> src\rust\backend\isa\stubs.rs:48:17
    |
 48 |             enc.call_iat(IAT_WRITE_FILE);
    |                 ^^^^^^^^ private method
    |
   ::: src\rust\backend\isa\encoder.rs:152:5
    |
152 |     fn call_iat(&mut self, slot: usize) {
    |     ----------------------------------- private method defined here

error[E0624]: method `add_rsp` is private
   --> src\rust\backend\isa\stubs.rs:50:17
    |
 50 |             enc.add_rsp(48);
    |                 ^^^^^^^ private method
    |
   ::: src\rust\backend\isa\encoder.rs:126:5
    |
126 |     fn add_rsp(&mut self, val: u8) { self.rex_w(); self.emit(&[0x83, 0xC4, val]); }
    |     ------------------------------ private method defined here

error[E0624]: method `pop` is private
   --> src\rust\backend\isa\stubs.rs:51:17
    |
 51 |             enc.pop(X86Reg::RDI);
    |                 ^^^ private method
    |
   ::: src\rust\backend\isa\encoder.rs:120:5
    |
120 |     fn pop(&mut self, reg: X86Reg) {
    |     ------------------------------ private method defined here

error[E0624]: method `pop` is private
   --> src\rust\backend\isa\stubs.rs:52:17
    |
 52 |             enc.pop(X86Reg::RSI);
    |                 ^^^ private method
    |
   ::: src\rust\backend\isa\encoder.rs:120:5
    |
120 |     fn pop(&mut self, reg: X86Reg) {
    |     ------------------------------ private method defined here

error[E0624]: method `pop` is private
   --> src\rust\backend\isa\stubs.rs:53:17
    |
 53 |             enc.pop(X86Reg::RBX);
    |                 ^^^ private method
    |
   ::: src\rust\backend\isa\encoder.rs:120:5
    |
120 |     fn pop(&mut self, reg: X86Reg) {
    |     ------------------------------ private method defined here

error[E0624]: method `ret` is private
   --> src\rust\backend\isa\stubs.rs:54:17
    |
 54 |             enc.ret();
    |                 ^^^ private method
    |
   ::: src\rust\backend\isa\encoder.rs:127:5
    |
127 |     fn ret(&mut self) { self.emit_u8(0xC3); }
    |     ----------------- private method defined here

error[E0624]: method `mov_rr` is private
  --> src\rust\backend\isa\stubs.rs:60:17
   |
60 |             enc.mov_rr(X86Reg::RSI, X86Reg::RCX); // buf
   |                 ^^^^^^ private method
   |
  ::: src\rust\backend\isa\encoder.rs:79:5
   |
79 |     fn mov_rr(&mut self, dst: X86Reg, src: X86Reg) {
   |     ---------------------------------------------- private method defined here

error[E0624]: method `mov_imm64` is private
  --> src\rust\backend\isa\stubs.rs:62:17
   |
62 |             enc.mov_imm64(X86Reg::RAX, 1); // SYS_write
   |                 ^^^^^^^^^ private method
   |
  ::: src\rust\backend\isa\encoder.rs:70:5
   |
70 |     fn mov_imm64(&mut self, reg: X86Reg, val: i64) {
   |     ---------------------------------------------- private method defined here

error[E0624]: method `mov_imm64` is private
  --> src\rust\backend\isa\stubs.rs:63:17
   |
63 |             enc.mov_imm64(X86Reg::RDI, 1); // stdout fd
   |                 ^^^^^^^^^ private method
   |
  ::: src\rust\backend\isa\encoder.rs:70:5
   |
70 |     fn mov_imm64(&mut self, reg: X86Reg, val: i64) {
   |     ---------------------------------------------- private method defined here

error[E0624]: method `emit` is private
  --> src\rust\backend\isa\stubs.rs:64:17
   |
64 |             enc.emit(&[0x0F, 0x05]); // syscall
   |                 ^^^^ private method
   |
  ::: src\rust\backend\isa\encoder.rs:37:5
   |
37 |     fn emit(&mut self, bytes: &[u8]) {
   |     -------------------------------- private method defined here

error[E0624]: method `ret` is private
   --> src\rust\backend\isa\stubs.rs:65:17
    |
 65 |             enc.ret();
    |                 ^^^ private method
    |
   ::: src\rust\backend\isa\encoder.rs:127:5
    |
127 |     fn ret(&mut self) { self.emit_u8(0xC3); }
    |     ----------------- private method defined here

error[E0624]: method `ret` is private
   --> src\rust\backend\isa\stubs.rs:67:20
    |
 67 |         _ => { enc.ret(); }
    |                    ^^^ private method
    |
   ::: src\rust\backend\isa\encoder.rs:127:5
    |
127 |     fn ret(&mut self) { self.emit_u8(0xC3); }
    |     ----------------- private method defined here

error[E0624]: method `label` is private
   --> src\rust\backend\isa\stubs.rs:71:9
    |
 71 |     enc.label("__pyb_print_nl");
    |         ^^^^^ private method
    |
   ::: src\rust\backend\isa\encoder.rs:129:5
    |
129 |     fn label(&mut self, name: &str) {
    |     ------------------------------- private method defined here

error[E0624]: method `push` is private
   --> src\rust\backend\isa\stubs.rs:72:9
    |
 72 |     enc.push(X86Reg::RBX);
    |         ^^^^ private method
    |
   ::: src\rust\backend\isa\encoder.rs:115:5
    |
115 |     fn push(&mut self, reg: X86Reg) {
    |     ------------------------------- private method defined here

error[E0624]: method `sub_rsp` is private
   --> src\rust\backend\isa\stubs.rs:73:9
    |
 73 |     enc.sub_rsp(32);
    |         ^^^^^^^ private method
    |
   ::: src\rust\backend\isa\encoder.rs:125:5
    |
125 |     fn sub_rsp(&mut self, val: u8) { self.rex_w(); self.emit(&[0x83, 0xEC, val]); }
    |     ------------------------------ private method defined here

error[E0624]: method `lea_rax_data` is private
   --> src\rust\backend\isa\stubs.rs:74:9
    |
 74 |     enc.lea_rax_data("__newline");
    |         ^^^^^^^^^^^^ private method
    |
   ::: src\rust\backend\isa\encoder.rs:161:5
    |
161 |     fn lea_rax_data(&mut self, data_label: &str) {
    |     -------------------------------------------- private method defined here

error[E0624]: method `mov_rr` is private
  --> src\rust\backend\isa\stubs.rs:75:9
   |
75 |     enc.mov_rr(X86Reg::RCX, X86Reg::RAX);
   |         ^^^^^^ private method
   |
  ::: src\rust\backend\isa\encoder.rs:79:5
   |
79 |     fn mov_rr(&mut self, dst: X86Reg, src: X86Reg) {
   |     ---------------------------------------------- private method defined here

error[E0624]: method `mov_imm64` is private
  --> src\rust\backend\isa\stubs.rs:76:9
   |
76 |     enc.mov_imm64(X86Reg::RDX, 2); // "\r\n" = 2 bytes
   |         ^^^^^^^^^ private method
   |
  ::: src\rust\backend\isa\encoder.rs:70:5
   |
70 |     fn mov_imm64(&mut self, reg: X86Reg, val: i64) {
   |     ---------------------------------------------- private method defined here

error[E0624]: method `call_label` is private
   --> src\rust\backend\isa\stubs.rs:77:9
    |
 77 |     enc.call_label("__pyb_print_str");
    |         ^^^^^^^^^^ private method
    |
   ::: src\rust\backend\isa\encoder.rs:145:5
    |
145 |     fn call_label(&mut self, lbl: &str) {
    |     ----------------------------------- private method defined here

error[E0624]: method `add_rsp` is private
   --> src\rust\backend\isa\stubs.rs:78:9
    |
 78 |     enc.add_rsp(32);
    |         ^^^^^^^ private method
    |
   ::: src\rust\backend\isa\encoder.rs:126:5
    |
126 |     fn add_rsp(&mut self, val: u8) { self.rex_w(); self.emit(&[0x83, 0xC4, val]); }
    |     ------------------------------ private method defined here

error[E0624]: method `pop` is private
   --> src\rust\backend\isa\stubs.rs:79:9
    |
 79 |     enc.pop(X86Reg::RBX);
    |         ^^^ private method
    |
   ::: src\rust\backend\isa\encoder.rs:120:5
    |
120 |     fn pop(&mut self, reg: X86Reg) {
    |     ------------------------------ private method defined here

error[E0624]: method `ret` is private
   --> src\rust\backend\isa\stubs.rs:80:9
    |
 80 |     enc.ret();
    |         ^^^ private method
    |
   ::: src\rust\backend\isa\encoder.rs:127:5
    |
127 |     fn ret(&mut self) { self.emit_u8(0xC3); }
    |     ----------------- private method defined here

error[E0624]: method `label` is private
   --> src\rust\backend\isa\stubs.rs:84:9
    |
 84 |     enc.label("__pyb_itoa");
    |         ^^^^^ private method
    |
   ::: src\rust\backend\isa\encoder.rs:129:5
    |
129 |     fn label(&mut self, name: &str) {
    |     ------------------------------- private method defined here

error[E0624]: method `push` is private
   --> src\rust\backend\isa\stubs.rs:85:9
    |
 85 |     enc.push(X86Reg::RBX);
    |         ^^^^ private method
    |
   ::: src\rust\backend\isa\encoder.rs:115:5
    |
115 |     fn push(&mut self, reg: X86Reg) {
    |     ------------------------------- private method defined here

error[E0624]: method `push` is private
   --> src\rust\backend\isa\stubs.rs:86:9
    |
 86 |     enc.push(X86Reg::RSI);
    |         ^^^^ private method
    |
   ::: src\rust\backend\isa\encoder.rs:115:5
    |
115 |     fn push(&mut self, reg: X86Reg) {
    |     ------------------------------- private method defined here

error[E0624]: method `push` is private
   --> src\rust\backend\isa\stubs.rs:87:9
    |
 87 |     enc.push(X86Reg::RDI);
    |         ^^^^ private method
    |
   ::: src\rust\backend\isa\encoder.rs:115:5
    |
115 |     fn push(&mut self, reg: X86Reg) {
    |     ------------------------------- private method defined here

error[E0624]: method `sub_rsp` is private
   --> src\rust\backend\isa\stubs.rs:88:9
    |
 88 |     enc.sub_rsp(80); // 32 shadow + 32 buf + 16 align
    |         ^^^^^^^ private method
    |
   ::: src\rust\backend\isa\encoder.rs:125:5
    |
125 |     fn sub_rsp(&mut self, val: u8) { self.rex_w(); self.emit(&[0x83, 0xEC, val]); }
    |     ------------------------------ private method defined here

error[E0624]: method `mov_rr` is private
  --> src\rust\backend\isa\stubs.rs:91:9
   |
91 |     enc.mov_rr(X86Reg::RSI, X86Reg::RAX);
   |         ^^^^^^ private method
   |
  ::: src\rust\backend\isa\encoder.rs:79:5
   |
79 |     fn mov_rr(&mut self, dst: X86Reg, src: X86Reg) {
   |     ---------------------------------------------- private method defined here

error[E0624]: method `rex_w` is private
  --> src\rust\backend\isa\stubs.rs:95:9
   |
95 |     enc.rex_w(); enc.emit(&[0x85, 0xF6]);
   |         ^^^^^ private method
   |
  ::: src\rust\backend\isa\encoder.rs:51:5
   |
51 |     fn rex_w(&mut self) { self.emit_u8(0x48); }
   |     ------------------- private method defined here

error[E0624]: method `emit` is private
  --> src\rust\backend\isa\stubs.rs:95:22
   |
95 |     enc.rex_w(); enc.emit(&[0x85, 0xF6]);
   |                      ^^^^ private method
   |
  ::: src\rust\backend\isa\encoder.rs:37:5
   |
37 |     fn emit(&mut self, bytes: &[u8]) {
   |     -------------------------------- private method defined here

error[E0624]: method `pos` is private
  --> src\rust\backend\isa\stubs.rs:97:49
   |
97 |     let skip_neg = format!("__itoa_pos_{}", enc.pos());
   |                                                 ^^^ private method
   |
  ::: src\rust\backend\isa\encoder.rs:35:5
   |
35 |     fn pos(&self) -> u32 { self.code.len() as u32 }
   |     -------------------- private method defined here

error[E0624]: method `jcc` is private
   --> src\rust\backend\isa\stubs.rs:98:9
    |
 98 |     enc.jcc(0x89, &skip_neg); // JNS
    |         ^^^ private method
    |
   ::: src\rust\backend\isa\encoder.rs:139:5
    |
139 |     fn jcc(&mut self, cc: u8, lbl: &str) {
    |     ------------------------------------ private method defined here

error[E0624]: method `mov_imm64` is private
   --> src\rust\backend\isa\stubs.rs:100:9
    |
100 |     enc.mov_imm64(X86Reg::RAX, 0x2D); // '-'
    |         ^^^^^^^^^ private method
    |
   ::: src\rust\backend\isa\encoder.rs:70:5
    |
 70 |     fn mov_imm64(&mut self, reg: X86Reg, val: i64) {
    |     ---------------------------------------------- private method defined here

error[E0624]: method `emit` is private
   --> src\rust\backend\isa\stubs.rs:102:9
    |
102 |     enc.emit(&[0x88, 0x44, 0x24, 0x20]);
    |         ^^^^ private method
    |
   ::: src\rust\backend\isa\encoder.rs:37:5
    |
 37 |     fn emit(&mut self, bytes: &[u8]) {
    |     -------------------------------- private method defined here

error[E0624]: method `emit` is private
   --> src\rust\backend\isa\stubs.rs:104:9
    |
104 |     enc.emit(&[0x48, 0x8D, 0x4C, 0x24, 0x20]);
    |         ^^^^ private method
    |
   ::: src\rust\backend\isa\encoder.rs:37:5
    |
 37 |     fn emit(&mut self, bytes: &[u8]) {
    |     -------------------------------- private method defined here

error[E0624]: method `mov_imm64` is private
   --> src\rust\backend\isa\stubs.rs:105:9
    |
105 |     enc.mov_imm64(X86Reg::RDX, 1);
    |         ^^^^^^^^^ private method
    |
   ::: src\rust\backend\isa\encoder.rs:70:5
    |
 70 |     fn mov_imm64(&mut self, reg: X86Reg, val: i64) {
    |     ---------------------------------------------- private method defined here

error[E0624]: method `call_label` is private
   --> src\rust\backend\isa\stubs.rs:106:9
    |
106 |     enc.call_label("__pyb_print_str");
    |         ^^^^^^^^^^ private method
    |
   ::: src\rust\backend\isa\encoder.rs:145:5
    |
145 |     fn call_label(&mut self, lbl: &str) {
    |     ----------------------------------- private method defined here

error[E0624]: method `rex_w` is private
   --> src\rust\backend\isa\stubs.rs:108:9
    |
108 |     enc.rex_w(); enc.emit(&[0xF7, 0xDE]);
    |         ^^^^^ private method
    |
   ::: src\rust\backend\isa\encoder.rs:51:5
    |
 51 |     fn rex_w(&mut self) { self.emit_u8(0x48); }
    |     ------------------- private method defined here

error[E0624]: method `emit` is private
   --> src\rust\backend\isa\stubs.rs:108:22
    |
108 |     enc.rex_w(); enc.emit(&[0xF7, 0xDE]);
    |                      ^^^^ private method
    |
   ::: src\rust\backend\isa\encoder.rs:37:5
    |
 37 |     fn emit(&mut self, bytes: &[u8]) {
    |     -------------------------------- private method defined here

error[E0624]: method `label` is private
   --> src\rust\backend\isa\stubs.rs:109:9
    |
109 |     enc.label(&skip_neg);
    |         ^^^^^ private method
    |
   ::: src\rust\backend\isa\encoder.rs:129:5
    |
129 |     fn label(&mut self, name: &str) {
    |     ------------------------------- private method defined here

error[E0624]: method `emit` is private
   --> src\rust\backend\isa\stubs.rs:114:9
    |
114 |     enc.emit(&[0x48, 0x8D, 0x7C, 0x24, 0x3F]);
    |         ^^^^ private method
    |
   ::: src\rust\backend\isa\encoder.rs:37:5
    |
 37 |     fn emit(&mut self, bytes: &[u8]) {
    |     -------------------------------- private method defined here

error[E0624]: method `xor_rr` is private
   --> src\rust\backend\isa\stubs.rs:115:9
    |
115 |     enc.xor_rr(X86Reg::RBX); // digit count = 0
    |         ^^^^^^ private method
    |
   ::: src\rust\backend\isa\encoder.rs:109:5
    |
109 |     fn xor_rr(&mut self, reg: X86Reg) {
    |     --------------------------------- private method defined here

error[E0624]: method `mov_rr` is private
   --> src\rust\backend\isa\stubs.rs:116:9
    |
116 |     enc.mov_rr(X86Reg::RAX, X86Reg::RSI);
    |         ^^^^^^ private method
    |
   ::: src\rust\backend\isa\encoder.rs:79:5
    |
 79 |     fn mov_rr(&mut self, dst: X86Reg, src: X86Reg) {
    |     ---------------------------------------------- private method defined here

error[E0624]: method `rex_w` is private
   --> src\rust\backend\isa\stubs.rs:119:9
    |
119 |     enc.rex_w(); enc.emit(&[0x85, 0xC0]); // TEST RAX, RAX
    |         ^^^^^ private method
    |
   ::: src\rust\backend\isa\encoder.rs:51:5
    |
 51 |     fn rex_w(&mut self) { self.emit_u8(0x48); }
    |     ------------------- private method defined here

error[E0624]: method `emit` is private
   --> src\rust\backend\isa\stubs.rs:119:22
    |
119 |     enc.rex_w(); enc.emit(&[0x85, 0xC0]); // TEST RAX, RAX
    |                      ^^^^ private method
    |
   ::: src\rust\backend\isa\encoder.rs:37:5
    |
 37 |     fn emit(&mut self, bytes: &[u8]) {
    |     -------------------------------- private method defined here

error[E0624]: method `pos` is private
   --> src\rust\backend\isa\stubs.rs:120:48
    |
120 |     let not_zero = format!("__itoa_nz_{}", enc.pos());
    |                                                ^^^ private method
    |
   ::: src\rust\backend\isa\encoder.rs:35:5
    |
 35 |     fn pos(&self) -> u32 { self.code.len() as u32 }
    |     -------------------- private method defined here

error[E0624]: method `jcc` is private
   --> src\rust\backend\isa\stubs.rs:121:9
    |
121 |     enc.jcc(0x85, &not_zero); // JNE
    |         ^^^ private method
    |
   ::: src\rust\backend\isa\encoder.rs:139:5
    |
139 |     fn jcc(&mut self, cc: u8, lbl: &str) {
    |     ------------------------------------ private method defined here

error[E0624]: method `emit` is private
   --> src\rust\backend\isa\stubs.rs:123:9
    |
123 |     enc.emit(&[0xC6, 0x07, 0x30]); // mov byte [rdi], '0'
    |         ^^^^ private method
    |
   ::: src\rust\backend\isa\encoder.rs:37:5
    |
 37 |     fn emit(&mut self, bytes: &[u8]) {
    |     -------------------------------- private method defined here

error[E0624]: method `mov_imm64` is private
   --> src\rust\backend\isa\stubs.rs:124:9
    |
124 |     enc.mov_imm64(X86Reg::RBX, 1);
    |         ^^^^^^^^^ private method
    |
   ::: src\rust\backend\isa\encoder.rs:70:5
    |
 70 |     fn mov_imm64(&mut self, reg: X86Reg, val: i64) {
    |     ---------------------------------------------- private method defined here

error[E0624]: method `pos` is private
   --> src\rust\backend\isa\stubs.rs:125:53
    |
125 |     let done_digits = format!("__itoa_done_{}", enc.pos());
    |                                                     ^^^ private method
    |
   ::: src\rust\backend\isa\encoder.rs:35:5
    |
 35 |     fn pos(&self) -> u32 { self.code.len() as u32 }
    |     -------------------- private method defined here

error[E0624]: method `jmp` is private
   --> src\rust\backend\isa\stubs.rs:126:9
    |
126 |     enc.jmp(&done_digits);
    |         ^^^ private method
    |
   ::: src\rust\backend\isa\encoder.rs:133:5
    |
133 |     fn jmp(&mut self, lbl: &str) {
    |     ---------------------------- private method defined here

error[E0624]: method `label` is private
   --> src\rust\backend\isa\stubs.rs:128:9
    |
128 |     enc.label(&not_zero);
    |         ^^^^^ private method
    |
   ::: src\rust\backend\isa\encoder.rs:129:5
    |
129 |     fn label(&mut self, name: &str) {
    |     ------------------------------- private method defined here

error[E0624]: method `pos` is private
   --> src\rust\backend\isa\stubs.rs:130:52
    |
130 |     let loop_label = format!("__itoa_loop_{}", enc.pos());
    |                                                    ^^^ private method
    |
   ::: src\rust\backend\isa\encoder.rs:35:5
    |
 35 |     fn pos(&self) -> u32 { self.code.len() as u32 }
    |     -------------------- private method defined here

error[E0624]: method `label` is private
   --> src\rust\backend\isa\stubs.rs:131:9
    |
131 |     enc.label(&loop_label);
    |         ^^^^^ private method
    |
   ::: src\rust\backend\isa\encoder.rs:129:5
    |
129 |     fn label(&mut self, name: &str) {
    |     ------------------------------- private method defined here

error[E0624]: method `rex_w` is private
   --> src\rust\backend\isa\stubs.rs:132:9
    |
132 |     enc.rex_w(); enc.emit(&[0x85, 0xC0]); // TEST RAX, RAX
    |         ^^^^^ private method
    |
   ::: src\rust\backend\isa\encoder.rs:51:5
    |
 51 |     fn rex_w(&mut self) { self.emit_u8(0x48); }
    |     ------------------- private method defined here

error[E0624]: method `emit` is private
   --> src\rust\backend\isa\stubs.rs:132:22
    |
132 |     enc.rex_w(); enc.emit(&[0x85, 0xC0]); // TEST RAX, RAX
    |                      ^^^^ private method
    |
   ::: src\rust\backend\isa\encoder.rs:37:5
    |
 37 |     fn emit(&mut self, bytes: &[u8]) {
    |     -------------------------------- private method defined here

error[E0624]: method `pos` is private
   --> src\rust\backend\isa\stubs.rs:133:49
    |
133 |     let end_loop = format!("__itoa_end_{}", enc.pos());
    |                                                 ^^^ private method
    |
   ::: src\rust\backend\isa\encoder.rs:35:5
    |
 35 |     fn pos(&self) -> u32 { self.code.len() as u32 }
    |     -------------------- private method defined here

error[E0624]: method `jcc` is private
   --> src\rust\backend\isa\stubs.rs:134:9
    |
134 |     enc.jcc(0x84, &end_loop); // JE
    |         ^^^ private method
    |
   ::: src\rust\backend\isa\encoder.rs:139:5
    |
139 |     fn jcc(&mut self, cc: u8, lbl: &str) {
    |     ------------------------------------ private method defined here

error[E0624]: method `xor_rr` is private
   --> src\rust\backend\isa\stubs.rs:137:9
    |
137 |     enc.xor_rr(X86Reg::RDX);
    |         ^^^^^^ private method
    |
   ::: src\rust\backend\isa\encoder.rs:109:5
    |
109 |     fn xor_rr(&mut self, reg: X86Reg) {
    |     --------------------------------- private method defined here

error[E0624]: method `mov_imm64` is private
   --> src\rust\backend\isa\stubs.rs:138:9
    |
138 |     enc.mov_imm64(X86Reg::RCX, 10);
    |         ^^^^^^^^^ private method
    |
   ::: src\rust\backend\isa\encoder.rs:70:5
    |
 70 |     fn mov_imm64(&mut self, reg: X86Reg, val: i64) {
    |     ---------------------------------------------- private method defined here

error[E0624]: method `rex_w` is private
   --> src\rust\backend\isa\stubs.rs:139:9
    |
139 |     enc.rex_w(); enc.emit(&[0xF7, 0xF1]); // DIV RCX (unsigned)
    |         ^^^^^ private method
    |
   ::: src\rust\backend\isa\encoder.rs:51:5
    |
 51 |     fn rex_w(&mut self) { self.emit_u8(0x48); }
    |     ------------------- private method defined here

error[E0624]: method `emit` is private
   --> src\rust\backend\isa\stubs.rs:139:22
    |
139 |     enc.rex_w(); enc.emit(&[0xF7, 0xF1]); // DIV RCX (unsigned)
    |                      ^^^^ private method
    |
   ::: src\rust\backend\isa\encoder.rs:37:5
    |
 37 |     fn emit(&mut self, bytes: &[u8]) {
    |     -------------------------------- private method defined here

error[E0624]: method `rex_w` is private
   --> src\rust\backend\isa\stubs.rs:142:9
    |
142 |     enc.rex_w(); enc.emit(&[0x83, 0xC2, 0x30]); // ADD RDX, 0x30
    |         ^^^^^ private method
    |
   ::: src\rust\backend\isa\encoder.rs:51:5
    |
 51 |     fn rex_w(&mut self) { self.emit_u8(0x48); }
    |     ------------------- private method defined here

error[E0624]: method `emit` is private
   --> src\rust\backend\isa\stubs.rs:142:22
    |
142 |     enc.rex_w(); enc.emit(&[0x83, 0xC2, 0x30]); // ADD RDX, 0x30
    |                      ^^^^ private method
    |
   ::: src\rust\backend\isa\encoder.rs:37:5
    |
 37 |     fn emit(&mut self, bytes: &[u8]) {
    |     -------------------------------- private method defined here

error[E0624]: method `emit` is private
   --> src\rust\backend\isa\stubs.rs:144:9
    |
144 |     enc.emit(&[0x88, 0x17]);
    |         ^^^^ private method
    |
   ::: src\rust\backend\isa\encoder.rs:37:5
    |
 37 |     fn emit(&mut self, bytes: &[u8]) {
    |     -------------------------------- private method defined here

error[E0624]: method `rex_w` is private
   --> src\rust\backend\isa\stubs.rs:146:9
    |
146 |     enc.rex_w(); enc.emit(&[0xFF, 0xCF]);
    |         ^^^^^ private method
    |
   ::: src\rust\backend\isa\encoder.rs:51:5
    |
 51 |     fn rex_w(&mut self) { self.emit_u8(0x48); }
    |     ------------------- private method defined here

error[E0624]: method `emit` is private
   --> src\rust\backend\isa\stubs.rs:146:22
    |
146 |     enc.rex_w(); enc.emit(&[0xFF, 0xCF]);
    |                      ^^^^ private method
    |
   ::: src\rust\backend\isa\encoder.rs:37:5
    |
 37 |     fn emit(&mut self, bytes: &[u8]) {
    |     -------------------------------- private method defined here

error[E0624]: method `rex_w` is private
   --> src\rust\backend\isa\stubs.rs:148:9
    |
148 |     enc.rex_w(); enc.emit(&[0xFF, 0xC3]);
    |         ^^^^^ private method
    |
   ::: src\rust\backend\isa\encoder.rs:51:5
    |
 51 |     fn rex_w(&mut self) { self.emit_u8(0x48); }
    |     ------------------- private method defined here

error[E0624]: method `emit` is private
   --> src\rust\backend\isa\stubs.rs:148:22
    |
148 |     enc.rex_w(); enc.emit(&[0xFF, 0xC3]);
    |                      ^^^^ private method
    |
   ::: src\rust\backend\isa\encoder.rs:37:5
    |
 37 |     fn emit(&mut self, bytes: &[u8]) {
    |     -------------------------------- private method defined here

error[E0624]: method `jmp` is private
   --> src\rust\backend\isa\stubs.rs:149:9
    |
149 |     enc.jmp(&loop_label);
    |         ^^^ private method
    |
   ::: src\rust\backend\isa\encoder.rs:133:5
    |
133 |     fn jmp(&mut self, lbl: &str) {
    |     ---------------------------- private method defined here

error[E0624]: method `label` is private
   --> src\rust\backend\isa\stubs.rs:151:9
    |
151 |     enc.label(&end_loop);
    |         ^^^^^ private method
    |
   ::: src\rust\backend\isa\encoder.rs:129:5
    |
129 |     fn label(&mut self, name: &str) {
    |     ------------------------------- private method defined here

error[E0624]: method `rex_w` is private
   --> src\rust\backend\isa\stubs.rs:154:9
    |
154 |     enc.rex_w(); enc.emit(&[0xFF, 0xC7]);
    |         ^^^^^ private method
    |
   ::: src\rust\backend\isa\encoder.rs:51:5
    |
 51 |     fn rex_w(&mut self) { self.emit_u8(0x48); }
    |     ------------------- private method defined here

error[E0624]: method `emit` is private
   --> src\rust\backend\isa\stubs.rs:154:22
    |
154 |     enc.rex_w(); enc.emit(&[0xFF, 0xC7]);
    |                      ^^^^ private method
    |
   ::: src\rust\backend\isa\encoder.rs:37:5
    |
 37 |     fn emit(&mut self, bytes: &[u8]) {
    |     -------------------------------- private method defined here

error[E0624]: method `label` is private
   --> src\rust\backend\isa\stubs.rs:156:9
    |
156 |     enc.label(&done_digits);
    |         ^^^^^ private method
    |
   ::: src\rust\backend\isa\encoder.rs:129:5
    |
129 |     fn label(&mut self, name: &str) {
    |     ------------------------------- private method defined here

error[E0624]: method `mov_rr` is private
   --> src\rust\backend\isa\stubs.rs:158:9
    |
158 |     enc.mov_rr(X86Reg::RCX, X86Reg::RDI);
    |         ^^^^^^ private method
    |
   ::: src\rust\backend\isa\encoder.rs:79:5
    |
 79 |     fn mov_rr(&mut self, dst: X86Reg, src: X86Reg) {
    |     ---------------------------------------------- private method defined here

error[E0624]: method `mov_rr` is private
   --> src\rust\backend\isa\stubs.rs:159:9
    |
159 |     enc.mov_rr(X86Reg::RDX, X86Reg::RBX);
    |         ^^^^^^ private method
    |
   ::: src\rust\backend\isa\encoder.rs:79:5
    |
 79 |     fn mov_rr(&mut self, dst: X86Reg, src: X86Reg) {
    |     ---------------------------------------------- private method defined here

error[E0624]: method `call_label` is private
   --> src\rust\backend\isa\stubs.rs:160:9
    |
160 |     enc.call_label("__pyb_print_str");
    |         ^^^^^^^^^^ private method
    |
   ::: src\rust\backend\isa\encoder.rs:145:5
    |
145 |     fn call_label(&mut self, lbl: &str) {
    |     ----------------------------------- private method defined here

error[E0624]: method `add_rsp` is private
   --> src\rust\backend\isa\stubs.rs:162:9
    |
162 |     enc.add_rsp(80);
    |         ^^^^^^^ private method
    |
   ::: src\rust\backend\isa\encoder.rs:126:5
    |
126 |     fn add_rsp(&mut self, val: u8) { self.rex_w(); self.emit(&[0x83, 0xC4, val]); }
    |     ------------------------------ private method defined here

error[E0624]: method `pop` is private
   --> src\rust\backend\isa\stubs.rs:163:9
    |
163 |     enc.pop(X86Reg::RDI);
    |         ^^^ private method
    |
   ::: src\rust\backend\isa\encoder.rs:120:5
    |
120 |     fn pop(&mut self, reg: X86Reg) {
    |     ------------------------------ private method defined here

error[E0624]: method `pop` is private
   --> src\rust\backend\isa\stubs.rs:164:9
    |
164 |     enc.pop(X86Reg::RSI);
    |         ^^^ private method
    |
   ::: src\rust\backend\isa\encoder.rs:120:5
    |
120 |     fn pop(&mut self, reg: X86Reg) {
    |     ------------------------------ private method defined here

error[E0624]: method `pop` is private
   --> src\rust\backend\isa\stubs.rs:165:9
    |
165 |     enc.pop(X86Reg::RBX);
    |         ^^^ private method
    |
   ::: src\rust\backend\isa\encoder.rs:120:5
    |
120 |     fn pop(&mut self, reg: X86Reg) {
    |     ------------------------------ private method defined here

error[E0624]: method `ret` is private
   --> src\rust\backend\isa\stubs.rs:166:9
    |
166 |     enc.ret();
    |         ^^^ private method
    |
   ::: src\rust\backend\isa\encoder.rs:127:5
    |
127 |     fn ret(&mut self) { self.emit_u8(0xC3); }
    |     ----------------- private method defined here

error[E0624]: method `label` is private
   --> src\rust\backend\isa\stubs.rs:171:9
    |
171 |     enc.label("__pyb_ftoa");
    |         ^^^^^ private method
    |
   ::: src\rust\backend\isa\encoder.rs:129:5
    |
129 |     fn label(&mut self, name: &str) {
    |     ------------------------------- private method defined here

error[E0624]: method `push` is private
   --> src\rust\backend\isa\stubs.rs:172:9
    |
172 |     enc.push(X86Reg::RBX);
    |         ^^^^ private method
    |
   ::: src\rust\backend\isa\encoder.rs:115:5
    |
115 |     fn push(&mut self, reg: X86Reg) {
    |     ------------------------------- private method defined here

error[E0624]: method `push` is private
   --> src\rust\backend\isa\stubs.rs:173:9
    |
173 |     enc.push(X86Reg::RSI);
    |         ^^^^ private method
    |
   ::: src\rust\backend\isa\encoder.rs:115:5
    |
115 |     fn push(&mut self, reg: X86Reg) {
    |     ------------------------------- private method defined here

error[E0624]: method `push` is private
   --> src\rust\backend\isa\stubs.rs:174:9
    |
174 |     enc.push(X86Reg::RDI);
    |         ^^^^ private method
    |
   ::: src\rust\backend\isa\encoder.rs:115:5
    |
115 |     fn push(&mut self, reg: X86Reg) {
    |     ------------------------------- private method defined here

error[E0624]: method `sub_rsp` is private
   --> src\rust\backend\isa\stubs.rs:175:9
    |
175 |     enc.sub_rsp(96); // shadow(32) + buf(32) + locals(32)
    |         ^^^^^^^ private method
    |
   ::: src\rust\backend\isa\encoder.rs:125:5
    |
125 |     fn sub_rsp(&mut self, val: u8) { self.rex_w(); self.emit(&[0x83, 0xEC, val]); }
    |     ------------------------------ private method defined here

error[E0624]: method `xorpd` is private
   --> src\rust\backend\isa\stubs.rs:178:9
    |
178 |     enc.xorpd(1); // XMM1 = 0.0
    |         ^^^^^ private method
    |
   ::: src\rust\backend\isa\encoder.rs:255:5
    |
255 |     fn xorpd(&mut self, xmm: u8) {
    |     ---------------------------- private method defined here

error[E0624]: method `ucomisd` is private
   --> src\rust\backend\isa\stubs.rs:179:9
    |
179 |     enc.ucomisd(0, 1);
    |         ^^^^^^^ private method
    |
   ::: src\rust\backend\isa\encoder.rs:259:5
    |
259 |     fn ucomisd(&mut self, a: u8, b: u8) {
    |     ----------------------------------- private method defined here

error[E0624]: method `pos` is private
   --> src\rust\backend\isa\stubs.rs:180:49
    |
180 |     let ftoa_pos = format!("__ftoa_pos_{}", enc.pos());
    |                                                 ^^^ private method
    |
   ::: src\rust\backend\isa\encoder.rs:35:5
    |
 35 |     fn pos(&self) -> u32 { self.code.len() as u32 }
    |     -------------------- private method defined here

error[E0624]: method `jcc` is private
   --> src\rust\backend\isa\stubs.rs:181:9
    |
181 |     enc.jcc(0x83, &ftoa_pos); // JAE (not below = positive or zero)
    |         ^^^ private method
    |
   ::: src\rust\backend\isa\encoder.rs:139:5
    |
139 |     fn jcc(&mut self, cc: u8, lbl: &str) {
    |     ------------------------------------ private method defined here

error[E0624]: method `emit` is private
   --> src\rust\backend\isa\stubs.rs:183:9
    |
183 |     enc.emit(&[0xC6, 0x44, 0x24, 0x20, 0x2D]); // mov byte [rsp+32], '-'
    |         ^^^^ private method
    |
   ::: src\rust\backend\isa\encoder.rs:37:5
    |
 37 |     fn emit(&mut self, bytes: &[u8]) {
    |     -------------------------------- private method defined here

error[E0624]: method `emit` is private
   --> src\rust\backend\isa\stubs.rs:184:9
    |
184 |     enc.emit(&[0x48, 0x8D, 0x4C, 0x24, 0x20]); // lea rcx, [rsp+32]
    |         ^^^^ private method
    |
   ::: src\rust\backend\isa\encoder.rs:37:5
    |
 37 |     fn emit(&mut self, bytes: &[u8]) {
    |     -------------------------------- private method defined here

error[E0624]: method `mov_imm64` is private
   --> src\rust\backend\isa\stubs.rs:185:9
    |
185 |     enc.mov_imm64(X86Reg::RDX, 1);
    |         ^^^^^^^^^ private method
    |
   ::: src\rust\backend\isa\encoder.rs:70:5
    |
 70 |     fn mov_imm64(&mut self, reg: X86Reg, val: i64) {
    |     ---------------------------------------------- private method defined here

error[E0624]: method `call_label` is private
   --> src\rust\backend\isa\stubs.rs:186:9
    |
186 |     enc.call_label("__pyb_print_str");
    |         ^^^^^^^^^^ private method
    |
   ::: src\rust\backend\isa\encoder.rs:145:5
    |
145 |     fn call_label(&mut self, lbl: &str) {
    |     ----------------------------------- private method defined here

error[E0624]: method `xorpd` is private
   --> src\rust\backend\isa\stubs.rs:189:9
    |
189 |     enc.xorpd(1);
    |         ^^^^^ private method
    |
   ::: src\rust\backend\isa\encoder.rs:255:5
    |
255 |     fn xorpd(&mut self, xmm: u8) {
    |     ---------------------------- private method defined here

error[E0624]: method `subsd` is private
   --> src\rust\backend\isa\stubs.rs:190:9
    |
190 |     enc.subsd(1, 0);
    |         ^^^^^ private method
    |
   ::: src\rust\backend\isa\encoder.rs:219:5
    |
219 |     fn subsd(&mut self, dst: u8, src: u8) {
    |     ------------------------------------- private method defined here

error[E0624]: method `movsd_xmm_xmm` is private
   --> src\rust\backend\isa\stubs.rs:191:9
    |
191 |     enc.movsd_xmm_xmm(0, 1);
    |         ^^^^^^^^^^^^^ private method
    |
   ::: src\rust\backend\isa\encoder.rs:209:5
    |
209 |     fn movsd_xmm_xmm(&mut self, dst: u8, src: u8) {
    |     --------------------------------------------- private method defined here

error[E0624]: method `label` is private
   --> src\rust\backend\isa\stubs.rs:192:9
    |
192 |     enc.label(&ftoa_pos);
    |         ^^^^^ private method
    |
   ::: src\rust\backend\isa\encoder.rs:129:5
    |
129 |     fn label(&mut self, name: &str) {
    |     ------------------------------- private method defined here

error[E0624]: method `emit` is private
   --> src\rust\backend\isa\stubs.rs:196:9
    |
196 |     enc.emit(&[0xF2, 0x0F, 0x11, 0x44, 0x24, 0x30]);
    |         ^^^^ private method
    |
   ::: src\rust\backend\isa\encoder.rs:37:5
    |
 37 |     fn emit(&mut self, bytes: &[u8]) {
    |     -------------------------------- private method defined here

error[E0624]: method `cvttsd2si` is private
   --> src\rust\backend\isa\stubs.rs:199:9
    |
199 |     enc.cvttsd2si(X86Reg::RAX, 0);
    |         ^^^^^^^^^ private method
    |
   ::: src\rust\backend\isa\encoder.rs:231:5
    |
231 |     fn cvttsd2si(&mut self, dst: X86Reg, xmm: u8) {
    |     --------------------------------------------- private method defined here

error[E0624]: method `mov_rr` is private
   --> src\rust\backend\isa\stubs.rs:201:9
    |
201 |     enc.mov_rr(X86Reg::RSI, X86Reg::RAX);
    |         ^^^^^^ private method
    |
   ::: src\rust\backend\isa\encoder.rs:79:5
    |
 79 |     fn mov_rr(&mut self, dst: X86Reg, src: X86Reg) {
    |     ---------------------------------------------- private method defined here

error[E0624]: method `call_label` is private
   --> src\rust\backend\isa\stubs.rs:203:9
    |
203 |     enc.call_label("__pyb_itoa");
    |         ^^^^^^^^^^ private method
    |
   ::: src\rust\backend\isa\encoder.rs:145:5
    |
145 |     fn call_label(&mut self, lbl: &str) {
    |     ----------------------------------- private method defined here

error[E0624]: method `emit` is private
   --> src\rust\backend\isa\stubs.rs:206:9
    |
206 |     enc.emit(&[0xC6, 0x44, 0x24, 0x20, 0x2E]); // mov byte [rsp+32], '.'
    |         ^^^^ private method
    |
   ::: src\rust\backend\isa\encoder.rs:37:5
    |
 37 |     fn emit(&mut self, bytes: &[u8]) {
    |     -------------------------------- private method defined here

error[E0624]: method `emit` is private
   --> src\rust\backend\isa\stubs.rs:207:9
    |
207 |     enc.emit(&[0x48, 0x8D, 0x4C, 0x24, 0x20]); // lea rcx, [rsp+32]
    |         ^^^^ private method
    |
   ::: src\rust\backend\isa\encoder.rs:37:5
    |
 37 |     fn emit(&mut self, bytes: &[u8]) {
    |     -------------------------------- private method defined here

error[E0624]: method `mov_imm64` is private
   --> src\rust\backend\isa\stubs.rs:208:9
    |
208 |     enc.mov_imm64(X86Reg::RDX, 1);
    |         ^^^^^^^^^ private method
    |
   ::: src\rust\backend\isa\encoder.rs:70:5
    |
 70 |     fn mov_imm64(&mut self, reg: X86Reg, val: i64) {
    |     ---------------------------------------------- private method defined here

error[E0624]: method `call_label` is private
   --> src\rust\backend\isa\stubs.rs:209:9
    |
209 |     enc.call_label("__pyb_print_str");
    |         ^^^^^^^^^^ private method
    |
   ::: src\rust\backend\isa\encoder.rs:145:5
    |
145 |     fn call_label(&mut self, lbl: &str) {
    |     ----------------------------------- private method defined here

error[E0624]: method `emit` is private
   --> src\rust\backend\isa\stubs.rs:213:9
    |
213 |     enc.emit(&[0xF2, 0x0F, 0x10, 0x44, 0x24, 0x30]); // MOVSD XMM0, [rsp+0x30]
    |         ^^^^ private method
    |
   ::: src\rust\backend\isa\encoder.rs:37:5
    |
 37 |     fn emit(&mut self, bytes: &[u8]) {
    |     -------------------------------- private method defined here

error[E0624]: method `cvtsi2sd` is private
   --> src\rust\backend\isa\stubs.rs:215:9
    |
215 |     enc.cvtsi2sd(1, X86Reg::RSI);
    |         ^^^^^^^^ private method
    |
   ::: src\rust\backend\isa\encoder.rs:238:5
    |
238 |     fn cvtsi2sd(&mut self, xmm: u8, src: X86Reg) {
    |     -------------------------------------------- private method defined here

error[E0624]: method `subsd` is private
   --> src\rust\backend\isa\stubs.rs:217:9
    |
217 |     enc.subsd(0, 1);
    |         ^^^^^ private method
    |
   ::: src\rust\backend\isa\encoder.rs:219:5
    |
219 |     fn subsd(&mut self, dst: u8, src: u8) {
    |     ------------------------------------- private method defined here

error[E0624]: method `mulsd_data` is private
   --> src\rust\backend\isa\stubs.rs:219:9
    |
219 |     enc.mulsd_data(0, "__f64_1e6");
    |         ^^^^^^^^^^ private method
    |
   ::: src\rust\backend\isa\encoder.rs:263:5
    |
263 |     fn mulsd_data(&mut self, xmm: u8, label: &str) {
    |     ---------------------------------------------- private method defined here

error[E0624]: method `cvttsd2si` is private
   --> src\rust\backend\isa\stubs.rs:221:9
    |
221 |     enc.cvttsd2si(X86Reg::RAX, 0);
    |         ^^^^^^^^^ private method
    |
   ::: src\rust\backend\isa\encoder.rs:231:5
    |
231 |     fn cvttsd2si(&mut self, dst: X86Reg, xmm: u8) {
    |     --------------------------------------------- private method defined here

error[E0624]: method `rex_w` is private
   --> src\rust\backend\isa\stubs.rs:224:9
    |
224 |     enc.rex_w(); enc.emit(&[0x85, 0xC0]);
    |         ^^^^^ private method
    |
   ::: src\rust\backend\isa\encoder.rs:51:5
    |
 51 |     fn rex_w(&mut self) { self.emit_u8(0x48); }
    |     ------------------- private method defined here

error[E0624]: method `emit` is private
   --> src\rust\backend\isa\stubs.rs:224:22
    |
224 |     enc.rex_w(); enc.emit(&[0x85, 0xC0]);
    |                      ^^^^ private method
    |
   ::: src\rust\backend\isa\encoder.rs:37:5
    |
 37 |     fn emit(&mut self, bytes: &[u8]) {
    |     -------------------------------- private method defined here

error[E0624]: method `pos` is private
   --> src\rust\backend\isa\stubs.rs:225:53
    |
225 |     let ftoa_frac_pos = format!("__ftoa_fp_{}", enc.pos());
    |                                                     ^^^ private method
    |
   ::: src\rust\backend\isa\encoder.rs:35:5
    |
 35 |     fn pos(&self) -> u32 { self.code.len() as u32 }
    |     -------------------- private method defined here

error[E0624]: method `jcc` is private
   --> src\rust\backend\isa\stubs.rs:226:9
    |
226 |     enc.jcc(0x89, &ftoa_frac_pos); // JNS
    |         ^^^ private method
    |
   ::: src\rust\backend\isa\encoder.rs:139:5
    |
139 |     fn jcc(&mut self, cc: u8, lbl: &str) {
    |     ------------------------------------ private method defined here

error[E0624]: method `rex_w` is private
   --> src\rust\backend\isa\stubs.rs:227:9
    |
227 |     enc.rex_w(); enc.emit(&[0xF7, 0xD8]); // NEG RAX
    |         ^^^^^ private method
    |
   ::: src\rust\backend\isa\encoder.rs:51:5
    |
 51 |     fn rex_w(&mut self) { self.emit_u8(0x48); }
    |     ------------------- private method defined here

error[E0624]: method `emit` is private
   --> src\rust\backend\isa\stubs.rs:227:22
    |
227 |     enc.rex_w(); enc.emit(&[0xF7, 0xD8]); // NEG RAX
    |                      ^^^^ private method
    |
   ::: src\rust\backend\isa\encoder.rs:37:5
    |
 37 |     fn emit(&mut self, bytes: &[u8]) {
    |     -------------------------------- private method defined here

error[E0624]: method `label` is private
   --> src\rust\backend\isa\stubs.rs:228:9
    |
228 |     enc.label(&ftoa_frac_pos);
    |         ^^^^^ private method
    |
   ::: src\rust\backend\isa\encoder.rs:129:5
    |
129 |     fn label(&mut self, name: &str) {
    |     ------------------------------- private method defined here

error[E0624]: method `mov_rr` is private
   --> src\rust\backend\isa\stubs.rs:231:9
    |
231 |     enc.mov_rr(X86Reg::RDI, X86Reg::RAX);
    |         ^^^^^^ private method
    |
   ::: src\rust\backend\isa\encoder.rs:79:5
    |
 79 |     fn mov_rr(&mut self, dst: X86Reg, src: X86Reg) {
    |     ---------------------------------------------- private method defined here

error[E0624]: method `emit` is private
   --> src\rust\backend\isa\stubs.rs:236:9
    |
236 |     enc.emit(&[0x48, 0x8D, 0x5C, 0x24, 0x26]); // lea rbx, [rsp+38]
    |         ^^^^ private method
    |
   ::: src\rust\backend\isa\encoder.rs:37:5
    |
 37 |     fn emit(&mut self, bytes: &[u8]) {
    |     -------------------------------- private method defined here

error[E0624]: method `mov_imm64` is private
   --> src\rust\backend\isa\stubs.rs:237:9
    |
237 |     enc.mov_imm64(X86Reg::RSI, 6); // digit count
    |         ^^^^^^^^^ private method
    |
   ::: src\rust\backend\isa\encoder.rs:70:5
    |
 70 |     fn mov_imm64(&mut self, reg: X86Reg, val: i64) {
    |     ---------------------------------------------- private method defined here

error[E0624]: method `mov_rr` is private
   --> src\rust\backend\isa\stubs.rs:238:9
    |
238 |     enc.mov_rr(X86Reg::RAX, X86Reg::RDI);
    |         ^^^^^^ private method
    |
   ::: src\rust\backend\isa\encoder.rs:79:5
    |
 79 |     fn mov_rr(&mut self, dst: X86Reg, src: X86Reg) {
    |     ---------------------------------------------- private method defined here

error[E0624]: method `pos` is private
   --> src\rust\backend\isa\stubs.rs:241:49
    |
241 |     let frac_loop = format!("__ftoa_fl_{}", enc.pos());
    |                                                 ^^^ private method
    |
   ::: src\rust\backend\isa\encoder.rs:35:5
    |
 35 |     fn pos(&self) -> u32 { self.code.len() as u32 }
    |     -------------------- private method defined here

error[E0624]: method `label` is private
   --> src\rust\backend\isa\stubs.rs:242:9
    |
242 |     enc.label(&frac_loop);
    |         ^^^^^ private method
    |
   ::: src\rust\backend\isa\encoder.rs:129:5
    |
129 |     fn label(&mut self, name: &str) {
    |     ------------------------------- private method defined here

error[E0624]: method `rex_w` is private
   --> src\rust\backend\isa\stubs.rs:243:9
    |
243 |     enc.rex_w(); enc.emit(&[0x83, 0xFE, 0x00]); // CMP RSI, 0
    |         ^^^^^ private method
    |
   ::: src\rust\backend\isa\encoder.rs:51:5
    |
 51 |     fn rex_w(&mut self) { self.emit_u8(0x48); }
    |     ------------------- private method defined here

error[E0624]: method `emit` is private
   --> src\rust\backend\isa\stubs.rs:243:22
    |
243 |     enc.rex_w(); enc.emit(&[0x83, 0xFE, 0x00]); // CMP RSI, 0
    |                      ^^^^ private method
    |
   ::: src\rust\backend\isa\encoder.rs:37:5
    |
 37 |     fn emit(&mut self, bytes: &[u8]) {
    |     -------------------------------- private method defined here

error[E0624]: method `pos` is private
   --> src\rust\backend\isa\stubs.rs:244:49
    |
244 |     let frac_done = format!("__ftoa_fd_{}", enc.pos());
    |                                                 ^^^ private method
    |
   ::: src\rust\backend\isa\encoder.rs:35:5
    |
 35 |     fn pos(&self) -> u32 { self.code.len() as u32 }
    |     -------------------- private method defined here

error[E0624]: method `jcc` is private
   --> src\rust\backend\isa\stubs.rs:245:9
    |
245 |     enc.jcc(0x84, &frac_done); // JE done
    |         ^^^ private method
    |
   ::: src\rust\backend\isa\encoder.rs:139:5
    |
139 |     fn jcc(&mut self, cc: u8, lbl: &str) {
    |     ------------------------------------ private method defined here

error[E0624]: method `xor_rr` is private
   --> src\rust\backend\isa\stubs.rs:246:9
    |
246 |     enc.xor_rr(X86Reg::RDX);
    |         ^^^^^^ private method
    |
   ::: src\rust\backend\isa\encoder.rs:109:5
    |
109 |     fn xor_rr(&mut self, reg: X86Reg) {
    |     --------------------------------- private method defined here

error[E0624]: method `mov_imm64` is private
   --> src\rust\backend\isa\stubs.rs:247:9
    |
247 |     enc.mov_imm64(X86Reg::RCX, 10);
    |         ^^^^^^^^^ private method
    |
   ::: src\rust\backend\isa\encoder.rs:70:5
    |
 70 |     fn mov_imm64(&mut self, reg: X86Reg, val: i64) {
    |     ---------------------------------------------- private method defined here

error[E0624]: method `rex_w` is private
   --> src\rust\backend\isa\stubs.rs:248:9
    |
248 |     enc.rex_w(); enc.emit(&[0xF7, 0xF1]); // DIV RCX
    |         ^^^^^ private method
    |
   ::: src\rust\backend\isa\encoder.rs:51:5
    |
 51 |     fn rex_w(&mut self) { self.emit_u8(0x48); }
    |     ------------------- private method defined here

error[E0624]: method `emit` is private
   --> src\rust\backend\isa\stubs.rs:248:22
    |
248 |     enc.rex_w(); enc.emit(&[0xF7, 0xF1]); // DIV RCX
    |                      ^^^^ private method
    |
   ::: src\rust\backend\isa\encoder.rs:37:5
    |
 37 |     fn emit(&mut self, bytes: &[u8]) {
    |     -------------------------------- private method defined here

error[E0624]: method `rex_w` is private
   --> src\rust\backend\isa\stubs.rs:249:9
    |
249 |     enc.rex_w(); enc.emit(&[0x83, 0xC2, 0x30]); // ADD RDX, '0'
    |         ^^^^^ private method
    |
   ::: src\rust\backend\isa\encoder.rs:51:5
    |
 51 |     fn rex_w(&mut self) { self.emit_u8(0x48); }
    |     ------------------- private method defined here

error[E0624]: method `emit` is private
   --> src\rust\backend\isa\stubs.rs:249:22
    |
249 |     enc.rex_w(); enc.emit(&[0x83, 0xC2, 0x30]); // ADD RDX, '0'
    |                      ^^^^ private method
    |
   ::: src\rust\backend\isa\encoder.rs:37:5
    |
 37 |     fn emit(&mut self, bytes: &[u8]) {
    |     -------------------------------- private method defined here

error[E0624]: method `rex_w` is private
   --> src\rust\backend\isa\stubs.rs:251:9
    |
251 |     enc.rex_w(); enc.emit(&[0xFF, 0xCB]);
    |         ^^^^^ private method
    |
   ::: src\rust\backend\isa\encoder.rs:51:5
    |
 51 |     fn rex_w(&mut self) { self.emit_u8(0x48); }
    |     ------------------- private method defined here

error[E0624]: method `emit` is private
   --> src\rust\backend\isa\stubs.rs:251:22
    |
251 |     enc.rex_w(); enc.emit(&[0xFF, 0xCB]);
    |                      ^^^^ private method
    |
   ::: src\rust\backend\isa\encoder.rs:37:5
    |
 37 |     fn emit(&mut self, bytes: &[u8]) {
    |     -------------------------------- private method defined here

error[E0624]: method `emit` is private
   --> src\rust\backend\isa\stubs.rs:253:9
    |
253 |     enc.emit(&[0x88, 0x13]);
    |         ^^^^ private method
    |
   ::: src\rust\backend\isa\encoder.rs:37:5
    |
 37 |     fn emit(&mut self, bytes: &[u8]) {
    |     -------------------------------- private method defined here

error[E0624]: method `rex_w` is private
   --> src\rust\backend\isa\stubs.rs:255:9
    |
255 |     enc.rex_w(); enc.emit(&[0xFF, 0xCE]);
    |         ^^^^^ private method
    |
   ::: src\rust\backend\isa\encoder.rs:51:5
    |
 51 |     fn rex_w(&mut self) { self.emit_u8(0x48); }
    |     ------------------- private method defined here

error[E0624]: method `emit` is private
   --> src\rust\backend\isa\stubs.rs:255:22
    |
255 |     enc.rex_w(); enc.emit(&[0xFF, 0xCE]);
    |                      ^^^^ private method
    |
   ::: src\rust\backend\isa\encoder.rs:37:5
    |
 37 |     fn emit(&mut self, bytes: &[u8]) {
    |     -------------------------------- private method defined here

error[E0624]: method `jmp` is private
   --> src\rust\backend\isa\stubs.rs:256:9
    |
256 |     enc.jmp(&frac_loop);
    |         ^^^ private method
    |
   ::: src\rust\backend\isa\encoder.rs:133:5
    |
133 |     fn jmp(&mut self, lbl: &str) {
    |     ---------------------------- private method defined here

error[E0624]: method `label` is private
   --> src\rust\backend\isa\stubs.rs:257:9
    |
257 |     enc.label(&frac_done);
    |         ^^^^^ private method
    |
   ::: src\rust\backend\isa\encoder.rs:129:5
    |
129 |     fn label(&mut self, name: &str) {
    |     ------------------------------- private method defined here

error[E0624]: method `emit` is private
   --> src\rust\backend\isa\stubs.rs:262:9
    |
262 |     enc.emit(&[0x48, 0x8D, 0x7C, 0x24, 0x26]); // lea rdi, [rsp+38]
    |         ^^^^ private method
    |
   ::: src\rust\backend\isa\encoder.rs:37:5
    |
 37 |     fn emit(&mut self, bytes: &[u8]) {
    |     -------------------------------- private method defined here

error[E0624]: method `pos` is private
   --> src\rust\backend\isa\stubs.rs:264:49
    |
264 |     let trim_loop = format!("__ftoa_tl_{}", enc.pos());
    |                                                 ^^^ private method
    |
   ::: src\rust\backend\isa\encoder.rs:35:5
    |
 35 |     fn pos(&self) -> u32 { self.code.len() as u32 }
    |     -------------------- private method defined here

error[E0624]: method `label` is private
   --> src\rust\backend\isa\stubs.rs:265:9
    |
265 |     enc.label(&trim_loop);
    |         ^^^^^ private method
    |
   ::: src\rust\backend\isa\encoder.rs:129:5
    |
129 |     fn label(&mut self, name: &str) {
    |     ------------------------------- private method defined here

error[E0624]: method `rex_w` is private
   --> src\rust\backend\isa\stubs.rs:267:9
    |
267 |     enc.rex_w(); enc.emit(&[0xFF, 0xCF]);
    |         ^^^^^ private method
    |
   ::: src\rust\backend\isa\encoder.rs:51:5
    |
 51 |     fn rex_w(&mut self) { self.emit_u8(0x48); }
    |     ------------------- private method defined here

error[E0624]: method `emit` is private
   --> src\rust\backend\isa\stubs.rs:267:22
    |
267 |     enc.rex_w(); enc.emit(&[0xFF, 0xCF]);
    |                      ^^^^ private method
    |
   ::: src\rust\backend\isa\encoder.rs:37:5
    |
 37 |     fn emit(&mut self, bytes: &[u8]) {
    |     -------------------------------- private method defined here

error[E0624]: method `cmp_rr` is private
   --> src\rust\backend\isa\stubs.rs:269:9
    |
269 |     enc.cmp_rr(X86Reg::RDI, X86Reg::RBX);
    |         ^^^^^^ private method
    |
   ::: src\rust\backend\isa\encoder.rs:104:5
    |
104 |     fn cmp_rr(&mut self, a: X86Reg, b: X86Reg) {
    |     ------------------------------------------ private method defined here

error[E0624]: method `pos` is private
   --> src\rust\backend\isa\stubs.rs:270:49
    |
270 |     let trim_done = format!("__ftoa_td_{}", enc.pos());
    |                                                 ^^^ private method
    |
   ::: src\rust\backend\isa\encoder.rs:35:5
    |
 35 |     fn pos(&self) -> u32 { self.code.len() as u32 }
    |     -------------------- private method defined here

error[E0624]: method `jcc` is private
   --> src\rust\backend\isa\stubs.rs:271:9
    |
271 |     enc.jcc(0x86, &trim_done); // JBE (rdi <= rbx, keep at least 1 digit)
    |         ^^^ private method
    |
   ::: src\rust\backend\isa\encoder.rs:139:5
    |
139 |     fn jcc(&mut self, cc: u8, lbl: &str) {
    |     ------------------------------------ private method defined here

error[E0624]: method `emit` is private
   --> src\rust\backend\isa\stubs.rs:273:9
    |
273 |     enc.emit(&[0x80, 0x3F, 0x30]);
    |         ^^^^ private method
    |
   ::: src\rust\backend\isa\encoder.rs:37:5
    |
 37 |     fn emit(&mut self, bytes: &[u8]) {
    |     -------------------------------- private method defined here

error[E0624]: method `jcc` is private
   --> src\rust\backend\isa\stubs.rs:274:9
    |
274 |     enc.jcc(0x84, &trim_loop); // JE ÔåÆ continue trimming
    |         ^^^ private method
    |
   ::: src\rust\backend\isa\encoder.rs:139:5
    |
139 |     fn jcc(&mut self, cc: u8, lbl: &str) {
    |     ------------------------------------ private method defined here

error[E0624]: method `rex_w` is private
   --> src\rust\backend\isa\stubs.rs:276:9
    |
276 |     enc.rex_w(); enc.emit(&[0xFF, 0xC7]); // INC RDI
    |         ^^^^^ private method
    |
   ::: src\rust\backend\isa\encoder.rs:51:5
    |
 51 |     fn rex_w(&mut self) { self.emit_u8(0x48); }
    |     ------------------- private method defined here

error[E0624]: method `emit` is private
   --> src\rust\backend\isa\stubs.rs:276:22
    |
276 |     enc.rex_w(); enc.emit(&[0xFF, 0xC7]); // INC RDI
    |                      ^^^^ private method
    |
   ::: src\rust\backend\isa\encoder.rs:37:5
    |
 37 |     fn emit(&mut self, bytes: &[u8]) {
    |     -------------------------------- private method defined here

error[E0624]: method `label` is private
   --> src\rust\backend\isa\stubs.rs:277:9
    |
277 |     enc.label(&trim_done);
    |         ^^^^^ private method
    |
   ::: src\rust\backend\isa\encoder.rs:129:5
    |
129 |     fn label(&mut self, name: &str) {
    |     ------------------------------- private method defined here

error[E0624]: method `mov_rr` is private
   --> src\rust\backend\isa\stubs.rs:280:9
    |
280 |     enc.mov_rr(X86Reg::RCX, X86Reg::RBX);
    |         ^^^^^^ private method
    |
   ::: src\rust\backend\isa\encoder.rs:79:5
    |
 79 |     fn mov_rr(&mut self, dst: X86Reg, src: X86Reg) {
    |     ---------------------------------------------- private method defined here

error[E0624]: method `mov_rr` is private
   --> src\rust\backend\isa\stubs.rs:281:9
    |
281 |     enc.mov_rr(X86Reg::RDX, X86Reg::RDI);
    |         ^^^^^^ private method
    |
   ::: src\rust\backend\isa\encoder.rs:79:5
    |
 79 |     fn mov_rr(&mut self, dst: X86Reg, src: X86Reg) {
    |     ---------------------------------------------- private method defined here

error[E0624]: method `sub_rr` is private
   --> src\rust\backend\isa\stubs.rs:282:9
    |
282 |     enc.sub_rr(X86Reg::RDX, X86Reg::RBX);
    |         ^^^^^^ private method
    |
   ::: src\rust\backend\isa\encoder.rs:89:5
    |
 89 |     fn sub_rr(&mut self, dst: X86Reg, src: X86Reg) {
    |     ---------------------------------------------- private method defined here

error[E0624]: method `rex_w` is private
   --> src\rust\backend\isa\stubs.rs:284:9
    |
284 |     enc.rex_w(); enc.emit(&[0x83, 0xFA, 0x01]); // CMP RDX, 1
    |         ^^^^^ private method
    |
   ::: src\rust\backend\isa\encoder.rs:51:5
    |
 51 |     fn rex_w(&mut self) { self.emit_u8(0x48); }
    |     ------------------- private method defined here

error[E0624]: method `emit` is private
   --> src\rust\backend\isa\stubs.rs:284:22
    |
284 |     enc.rex_w(); enc.emit(&[0x83, 0xFA, 0x01]); // CMP RDX, 1
    |                      ^^^^ private method
    |
   ::: src\rust\backend\isa\encoder.rs:37:5
    |
 37 |     fn emit(&mut self, bytes: &[u8]) {
    |     -------------------------------- private method defined here

error[E0624]: method `pos` is private
   --> src\rust\backend\isa\stubs.rs:285:50
    |
285 |     let print_frac = format!("__ftoa_pf_{}", enc.pos());
    |                                                  ^^^ private method
    |
   ::: src\rust\backend\isa\encoder.rs:35:5
    |
 35 |     fn pos(&self) -> u32 { self.code.len() as u32 }
    |     -------------------- private method defined here

error[E0624]: method `jcc` is private
   --> src\rust\backend\isa\stubs.rs:286:9
    |
286 |     enc.jcc(0x8D, &print_frac); // JGE
    |         ^^^ private method
    |
   ::: src\rust\backend\isa\encoder.rs:139:5
    |
139 |     fn jcc(&mut self, cc: u8, lbl: &str) {
    |     ------------------------------------ private method defined here

error[E0624]: method `mov_imm64` is private
   --> src\rust\backend\isa\stubs.rs:287:9
    |
287 |     enc.mov_imm64(X86Reg::RDX, 1);
    |         ^^^^^^^^^ private method
    |
   ::: src\rust\backend\isa\encoder.rs:70:5
    |
 70 |     fn mov_imm64(&mut self, reg: X86Reg, val: i64) {
    |     ---------------------------------------------- private method defined here

error[E0624]: method `label` is private
   --> src\rust\backend\isa\stubs.rs:288:9
    |
288 |     enc.label(&print_frac);
    |         ^^^^^ private method
    |
   ::: src\rust\backend\isa\encoder.rs:129:5
    |
129 |     fn label(&mut self, name: &str) {
    |     ------------------------------- private method defined here

error[E0624]: method `call_label` is private
   --> src\rust\backend\isa\stubs.rs:289:9
    |
289 |     enc.call_label("__pyb_print_str");
    |         ^^^^^^^^^^ private method
    |
   ::: src\rust\backend\isa\encoder.rs:145:5
    |
145 |     fn call_label(&mut self, lbl: &str) {
    |     ----------------------------------- private method defined here

error[E0624]: method `add_rsp` is private
   --> src\rust\backend\isa\stubs.rs:291:9
    |
291 |     enc.add_rsp(96);
    |         ^^^^^^^ private method
    |
   ::: src\rust\backend\isa\encoder.rs:126:5
    |
126 |     fn add_rsp(&mut self, val: u8) { self.rex_w(); self.emit(&[0x83, 0xC4, val]); }
    |     ------------------------------ private method defined here

error[E0624]: method `pop` is private
   --> src\rust\backend\isa\stubs.rs:292:9
    |
292 |     enc.pop(X86Reg::RDI);
    |         ^^^ private method
    |
   ::: src\rust\backend\isa\encoder.rs:120:5
    |
120 |     fn pop(&mut self, reg: X86Reg) {
    |     ------------------------------ private method defined here

error[E0624]: method `pop` is private
   --> src\rust\backend\isa\stubs.rs:293:9
    |
293 |     enc.pop(X86Reg::RSI);
    |         ^^^ private method
    |
   ::: src\rust\backend\isa\encoder.rs:120:5
    |
120 |     fn pop(&mut self, reg: X86Reg) {
    |     ------------------------------ private method defined here

error[E0624]: method `pop` is private
   --> src\rust\backend\isa\stubs.rs:294:9
    |
294 |     enc.pop(X86Reg::RBX);
    |         ^^^ private method
    |
   ::: src\rust\backend\isa\encoder.rs:120:5
    |
120 |     fn pop(&mut self, reg: X86Reg) {
    |     ------------------------------ private method defined here

error[E0624]: method `ret` is private
   --> src\rust\backend\isa\stubs.rs:295:9
    |
295 |     enc.ret();
    |         ^^^ private method
    |
   ::: src\rust\backend\isa\encoder.rs:127:5
    |
127 |     fn ret(&mut self) { self.emit_u8(0xC3); }
    |     ----------------- private method defined here

error[E0624]: method `label` is private
   --> src\rust\backend\isa\stubs.rs:298:9
    |
298 |     enc.label("__pyb_pow");
    |         ^^^^^ private method
    |
   ::: src\rust\backend\isa\encoder.rs:129:5
    |
129 |     fn label(&mut self, name: &str) {
    |     ------------------------------- private method defined here

error[E0624]: method `push` is private
   --> src\rust\backend\isa\stubs.rs:299:9
    |
299 |     enc.push(X86Reg::RBX);
    |         ^^^^ private method
    |
   ::: src\rust\backend\isa\encoder.rs:115:5
    |
115 |     fn push(&mut self, reg: X86Reg) {
    |     ------------------------------- private method defined here

error[E0624]: method `push` is private
   --> src\rust\backend\isa\stubs.rs:300:9
    |
300 |     enc.push(X86Reg::RCX);
    |         ^^^^ private method
    |
   ::: src\rust\backend\isa\encoder.rs:115:5
    |
115 |     fn push(&mut self, reg: X86Reg) {
    |     ------------------------------- private method defined here

error[E0624]: method `mov_rr` is private
   --> src\rust\backend\isa\stubs.rs:301:9
    |
301 |     enc.mov_rr(X86Reg::RBX, X86Reg::RAX); // base
    |         ^^^^^^ private method
    |
   ::: src\rust\backend\isa\encoder.rs:79:5
    |
 79 |     fn mov_rr(&mut self, dst: X86Reg, src: X86Reg) {
    |     ---------------------------------------------- private method defined here

error[E0624]: method `mov_imm64` is private
   --> src\rust\backend\isa\stubs.rs:302:9
    |
302 |     enc.mov_imm64(X86Reg::RAX, 1);        // result = 1
    |         ^^^^^^^^^ private method
    |
   ::: src\rust\backend\isa\encoder.rs:70:5
    |
 70 |     fn mov_imm64(&mut self, reg: X86Reg, val: i64) {
    |     ---------------------------------------------- private method defined here

error[E0624]: method `pos` is private
   --> src\rust\backend\isa\stubs.rs:303:46
    |
303 |     let pow_loop = format!("__pow_l_{}", enc.pos());
    |                                              ^^^ private method
    |
   ::: src\rust\backend\isa\encoder.rs:35:5
    |
 35 |     fn pos(&self) -> u32 { self.code.len() as u32 }
    |     -------------------- private method defined here

error[E0624]: method `label` is private
   --> src\rust\backend\isa\stubs.rs:304:9
    |
304 |     enc.label(&pow_loop);
    |         ^^^^^ private method
    |
   ::: src\rust\backend\isa\encoder.rs:129:5
    |
129 |     fn label(&mut self, name: &str) {
    |     ------------------------------- private method defined here

error[E0624]: method `rex_w` is private
   --> src\rust\backend\isa\stubs.rs:305:9
    |
305 |     enc.rex_w(); enc.emit(&[0x85, 0xC9]); // TEST RCX, RCX
    |         ^^^^^ private method
    |
   ::: src\rust\backend\isa\encoder.rs:51:5
    |
 51 |     fn rex_w(&mut self) { self.emit_u8(0x48); }
    |     ------------------- private method defined here

error[E0624]: method `emit` is private
   --> src\rust\backend\isa\stubs.rs:305:22
    |
305 |     enc.rex_w(); enc.emit(&[0x85, 0xC9]); // TEST RCX, RCX
    |                      ^^^^ private method
    |
   ::: src\rust\backend\isa\encoder.rs:37:5
    |
 37 |     fn emit(&mut self, bytes: &[u8]) {
    |     -------------------------------- private method defined here

error[E0624]: method `pos` is private
   --> src\rust\backend\isa\stubs.rs:306:46
    |
306 |     let pow_done = format!("__pow_d_{}", enc.pos());
    |                                              ^^^ private method
    |
   ::: src\rust\backend\isa\encoder.rs:35:5
    |
 35 |     fn pos(&self) -> u32 { self.code.len() as u32 }
    |     -------------------- private method defined here

error[E0624]: method `jcc` is private
   --> src\rust\backend\isa\stubs.rs:307:9
    |
307 |     enc.jcc(0x84, &pow_done); // JE ÔåÆ done
    |         ^^^ private method
    |
   ::: src\rust\backend\isa\encoder.rs:139:5
    |
139 |     fn jcc(&mut self, cc: u8, lbl: &str) {
    |     ------------------------------------ private method defined here

error[E0624]: method `imul_rr` is private
   --> src\rust\backend\isa\stubs.rs:308:9
    |
308 |     enc.imul_rr(X86Reg::RAX, X86Reg::RBX); // result *= base
    |         ^^^^^^^ private method
    |
   ::: src\rust\backend\isa\encoder.rs:94:5
    |
 94 |     fn imul_rr(&mut self, dst: X86Reg, src: X86Reg) {
    |     ----------------------------------------------- private method defined here

error[E0624]: method `rex_w` is private
   --> src\rust\backend\isa\stubs.rs:309:9
    |
309 |     enc.rex_w(); enc.emit(&[0xFF, 0xC9]); // DEC RCX
    |         ^^^^^ private method
    |
   ::: src\rust\backend\isa\encoder.rs:51:5
    |
 51 |     fn rex_w(&mut self) { self.emit_u8(0x48); }
    |     ------------------- private method defined here

error[E0624]: method `emit` is private
   --> src\rust\backend\isa\stubs.rs:309:22
    |
309 |     enc.rex_w(); enc.emit(&[0xFF, 0xC9]); // DEC RCX
    |                      ^^^^ private method
    |
   ::: src\rust\backend\isa\encoder.rs:37:5
    |
 37 |     fn emit(&mut self, bytes: &[u8]) {
    |     -------------------------------- private method defined here

error[E0624]: method `jmp` is private
   --> src\rust\backend\isa\stubs.rs:310:9
    |
310 |     enc.jmp(&pow_loop);
    |         ^^^ private method
    |
   ::: src\rust\backend\isa\encoder.rs:133:5
    |
133 |     fn jmp(&mut self, lbl: &str) {
    |     ---------------------------- private method defined here

error[E0624]: method `label` is private
   --> src\rust\backend\isa\stubs.rs:311:9
    |
311 |     enc.label(&pow_done);
    |         ^^^^^ private method
    |
   ::: src\rust\backend\isa\encoder.rs:129:5
    |
129 |     fn label(&mut self, name: &str) {
    |     ------------------------------- private method defined here

error[E0624]: method `pop` is private
   --> src\rust\backend\isa\stubs.rs:312:9
    |
312 |     enc.pop(X86Reg::RCX);
    |         ^^^ private method
    |
   ::: src\rust\backend\isa\encoder.rs:120:5
    |
120 |     fn pop(&mut self, reg: X86Reg) {
    |     ------------------------------ private method defined here

error[E0624]: method `pop` is private
   --> src\rust\backend\isa\stubs.rs:313:9
    |
313 |     enc.pop(X86Reg::RBX);
    |         ^^^ private method
    |
   ::: src\rust\backend\isa\encoder.rs:120:5
    |
120 |     fn pop(&mut self, reg: X86Reg) {
    |     ------------------------------ private method defined here

error[E0624]: method `ret` is private
   --> src\rust\backend\isa\stubs.rs:314:9
    |
314 |     enc.ret();
    |         ^^^ private method
    |
   ::: src\rust\backend\isa\encoder.rs:127:5
    |
127 |     fn ret(&mut self) { self.emit_u8(0xC3); }
    |     ----------------- private method defined here

error[E0624]: method `label` is private
   --> src\rust\backend\isa\stubs.rs:317:9
    |
317 |     enc.label("__math_sqrt");
    |         ^^^^^ private method
    |
   ::: src\rust\backend\isa\encoder.rs:129:5
    |
129 |     fn label(&mut self, name: &str) {
    |     ------------------------------- private method defined here

error[E0624]: method `emit` is private
   --> src\rust\backend\isa\stubs.rs:319:9
    |
319 |     enc.emit(&[0x66, 0x48, 0x0F, 0x6E, 0xC1]); // MOVQ XMM0, RCX
    |         ^^^^ private method
    |
   ::: src\rust\backend\isa\encoder.rs:37:5
    |
 37 |     fn emit(&mut self, bytes: &[u8]) {
    |     -------------------------------- private method defined here

error[E0624]: method `emit` is private
   --> src\rust\backend\isa\stubs.rs:321:9
    |
321 |     enc.emit(&[0xF2, 0x0F, 0x51, 0xC0]);
    |         ^^^^ private method
    |
   ::: src\rust\backend\isa\encoder.rs:37:5
    |
 37 |     fn emit(&mut self, bytes: &[u8]) {
    |     -------------------------------- private method defined here

error[E0624]: method `emit` is private
   --> src\rust\backend\isa\stubs.rs:323:9
    |
323 |     enc.emit(&[0x66, 0x48, 0x0F, 0x7E, 0xC0]); // MOVQ RAX, XMM0
    |         ^^^^ private method
    |
   ::: src\rust\backend\isa\encoder.rs:37:5
    |
 37 |     fn emit(&mut self, bytes: &[u8]) {
    |     -------------------------------- private method defined here

error[E0624]: method `ret` is private
   --> src\rust\backend\isa\stubs.rs:324:9
    |
324 |     enc.ret();
    |         ^^^ private method
    |
   ::: src\rust\backend\isa\encoder.rs:127:5
    |
127 |     fn ret(&mut self) { self.emit_u8(0xC3); }
    |     ----------------- private method defined here

error[E0624]: method `label` is private
   --> src\rust\backend\isa\stubs.rs:327:9
    |
327 |     enc.label("__math_floor");
    |         ^^^^^ private method
    |
   ::: src\rust\backend\isa\encoder.rs:129:5
    |
129 |     fn label(&mut self, name: &str) {
    |     ------------------------------- private method defined here

error[E0624]: method `emit` is private
   --> src\rust\backend\isa\stubs.rs:328:9
    |
328 |     enc.emit(&[0x66, 0x48, 0x0F, 0x6E, 0xC1]); // MOVQ XMM0, RCX
    |         ^^^^ private method
    |
   ::: src\rust\backend\isa\encoder.rs:37:5
    |
 37 |     fn emit(&mut self, bytes: &[u8]) {
    |     -------------------------------- private method defined here

error[E0624]: method `emit` is private
   --> src\rust\backend\isa\stubs.rs:331:9
    |
331 |     enc.emit(&[0x66, 0x0F, 0x3A, 0x0B, 0xC0, 0x01]);
    |         ^^^^ private method
    |
   ::: src\rust\backend\isa\encoder.rs:37:5
    |
 37 |     fn emit(&mut self, bytes: &[u8]) {
    |     -------------------------------- private method defined here

error[E0624]: method `cvttsd2si` is private
   --> src\rust\backend\isa\stubs.rs:333:9
    |
333 |     enc.cvttsd2si(X86Reg::RAX, 0);
    |         ^^^^^^^^^ private method
    |
   ::: src\rust\backend\isa\encoder.rs:231:5
    |
231 |     fn cvttsd2si(&mut self, dst: X86Reg, xmm: u8) {
    |     --------------------------------------------- private method defined here

error[E0624]: method `ret` is private
   --> src\rust\backend\isa\stubs.rs:334:9
    |
334 |     enc.ret();
    |         ^^^ private method
    |
   ::: src\rust\backend\isa\encoder.rs:127:5
    |
127 |     fn ret(&mut self) { self.emit_u8(0xC3); }
    |     ----------------- private method defined here

error[E0624]: method `label` is private
   --> src\rust\backend\isa\stubs.rs:337:9
    |
337 |     enc.label("__math_ceil");
    |         ^^^^^ private method
    |
   ::: src\rust\backend\isa\encoder.rs:129:5
    |
129 |     fn label(&mut self, name: &str) {
    |     ------------------------------- private method defined here

error[E0624]: method `emit` is private
   --> src\rust\backend\isa\stubs.rs:338:9
    |
338 |     enc.emit(&[0x66, 0x48, 0x0F, 0x6E, 0xC1]); // MOVQ XMM0, RCX
    |         ^^^^ private method
    |
   ::: src\rust\backend\isa\encoder.rs:37:5
    |
 37 |     fn emit(&mut self, bytes: &[u8]) {
    |     -------------------------------- private method defined here

error[E0624]: method `emit` is private
   --> src\rust\backend\isa\stubs.rs:340:9
    |
340 |     enc.emit(&[0x66, 0x0F, 0x3A, 0x0B, 0xC0, 0x02]);
    |         ^^^^ private method
    |
   ::: src\rust\backend\isa\encoder.rs:37:5
    |
 37 |     fn emit(&mut self, bytes: &[u8]) {
    |     -------------------------------- private method defined here

error[E0624]: method `cvttsd2si` is private
   --> src\rust\backend\isa\stubs.rs:341:9
    |
341 |     enc.cvttsd2si(X86Reg::RAX, 0);
    |         ^^^^^^^^^ private method
    |
   ::: src\rust\backend\isa\encoder.rs:231:5
    |
231 |     fn cvttsd2si(&mut self, dst: X86Reg, xmm: u8) {
    |     --------------------------------------------- private method defined here

error[E0624]: method `ret` is private
   --> src\rust\backend\isa\stubs.rs:342:9
    |
342 |     enc.ret();
    |         ^^^ private method
    |
   ::: src\rust\backend\isa\encoder.rs:127:5
    |
127 |     fn ret(&mut self) { self.emit_u8(0xC3); }
    |     ----------------- private method defined here

error[E0624]: method `label` is private
   --> src\rust\backend\isa\stubs.rs:345:9
    |
345 |     enc.label("__math_sin");
    |         ^^^^^ private method
    |
   ::: src\rust\backend\isa\encoder.rs:129:5
    |
129 |     fn label(&mut self, name: &str) {
    |     ------------------------------- private method defined here

error[E0624]: method `push` is private
   --> src\rust\backend\isa\stubs.rs:346:9
    |
346 |     enc.push(X86Reg::RBX);
    |         ^^^^ private method
    |
   ::: src\rust\backend\isa\encoder.rs:115:5
    |
115 |     fn push(&mut self, reg: X86Reg) {
    |     ------------------------------- private method defined here

error[E0624]: method `sub_rsp` is private
   --> src\rust\backend\isa\stubs.rs:347:9
    |
347 |     enc.sub_rsp(16);
    |         ^^^^^^^ private method
    |
   ::: src\rust\backend\isa\encoder.rs:125:5
    |
125 |     fn sub_rsp(&mut self, val: u8) { self.rex_w(); self.emit(&[0x83, 0xEC, val]); }
    |     ------------------------------ private method defined here

error[E0624]: method `emit` is private
   --> src\rust\backend\isa\stubs.rs:349:9
    |
349 |     enc.emit(&[0x48, 0x89, 0x0C, 0x24]); // MOV [RSP], RCX
    |         ^^^^ private method
    |
   ::: src\rust\backend\isa\encoder.rs:37:5
    |
 37 |     fn emit(&mut self, bytes: &[u8]) {
    |     -------------------------------- private method defined here

error[E0624]: method `emit` is private
   --> src\rust\backend\isa\stubs.rs:351:9
    |
351 |     enc.emit(&[0xDD, 0x04, 0x24]);
    |         ^^^^ private method
    |
   ::: src\rust\backend\isa\encoder.rs:37:5
    |
 37 |     fn emit(&mut self, bytes: &[u8]) {
    |     -------------------------------- private method defined here

error[E0624]: method `emit` is private
   --> src\rust\backend\isa\stubs.rs:353:9
    |
353 |     enc.emit(&[0xD9, 0xFE]);
    |         ^^^^ private method
    |
   ::: src\rust\backend\isa\encoder.rs:37:5
    |
 37 |     fn emit(&mut self, bytes: &[u8]) {
    |     -------------------------------- private method defined here

error[E0624]: method `emit` is private
   --> src\rust\backend\isa\stubs.rs:355:9
    |
355 |     enc.emit(&[0xDD, 0x1C, 0x24]);
    |         ^^^^ private method
    |
   ::: src\rust\backend\isa\encoder.rs:37:5
    |
 37 |     fn emit(&mut self, bytes: &[u8]) {
    |     -------------------------------- private method defined here

error[E0624]: method `emit` is private
   --> src\rust\backend\isa\stubs.rs:357:9
    |
357 |     enc.emit(&[0x48, 0x8B, 0x04, 0x24]);
    |         ^^^^ private method
    |
   ::: src\rust\backend\isa\encoder.rs:37:5
    |
 37 |     fn emit(&mut self, bytes: &[u8]) {
    |     -------------------------------- private method defined here

error[E0624]: method `add_rsp` is private
   --> src\rust\backend\isa\stubs.rs:358:9
    |
358 |     enc.add_rsp(16);
    |         ^^^^^^^ private method
    |
   ::: src\rust\backend\isa\encoder.rs:126:5
    |
126 |     fn add_rsp(&mut self, val: u8) { self.rex_w(); self.emit(&[0x83, 0xC4, val]); }
    |     ------------------------------ private method defined here

error[E0624]: method `pop` is private
   --> src\rust\backend\isa\stubs.rs:359:9
    |
359 |     enc.pop(X86Reg::RBX);
    |         ^^^ private method
    |
   ::: src\rust\backend\isa\encoder.rs:120:5
    |
120 |     fn pop(&mut self, reg: X86Reg) {
    |     ------------------------------ private method defined here

error[E0624]: method `ret` is private
   --> src\rust\backend\isa\stubs.rs:360:9
    |
360 |     enc.ret();
    |         ^^^ private method
    |
   ::: src\rust\backend\isa\encoder.rs:127:5
    |
127 |     fn ret(&mut self) { self.emit_u8(0xC3); }
    |     ----------------- private method defined here

error[E0624]: method `label` is private
   --> src\rust\backend\isa\stubs.rs:363:9
    |
363 |     enc.label("__math_cos");
    |         ^^^^^ private method
    |
   ::: src\rust\backend\isa\encoder.rs:129:5
    |
129 |     fn label(&mut self, name: &str) {
    |     ------------------------------- private method defined here

error[E0624]: method `push` is private
   --> src\rust\backend\isa\stubs.rs:364:9
    |
364 |     enc.push(X86Reg::RBX);
    |         ^^^^ private method
    |
   ::: src\rust\backend\isa\encoder.rs:115:5
    |
115 |     fn push(&mut self, reg: X86Reg) {
    |     ------------------------------- private method defined here

error[E0624]: method `sub_rsp` is private
   --> src\rust\backend\isa\stubs.rs:365:9
    |
365 |     enc.sub_rsp(16);
    |         ^^^^^^^ private method
    |
   ::: src\rust\backend\isa\encoder.rs:125:5
    |
125 |     fn sub_rsp(&mut self, val: u8) { self.rex_w(); self.emit(&[0x83, 0xEC, val]); }
    |     ------------------------------ private method defined here

error[E0624]: method `emit` is private
   --> src\rust\backend\isa\stubs.rs:366:9
    |
366 |     enc.emit(&[0x48, 0x89, 0x0C, 0x24]); // MOV [RSP], RCX
    |         ^^^^ private method
    |
   ::: src\rust\backend\isa\encoder.rs:37:5
    |
 37 |     fn emit(&mut self, bytes: &[u8]) {
    |     -------------------------------- private method defined here

error[E0624]: method `emit` is private
   --> src\rust\backend\isa\stubs.rs:367:9
    |
367 |     enc.emit(&[0xDD, 0x04, 0x24]); // FLD QWORD [RSP]
    |         ^^^^ private method
    |
   ::: src\rust\backend\isa\encoder.rs:37:5
    |
 37 |     fn emit(&mut self, bytes: &[u8]) {
    |     -------------------------------- private method defined here

error[E0624]: method `emit` is private
   --> src\rust\backend\isa\stubs.rs:368:9
    |
368 |     enc.emit(&[0xD9, 0xFF]); // FCOS
    |         ^^^^ private method
    |
   ::: src\rust\backend\isa\encoder.rs:37:5
    |
 37 |     fn emit(&mut self, bytes: &[u8]) {
    |     -------------------------------- private method defined here

error[E0624]: method `emit` is private
   --> src\rust\backend\isa\stubs.rs:369:9
    |
369 |     enc.emit(&[0xDD, 0x1C, 0x24]); // FSTP QWORD [RSP]
    |         ^^^^ private method
    |
   ::: src\rust\backend\isa\encoder.rs:37:5
    |
 37 |     fn emit(&mut self, bytes: &[u8]) {
    |     -------------------------------- private method defined here

error[E0624]: method `emit` is private
   --> src\rust\backend\isa\stubs.rs:370:9
    |
370 |     enc.emit(&[0x48, 0x8B, 0x04, 0x24]); // MOV RAX, [RSP]
    |         ^^^^ private method
    |
   ::: src\rust\backend\isa\encoder.rs:37:5
    |
 37 |     fn emit(&mut self, bytes: &[u8]) {
    |     -------------------------------- private method defined here

error[E0624]: method `add_rsp` is private
   --> src\rust\backend\isa\stubs.rs:371:9
    |
371 |     enc.add_rsp(16);
    |         ^^^^^^^ private method
    |
   ::: src\rust\backend\isa\encoder.rs:126:5
    |
126 |     fn add_rsp(&mut self, val: u8) { self.rex_w(); self.emit(&[0x83, 0xC4, val]); }
    |     ------------------------------ private method defined here

error[E0624]: method `pop` is private
   --> src\rust\backend\isa\stubs.rs:372:9
    |
372 |     enc.pop(X86Reg::RBX);
    |         ^^^ private method
    |
   ::: src\rust\backend\isa\encoder.rs:120:5
    |
120 |     fn pop(&mut self, reg: X86Reg) {
    |     ------------------------------ private method defined here

error[E0624]: method `ret` is private
   --> src\rust\backend\isa\stubs.rs:373:9
    |
373 |     enc.ret();
    |         ^^^ private method
    |
   ::: src\rust\backend\isa\encoder.rs:127:5
    |
127 |     fn ret(&mut self) { self.emit_u8(0xC3); }
    |     ----------------- private method defined here

error[E0624]: method `label` is private
   --> src\rust\backend\isa\stubs.rs:378:9
    |
378 |     enc.label("__math_log");
    |         ^^^^^ private method
    |
   ::: src\rust\backend\isa\encoder.rs:129:5
    |
129 |     fn label(&mut self, name: &str) {
    |     ------------------------------- private method defined here

error[E0624]: method `push` is private
   --> src\rust\backend\isa\stubs.rs:379:9
    |
379 |     enc.push(X86Reg::RBX);
    |         ^^^^ private method
    |
   ::: src\rust\backend\isa\encoder.rs:115:5
    |
115 |     fn push(&mut self, reg: X86Reg) {
    |     ------------------------------- private method defined here

error[E0624]: method `sub_rsp` is private
   --> src\rust\backend\isa\stubs.rs:380:9
    |
380 |     enc.sub_rsp(16);
    |         ^^^^^^^ private method
    |
   ::: src\rust\backend\isa\encoder.rs:125:5
    |
125 |     fn sub_rsp(&mut self, val: u8) { self.rex_w(); self.emit(&[0x83, 0xEC, val]); }
    |     ------------------------------ private method defined here

error[E0624]: method `emit` is private
   --> src\rust\backend\isa\stubs.rs:381:9
    |
381 |     enc.emit(&[0x48, 0x89, 0x0C, 0x24]); // MOV [RSP], RCX
    |         ^^^^ private method
    |
   ::: src\rust\backend\isa\encoder.rs:37:5
    |
 37 |     fn emit(&mut self, bytes: &[u8]) {
    |     -------------------------------- private method defined here

error[E0624]: method `emit` is private
   --> src\rust\backend\isa\stubs.rs:383:9
    |
383 |     enc.emit(&[0xD9, 0xED]);
    |         ^^^^ private method
    |
   ::: src\rust\backend\isa\encoder.rs:37:5
    |
 37 |     fn emit(&mut self, bytes: &[u8]) {
    |     -------------------------------- private method defined here

error[E0624]: method `emit` is private
   --> src\rust\backend\isa\stubs.rs:385:9
    |
385 |     enc.emit(&[0xDD, 0x04, 0x24]);
    |         ^^^^ private method
    |
   ::: src\rust\backend\isa\encoder.rs:37:5
    |
 37 |     fn emit(&mut self, bytes: &[u8]) {
    |     -------------------------------- private method defined here

error[E0624]: method `emit` is private
   --> src\rust\backend\isa\stubs.rs:387:9
    |
387 |     enc.emit(&[0xD9, 0xF1]);
    |         ^^^^ private method
    |
   ::: src\rust\backend\isa\encoder.rs:37:5
    |
 37 |     fn emit(&mut self, bytes: &[u8]) {
    |     -------------------------------- private method defined here

error[E0624]: method `emit` is private
   --> src\rust\backend\isa\stubs.rs:389:9
    |
389 |     enc.emit(&[0xDD, 0x1C, 0x24]);
    |         ^^^^ private method
    |
   ::: src\rust\backend\isa\encoder.rs:37:5
    |
 37 |     fn emit(&mut self, bytes: &[u8]) {
    |     -------------------------------- private method defined here

error[E0624]: method `emit` is private
   --> src\rust\backend\isa\stubs.rs:390:9
    |
390 |     enc.emit(&[0x48, 0x8B, 0x04, 0x24]); // MOV RAX, [RSP]
    |         ^^^^ private method
    |
   ::: src\rust\backend\isa\encoder.rs:37:5
    |
 37 |     fn emit(&mut self, bytes: &[u8]) {
    |     -------------------------------- private method defined here

error[E0624]: method `add_rsp` is private
   --> src\rust\backend\isa\stubs.rs:391:9
    |
391 |     enc.add_rsp(16);
    |         ^^^^^^^ private method
    |
   ::: src\rust\backend\isa\encoder.rs:126:5
    |
126 |     fn add_rsp(&mut self, val: u8) { self.rex_w(); self.emit(&[0x83, 0xC4, val]); }
    |     ------------------------------ private method defined here

error[E0624]: method `pop` is private
   --> src\rust\backend\isa\stubs.rs:392:9
    |
392 |     enc.pop(X86Reg::RBX);
    |         ^^^ private method
    |
   ::: src\rust\backend\isa\encoder.rs:120:5
    |
120 |     fn pop(&mut self, reg: X86Reg) {
    |     ------------------------------ private method defined here

error[E0624]: method `ret` is private
   --> src\rust\backend\isa\stubs.rs:393:9
    |
393 |     enc.ret();
    |         ^^^ private method
    |
   ::: src\rust\backend\isa\encoder.rs:127:5
    |
127 |     fn ret(&mut self) { self.emit_u8(0xC3); }
    |     ----------------- private method defined here

error[E0624]: method `label` is private
   --> src\rust\backend\isa\stubs.rs:396:9
    |
396 |     enc.label("__math_abs");
    |         ^^^^^ private method
    |
   ::: src\rust\backend\isa\encoder.rs:129:5
    |
129 |     fn label(&mut self, name: &str) {
    |     ------------------------------- private method defined here

error[E0624]: method `mov_imm64` is private
   --> src\rust\backend\isa\stubs.rs:398:9
    |
398 |     enc.mov_imm64(X86Reg::RAX, 0x7FFF_FFFF_FFFF_FFFFu64 as i64);
    |         ^^^^^^^^^ private method
    |
   ::: src\rust\backend\isa\encoder.rs:70:5
    |
 70 |     fn mov_imm64(&mut self, reg: X86Reg, val: i64) {
    |     ---------------------------------------------- private method defined here

error[E0624]: method `rex_w` is private
   --> src\rust\backend\isa\stubs.rs:399:9
    |
399 |     enc.rex_w(); enc.emit(&[0x21, 0xC1]); // AND RCX, RAX
    |         ^^^^^ private method
    |
   ::: src\rust\backend\isa\encoder.rs:51:5
    |
 51 |     fn rex_w(&mut self) { self.emit_u8(0x48); }
    |     ------------------- private method defined here

error[E0624]: method `emit` is private
   --> src\rust\backend\isa\stubs.rs:399:22
    |
399 |     enc.rex_w(); enc.emit(&[0x21, 0xC1]); // AND RCX, RAX
    |                      ^^^^ private method
    |
   ::: src\rust\backend\isa\encoder.rs:37:5
    |
 37 |     fn emit(&mut self, bytes: &[u8]) {
    |     -------------------------------- private method defined here

error[E0624]: method `mov_rr` is private
   --> src\rust\backend\isa\stubs.rs:400:9
    |
400 |     enc.mov_rr(X86Reg::RAX, X86Reg::RCX);
    |         ^^^^^^ private method
    |
   ::: src\rust\backend\isa\encoder.rs:79:5
    |
 79 |     fn mov_rr(&mut self, dst: X86Reg, src: X86Reg) {
    |     ---------------------------------------------- private method defined here

error[E0624]: method `ret` is private
   --> src\rust\backend\isa\stubs.rs:401:9
    |
401 |     enc.ret();
    |         ^^^ private method
    |
   ::: src\rust\backend\isa\encoder.rs:127:5
    |
127 |     fn ret(&mut self) { self.emit_u8(0xC3); }
    |     ----------------- private method defined here

error[E0624]: method `label` is private
   --> src\rust\backend\isa\stubs.rs:404:9
    |
404 |     enc.label("__builtin_abs");
    |         ^^^^^ private method
    |
   ::: src\rust\backend\isa\encoder.rs:129:5
    |
129 |     fn label(&mut self, name: &str) {
    |     ------------------------------- private method defined here

error[E0624]: method `mov_rr` is private
   --> src\rust\backend\isa\stubs.rs:405:9
    |
405 |     enc.mov_rr(X86Reg::RAX, X86Reg::RCX);
    |         ^^^^^^ private method
    |
   ::: src\rust\backend\isa\encoder.rs:79:5
    |
 79 |     fn mov_rr(&mut self, dst: X86Reg, src: X86Reg) {
    |     ---------------------------------------------- private method defined here

error[E0624]: method `rex_w` is private
   --> src\rust\backend\isa\stubs.rs:407:9
    |
407 |     enc.rex_w(); enc.emit(&[0x85, 0xC0]);
    |         ^^^^^ private method
    |
   ::: src\rust\backend\isa\encoder.rs:51:5
    |
 51 |     fn rex_w(&mut self) { self.emit_u8(0x48); }
    |     ------------------- private method defined here

error[E0624]: method `emit` is private
   --> src\rust\backend\isa\stubs.rs:407:22
    |
407 |     enc.rex_w(); enc.emit(&[0x85, 0xC0]);
    |                      ^^^^ private method
    |
   ::: src\rust\backend\isa\encoder.rs:37:5
    |
 37 |     fn emit(&mut self, bytes: &[u8]) {
    |     -------------------------------- private method defined here

error[E0624]: method `pos` is private
   --> src\rust\backend\isa\stubs.rs:408:45
    |
408 |     let abs_pos = format!("__abs_p_{}", enc.pos());
    |                                             ^^^ private method
    |
   ::: src\rust\backend\isa\encoder.rs:35:5
    |
 35 |     fn pos(&self) -> u32 { self.code.len() as u32 }
    |     -------------------- private method defined here

error[E0624]: method `jcc` is private
   --> src\rust\backend\isa\stubs.rs:409:9
    |
409 |     enc.jcc(0x89, &abs_pos);
    |         ^^^ private method
    |
   ::: src\rust\backend\isa\encoder.rs:139:5
    |
139 |     fn jcc(&mut self, cc: u8, lbl: &str) {
    |     ------------------------------------ private method defined here

error[E0624]: method `rex_w` is private
   --> src\rust\backend\isa\stubs.rs:410:9
    |
410 |     enc.rex_w(); enc.emit(&[0xF7, 0xD8]); // NEG RAX
    |         ^^^^^ private method
    |
   ::: src\rust\backend\isa\encoder.rs:51:5
    |
 51 |     fn rex_w(&mut self) { self.emit_u8(0x48); }
    |     ------------------- private method defined here

error[E0624]: method `emit` is private
   --> src\rust\backend\isa\stubs.rs:410:22
    |
410 |     enc.rex_w(); enc.emit(&[0xF7, 0xD8]); // NEG RAX
    |                      ^^^^ private method
    |
   ::: src\rust\backend\isa\encoder.rs:37:5
    |
 37 |     fn emit(&mut self, bytes: &[u8]) {
    |     -------------------------------- private method defined here

error[E0624]: method `label` is private
   --> src\rust\backend\isa\stubs.rs:411:9
    |
411 |     enc.label(&abs_pos);
    |         ^^^^^ private method
    |
   ::: src\rust\backend\isa\encoder.rs:129:5
    |
129 |     fn label(&mut self, name: &str) {
    |     ------------------------------- private method defined here

error[E0624]: method `ret` is private
   --> src\rust\backend\isa\stubs.rs:412:9
    |
412 |     enc.ret();
    |         ^^^ private method
    |
   ::: src\rust\backend\isa\encoder.rs:127:5
    |
127 |     fn ret(&mut self) { self.emit_u8(0xC3); }
    |     ----------------- private method defined here

error[E0624]: method `label` is private
   --> src\rust\backend\isa\stubs.rs:415:9
    |
415 |     enc.label("__builtin_min");
    |         ^^^^^ private method
    |
   ::: src\rust\backend\isa\encoder.rs:129:5
    |
129 |     fn label(&mut self, name: &str) {
    |     ------------------------------- private method defined here

error[E0624]: method `mov_rr` is private
   --> src\rust\backend\isa\stubs.rs:416:9
    |
416 |     enc.mov_rr(X86Reg::RAX, X86Reg::RCX);
    |         ^^^^^^ private method
    |
   ::: src\rust\backend\isa\encoder.rs:79:5
    |
 79 |     fn mov_rr(&mut self, dst: X86Reg, src: X86Reg) {
    |     ---------------------------------------------- private method defined here

error[E0624]: method `cmp_rr` is private
   --> src\rust\backend\isa\stubs.rs:417:9
    |
417 |     enc.cmp_rr(X86Reg::RDX, X86Reg::RCX);
    |         ^^^^^^ private method
    |
   ::: src\rust\backend\isa\encoder.rs:104:5
    |
104 |     fn cmp_rr(&mut self, a: X86Reg, b: X86Reg) {
    |     ------------------------------------------ private method defined here

error[E0624]: method `rex_wrb` is private
   --> src\rust\backend\isa\stubs.rs:419:9
    |
419 |     enc.rex_wrb(X86Reg::RAX, X86Reg::RDX);
    |         ^^^^^^^ private method
    |
   ::: src\rust\backend\isa\encoder.rs:56:5
    |
 56 |     fn rex_wrb(&mut self, reg: X86Reg, rm: X86Reg) {
    |     ---------------------------------------------- private method defined here

error[E0624]: method `emit` is private
   --> src\rust\backend\isa\stubs.rs:420:9
    |
420 |     enc.emit(&[0x0F, 0x4C, 0xC0 | ((X86Reg::RAX.encoding() & 7) << 3) | (X86Reg::RDX.encoding() & 7)]);
    |         ^^^^ private method
    |
   ::: src\rust\backend\isa\encoder.rs:37:5
    |
 37 |     fn emit(&mut self, bytes: &[u8]) {
    |     -------------------------------- private method defined here

error[E0624]: method `ret` is private
   --> src\rust\backend\isa\stubs.rs:421:9
    |
421 |     enc.ret();
    |         ^^^ private method
    |
   ::: src\rust\backend\isa\encoder.rs:127:5
    |
127 |     fn ret(&mut self) { self.emit_u8(0xC3); }
    |     ----------------- private method defined here

error[E0624]: method `label` is private
   --> src\rust\backend\isa\stubs.rs:424:9
    |
424 |     enc.label("__builtin_max");
    |         ^^^^^ private method
    |
   ::: src\rust\backend\isa\encoder.rs:129:5
    |
129 |     fn label(&mut self, name: &str) {
    |     ------------------------------- private method defined here

error[E0624]: method `mov_rr` is private
   --> src\rust\backend\isa\stubs.rs:425:9
    |
425 |     enc.mov_rr(X86Reg::RAX, X86Reg::RCX);
    |         ^^^^^^ private method
    |
   ::: src\rust\backend\isa\encoder.rs:79:5
    |
 79 |     fn mov_rr(&mut self, dst: X86Reg, src: X86Reg) {
    |     ---------------------------------------------- private method defined here

error[E0624]: method `cmp_rr` is private
   --> src\rust\backend\isa\stubs.rs:426:9
    |
426 |     enc.cmp_rr(X86Reg::RDX, X86Reg::RCX);
    |         ^^^^^^ private method
    |
   ::: src\rust\backend\isa\encoder.rs:104:5
    |
104 |     fn cmp_rr(&mut self, a: X86Reg, b: X86Reg) {
    |     ------------------------------------------ private method defined here

error[E0624]: method `rex_wrb` is private
   --> src\rust\backend\isa\stubs.rs:428:9
    |
428 |     enc.rex_wrb(X86Reg::RAX, X86Reg::RDX);
    |         ^^^^^^^ private method
    |
   ::: src\rust\backend\isa\encoder.rs:56:5
    |
 56 |     fn rex_wrb(&mut self, reg: X86Reg, rm: X86Reg) {
    |     ---------------------------------------------- private method defined here

error[E0624]: method `emit` is private
   --> src\rust\backend\isa\stubs.rs:429:9
    |
429 |     enc.emit(&[0x0F, 0x4F, 0xC0 | ((X86Reg::RAX.encoding() & 7) << 3) | (X86Reg::RDX.encoding() & 7)]);
    |         ^^^^ private method
    |
   ::: src\rust\backend\isa\encoder.rs:37:5
    |
 37 |     fn emit(&mut self, bytes: &[u8]) {
    |     -------------------------------- private method defined here

error[E0624]: method `ret` is private
   --> src\rust\backend\isa\stubs.rs:430:9
    |
430 |     enc.ret();
    |         ^^^ private method
    |
   ::: src\rust\backend\isa\encoder.rs:127:5
    |
127 |     fn ret(&mut self) { self.emit_u8(0xC3); }
    |     ----------------- private method defined here

error[E0624]: method `label` is private
   --> src\rust\backend\isa\stubs.rs:433:9
    |
433 |     enc.label("__builtin_chr");
    |         ^^^^^ private method
    |
   ::: src\rust\backend\isa\encoder.rs:129:5
    |
129 |     fn label(&mut self, name: &str) {
    |     ------------------------------- private method defined here

error[E0624]: method `mov_rr` is private
   --> src\rust\backend\isa\stubs.rs:434:9
    |
434 |     enc.mov_rr(X86Reg::RAX, X86Reg::RCX);
    |         ^^^^^^ private method
    |
   ::: src\rust\backend\isa\encoder.rs:79:5
    |
 79 |     fn mov_rr(&mut self, dst: X86Reg, src: X86Reg) {
    |     ---------------------------------------------- private method defined here

error[E0624]: method `ret` is private
   --> src\rust\backend\isa\stubs.rs:435:9
    |
435 |     enc.ret();
    |         ^^^ private method
    |
   ::: src\rust\backend\isa\encoder.rs:127:5
    |
127 |     fn ret(&mut self) { self.emit_u8(0xC3); }
    |     ----------------- private method defined here

error[E0624]: method `label` is private
   --> src\rust\backend\isa\stubs.rs:438:9
    |
438 |     enc.label("__builtin_ord");
    |         ^^^^^ private method
    |
   ::: src\rust\backend\isa\encoder.rs:129:5
    |
129 |     fn label(&mut self, name: &str) {
    |     ------------------------------- private method defined here

error[E0624]: method `rex_w` is private
   --> src\rust\backend\isa\stubs.rs:440:9
    |
440 |     enc.rex_w(); enc.emit(&[0x0F, 0xB6, 0x01]);
    |         ^^^^^ private method
    |
   ::: src\rust\backend\isa\encoder.rs:51:5
    |
 51 |     fn rex_w(&mut self) { self.emit_u8(0x48); }
    |     ------------------- private method defined here

error[E0624]: method `emit` is private
   --> src\rust\backend\isa\stubs.rs:440:22
    |
440 |     enc.rex_w(); enc.emit(&[0x0F, 0xB6, 0x01]);
    |                      ^^^^ private method
    |
   ::: src\rust\backend\isa\encoder.rs:37:5
    |
 37 |     fn emit(&mut self, bytes: &[u8]) {
    |     -------------------------------- private method defined here

error[E0624]: method `ret` is private
   --> src\rust\backend\isa\stubs.rs:441:9
    |
441 |     enc.ret();
    |         ^^^ private method
    |
   ::: src\rust\backend\isa\encoder.rs:127:5
    |
127 |     fn ret(&mut self) { self.emit_u8(0xC3); }
    |     ----------------- private method defined here

error[E0624]: method `label` is private
   --> src\rust\backend\isa\stubs.rs:444:9
    |
444 |     enc.label("__builtin_len");
    |         ^^^^^ private method
    |
   ::: src\rust\backend\isa\encoder.rs:129:5
    |
129 |     fn label(&mut self, name: &str) {
    |     ------------------------------- private method defined here

error[E0624]: method `emit` is private
   --> src\rust\backend\isa\stubs.rs:446:9
    |
446 |     enc.emit(&[0x48, 0x8B, 0x41, 0x08]);
    |         ^^^^ private method
    |
   ::: src\rust\backend\isa\encoder.rs:37:5
    |
 37 |     fn emit(&mut self, bytes: &[u8]) {
    |     -------------------------------- private method defined here

error[E0624]: method `ret` is private
   --> src\rust\backend\isa\stubs.rs:447:9
    |
447 |     enc.ret();
    |         ^^^ private method
    |
   ::: src\rust\backend\isa\encoder.rs:127:5
    |
127 |     fn ret(&mut self) { self.emit_u8(0xC3); }
    |     ----------------- private method defined here

error[E0624]: method `label` is private
   --> src\rust\backend\isa\stubs.rs:450:9
    |
450 |     enc.label("__pyb_list_len");
    |         ^^^^^ private method
    |
   ::: src\rust\backend\isa\encoder.rs:129:5
    |
129 |     fn label(&mut self, name: &str) {
    |     ------------------------------- private method defined here

error[E0624]: method `emit` is private
   --> src\rust\backend\isa\stubs.rs:451:9
    |
451 |     enc.emit(&[0x48, 0x8B, 0x41, 0x08]); // MOV RAX, [RCX+8]
    |         ^^^^ private method
    |
   ::: src\rust\backend\isa\encoder.rs:37:5
    |
 37 |     fn emit(&mut self, bytes: &[u8]) {
    |     -------------------------------- private method defined here

error[E0624]: method `ret` is private
   --> src\rust\backend\isa\stubs.rs:452:9
    |
452 |     enc.ret();
    |         ^^^ private method
    |
   ::: src\rust\backend\isa\encoder.rs:127:5
    |
127 |     fn ret(&mut self) { self.emit_u8(0xC3); }
    |     ----------------- private method defined here

error[E0624]: method `label` is private
   --> src\rust\backend\isa\stubs.rs:455:9
    |
455 |     enc.label("__pyb_dict_len_builtin");
    |         ^^^^^ private method
    |
   ::: src\rust\backend\isa\encoder.rs:129:5
    |
129 |     fn label(&mut self, name: &str) {
    |     ------------------------------- private method defined here

error[E0624]: method `emit` is private
   --> src\rust\backend\isa\stubs.rs:456:9
    |
456 |     enc.emit(&[0x48, 0x8B, 0x41, 0x18]); // MOV RAX, [RCX+24]
    |         ^^^^ private method
    |
   ::: src\rust\backend\isa\encoder.rs:37:5
    |
 37 |     fn emit(&mut self, bytes: &[u8]) {
    |     -------------------------------- private method defined here

error[E0624]: method `ret` is private
   --> src\rust\backend\isa\stubs.rs:457:9
    |
457 |     enc.ret();
    |         ^^^ private method
    |
   ::: src\rust\backend\isa\encoder.rs:127:5
    |
127 |     fn ret(&mut self) { self.emit_u8(0xC3); }
    |     ----------------- private method defined here

error[E0624]: method `label` is private
   --> src\rust\backend\isa\stubs.rs:460:9
    |
460 |     enc.label("__pyb_str_len_builtin");
    |         ^^^^^ private method
    |
   ::: src\rust\backend\isa\encoder.rs:129:5
    |
129 |     fn label(&mut self, name: &str) {
    |     ------------------------------- private method defined here

error[E0624]: method `xor_rr` is private
   --> src\rust\backend\isa\stubs.rs:461:9
    |
461 |     enc.xor_rr(X86Reg::RAX);
    |         ^^^^^^ private method
    |
   ::: src\rust\backend\isa\encoder.rs:109:5
    |
109 |     fn xor_rr(&mut self, reg: X86Reg) {
    |     --------------------------------- private method defined here

error[E0624]: method `pos` is private
   --> src\rust\backend\isa\stubs.rs:462:45
    |
462 |     let slb_lp = format!("__slb_lp_{}", enc.pos());
    |                                             ^^^ private method
    |
   ::: src\rust\backend\isa\encoder.rs:35:5
    |
 35 |     fn pos(&self) -> u32 { self.code.len() as u32 }
    |     -------------------- private method defined here

error[E0624]: method `label` is private
   --> src\rust\backend\isa\stubs.rs:463:9
    |
463 |     enc.label(&slb_lp);
    |         ^^^^^ private method
    |
   ::: src\rust\backend\isa\encoder.rs:129:5
    |
129 |     fn label(&mut self, name: &str) {
    |     ------------------------------- private method defined here

error[E0624]: method `emit` is private
   --> src\rust\backend\isa\stubs.rs:464:9
    |
464 |     enc.emit(&[0x80, 0x3C, 0x01, 0x00]); // CMP byte [RCX+RAX], 0
    |         ^^^^ private method
    |
   ::: src\rust\backend\isa\encoder.rs:37:5
    |
 37 |     fn emit(&mut self, bytes: &[u8]) {
    |     -------------------------------- private method defined here

error[E0624]: method `pos` is private
   --> src\rust\backend\isa\stubs.rs:465:45
    |
465 |     let slb_dn = format!("__slb_dn_{}", enc.pos());
    |                                             ^^^ private method
    |
   ::: src\rust\backend\isa\encoder.rs:35:5
    |
 35 |     fn pos(&self) -> u32 { self.code.len() as u32 }
    |     -------------------- private method defined here

error[E0624]: method `jcc` is private
   --> src\rust\backend\isa\stubs.rs:466:9
    |
466 |     enc.jcc(0x84, &slb_dn);
    |         ^^^ private method
    |
   ::: src\rust\backend\isa\encoder.rs:139:5
    |
139 |     fn jcc(&mut self, cc: u8, lbl: &str) {
    |     ------------------------------------ private method defined here

error[E0624]: method `rex_w` is private
   --> src\rust\backend\isa\stubs.rs:467:9
    |
467 |     enc.rex_w(); enc.emit(&[0xFF, 0xC0]); // INC RAX
    |         ^^^^^ private method
    |
   ::: src\rust\backend\isa\encoder.rs:51:5
    |
 51 |     fn rex_w(&mut self) { self.emit_u8(0x48); }
    |     ------------------- private method defined here

error[E0624]: method `emit` is private
   --> src\rust\backend\isa\stubs.rs:467:22
    |
467 |     enc.rex_w(); enc.emit(&[0xFF, 0xC0]); // INC RAX
    |                      ^^^^ private method
    |
   ::: src\rust\backend\isa\encoder.rs:37:5
    |
 37 |     fn emit(&mut self, bytes: &[u8]) {
    |     -------------------------------- private method defined here

error[E0624]: method `jmp` is private
   --> src\rust\backend\isa\stubs.rs:468:9
    |
468 |     enc.jmp(&slb_lp);
    |         ^^^ private method
    |
   ::: src\rust\backend\isa\encoder.rs:133:5
    |
133 |     fn jmp(&mut self, lbl: &str) {
    |     ---------------------------- private method defined here

error[E0624]: method `label` is private
   --> src\rust\backend\isa\stubs.rs:469:9
    |
469 |     enc.label(&slb_dn);
    |         ^^^^^ private method
    |
   ::: src\rust\backend\isa\encoder.rs:129:5
    |
129 |     fn label(&mut self, name: &str) {
    |     ------------------------------- private method defined here

error[E0624]: method `ret` is private
   --> src\rust\backend\isa\stubs.rs:470:9
    |
470 |     enc.ret();
    |         ^^^ private method
    |
   ::: src\rust\backend\isa\encoder.rs:127:5
    |
127 |     fn ret(&mut self) { self.emit_u8(0xC3); }
    |     ----------------- private method defined here

error[E0624]: method `label` is private
   --> src\rust\backend\isa\stubs.rs:477:9
    |
477 |     enc.label("__pyb_heap_alloc");
    |         ^^^^^ private method
    |
   ::: src\rust\backend\isa\encoder.rs:129:5
    |
129 |     fn label(&mut self, name: &str) {
    |     ------------------------------- private method defined here

error[E0624]: method `push` is private
   --> src\rust\backend\isa\stubs.rs:478:9
    |
478 |     enc.push(X86Reg::RBX);
    |         ^^^^ private method
    |
   ::: src\rust\backend\isa\encoder.rs:115:5
    |
115 |     fn push(&mut self, reg: X86Reg) {
    |     ------------------------------- private method defined here

error[E0624]: method `push` is private
   --> src\rust\backend\isa\stubs.rs:479:9
    |
479 |     enc.push(X86Reg::RSI);
    |         ^^^^ private method
    |
   ::: src\rust\backend\isa\encoder.rs:115:5
    |
115 |     fn push(&mut self, reg: X86Reg) {
    |     ------------------------------- private method defined here

error[E0624]: method `sub_rsp` is private
   --> src\rust\backend\isa\stubs.rs:480:9
    |
480 |     enc.sub_rsp(40);
    |         ^^^^^^^ private method
    |
   ::: src\rust\backend\isa\encoder.rs:125:5
    |
125 |     fn sub_rsp(&mut self, val: u8) { self.rex_w(); self.emit(&[0x83, 0xEC, val]); }
    |     ------------------------------ private method defined here

error[E0624]: method `mov_rr` is private
   --> src\rust\backend\isa\stubs.rs:481:9
    |
481 |     enc.mov_rr(X86Reg::RSI, X86Reg::RCX); // save size
    |         ^^^^^^ private method
    |
   ::: src\rust\backend\isa\encoder.rs:79:5
    |
 79 |     fn mov_rr(&mut self, dst: X86Reg, src: X86Reg) {
    |     ---------------------------------------------- private method defined here

error[E0624]: method `call_iat` is private
   --> src\rust\backend\isa\stubs.rs:483:9
    |
483 |     enc.call_iat(IAT_GET_PROCESS_HEAP);
    |         ^^^^^^^^ private method
    |
   ::: src\rust\backend\isa\encoder.rs:152:5
    |
152 |     fn call_iat(&mut self, slot: usize) {
    |     ----------------------------------- private method defined here

error[E0624]: method `mov_rr` is private
   --> src\rust\backend\isa\stubs.rs:485:9
    |
485 |     enc.mov_rr(X86Reg::RCX, X86Reg::RAX); // heap handle
    |         ^^^^^^ private method
    |
   ::: src\rust\backend\isa\encoder.rs:79:5
    |
 79 |     fn mov_rr(&mut self, dst: X86Reg, src: X86Reg) {
    |     ---------------------------------------------- private method defined here

error[E0624]: method `mov_imm64` is private
   --> src\rust\backend\isa\stubs.rs:486:9
    |
486 |     enc.mov_imm64(X86Reg::RDX, 0x08);     // HEAP_ZERO_MEMORY
    |         ^^^^^^^^^ private method
    |
   ::: src\rust\backend\isa\encoder.rs:70:5
    |
 70 |     fn mov_imm64(&mut self, reg: X86Reg, val: i64) {
    |     ---------------------------------------------- private method defined here

error[E0624]: method `mov_rr` is private
   --> src\rust\backend\isa\stubs.rs:487:9
    |
487 |     enc.mov_rr(X86Reg::R8, X86Reg::RSI);  // size
    |         ^^^^^^ private method
    |
   ::: src\rust\backend\isa\encoder.rs:79:5
    |
 79 |     fn mov_rr(&mut self, dst: X86Reg, src: X86Reg) {
    |     ---------------------------------------------- private method defined here

error[E0624]: method `call_iat` is private
   --> src\rust\backend\isa\stubs.rs:488:9
    |
488 |     enc.call_iat(IAT_HEAP_ALLOC);
    |         ^^^^^^^^ private method
    |
   ::: src\rust\backend\isa\encoder.rs:152:5
    |
152 |     fn call_iat(&mut self, slot: usize) {
    |     ----------------------------------- private method defined here

error[E0624]: method `add_rsp` is private
   --> src\rust\backend\isa\stubs.rs:490:9
    |
490 |     enc.add_rsp(40);
    |         ^^^^^^^ private method
    |
   ::: src\rust\backend\isa\encoder.rs:126:5
    |
126 |     fn add_rsp(&mut self, val: u8) { self.rex_w(); self.emit(&[0x83, 0xC4, val]); }
    |     ------------------------------ private method defined here

error[E0624]: method `pop` is private
   --> src\rust\backend\isa\stubs.rs:491:9
    |
491 |     enc.pop(X86Reg::RSI);
    |         ^^^ private method
    |
   ::: src\rust\backend\isa\encoder.rs:120:5
    |
120 |     fn pop(&mut self, reg: X86Reg) {
    |     ------------------------------ private method defined here

error[E0624]: method `pop` is private
   --> src\rust\backend\isa\stubs.rs:492:9
    |
492 |     enc.pop(X86Reg::RBX);
    |         ^^^ private method
    |
   ::: src\rust\backend\isa\encoder.rs:120:5
    |
120 |     fn pop(&mut self, reg: X86Reg) {
    |     ------------------------------ private method defined here

error[E0624]: method `ret` is private
   --> src\rust\backend\isa\stubs.rs:493:9
    |
493 |     enc.ret();
    |         ^^^ private method
    |
   ::: src\rust\backend\isa\encoder.rs:127:5
    |
127 |     fn ret(&mut self) { self.emit_u8(0xC3); }
    |     ----------------- private method defined here

error[E0624]: method `label` is private
   --> src\rust\backend\isa\stubs.rs:500:9
    |
500 |     enc.label("__pyb_list_new");
    |         ^^^^^ private method
    |
   ::: src\rust\backend\isa\encoder.rs:129:5
    |
129 |     fn label(&mut self, name: &str) {
    |     ------------------------------- private method defined here

error[E0624]: method `push` is private
   --> src\rust\backend\isa\stubs.rs:501:9
    |
501 |     enc.push(X86Reg::RBX);
    |         ^^^^ private method
    |
   ::: src\rust\backend\isa\encoder.rs:115:5
    |
115 |     fn push(&mut self, reg: X86Reg) {
    |     ------------------------------- private method defined here

error[E0624]: method `sub_rsp` is private
   --> src\rust\backend\isa\stubs.rs:502:9
    |
502 |     enc.sub_rsp(32);
    |         ^^^^^^^ private method
    |
   ::: src\rust\backend\isa\encoder.rs:125:5
    |
125 |     fn sub_rsp(&mut self, val: u8) { self.rex_w(); self.emit(&[0x83, 0xEC, val]); }
    |     ------------------------------ private method defined here

error[E0624]: method `mov_imm64` is private
   --> src\rust\backend\isa\stubs.rs:504:9
    |
504 |     enc.mov_imm64(X86Reg::RCX, 24);
    |         ^^^^^^^^^ private method
    |
   ::: src\rust\backend\isa\encoder.rs:70:5
    |
 70 |     fn mov_imm64(&mut self, reg: X86Reg, val: i64) {
    |     ---------------------------------------------- private method defined here

error[E0624]: method `call_label` is private
   --> src\rust\backend\isa\stubs.rs:505:9
    |
505 |     enc.call_label("__pyb_heap_alloc");
    |         ^^^^^^^^^^ private method
    |
   ::: src\rust\backend\isa\encoder.rs:145:5
    |
145 |     fn call_label(&mut self, lbl: &str) {
    |     ----------------------------------- private method defined here

error[E0624]: method `mov_rr` is private
   --> src\rust\backend\isa\stubs.rs:506:9
    |
506 |     enc.mov_rr(X86Reg::RBX, X86Reg::RAX); // save list ptr
    |         ^^^^^^ private method
    |
   ::: src\rust\backend\isa\encoder.rs:79:5
    |
 79 |     fn mov_rr(&mut self, dst: X86Reg, src: X86Reg) {
    |     ---------------------------------------------- private method defined here

error[E0624]: method `mov_imm64` is private
   --> src\rust\backend\isa\stubs.rs:508:9
    |
508 |     enc.mov_imm64(X86Reg::RCX, 64);
    |         ^^^^^^^^^ private method
    |
   ::: src\rust\backend\isa\encoder.rs:70:5
    |
 70 |     fn mov_imm64(&mut self, reg: X86Reg, val: i64) {
    |     ---------------------------------------------- private method defined here

error[E0624]: method `call_label` is private
   --> src\rust\backend\isa\stubs.rs:509:9
    |
509 |     enc.call_label("__pyb_heap_alloc");
    |         ^^^^^^^^^^ private method
    |
   ::: src\rust\backend\isa\encoder.rs:145:5
    |
145 |     fn call_label(&mut self, lbl: &str) {
    |     ----------------------------------- private method defined here

error[E0624]: method `emit` is private
   --> src\rust\backend\isa\stubs.rs:511:9
    |
511 |     enc.emit(&[0x48, 0x89, 0x03]); // MOV [RBX], RAX
    |         ^^^^ private method
    |
   ::: src\rust\backend\isa\encoder.rs:37:5
    |
 37 |     fn emit(&mut self, bytes: &[u8]) {
    |     -------------------------------- private method defined here

error[E0624]: method `emit` is private
   --> src\rust\backend\isa\stubs.rs:513:9
    |
513 |     enc.emit(&[0x48, 0xC7, 0x43, 0x08, 0x00, 0x00, 0x00, 0x00]); // MOV QWORD [RBX+8], 0
    |         ^^^^ private method
    |
   ::: src\rust\backend\isa\encoder.rs:37:5
    |
 37 |     fn emit(&mut self, bytes: &[u8]) {
    |     -------------------------------- private method defined here

error[E0624]: method `emit` is private
   --> src\rust\backend\isa\stubs.rs:515:9
    |
515 |     enc.emit(&[0x48, 0xC7, 0x43, 0x10, 0x08, 0x00, 0x00, 0x00]); // MOV QWORD [RBX+16], 8
    |         ^^^^ private method
    |
   ::: src\rust\backend\isa\encoder.rs:37:5
    |
 37 |     fn emit(&mut self, bytes: &[u8]) {
    |     -------------------------------- private method defined here

error[E0624]: method `mov_rr` is private
   --> src\rust\backend\isa\stubs.rs:516:9
    |
516 |     enc.mov_rr(X86Reg::RAX, X86Reg::RBX);
    |         ^^^^^^ private method
    |
   ::: src\rust\backend\isa\encoder.rs:79:5
    |
 79 |     fn mov_rr(&mut self, dst: X86Reg, src: X86Reg) {
    |     ---------------------------------------------- private method defined here

error[E0624]: method `add_rsp` is private
   --> src\rust\backend\isa\stubs.rs:517:9
    |
517 |     enc.add_rsp(32);
    |         ^^^^^^^ private method
    |
   ::: src\rust\backend\isa\encoder.rs:126:5
    |
126 |     fn add_rsp(&mut self, val: u8) { self.rex_w(); self.emit(&[0x83, 0xC4, val]); }
    |     ------------------------------ private method defined here

error[E0624]: method `pop` is private
   --> src\rust\backend\isa\stubs.rs:518:9
    |
518 |     enc.pop(X86Reg::RBX);
    |         ^^^ private method
    |
   ::: src\rust\backend\isa\encoder.rs:120:5
    |
120 |     fn pop(&mut self, reg: X86Reg) {
    |     ------------------------------ private method defined here

error[E0624]: method `ret` is private
   --> src\rust\backend\isa\stubs.rs:519:9
    |
519 |     enc.ret();
    |         ^^^ private method
    |
   ::: src\rust\backend\isa\encoder.rs:127:5
    |
127 |     fn ret(&mut self) { self.emit_u8(0xC3); }
    |     ----------------- private method defined here

error[E0624]: method `label` is private
   --> src\rust\backend\isa\stubs.rs:522:9
    |
522 |     enc.label("__pyb_list_append");
    |         ^^^^^ private method
    |
   ::: src\rust\backend\isa\encoder.rs:129:5
    |
129 |     fn label(&mut self, name: &str) {
    |     ------------------------------- private method defined here

error[E0624]: method `push` is private
   --> src\rust\backend\isa\stubs.rs:523:9
    |
523 |     enc.push(X86Reg::RBX);
    |         ^^^^ private method
    |
   ::: src\rust\backend\isa\encoder.rs:115:5
    |
115 |     fn push(&mut self, reg: X86Reg) {
    |     ------------------------------- private method defined here

error[E0624]: method `push` is private
   --> src\rust\backend\isa\stubs.rs:524:9
    |
524 |     enc.push(X86Reg::RSI);
    |         ^^^^ private method
    |
   ::: src\rust\backend\isa\encoder.rs:115:5
    |
115 |     fn push(&mut self, reg: X86Reg) {
    |     ------------------------------- private method defined here

error[E0624]: method `push` is private
   --> src\rust\backend\isa\stubs.rs:525:9
    |
525 |     enc.push(X86Reg::RDI);
    |         ^^^^ private method
    |
   ::: src\rust\backend\isa\encoder.rs:115:5
    |
115 |     fn push(&mut self, reg: X86Reg) {
    |     ------------------------------- private method defined here

error[E0624]: method `sub_rsp` is private
   --> src\rust\backend\isa\stubs.rs:526:9
    |
526 |     enc.sub_rsp(32);
    |         ^^^^^^^ private method
    |
   ::: src\rust\backend\isa\encoder.rs:125:5
    |
125 |     fn sub_rsp(&mut self, val: u8) { self.rex_w(); self.emit(&[0x83, 0xEC, val]); }
    |     ------------------------------ private method defined here

error[E0624]: method `mov_rr` is private
   --> src\rust\backend\isa\stubs.rs:527:9
    |
527 |     enc.mov_rr(X86Reg::RBX, X86Reg::RCX); // list ptr
    |         ^^^^^^ private method
    |
   ::: src\rust\backend\isa\encoder.rs:79:5
    |
 79 |     fn mov_rr(&mut self, dst: X86Reg, src: X86Reg) {
    |     ---------------------------------------------- private method defined here

error[E0624]: method `mov_rr` is private
   --> src\rust\backend\isa\stubs.rs:528:9
    |
528 |     enc.mov_rr(X86Reg::RSI, X86Reg::RDX); // value
    |         ^^^^^^ private method
    |
   ::: src\rust\backend\isa\encoder.rs:79:5
    |
 79 |     fn mov_rr(&mut self, dst: X86Reg, src: X86Reg) {
    |     ---------------------------------------------- private method defined here

error[E0624]: method `emit` is private
   --> src\rust\backend\isa\stubs.rs:530:9
    |
530 |     enc.emit(&[0x48, 0x8B, 0x7B, 0x08]); // MOV RDI, [RBX+8]  (len)
    |         ^^^^ private method
    |
   ::: src\rust\backend\isa\encoder.rs:37:5
    |
 37 |     fn emit(&mut self, bytes: &[u8]) {
    |     -------------------------------- private method defined here

error[E0624]: method `emit` is private
   --> src\rust\backend\isa\stubs.rs:533:9
    |
533 |     enc.emit(&[0x48, 0x8B, 0x03]); // MOV RAX, [RBX] (data_ptr)
    |         ^^^^ private method
    |
   ::: src\rust\backend\isa\encoder.rs:37:5
    |
 37 |     fn emit(&mut self, bytes: &[u8]) {
    |     -------------------------------- private method defined here

error[E0624]: method `emit` is private
   --> src\rust\backend\isa\stubs.rs:535:9
    |
535 |     enc.emit(&[0x48, 0x89, 0x34, 0xF8]); // MOV [RAX+RDI*8], RSI
    |         ^^^^ private method
    |
   ::: src\rust\backend\isa\encoder.rs:37:5
    |
 37 |     fn emit(&mut self, bytes: &[u8]) {
    |     -------------------------------- private method defined here

error[E0624]: method `rex_w` is private
   --> src\rust\backend\isa\stubs.rs:537:9
    |
537 |     enc.rex_w(); enc.emit(&[0xFF, 0xC7]); // INC RDI
    |         ^^^^^ private method
    |
   ::: src\rust\backend\isa\encoder.rs:51:5
    |
 51 |     fn rex_w(&mut self) { self.emit_u8(0x48); }
    |     ------------------- private method defined here

error[E0624]: method `emit` is private
   --> src\rust\backend\isa\stubs.rs:537:22
    |
537 |     enc.rex_w(); enc.emit(&[0xFF, 0xC7]); // INC RDI
    |                      ^^^^ private method
    |
   ::: src\rust\backend\isa\encoder.rs:37:5
    |
 37 |     fn emit(&mut self, bytes: &[u8]) {
    |     -------------------------------- private method defined here

error[E0624]: method `emit` is private
   --> src\rust\backend\isa\stubs.rs:538:9
    |
538 |     enc.emit(&[0x48, 0x89, 0x7B, 0x08]); // MOV [RBX+8], RDI
    |         ^^^^ private method
    |
   ::: src\rust\backend\isa\encoder.rs:37:5
    |
 37 |     fn emit(&mut self, bytes: &[u8]) {
    |     -------------------------------- private method defined here

error[E0624]: method `add_rsp` is private
   --> src\rust\backend\isa\stubs.rs:539:9
    |
539 |     enc.add_rsp(32);
    |         ^^^^^^^ private method
    |
   ::: src\rust\backend\isa\encoder.rs:126:5
    |
126 |     fn add_rsp(&mut self, val: u8) { self.rex_w(); self.emit(&[0x83, 0xC4, val]); }
    |     ------------------------------ private method defined here

error[E0624]: method `pop` is private
   --> src\rust\backend\isa\stubs.rs:540:9
    |
540 |     enc.pop(X86Reg::RDI);
    |         ^^^ private method
    |
   ::: src\rust\backend\isa\encoder.rs:120:5
    |
120 |     fn pop(&mut self, reg: X86Reg) {
    |     ------------------------------ private method defined here

error[E0624]: method `pop` is private
   --> src\rust\backend\isa\stubs.rs:541:9
    |
541 |     enc.pop(X86Reg::RSI);
    |         ^^^ private method
    |
   ::: src\rust\backend\isa\encoder.rs:120:5
    |
120 |     fn pop(&mut self, reg: X86Reg) {
    |     ------------------------------ private method defined here

error[E0624]: method `pop` is private
   --> src\rust\backend\isa\stubs.rs:542:9
    |
542 |     enc.pop(X86Reg::RBX);
    |         ^^^ private method
    |
   ::: src\rust\backend\isa\encoder.rs:120:5
    |
120 |     fn pop(&mut self, reg: X86Reg) {
    |     ------------------------------ private method defined here

error[E0624]: method `ret` is private
   --> src\rust\backend\isa\stubs.rs:543:9
    |
543 |     enc.ret();
    |         ^^^ private method
    |
   ::: src\rust\backend\isa\encoder.rs:127:5
    |
127 |     fn ret(&mut self) { self.emit_u8(0xC3); }
    |     ----------------- private method defined here

error[E0624]: method `label` is private
   --> src\rust\backend\isa\stubs.rs:546:9
    |
546 |     enc.label("__pyb_list_get");
    |         ^^^^^ private method
    |
   ::: src\rust\backend\isa\encoder.rs:129:5
    |
129 |     fn label(&mut self, name: &str) {
    |     ------------------------------- private method defined here

error[E0624]: method `rex_w` is private
   --> src\rust\backend\isa\stubs.rs:548:9
    |
548 |     enc.rex_w(); enc.emit(&[0x85, 0xD2]); // TEST RDX, RDX
    |         ^^^^^ private method
    |
   ::: src\rust\backend\isa\encoder.rs:51:5
    |
 51 |     fn rex_w(&mut self) { self.emit_u8(0x48); }
    |     ------------------- private method defined here

error[E0624]: method `emit` is private
   --> src\rust\backend\isa\stubs.rs:548:22
    |
548 |     enc.rex_w(); enc.emit(&[0x85, 0xD2]); // TEST RDX, RDX
    |                      ^^^^ private method
    |
   ::: src\rust\backend\isa\encoder.rs:37:5
    |
 37 |     fn emit(&mut self, bytes: &[u8]) {
    |     -------------------------------- private method defined here

error[E0624]: method `pos` is private
   --> src\rust\backend\isa\stubs.rs:549:44
    |
549 |     let get_pos = format!("__lg_p_{}", enc.pos());
    |                                            ^^^ private method
    |
   ::: src\rust\backend\isa\encoder.rs:35:5
    |
 35 |     fn pos(&self) -> u32 { self.code.len() as u32 }
    |     -------------------- private method defined here

error[E0624]: method `jcc` is private
   --> src\rust\backend\isa\stubs.rs:550:9
    |
550 |     enc.jcc(0x89, &get_pos); // JNS
    |         ^^^ private method
    |
   ::: src\rust\backend\isa\encoder.rs:139:5
    |
139 |     fn jcc(&mut self, cc: u8, lbl: &str) {
    |     ------------------------------------ private method defined here

error[E0624]: method `emit` is private
   --> src\rust\backend\isa\stubs.rs:552:9
    |
552 |     enc.emit(&[0x48, 0x03, 0x51, 0x08]); // ADD RDX, [RCX+8]
    |         ^^^^ private method
    |
   ::: src\rust\backend\isa\encoder.rs:37:5
    |
 37 |     fn emit(&mut self, bytes: &[u8]) {
    |     -------------------------------- private method defined here

error[E0624]: method `label` is private
   --> src\rust\backend\isa\stubs.rs:553:9
    |
553 |     enc.label(&get_pos);
    |         ^^^^^ private method
    |
   ::: src\rust\backend\isa\encoder.rs:129:5
    |
129 |     fn label(&mut self, name: &str) {
    |     ------------------------------- private method defined here

error[E0624]: method `emit` is private
   --> src\rust\backend\isa\stubs.rs:555:9
    |
555 |     enc.emit(&[0x48, 0x8B, 0x01]); // MOV RAX, [RCX] (data_ptr)
    |         ^^^^ private method
    |
   ::: src\rust\backend\isa\encoder.rs:37:5
    |
 37 |     fn emit(&mut self, bytes: &[u8]) {
    |     -------------------------------- private method defined here

error[E0624]: method `emit` is private
   --> src\rust\backend\isa\stubs.rs:557:9
    |
557 |     enc.emit(&[0x48, 0x8B, 0x04, 0xD0]); // MOV RAX, [RAX+RDX*8]
    |         ^^^^ private method
    |
   ::: src\rust\backend\isa\encoder.rs:37:5
    |
 37 |     fn emit(&mut self, bytes: &[u8]) {
    |     -------------------------------- private method defined here

error[E0624]: method `ret` is private
   --> src\rust\backend\isa\stubs.rs:558:9
    |
558 |     enc.ret();
    |         ^^^ private method
    |
   ::: src\rust\backend\isa\encoder.rs:127:5
    |
127 |     fn ret(&mut self) { self.emit_u8(0xC3); }
    |     ----------------- private method defined here

error[E0624]: method `label` is private
   --> src\rust\backend\isa\stubs.rs:561:9
    |
561 |     enc.label("__pyb_list_set");
    |         ^^^^^ private method
    |
   ::: src\rust\backend\isa\encoder.rs:129:5
    |
129 |     fn label(&mut self, name: &str) {
    |     ------------------------------- private method defined here

error[E0624]: method `rex_w` is private
   --> src\rust\backend\isa\stubs.rs:563:9
    |
563 |     enc.rex_w(); enc.emit(&[0x85, 0xD2]);
    |         ^^^^^ private method
    |
   ::: src\rust\backend\isa\encoder.rs:51:5
    |
 51 |     fn rex_w(&mut self) { self.emit_u8(0x48); }
    |     ------------------- private method defined here

error[E0624]: method `emit` is private
   --> src\rust\backend\isa\stubs.rs:563:22
    |
563 |     enc.rex_w(); enc.emit(&[0x85, 0xD2]);
    |                      ^^^^ private method
    |
   ::: src\rust\backend\isa\encoder.rs:37:5
    |
 37 |     fn emit(&mut self, bytes: &[u8]) {
    |     -------------------------------- private method defined here

error[E0624]: method `pos` is private
   --> src\rust\backend\isa\stubs.rs:564:44
    |
564 |     let set_pos = format!("__ls_p_{}", enc.pos());
    |                                            ^^^ private method
    |
   ::: src\rust\backend\isa\encoder.rs:35:5
    |
 35 |     fn pos(&self) -> u32 { self.code.len() as u32 }
    |     -------------------- private method defined here

error[E0624]: method `jcc` is private
   --> src\rust\backend\isa\stubs.rs:565:9
    |
565 |     enc.jcc(0x89, &set_pos);
    |         ^^^ private method
    |
   ::: src\rust\backend\isa\encoder.rs:139:5
    |
139 |     fn jcc(&mut self, cc: u8, lbl: &str) {
    |     ------------------------------------ private method defined here

error[E0624]: method `emit` is private
   --> src\rust\backend\isa\stubs.rs:566:9
    |
566 |     enc.emit(&[0x48, 0x03, 0x51, 0x08]); // ADD RDX, [RCX+8]
    |         ^^^^ private method
    |
   ::: src\rust\backend\isa\encoder.rs:37:5
    |
 37 |     fn emit(&mut self, bytes: &[u8]) {
    |     -------------------------------- private method defined here

error[E0624]: method `label` is private
   --> src\rust\backend\isa\stubs.rs:567:9
    |
567 |     enc.label(&set_pos);
    |         ^^^^^ private method
    |
   ::: src\rust\backend\isa\encoder.rs:129:5
    |
129 |     fn label(&mut self, name: &str) {
    |     ------------------------------- private method defined here

error[E0624]: method `emit` is private
   --> src\rust\backend\isa\stubs.rs:569:9
    |
569 |     enc.emit(&[0x48, 0x8B, 0x01]); // MOV RAX, [RCX]
    |         ^^^^ private method
    |
   ::: src\rust\backend\isa\encoder.rs:37:5
    |
 37 |     fn emit(&mut self, bytes: &[u8]) {
    |     -------------------------------- private method defined here

error[E0624]: method `emit` is private
   --> src\rust\backend\isa\stubs.rs:571:9
    |
571 |     enc.emit(&[0x4C, 0x89, 0x04, 0xD0]); // MOV [RAX+RDX*8], R8
    |         ^^^^ private method
    |
   ::: src\rust\backend\isa\encoder.rs:37:5
    |
 37 |     fn emit(&mut self, bytes: &[u8]) {
    |     -------------------------------- private method defined here

error[E0624]: method `ret` is private
   --> src\rust\backend\isa\stubs.rs:572:9
    |
572 |     enc.ret();
    |         ^^^ private method
    |
   ::: src\rust\backend\isa\encoder.rs:127:5
    |
127 |     fn ret(&mut self) { self.emit_u8(0xC3); }
    |     ----------------- private method defined here

error[E0624]: method `label` is private
   --> src\rust\backend\isa\stubs.rs:576:9
    |
576 |     enc.label("__pyb_listcomp_range");
    |         ^^^^^ private method
    |
   ::: src\rust\backend\isa\encoder.rs:129:5
    |
129 |     fn label(&mut self, name: &str) {
    |     ------------------------------- private method defined here

error[E0624]: method `push` is private
   --> src\rust\backend\isa\stubs.rs:577:9
    |
577 |     enc.push(X86Reg::RBX);
    |         ^^^^ private method
    |
   ::: src\rust\backend\isa\encoder.rs:115:5
    |
115 |     fn push(&mut self, reg: X86Reg) {
    |     ------------------------------- private method defined here

error[E0624]: method `push` is private
   --> src\rust\backend\isa\stubs.rs:578:9
    |
578 |     enc.push(X86Reg::RSI);
    |         ^^^^ private method
    |
   ::: src\rust\backend\isa\encoder.rs:115:5
    |
115 |     fn push(&mut self, reg: X86Reg) {
    |     ------------------------------- private method defined here

error[E0624]: method `push` is private
   --> src\rust\backend\isa\stubs.rs:579:9
    |
579 |     enc.push(X86Reg::RDI);
    |         ^^^^ private method
    |
   ::: src\rust\backend\isa\encoder.rs:115:5
    |
115 |     fn push(&mut self, reg: X86Reg) {
    |     ------------------------------- private method defined here

error[E0624]: method `sub_rsp` is private
   --> src\rust\backend\isa\stubs.rs:580:9
    |
580 |     enc.sub_rsp(32);
    |         ^^^^^^^ private method
    |
   ::: src\rust\backend\isa\encoder.rs:125:5
    |
125 |     fn sub_rsp(&mut self, val: u8) { self.rex_w(); self.emit(&[0x83, 0xEC, val]); }
    |     ------------------------------ private method defined here

error[E0624]: method `mov_rr` is private
   --> src\rust\backend\isa\stubs.rs:581:9
    |
581 |     enc.mov_rr(X86Reg::RSI, X86Reg::RCX); // RSI = stop
    |         ^^^^^^ private method
    |
   ::: src\rust\backend\isa\encoder.rs:79:5
    |
 79 |     fn mov_rr(&mut self, dst: X86Reg, src: X86Reg) {
    |     ---------------------------------------------- private method defined here

error[E0624]: method `call_label` is private
   --> src\rust\backend\isa\stubs.rs:583:9
    |
583 |     enc.call_label("__pyb_list_new");
    |         ^^^^^^^^^^ private method
    |
   ::: src\rust\backend\isa\encoder.rs:145:5
    |
145 |     fn call_label(&mut self, lbl: &str) {
    |     ----------------------------------- private method defined here

error[E0624]: method `mov_rr` is private
   --> src\rust\backend\isa\stubs.rs:584:9
    |
584 |     enc.mov_rr(X86Reg::RBX, X86Reg::RAX); // RBX = list ptr
    |         ^^^^^^ private method
    |
   ::: src\rust\backend\isa\encoder.rs:79:5
    |
 79 |     fn mov_rr(&mut self, dst: X86Reg, src: X86Reg) {
    |     ---------------------------------------------- private method defined here

error[E0624]: method `xor_rr` is private
   --> src\rust\backend\isa\stubs.rs:585:9
    |
585 |     enc.xor_rr(X86Reg::RDI); // RDI = i = 0
    |         ^^^^^^ private method
    |
   ::: src\rust\backend\isa\encoder.rs:109:5
    |
109 |     fn xor_rr(&mut self, reg: X86Reg) {
    |     --------------------------------- private method defined here

error[E0624]: method `pos` is private
   --> src\rust\backend\isa\stubs.rs:586:51
    |
586 |     let loop_label = format!("__lcr_loop_{}", enc.pos());
    |                                                   ^^^ private method
    |
   ::: src\rust\backend\isa\encoder.rs:35:5
    |
 35 |     fn pos(&self) -> u32 { self.code.len() as u32 }
    |     -------------------- private method defined here

error[E0624]: method `pos` is private
   --> src\rust\backend\isa\stubs.rs:587:49
    |
587 |     let end_label = format!("__lcr_end_{}", enc.pos());
    |                                                 ^^^ private method
    |
   ::: src\rust\backend\isa\encoder.rs:35:5
    |
 35 |     fn pos(&self) -> u32 { self.code.len() as u32 }
    |     -------------------- private method defined here

error[E0624]: method `label` is private
   --> src\rust\backend\isa\stubs.rs:588:9
    |
588 |     enc.label(&loop_label);
    |         ^^^^^ private method
    |
   ::: src\rust\backend\isa\encoder.rs:129:5
    |
129 |     fn label(&mut self, name: &str) {
    |     ------------------------------- private method defined here

error[E0624]: method `cmp_rr` is private
   --> src\rust\backend\isa\stubs.rs:589:9
    |
589 |     enc.cmp_rr(X86Reg::RDI, X86Reg::RSI);
    |         ^^^^^^ private method
    |
   ::: src\rust\backend\isa\encoder.rs:104:5
    |
104 |     fn cmp_rr(&mut self, a: X86Reg, b: X86Reg) {
    |     ------------------------------------------ private method defined here

error[E0624]: method `jcc` is private
   --> src\rust\backend\isa\stubs.rs:590:9
    |
590 |     enc.jcc(0x8D, &end_label); // JGE end
    |         ^^^ private method
    |
   ::: src\rust\backend\isa\encoder.rs:139:5
    |
139 |     fn jcc(&mut self, cc: u8, lbl: &str) {
    |     ------------------------------------ private method defined here

error[E0624]: method `mov_rr` is private
   --> src\rust\backend\isa\stubs.rs:592:9
    |
592 |     enc.mov_rr(X86Reg::RCX, X86Reg::RBX);
    |         ^^^^^^ private method
    |
   ::: src\rust\backend\isa\encoder.rs:79:5
    |
 79 |     fn mov_rr(&mut self, dst: X86Reg, src: X86Reg) {
    |     ---------------------------------------------- private method defined here

error[E0624]: method `mov_rr` is private
   --> src\rust\backend\isa\stubs.rs:593:9
    |
593 |     enc.mov_rr(X86Reg::RDX, X86Reg::RDI);
    |         ^^^^^^ private method
    |
   ::: src\rust\backend\isa\encoder.rs:79:5
    |
 79 |     fn mov_rr(&mut self, dst: X86Reg, src: X86Reg) {
    |     ---------------------------------------------- private method defined here

error[E0624]: method `call_label` is private
   --> src\rust\backend\isa\stubs.rs:594:9
    |
594 |     enc.call_label("__pyb_list_append");
    |         ^^^^^^^^^^ private method
    |
   ::: src\rust\backend\isa\encoder.rs:145:5
    |
145 |     fn call_label(&mut self, lbl: &str) {
    |     ----------------------------------- private method defined here

error[E0624]: method `emit` is private
   --> src\rust\backend\isa\stubs.rs:595:9
    |
595 |     enc.emit(&[0x48, 0xFF, 0xC7]); // INC RDI
    |         ^^^^ private method
    |
   ::: src\rust\backend\isa\encoder.rs:37:5
    |
 37 |     fn emit(&mut self, bytes: &[u8]) {
    |     -------------------------------- private method defined here

error[E0624]: method `jmp` is private
   --> src\rust\backend\isa\stubs.rs:596:9
    |
596 |     enc.jmp(&loop_label);
    |         ^^^ private method
    |
   ::: src\rust\backend\isa\encoder.rs:133:5
    |
133 |     fn jmp(&mut self, lbl: &str) {
    |     ---------------------------- private method defined here

error[E0624]: method `label` is private
   --> src\rust\backend\isa\stubs.rs:597:9
    |
597 |     enc.label(&end_label);
    |         ^^^^^ private method
    |
   ::: src\rust\backend\isa\encoder.rs:129:5
    |
129 |     fn label(&mut self, name: &str) {
    |     ------------------------------- private method defined here

error[E0624]: method `mov_rr` is private
   --> src\rust\backend\isa\stubs.rs:598:9
    |
598 |     enc.mov_rr(X86Reg::RAX, X86Reg::RBX); // return list
    |         ^^^^^^ private method
    |
   ::: src\rust\backend\isa\encoder.rs:79:5
    |
 79 |     fn mov_rr(&mut self, dst: X86Reg, src: X86Reg) {
    |     ---------------------------------------------- private method defined here

error[E0624]: method `add_rsp` is private
   --> src\rust\backend\isa\stubs.rs:599:9
    |
599 |     enc.add_rsp(32);
    |         ^^^^^^^ private method
    |
   ::: src\rust\backend\isa\encoder.rs:126:5
    |
126 |     fn add_rsp(&mut self, val: u8) { self.rex_w(); self.emit(&[0x83, 0xC4, val]); }
    |     ------------------------------ private method defined here

error[E0624]: method `pop` is private
   --> src\rust\backend\isa\stubs.rs:600:9
    |
600 |     enc.pop(X86Reg::RDI);
    |         ^^^ private method
    |
   ::: src\rust\backend\isa\encoder.rs:120:5
    |
120 |     fn pop(&mut self, reg: X86Reg) {
    |     ------------------------------ private method defined here

error[E0624]: method `pop` is private
   --> src\rust\backend\isa\stubs.rs:601:9
    |
601 |     enc.pop(X86Reg::RSI);
    |         ^^^ private method
    |
   ::: src\rust\backend\isa\encoder.rs:120:5
    |
120 |     fn pop(&mut self, reg: X86Reg) {
    |     ------------------------------ private method defined here

error[E0624]: method `pop` is private
   --> src\rust\backend\isa\stubs.rs:602:9
    |
602 |     enc.pop(X86Reg::RBX);
    |         ^^^ private method
    |
   ::: src\rust\backend\isa\encoder.rs:120:5
    |
120 |     fn pop(&mut self, reg: X86Reg) {
    |     ------------------------------ private method defined here

error[E0624]: method `ret` is private
   --> src\rust\backend\isa\stubs.rs:603:9
    |
603 |     enc.ret();
    |         ^^^ private method
    |
   ::: src\rust\backend\isa\encoder.rs:127:5
    |
127 |     fn ret(&mut self) { self.emit_u8(0xC3); }
    |     ----------------- private method defined here

error[E0624]: method `label` is private
   --> src\rust\backend\isa\stubs.rs:610:9
    |
610 |     enc.label("__pyb_np_sum");
    |         ^^^^^ private method
    |
   ::: src\rust\backend\isa\encoder.rs:129:5
    |
129 |     fn label(&mut self, name: &str) {
    |     ------------------------------- private method defined here

error[E0624]: method `push` is private
   --> src\rust\backend\isa\stubs.rs:611:9
    |
611 |     enc.push(X86Reg::RBX);
    |         ^^^^ private method
    |
   ::: src\rust\backend\isa\encoder.rs:115:5
    |
115 |     fn push(&mut self, reg: X86Reg) {
    |     ------------------------------- private method defined here

error[E0624]: method `push` is private
   --> src\rust\backend\isa\stubs.rs:612:9
    |
612 |     enc.push(X86Reg::RSI);
    |         ^^^^ private method
    |
   ::: src\rust\backend\isa\encoder.rs:115:5
    |
115 |     fn push(&mut self, reg: X86Reg) {
    |     ------------------------------- private method defined here

error[E0624]: method `push` is private
   --> src\rust\backend\isa\stubs.rs:613:9
    |
613 |     enc.push(X86Reg::RDI);
    |         ^^^^ private method
    |
   ::: src\rust\backend\isa\encoder.rs:115:5
    |
115 |     fn push(&mut self, reg: X86Reg) {
    |     ------------------------------- private method defined here

error[E0624]: method `sub_rsp` is private
   --> src\rust\backend\isa\stubs.rs:614:9
    |
614 |     enc.sub_rsp(32);
    |         ^^^^^^^ private method
    |
   ::: src\rust\backend\isa\encoder.rs:125:5
    |
125 |     fn sub_rsp(&mut self, val: u8) { self.rex_w(); self.emit(&[0x83, 0xEC, val]); }
    |     ------------------------------ private method defined here

error[E0624]: method `mov_rr` is private
   --> src\rust\backend\isa\stubs.rs:615:9
    |
615 |     enc.mov_rr(X86Reg::RBX, X86Reg::RCX); // RBX = list ptr
    |         ^^^^^^ private method
    |
   ::: src\rust\backend\isa\encoder.rs:79:5
    |
 79 |     fn mov_rr(&mut self, dst: X86Reg, src: X86Reg) {
    |     ---------------------------------------------- private method defined here

error[E0624]: method `xor_rr` is private
   --> src\rust\backend\isa\stubs.rs:616:9
    |
616 |     enc.xor_rr(X86Reg::RSI); // RSI = accumulator = 0
    |         ^^^^^^ private method
    |
   ::: src\rust\backend\isa\encoder.rs:109:5
    |
109 |     fn xor_rr(&mut self, reg: X86Reg) {
    |     --------------------------------- private method defined here

error[E0624]: method `xor_rr` is private
   --> src\rust\backend\isa\stubs.rs:617:9
    |
617 |     enc.xor_rr(X86Reg::RDI); // RDI = i = 0
    |         ^^^^^^ private method
    |
   ::: src\rust\backend\isa\encoder.rs:109:5
    |
109 |     fn xor_rr(&mut self, reg: X86Reg) {
    |     --------------------------------- private method defined here

error[E0624]: method `pos` is private
   --> src\rust\backend\isa\stubs.rs:618:49
    |
618 |     let sum_loop = format!("__nps_loop_{}", enc.pos());
    |                                                 ^^^ private method
    |
   ::: src\rust\backend\isa\encoder.rs:35:5
    |
 35 |     fn pos(&self) -> u32 { self.code.len() as u32 }
    |     -------------------- private method defined here

error[E0624]: method `pos` is private
   --> src\rust\backend\isa\stubs.rs:619:47
    |
619 |     let sum_end = format!("__nps_end_{}", enc.pos());
    |                                               ^^^ private method
    |
   ::: src\rust\backend\isa\encoder.rs:35:5
    |
 35 |     fn pos(&self) -> u32 { self.code.len() as u32 }
    |     -------------------- private method defined here

error[E0624]: method `label` is private
   --> src\rust\backend\isa\stubs.rs:620:9
    |
620 |     enc.label(&sum_loop);
    |         ^^^^^ private method
    |
   ::: src\rust\backend\isa\encoder.rs:129:5
    |
129 |     fn label(&mut self, name: &str) {
    |     ------------------------------- private method defined here

error[E0624]: method `emit` is private
   --> src\rust\backend\isa\stubs.rs:622:9
    |
622 |     enc.emit(&[0x48, 0x8B, 0x43, 0x08]); // MOV RAX, [RBX+8]
    |         ^^^^ private method
    |
   ::: src\rust\backend\isa\encoder.rs:37:5
    |
 37 |     fn emit(&mut self, bytes: &[u8]) {
    |     -------------------------------- private method defined here

error[E0624]: method `cmp_rr` is private
   --> src\rust\backend\isa\stubs.rs:623:9
    |
623 |     enc.cmp_rr(X86Reg::RDI, X86Reg::RAX);
    |         ^^^^^^ private method
    |
   ::: src\rust\backend\isa\encoder.rs:104:5
    |
104 |     fn cmp_rr(&mut self, a: X86Reg, b: X86Reg) {
    |     ------------------------------------------ private method defined here

error[E0624]: method `jcc` is private
   --> src\rust\backend\isa\stubs.rs:624:9
    |
624 |     enc.jcc(0x8D, &sum_end); // JGE end
    |         ^^^ private method
    |
   ::: src\rust\backend\isa\encoder.rs:139:5
    |
139 |     fn jcc(&mut self, cc: u8, lbl: &str) {
    |     ------------------------------------ private method defined here

error[E0624]: method `emit` is private
   --> src\rust\backend\isa\stubs.rs:626:9
    |
626 |     enc.emit(&[0x48, 0x8B, 0x03]); // MOV RAX, [RBX]
    |         ^^^^ private method
    |
   ::: src\rust\backend\isa\encoder.rs:37:5
    |
 37 |     fn emit(&mut self, bytes: &[u8]) {
    |     -------------------------------- private method defined here

error[E0624]: method `emit` is private
   --> src\rust\backend\isa\stubs.rs:628:9
    |
628 |     enc.emit(&[0x48, 0x8B, 0x04, 0xF8]); // MOV RAX, [RAX+RDI*8]
    |         ^^^^ private method
    |
   ::: src\rust\backend\isa\encoder.rs:37:5
    |
 37 |     fn emit(&mut self, bytes: &[u8]) {
    |     -------------------------------- private method defined here

error[E0624]: method `add_rr` is private
   --> src\rust\backend\isa\stubs.rs:629:9
    |
629 |     enc.add_rr(X86Reg::RSI, X86Reg::RAX);
    |         ^^^^^^ private method
    |
   ::: src\rust\backend\isa\encoder.rs:84:5
    |
 84 |     fn add_rr(&mut self, dst: X86Reg, src: X86Reg) {
    |     ---------------------------------------------- private method defined here

error[E0624]: method `emit` is private
   --> src\rust\backend\isa\stubs.rs:630:9
    |
630 |     enc.emit(&[0x48, 0xFF, 0xC7]); // INC RDI
    |         ^^^^ private method
    |
   ::: src\rust\backend\isa\encoder.rs:37:5
    |
 37 |     fn emit(&mut self, bytes: &[u8]) {
    |     -------------------------------- private method defined here

error[E0624]: method `jmp` is private
   --> src\rust\backend\isa\stubs.rs:631:9
    |
631 |     enc.jmp(&sum_loop);
    |         ^^^ private method
    |
   ::: src\rust\backend\isa\encoder.rs:133:5
    |
133 |     fn jmp(&mut self, lbl: &str) {
    |     ---------------------------- private method defined here

error[E0624]: method `label` is private
   --> src\rust\backend\isa\stubs.rs:632:9
    |
632 |     enc.label(&sum_end);
    |         ^^^^^ private method
    |
   ::: src\rust\backend\isa\encoder.rs:129:5
    |
129 |     fn label(&mut self, name: &str) {
    |     ------------------------------- private method defined here

error[E0624]: method `mov_rr` is private
   --> src\rust\backend\isa\stubs.rs:633:9
    |
633 |     enc.mov_rr(X86Reg::RAX, X86Reg::RSI);
    |         ^^^^^^ private method
    |
   ::: src\rust\backend\isa\encoder.rs:79:5
    |
 79 |     fn mov_rr(&mut self, dst: X86Reg, src: X86Reg) {
    |     ---------------------------------------------- private method defined here

error[E0624]: method `add_rsp` is private
   --> src\rust\backend\isa\stubs.rs:634:9
    |
634 |     enc.add_rsp(32);
    |         ^^^^^^^ private method
    |
   ::: src\rust\backend\isa\encoder.rs:126:5
    |
126 |     fn add_rsp(&mut self, val: u8) { self.rex_w(); self.emit(&[0x83, 0xC4, val]); }
    |     ------------------------------ private method defined here

error[E0624]: method `pop` is private
   --> src\rust\backend\isa\stubs.rs:635:9
    |
635 |     enc.pop(X86Reg::RDI);
    |         ^^^ private method
    |
   ::: src\rust\backend\isa\encoder.rs:120:5
    |
120 |     fn pop(&mut self, reg: X86Reg) {
    |     ------------------------------ private method defined here

error[E0624]: method `pop` is private
   --> src\rust\backend\isa\stubs.rs:636:9
    |
636 |     enc.pop(X86Reg::RSI);
    |         ^^^ private method
    |
   ::: src\rust\backend\isa\encoder.rs:120:5
    |
120 |     fn pop(&mut self, reg: X86Reg) {
    |     ------------------------------ private method defined here

error[E0624]: method `pop` is private
   --> src\rust\backend\isa\stubs.rs:637:9
    |
637 |     enc.pop(X86Reg::RBX);
    |         ^^^ private method
    |
   ::: src\rust\backend\isa\encoder.rs:120:5
    |
120 |     fn pop(&mut self, reg: X86Reg) {
    |     ------------------------------ private method defined here

error[E0624]: method `ret` is private
   --> src\rust\backend\isa\stubs.rs:638:9
    |
638 |     enc.ret();
    |         ^^^ private method
    |
   ::: src\rust\backend\isa\encoder.rs:127:5
    |
127 |     fn ret(&mut self) { self.emit_u8(0xC3); }
    |     ----------------- private method defined here

error[E0624]: method `label` is private
   --> src\rust\backend\isa\stubs.rs:641:9
    |
641 |     enc.label("__pyb_np_max");
    |         ^^^^^ private method
    |
   ::: src\rust\backend\isa\encoder.rs:129:5
    |
129 |     fn label(&mut self, name: &str) {
    |     ------------------------------- private method defined here

error[E0624]: method `push` is private
   --> src\rust\backend\isa\stubs.rs:642:9
    |
642 |     enc.push(X86Reg::RBX);
    |         ^^^^ private method
    |
   ::: src\rust\backend\isa\encoder.rs:115:5
    |
115 |     fn push(&mut self, reg: X86Reg) {
    |     ------------------------------- private method defined here

error[E0624]: method `push` is private
   --> src\rust\backend\isa\stubs.rs:643:9
    |
643 |     enc.push(X86Reg::RSI);
    |         ^^^^ private method
    |
   ::: src\rust\backend\isa\encoder.rs:115:5
    |
115 |     fn push(&mut self, reg: X86Reg) {
    |     ------------------------------- private method defined here

error[E0624]: method `push` is private
   --> src\rust\backend\isa\stubs.rs:644:9
    |
644 |     enc.push(X86Reg::RDI);
    |         ^^^^ private method
    |
   ::: src\rust\backend\isa\encoder.rs:115:5
    |
115 |     fn push(&mut self, reg: X86Reg) {
    |     ------------------------------- private method defined here

error[E0624]: method `sub_rsp` is private
   --> src\rust\backend\isa\stubs.rs:645:9
    |
645 |     enc.sub_rsp(32);
    |         ^^^^^^^ private method
    |
   ::: src\rust\backend\isa\encoder.rs:125:5
    |
125 |     fn sub_rsp(&mut self, val: u8) { self.rex_w(); self.emit(&[0x83, 0xEC, val]); }
    |     ------------------------------ private method defined here

error[E0624]: method `mov_rr` is private
   --> src\rust\backend\isa\stubs.rs:646:9
    |
646 |     enc.mov_rr(X86Reg::RBX, X86Reg::RCX);
    |         ^^^^^^ private method
    |
   ::: src\rust\backend\isa\encoder.rs:79:5
    |
 79 |     fn mov_rr(&mut self, dst: X86Reg, src: X86Reg) {
    |     ---------------------------------------------- private method defined here

error[E0624]: method `emit` is private
   --> src\rust\backend\isa\stubs.rs:648:9
    |
648 |     enc.emit(&[0x48, 0x8B, 0x03]); // MOV RAX, [RBX] (data_ptr)
    |         ^^^^ private method
    |
   ::: src\rust\backend\isa\encoder.rs:37:5
    |
 37 |     fn emit(&mut self, bytes: &[u8]) {
    |     -------------------------------- private method defined here

error[E0624]: method `emit` is private
   --> src\rust\backend\isa\stubs.rs:649:9
    |
649 |     enc.emit(&[0x48, 0x8B, 0x30]); // MOV RSI, [RAX] (first element)
    |         ^^^^ private method
    |
   ::: src\rust\backend\isa\encoder.rs:37:5
    |
 37 |     fn emit(&mut self, bytes: &[u8]) {
    |     -------------------------------- private method defined here

error[E0624]: method `mov_imm64` is private
   --> src\rust\backend\isa\stubs.rs:650:9
    |
650 |     enc.mov_imm64(X86Reg::RDI, 1); // RDI = i = 1
    |         ^^^^^^^^^ private method
    |
   ::: src\rust\backend\isa\encoder.rs:70:5
    |
 70 |     fn mov_imm64(&mut self, reg: X86Reg, val: i64) {
    |     ---------------------------------------------- private method defined here

error[E0624]: method `pos` is private
   --> src\rust\backend\isa\stubs.rs:651:49
    |
651 |     let max_loop = format!("__npm_loop_{}", enc.pos());
    |                                                 ^^^ private method
    |
   ::: src\rust\backend\isa\encoder.rs:35:5
    |
 35 |     fn pos(&self) -> u32 { self.code.len() as u32 }
    |     -------------------- private method defined here

error[E0624]: method `pos` is private
   --> src\rust\backend\isa\stubs.rs:652:47
    |
652 |     let max_end = format!("__npm_end_{}", enc.pos());
    |                                               ^^^ private method
    |
   ::: src\rust\backend\isa\encoder.rs:35:5
    |
 35 |     fn pos(&self) -> u32 { self.code.len() as u32 }
    |     -------------------- private method defined here

error[E0624]: method `pos` is private
   --> src\rust\backend\isa\stubs.rs:653:49
    |
653 |     let max_skip = format!("__npm_skip_{}", enc.pos());
    |                                                 ^^^ private method
    |
   ::: src\rust\backend\isa\encoder.rs:35:5
    |
 35 |     fn pos(&self) -> u32 { self.code.len() as u32 }
    |     -------------------- private method defined here

error[E0624]: method `label` is private
   --> src\rust\backend\isa\stubs.rs:654:9
    |
654 |     enc.label(&max_loop);
    |         ^^^^^ private method
    |
   ::: src\rust\backend\isa\encoder.rs:129:5
    |
129 |     fn label(&mut self, name: &str) {
    |     ------------------------------- private method defined here

error[E0624]: method `emit` is private
   --> src\rust\backend\isa\stubs.rs:655:9
    |
655 |     enc.emit(&[0x48, 0x8B, 0x43, 0x08]); // MOV RAX, [RBX+8] (len)
    |         ^^^^ private method
    |
   ::: src\rust\backend\isa\encoder.rs:37:5
    |
 37 |     fn emit(&mut self, bytes: &[u8]) {
    |     -------------------------------- private method defined here

error[E0624]: method `cmp_rr` is private
   --> src\rust\backend\isa\stubs.rs:656:9
    |
656 |     enc.cmp_rr(X86Reg::RDI, X86Reg::RAX);
    |         ^^^^^^ private method
    |
   ::: src\rust\backend\isa\encoder.rs:104:5
    |
104 |     fn cmp_rr(&mut self, a: X86Reg, b: X86Reg) {
    |     ------------------------------------------ private method defined here

error[E0624]: method `jcc` is private
   --> src\rust\backend\isa\stubs.rs:657:9
    |
657 |     enc.jcc(0x8D, &max_end);
    |         ^^^ private method
    |
   ::: src\rust\backend\isa\encoder.rs:139:5
    |
139 |     fn jcc(&mut self, cc: u8, lbl: &str) {
    |     ------------------------------------ private method defined here

error[E0624]: method `emit` is private
   --> src\rust\backend\isa\stubs.rs:658:9
    |
658 |     enc.emit(&[0x48, 0x8B, 0x03]); // MOV RAX, [RBX]
    |         ^^^^ private method
    |
   ::: src\rust\backend\isa\encoder.rs:37:5
    |
 37 |     fn emit(&mut self, bytes: &[u8]) {
    |     -------------------------------- private method defined here

error[E0624]: method `emit` is private
   --> src\rust\backend\isa\stubs.rs:659:9
    |
659 |     enc.emit(&[0x48, 0x8B, 0x04, 0xF8]); // MOV RAX, [RAX+RDI*8]
    |         ^^^^ private method
    |
   ::: src\rust\backend\isa\encoder.rs:37:5
    |
 37 |     fn emit(&mut self, bytes: &[u8]) {
    |     -------------------------------- private method defined here

error[E0624]: method `cmp_rr` is private
   --> src\rust\backend\isa\stubs.rs:660:9
    |
660 |     enc.cmp_rr(X86Reg::RAX, X86Reg::RSI);
    |         ^^^^^^ private method
    |
   ::: src\rust\backend\isa\encoder.rs:104:5
    |
104 |     fn cmp_rr(&mut self, a: X86Reg, b: X86Reg) {
    |     ------------------------------------------ private method defined here

error[E0624]: method `jcc` is private
   --> src\rust\backend\isa\stubs.rs:661:9
    |
661 |     enc.jcc(0x8E, &max_skip); // JLE skip
    |         ^^^ private method
    |
   ::: src\rust\backend\isa\encoder.rs:139:5
    |
139 |     fn jcc(&mut self, cc: u8, lbl: &str) {
    |     ------------------------------------ private method defined here

error[E0624]: method `mov_rr` is private
   --> src\rust\backend\isa\stubs.rs:662:9
    |
662 |     enc.mov_rr(X86Reg::RSI, X86Reg::RAX);
    |         ^^^^^^ private method
    |
   ::: src\rust\backend\isa\encoder.rs:79:5
    |
 79 |     fn mov_rr(&mut self, dst: X86Reg, src: X86Reg) {
    |     ---------------------------------------------- private method defined here

error[E0624]: method `label` is private
   --> src\rust\backend\isa\stubs.rs:663:9
    |
663 |     enc.label(&max_skip);
    |         ^^^^^ private method
    |
   ::: src\rust\backend\isa\encoder.rs:129:5
    |
129 |     fn label(&mut self, name: &str) {
    |     ------------------------------- private method defined here

error[E0624]: method `emit` is private
   --> src\rust\backend\isa\stubs.rs:664:9
    |
664 |     enc.emit(&[0x48, 0xFF, 0xC7]); // INC RDI
    |         ^^^^ private method
    |
   ::: src\rust\backend\isa\encoder.rs:37:5
    |
 37 |     fn emit(&mut self, bytes: &[u8]) {
    |     -------------------------------- private method defined here

error[E0624]: method `jmp` is private
   --> src\rust\backend\isa\stubs.rs:665:9
    |
665 |     enc.jmp(&max_loop);
    |         ^^^ private method
    |
   ::: src\rust\backend\isa\encoder.rs:133:5
    |
133 |     fn jmp(&mut self, lbl: &str) {
    |     ---------------------------- private method defined here

error[E0624]: method `label` is private
   --> src\rust\backend\isa\stubs.rs:666:9
    |
666 |     enc.label(&max_end);
    |         ^^^^^ private method
    |
   ::: src\rust\backend\isa\encoder.rs:129:5
    |
129 |     fn label(&mut self, name: &str) {
    |     ------------------------------- private method defined here

error[E0624]: method `mov_rr` is private
   --> src\rust\backend\isa\stubs.rs:667:9
    |
667 |     enc.mov_rr(X86Reg::RAX, X86Reg::RSI);
    |         ^^^^^^ private method
    |
   ::: src\rust\backend\isa\encoder.rs:79:5
    |
 79 |     fn mov_rr(&mut self, dst: X86Reg, src: X86Reg) {
    |     ---------------------------------------------- private method defined here

error[E0624]: method `add_rsp` is private
   --> src\rust\backend\isa\stubs.rs:668:9
    |
668 |     enc.add_rsp(32);
    |         ^^^^^^^ private method
    |
   ::: src\rust\backend\isa\encoder.rs:126:5
    |
126 |     fn add_rsp(&mut self, val: u8) { self.rex_w(); self.emit(&[0x83, 0xC4, val]); }
    |     ------------------------------ private method defined here

error[E0624]: method `pop` is private
   --> src\rust\backend\isa\stubs.rs:669:9
    |
669 |     enc.pop(X86Reg::RDI);
    |         ^^^ private method
    |
   ::: src\rust\backend\isa\encoder.rs:120:5
    |
120 |     fn pop(&mut self, reg: X86Reg) {
    |     ------------------------------ private method defined here

error[E0624]: method `pop` is private
   --> src\rust\backend\isa\stubs.rs:670:9
    |
670 |     enc.pop(X86Reg::RSI);
    |         ^^^ private method
    |
   ::: src\rust\backend\isa\encoder.rs:120:5
    |
120 |     fn pop(&mut self, reg: X86Reg) {
    |     ------------------------------ private method defined here

error[E0624]: method `pop` is private
   --> src\rust\backend\isa\stubs.rs:671:9
    |
671 |     enc.pop(X86Reg::RBX);
    |         ^^^ private method
    |
   ::: src\rust\backend\isa\encoder.rs:120:5
    |
120 |     fn pop(&mut self, reg: X86Reg) {
    |     ------------------------------ private method defined here

error[E0624]: method `ret` is private
   --> src\rust\backend\isa\stubs.rs:672:9
    |
672 |     enc.ret();
    |         ^^^ private method
    |
   ::: src\rust\backend\isa\encoder.rs:127:5
    |
127 |     fn ret(&mut self) { self.emit_u8(0xC3); }
    |     ----------------- private method defined here

error[E0624]: method `label` is private
   --> src\rust\backend\isa\stubs.rs:675:9
    |
675 |     enc.label("__pyb_np_min");
    |         ^^^^^ private method
    |
   ::: src\rust\backend\isa\encoder.rs:129:5
    |
129 |     fn label(&mut self, name: &str) {
    |     ------------------------------- private method defined here

error[E0624]: method `push` is private
   --> src\rust\backend\isa\stubs.rs:676:9
    |
676 |     enc.push(X86Reg::RBX);
    |         ^^^^ private method
    |
   ::: src\rust\backend\isa\encoder.rs:115:5
    |
115 |     fn push(&mut self, reg: X86Reg) {
    |     ------------------------------- private method defined here

error[E0624]: method `push` is private
   --> src\rust\backend\isa\stubs.rs:677:9
    |
677 |     enc.push(X86Reg::RSI);
    |         ^^^^ private method
    |
   ::: src\rust\backend\isa\encoder.rs:115:5
    |
115 |     fn push(&mut self, reg: X86Reg) {
    |     ------------------------------- private method defined here

error[E0624]: method `push` is private
   --> src\rust\backend\isa\stubs.rs:678:9
    |
678 |     enc.push(X86Reg::RDI);
    |         ^^^^ private method
    |
   ::: src\rust\backend\isa\encoder.rs:115:5
    |
115 |     fn push(&mut self, reg: X86Reg) {
    |     ------------------------------- private method defined here

error[E0624]: method `sub_rsp` is private
   --> src\rust\backend\isa\stubs.rs:679:9
    |
679 |     enc.sub_rsp(32);
    |         ^^^^^^^ private method
    |
   ::: src\rust\backend\isa\encoder.rs:125:5
    |
125 |     fn sub_rsp(&mut self, val: u8) { self.rex_w(); self.emit(&[0x83, 0xEC, val]); }
    |     ------------------------------ private method defined here

error[E0624]: method `mov_rr` is private
   --> src\rust\backend\isa\stubs.rs:680:9
    |
680 |     enc.mov_rr(X86Reg::RBX, X86Reg::RCX);
    |         ^^^^^^ private method
    |
   ::: src\rust\backend\isa\encoder.rs:79:5
    |
 79 |     fn mov_rr(&mut self, dst: X86Reg, src: X86Reg) {
    |     ---------------------------------------------- private method defined here

error[E0624]: method `emit` is private
   --> src\rust\backend\isa\stubs.rs:681:9
    |
681 |     enc.emit(&[0x48, 0x8B, 0x03]); // MOV RAX, [RBX]
    |         ^^^^ private method
    |
   ::: src\rust\backend\isa\encoder.rs:37:5
    |
 37 |     fn emit(&mut self, bytes: &[u8]) {
    |     -------------------------------- private method defined here

error[E0624]: method `emit` is private
   --> src\rust\backend\isa\stubs.rs:682:9
    |
682 |     enc.emit(&[0x48, 0x8B, 0x30]); // MOV RSI, [RAX]
    |         ^^^^ private method
    |
   ::: src\rust\backend\isa\encoder.rs:37:5
    |
 37 |     fn emit(&mut self, bytes: &[u8]) {
    |     -------------------------------- private method defined here

error[E0624]: method `mov_imm64` is private
   --> src\rust\backend\isa\stubs.rs:683:9
    |
683 |     enc.mov_imm64(X86Reg::RDI, 1);
    |         ^^^^^^^^^ private method
    |
   ::: src\rust\backend\isa\encoder.rs:70:5
    |
 70 |     fn mov_imm64(&mut self, reg: X86Reg, val: i64) {
    |     ---------------------------------------------- private method defined here

error[E0624]: method `pos` is private
   --> src\rust\backend\isa\stubs.rs:684:49
    |
684 |     let min_loop = format!("__npn_loop_{}", enc.pos());
    |                                                 ^^^ private method
    |
   ::: src\rust\backend\isa\encoder.rs:35:5
    |
 35 |     fn pos(&self) -> u32 { self.code.len() as u32 }
    |     -------------------- private method defined here

error[E0624]: method `pos` is private
   --> src\rust\backend\isa\stubs.rs:685:47
    |
685 |     let min_end = format!("__npn_end_{}", enc.pos());
    |                                               ^^^ private method
    |
   ::: src\rust\backend\isa\encoder.rs:35:5
    |
 35 |     fn pos(&self) -> u32 { self.code.len() as u32 }
    |     -------------------- private method defined here

error[E0624]: method `pos` is private
   --> src\rust\backend\isa\stubs.rs:686:49
    |
686 |     let min_skip = format!("__npn_skip_{}", enc.pos());
    |                                                 ^^^ private method
    |
   ::: src\rust\backend\isa\encoder.rs:35:5
    |
 35 |     fn pos(&self) -> u32 { self.code.len() as u32 }
    |     -------------------- private method defined here

error[E0624]: method `label` is private
   --> src\rust\backend\isa\stubs.rs:687:9
    |
687 |     enc.label(&min_loop);
    |         ^^^^^ private method
    |
   ::: src\rust\backend\isa\encoder.rs:129:5
    |
129 |     fn label(&mut self, name: &str) {
    |     ------------------------------- private method defined here

error[E0624]: method `emit` is private
   --> src\rust\backend\isa\stubs.rs:688:9
    |
688 |     enc.emit(&[0x48, 0x8B, 0x43, 0x08]); // MOV RAX, [RBX+8]
    |         ^^^^ private method
    |
   ::: src\rust\backend\isa\encoder.rs:37:5
    |
 37 |     fn emit(&mut self, bytes: &[u8]) {
    |     -------------------------------- private method defined here

error[E0624]: method `cmp_rr` is private
   --> src\rust\backend\isa\stubs.rs:689:9
    |
689 |     enc.cmp_rr(X86Reg::RDI, X86Reg::RAX);
    |         ^^^^^^ private method
    |
   ::: src\rust\backend\isa\encoder.rs:104:5
    |
104 |     fn cmp_rr(&mut self, a: X86Reg, b: X86Reg) {
    |     ------------------------------------------ private method defined here

error[E0624]: method `jcc` is private
   --> src\rust\backend\isa\stubs.rs:690:9
    |
690 |     enc.jcc(0x8D, &min_end);
    |         ^^^ private method
    |
   ::: src\rust\backend\isa\encoder.rs:139:5
    |
139 |     fn jcc(&mut self, cc: u8, lbl: &str) {
    |     ------------------------------------ private method defined here

error[E0624]: method `emit` is private
   --> src\rust\backend\isa\stubs.rs:691:9
    |
691 |     enc.emit(&[0x48, 0x8B, 0x03]); // MOV RAX, [RBX]
    |         ^^^^ private method
    |
   ::: src\rust\backend\isa\encoder.rs:37:5
    |
 37 |     fn emit(&mut self, bytes: &[u8]) {
    |     -------------------------------- private method defined here

error[E0624]: method `emit` is private
   --> src\rust\backend\isa\stubs.rs:692:9
    |
692 |     enc.emit(&[0x48, 0x8B, 0x04, 0xF8]); // MOV RAX, [RAX+RDI*8]
    |         ^^^^ private method
    |
   ::: src\rust\backend\isa\encoder.rs:37:5
    |
 37 |     fn emit(&mut self, bytes: &[u8]) {
    |     -------------------------------- private method defined here

error[E0624]: method `cmp_rr` is private
   --> src\rust\backend\isa\stubs.rs:693:9
    |
693 |     enc.cmp_rr(X86Reg::RAX, X86Reg::RSI);
    |         ^^^^^^ private method
    |
   ::: src\rust\backend\isa\encoder.rs:104:5
    |
104 |     fn cmp_rr(&mut self, a: X86Reg, b: X86Reg) {
    |     ------------------------------------------ private method defined here

error[E0624]: method `jcc` is private
   --> src\rust\backend\isa\stubs.rs:694:9
    |
694 |     enc.jcc(0x8D, &min_skip); // JGE skip
    |         ^^^ private method
    |
   ::: src\rust\backend\isa\encoder.rs:139:5
    |
139 |     fn jcc(&mut self, cc: u8, lbl: &str) {
    |     ------------------------------------ private method defined here

error[E0624]: method `mov_rr` is private
   --> src\rust\backend\isa\stubs.rs:695:9
    |
695 |     enc.mov_rr(X86Reg::RSI, X86Reg::RAX);
    |         ^^^^^^ private method
    |
   ::: src\rust\backend\isa\encoder.rs:79:5
    |
 79 |     fn mov_rr(&mut self, dst: X86Reg, src: X86Reg) {
    |     ---------------------------------------------- private method defined here

error[E0624]: method `label` is private
   --> src\rust\backend\isa\stubs.rs:696:9
    |
696 |     enc.label(&min_skip);
    |         ^^^^^ private method
    |
   ::: src\rust\backend\isa\encoder.rs:129:5
    |
129 |     fn label(&mut self, name: &str) {
    |     ------------------------------- private method defined here

error[E0624]: method `emit` is private
   --> src\rust\backend\isa\stubs.rs:697:9
    |
697 |     enc.emit(&[0x48, 0xFF, 0xC7]); // INC RDI
    |         ^^^^ private method
    |
   ::: src\rust\backend\isa\encoder.rs:37:5
    |
 37 |     fn emit(&mut self, bytes: &[u8]) {
    |     -------------------------------- private method defined here

error[E0624]: method `jmp` is private
   --> src\rust\backend\isa\stubs.rs:698:9
    |
698 |     enc.jmp(&min_loop);
    |         ^^^ private method
    |
   ::: src\rust\backend\isa\encoder.rs:133:5
    |
133 |     fn jmp(&mut self, lbl: &str) {
    |     ---------------------------- private method defined here

error[E0624]: method `label` is private
   --> src\rust\backend\isa\stubs.rs:699:9
    |
699 |     enc.label(&min_end);
    |         ^^^^^ private method
    |
   ::: src\rust\backend\isa\encoder.rs:129:5
    |
129 |     fn label(&mut self, name: &str) {
    |     ------------------------------- private method defined here

error[E0624]: method `mov_rr` is private
   --> src\rust\backend\isa\stubs.rs:700:9
    |
700 |     enc.mov_rr(X86Reg::RAX, X86Reg::RSI);
    |         ^^^^^^ private method
    |
   ::: src\rust\backend\isa\encoder.rs:79:5
    |
 79 |     fn mov_rr(&mut self, dst: X86Reg, src: X86Reg) {
    |     ---------------------------------------------- private method defined here

error[E0624]: method `add_rsp` is private
   --> src\rust\backend\isa\stubs.rs:701:9
    |
701 |     enc.add_rsp(32);
    |         ^^^^^^^ private method
    |
   ::: src\rust\backend\isa\encoder.rs:126:5
    |
126 |     fn add_rsp(&mut self, val: u8) { self.rex_w(); self.emit(&[0x83, 0xC4, val]); }
    |     ------------------------------ private method defined here

error[E0624]: method `pop` is private
   --> src\rust\backend\isa\stubs.rs:702:9
    |
702 |     enc.pop(X86Reg::RDI);
    |         ^^^ private method
    |
   ::: src\rust\backend\isa\encoder.rs:120:5
    |
120 |     fn pop(&mut self, reg: X86Reg) {
    |     ------------------------------ private method defined here

error[E0624]: method `pop` is private
   --> src\rust\backend\isa\stubs.rs:703:9
    |
703 |     enc.pop(X86Reg::RSI);
    |         ^^^ private method
    |
   ::: src\rust\backend\isa\encoder.rs:120:5
    |
120 |     fn pop(&mut self, reg: X86Reg) {
    |     ------------------------------ private method defined here

error[E0624]: method `pop` is private
   --> src\rust\backend\isa\stubs.rs:704:9
    |
704 |     enc.pop(X86Reg::RBX);
    |         ^^^ private method
    |
   ::: src\rust\backend\isa\encoder.rs:120:5
    |
120 |     fn pop(&mut self, reg: X86Reg) {
    |     ------------------------------ private method defined here

error[E0624]: method `ret` is private
   --> src\rust\backend\isa\stubs.rs:705:9
    |
705 |     enc.ret();
    |         ^^^ private method
    |
   ::: src\rust\backend\isa\encoder.rs:127:5
    |
127 |     fn ret(&mut self) { self.emit_u8(0xC3); }
    |     ----------------- private method defined here

error[E0624]: method `label` is private
   --> src\rust\backend\isa\stubs.rs:708:9
    |
708 |     enc.label("__pyb_np_dot");
    |         ^^^^^ private method
    |
   ::: src\rust\backend\isa\encoder.rs:129:5
    |
129 |     fn label(&mut self, name: &str) {
    |     ------------------------------- private method defined here

error[E0624]: method `push` is private
   --> src\rust\backend\isa\stubs.rs:709:9
    |
709 |     enc.push(X86Reg::RBX);
    |         ^^^^ private method
    |
   ::: src\rust\backend\isa\encoder.rs:115:5
    |
115 |     fn push(&mut self, reg: X86Reg) {
    |     ------------------------------- private method defined here

error[E0624]: method `push` is private
   --> src\rust\backend\isa\stubs.rs:710:9
    |
710 |     enc.push(X86Reg::RSI);
    |         ^^^^ private method
    |
   ::: src\rust\backend\isa\encoder.rs:115:5
    |
115 |     fn push(&mut self, reg: X86Reg) {
    |     ------------------------------- private method defined here

error[E0624]: method `push` is private
   --> src\rust\backend\isa\stubs.rs:711:9
    |
711 |     enc.push(X86Reg::RDI);
    |         ^^^^ private method
    |
   ::: src\rust\backend\isa\encoder.rs:115:5
    |
115 |     fn push(&mut self, reg: X86Reg) {
    |     ------------------------------- private method defined here

error[E0624]: method `push` is private
   --> src\rust\backend\isa\stubs.rs:712:9
    |
712 |     enc.push(X86Reg::R12);
    |         ^^^^ private method
    |
   ::: src\rust\backend\isa\encoder.rs:115:5
    |
115 |     fn push(&mut self, reg: X86Reg) {
    |     ------------------------------- private method defined here

error[E0624]: method `sub_rsp` is private
   --> src\rust\backend\isa\stubs.rs:713:9
    |
713 |     enc.sub_rsp(32);
    |         ^^^^^^^ private method
    |
   ::: src\rust\backend\isa\encoder.rs:125:5
    |
125 |     fn sub_rsp(&mut self, val: u8) { self.rex_w(); self.emit(&[0x83, 0xEC, val]); }
    |     ------------------------------ private method defined here

error[E0624]: method `mov_rr` is private
   --> src\rust\backend\isa\stubs.rs:714:9
    |
714 |     enc.mov_rr(X86Reg::RBX, X86Reg::RCX); // RBX = list_a
    |         ^^^^^^ private method
    |
   ::: src\rust\backend\isa\encoder.rs:79:5
    |
 79 |     fn mov_rr(&mut self, dst: X86Reg, src: X86Reg) {
    |     ---------------------------------------------- private method defined here

error[E0624]: method `mov_rr` is private
   --> src\rust\backend\isa\stubs.rs:715:9
    |
715 |     enc.mov_rr(X86Reg::R12, X86Reg::RDX); // R12 = list_b
    |         ^^^^^^ private method
    |
   ::: src\rust\backend\isa\encoder.rs:79:5
    |
 79 |     fn mov_rr(&mut self, dst: X86Reg, src: X86Reg) {
    |     ---------------------------------------------- private method defined here

error[E0624]: method `xor_rr` is private
   --> src\rust\backend\isa\stubs.rs:716:9
    |
716 |     enc.xor_rr(X86Reg::RSI); // RSI = accumulator
    |         ^^^^^^ private method
    |
   ::: src\rust\backend\isa\encoder.rs:109:5
    |
109 |     fn xor_rr(&mut self, reg: X86Reg) {
    |     --------------------------------- private method defined here

error[E0624]: method `xor_rr` is private
   --> src\rust\backend\isa\stubs.rs:717:9
    |
717 |     enc.xor_rr(X86Reg::RDI); // RDI = i = 0
    |         ^^^^^^ private method
    |
   ::: src\rust\backend\isa\encoder.rs:109:5
    |
109 |     fn xor_rr(&mut self, reg: X86Reg) {
    |     --------------------------------- private method defined here

error[E0624]: method `pos` is private
   --> src\rust\backend\isa\stubs.rs:718:49
    |
718 |     let dot_loop = format!("__npd_loop_{}", enc.pos());
    |                                                 ^^^ private method
    |
   ::: src\rust\backend\isa\encoder.rs:35:5
    |
 35 |     fn pos(&self) -> u32 { self.code.len() as u32 }
    |     -------------------- private method defined here

error[E0624]: method `pos` is private
   --> src\rust\backend\isa\stubs.rs:719:47
    |
719 |     let dot_end = format!("__npd_end_{}", enc.pos());
    |                                               ^^^ private method
    |
   ::: src\rust\backend\isa\encoder.rs:35:5
    |
 35 |     fn pos(&self) -> u32 { self.code.len() as u32 }
    |     -------------------- private method defined here

error[E0624]: method `label` is private
   --> src\rust\backend\isa\stubs.rs:720:9
    |
720 |     enc.label(&dot_loop);
    |         ^^^^^ private method
    |
   ::: src\rust\backend\isa\encoder.rs:129:5
    |
129 |     fn label(&mut self, name: &str) {
    |     ------------------------------- private method defined here

error[E0624]: method `emit` is private
   --> src\rust\backend\isa\stubs.rs:721:9
    |
721 |     enc.emit(&[0x48, 0x8B, 0x43, 0x08]); // MOV RAX, [RBX+8]
    |         ^^^^ private method
    |
   ::: src\rust\backend\isa\encoder.rs:37:5
    |
 37 |     fn emit(&mut self, bytes: &[u8]) {
    |     -------------------------------- private method defined here

error[E0624]: method `cmp_rr` is private
   --> src\rust\backend\isa\stubs.rs:722:9
    |
722 |     enc.cmp_rr(X86Reg::RDI, X86Reg::RAX);
    |         ^^^^^^ private method
    |
   ::: src\rust\backend\isa\encoder.rs:104:5
    |
104 |     fn cmp_rr(&mut self, a: X86Reg, b: X86Reg) {
    |     ------------------------------------------ private method defined here

error[E0624]: method `jcc` is private
   --> src\rust\backend\isa\stubs.rs:723:9
    |
723 |     enc.jcc(0x8D, &dot_end);
    |         ^^^ private method
    |
   ::: src\rust\backend\isa\encoder.rs:139:5
    |
139 |     fn jcc(&mut self, cc: u8, lbl: &str) {
    |     ------------------------------------ private method defined here

error[E0624]: method `emit` is private
   --> src\rust\backend\isa\stubs.rs:725:9
    |
725 |     enc.emit(&[0x48, 0x8B, 0x03]); // MOV RAX, [RBX]
    |         ^^^^ private method
    |
   ::: src\rust\backend\isa\encoder.rs:37:5
    |
 37 |     fn emit(&mut self, bytes: &[u8]) {
    |     -------------------------------- private method defined here

error[E0624]: method `emit` is private
   --> src\rust\backend\isa\stubs.rs:726:9
    |
726 |     enc.emit(&[0x48, 0x8B, 0x0C, 0xF8]); // MOV RCX, [RAX+RDI*8]
    |         ^^^^ private method
    |
   ::: src\rust\backend\isa\encoder.rs:37:5
    |
 37 |     fn emit(&mut self, bytes: &[u8]) {
    |     -------------------------------- private method defined here

error[E0624]: method `emit` is private
   --> src\rust\backend\isa\stubs.rs:728:9
    |
728 |     enc.emit(&[0x49, 0x8B, 0x04, 0x24]); // MOV RAX, [R12]
    |         ^^^^ private method
    |
   ::: src\rust\backend\isa\encoder.rs:37:5
    |
 37 |     fn emit(&mut self, bytes: &[u8]) {
    |     -------------------------------- private method defined here

error[E0624]: method `emit` is private
   --> src\rust\backend\isa\stubs.rs:729:9
    |
729 |     enc.emit(&[0x48, 0x8B, 0x04, 0xF8]); // MOV RAX, [RAX+RDI*8]
    |         ^^^^ private method
    |
   ::: src\rust\backend\isa\encoder.rs:37:5
    |
 37 |     fn emit(&mut self, bytes: &[u8]) {
    |     -------------------------------- private method defined here

error[E0624]: method `imul_rr` is private
   --> src\rust\backend\isa\stubs.rs:731:9
    |
731 |     enc.imul_rr(X86Reg::RAX, X86Reg::RCX);
    |         ^^^^^^^ private method
    |
   ::: src\rust\backend\isa\encoder.rs:94:5
    |
 94 |     fn imul_rr(&mut self, dst: X86Reg, src: X86Reg) {
    |     ----------------------------------------------- private method defined here

error[E0624]: method `add_rr` is private
   --> src\rust\backend\isa\stubs.rs:732:9
    |
732 |     enc.add_rr(X86Reg::RSI, X86Reg::RAX);
    |         ^^^^^^ private method
    |
   ::: src\rust\backend\isa\encoder.rs:84:5
    |
 84 |     fn add_rr(&mut self, dst: X86Reg, src: X86Reg) {
    |     ---------------------------------------------- private method defined here

error[E0624]: method `emit` is private
   --> src\rust\backend\isa\stubs.rs:733:9
    |
733 |     enc.emit(&[0x48, 0xFF, 0xC7]); // INC RDI
    |         ^^^^ private method
    |
   ::: src\rust\backend\isa\encoder.rs:37:5
    |
 37 |     fn emit(&mut self, bytes: &[u8]) {
    |     -------------------------------- private method defined here

error[E0624]: method `jmp` is private
   --> src\rust\backend\isa\stubs.rs:734:9
    |
734 |     enc.jmp(&dot_loop);
    |         ^^^ private method
    |
   ::: src\rust\backend\isa\encoder.rs:133:5
    |
133 |     fn jmp(&mut self, lbl: &str) {
    |     ---------------------------- private method defined here

error[E0624]: method `label` is private
   --> src\rust\backend\isa\stubs.rs:735:9
    |
735 |     enc.label(&dot_end);
    |         ^^^^^ private method
    |
   ::: src\rust\backend\isa\encoder.rs:129:5
    |
129 |     fn label(&mut self, name: &str) {
    |     ------------------------------- private method defined here

error[E0624]: method `mov_rr` is private
   --> src\rust\backend\isa\stubs.rs:736:9
    |
736 |     enc.mov_rr(X86Reg::RAX, X86Reg::RSI);
    |         ^^^^^^ private method
    |
   ::: src\rust\backend\isa\encoder.rs:79:5
    |
 79 |     fn mov_rr(&mut self, dst: X86Reg, src: X86Reg) {
    |     ---------------------------------------------- private method defined here

error[E0624]: method `add_rsp` is private
   --> src\rust\backend\isa\stubs.rs:737:9
    |
737 |     enc.add_rsp(32);
    |         ^^^^^^^ private method
    |
   ::: src\rust\backend\isa\encoder.rs:126:5
    |
126 |     fn add_rsp(&mut self, val: u8) { self.rex_w(); self.emit(&[0x83, 0xC4, val]); }
    |     ------------------------------ private method defined here

error[E0624]: method `pop` is private
   --> src\rust\backend\isa\stubs.rs:738:9
    |
738 |     enc.pop(X86Reg::R12);
    |         ^^^ private method
    |
   ::: src\rust\backend\isa\encoder.rs:120:5
    |
120 |     fn pop(&mut self, reg: X86Reg) {
    |     ------------------------------ private method defined here

error[E0624]: method `pop` is private
   --> src\rust\backend\isa\stubs.rs:739:9
    |
739 |     enc.pop(X86Reg::RDI);
    |         ^^^ private method
    |
   ::: src\rust\backend\isa\encoder.rs:120:5
    |
120 |     fn pop(&mut self, reg: X86Reg) {
    |     ------------------------------ private method defined here

error[E0624]: method `pop` is private
   --> src\rust\backend\isa\stubs.rs:740:9
    |
740 |     enc.pop(X86Reg::RSI);
    |         ^^^ private method
    |
   ::: src\rust\backend\isa\encoder.rs:120:5
    |
120 |     fn pop(&mut self, reg: X86Reg) {
    |     ------------------------------ private method defined here

error[E0624]: method `pop` is private
   --> src\rust\backend\isa\stubs.rs:741:9
    |
741 |     enc.pop(X86Reg::RBX);
    |         ^^^ private method
    |
   ::: src\rust\backend\isa\encoder.rs:120:5
    |
120 |     fn pop(&mut self, reg: X86Reg) {
    |     ------------------------------ private method defined here

error[E0624]: method `ret` is private
   --> src\rust\backend\isa\stubs.rs:742:9
    |
742 |     enc.ret();
    |         ^^^ private method
    |
   ::: src\rust\backend\isa\encoder.rs:127:5
    |
127 |     fn ret(&mut self) { self.emit_u8(0xC3); }
    |     ----------------- private method defined here

error[E0624]: method `label` is private
   --> src\rust\backend\isa\stubs.rs:745:9
    |
745 |     enc.label("__pyb_gen_next");
    |         ^^^^^ private method
    |
   ::: src\rust\backend\isa\encoder.rs:129:5
    |
129 |     fn label(&mut self, name: &str) {
    |     ------------------------------- private method defined here

error[E0624]: method `emit` is private
   --> src\rust\backend\isa\stubs.rs:747:9
    |
747 |     enc.emit(&[0x48, 0x8B, 0x41, 0x08]); // MOV RAX, [RCX+8]
    |         ^^^^ private method
    |
   ::: src\rust\backend\isa\encoder.rs:37:5
    |
 37 |     fn emit(&mut self, bytes: &[u8]) {
    |     -------------------------------- private method defined here

error[E0624]: method `emit` is private
   --> src\rust\backend\isa\stubs.rs:748:9
    |
748 |     enc.emit(&[0x48, 0xFF, 0x41, 0x08]); // INC QWORD [RCX+8]
    |         ^^^^ private method
    |
   ::: src\rust\backend\isa\encoder.rs:37:5
    |
 37 |     fn emit(&mut self, bytes: &[u8]) {
    |     -------------------------------- private method defined here

error[E0624]: method `ret` is private
   --> src\rust\backend\isa\stubs.rs:749:9
    |
749 |     enc.ret();
    |         ^^^ private method
    |
   ::: src\rust\backend\isa\encoder.rs:127:5
    |
127 |     fn ret(&mut self) { self.emit_u8(0xC3); }
    |     ----------------- private method defined here

error[E0624]: method `label` is private
   --> src\rust\backend\isa\stubs.rs:753:9
    |
753 |     enc.label("__pyb_dll_load");
    |         ^^^^^ private method
    |
   ::: src\rust\backend\isa\encoder.rs:129:5
    |
129 |     fn label(&mut self, name: &str) {
    |     ------------------------------- private method defined here

error[E0624]: method `push` is private
   --> src\rust\backend\isa\stubs.rs:754:9
    |
754 |     enc.push(X86Reg::RBX);
    |         ^^^^ private method
    |
   ::: src\rust\backend\isa\encoder.rs:115:5
    |
115 |     fn push(&mut self, reg: X86Reg) {
    |     ------------------------------- private method defined here

error[E0624]: method `sub_rsp` is private
   --> src\rust\backend\isa\stubs.rs:755:9
    |
755 |     enc.sub_rsp(32);                    // Shadow space for Windows x64 ABI
    |         ^^^^^^^ private method
    |
   ::: src\rust\backend\isa\encoder.rs:125:5
    |
125 |     fn sub_rsp(&mut self, val: u8) { self.rex_w(); self.emit(&[0x83, 0xEC, val]); }
    |     ------------------------------ private method defined here

error[E0624]: method `call_iat` is private
   --> src\rust\backend\isa\stubs.rs:757:9
    |
757 |     enc.call_iat(IAT_LOAD_LIBRARY);     // LoadLibraryA(path) ÔåÆ RAX = HMODULE
    |         ^^^^^^^^ private method
    |
   ::: src\rust\backend\isa\encoder.rs:152:5
    |
152 |     fn call_iat(&mut self, slot: usize) {
    |     ----------------------------------- private method defined here

error[E0624]: method `add_rsp` is private
   --> src\rust\backend\isa\stubs.rs:758:9
    |
758 |     enc.add_rsp(32);
    |         ^^^^^^^ private method
    |
   ::: src\rust\backend\isa\encoder.rs:126:5
    |
126 |     fn add_rsp(&mut self, val: u8) { self.rex_w(); self.emit(&[0x83, 0xC4, val]); }
    |     ------------------------------ private method defined here

error[E0624]: method `pop` is private
   --> src\rust\backend\isa\stubs.rs:759:9
    |
759 |     enc.pop(X86Reg::RBX);
    |         ^^^ private method
    |
   ::: src\rust\backend\isa\encoder.rs:120:5
    |
120 |     fn pop(&mut self, reg: X86Reg) {
    |     ------------------------------ private method defined here

error[E0624]: method `ret` is private
   --> src\rust\backend\isa\stubs.rs:760:9
    |
760 |     enc.ret();
    |         ^^^ private method
    |
   ::: src\rust\backend\isa\encoder.rs:127:5
    |
127 |     fn ret(&mut self) { self.emit_u8(0xC3); }
    |     ----------------- private method defined here

error[E0624]: method `label` is private
   --> src\rust\backend\isa\stubs.rs:764:9
    |
764 |     enc.label("__pyb_dll_get_proc");
    |         ^^^^^ private method
    |
   ::: src\rust\backend\isa\encoder.rs:129:5
    |
129 |     fn label(&mut self, name: &str) {
    |     ------------------------------- private method defined here

error[E0624]: method `push` is private
   --> src\rust\backend\isa\stubs.rs:765:9
    |
765 |     enc.push(X86Reg::RBX);
    |         ^^^^ private method
    |
   ::: src\rust\backend\isa\encoder.rs:115:5
    |
115 |     fn push(&mut self, reg: X86Reg) {
    |     ------------------------------- private method defined here

error[E0624]: method `sub_rsp` is private
   --> src\rust\backend\isa\stubs.rs:766:9
    |
766 |     enc.sub_rsp(32);                    // Shadow space
    |         ^^^^^^^ private method
    |
   ::: src\rust\backend\isa\encoder.rs:125:5
    |
125 |     fn sub_rsp(&mut self, val: u8) { self.rex_w(); self.emit(&[0x83, 0xEC, val]); }
    |     ------------------------------ private method defined here

error[E0624]: method `call_iat` is private
   --> src\rust\backend\isa\stubs.rs:768:9
    |
768 |     enc.call_iat(IAT_GET_PROC_ADDRESS); // GetProcAddress(hModule, name) ÔåÆ RAX = func_ptr
    |         ^^^^^^^^ private method
    |
   ::: src\rust\backend\isa\encoder.rs:152:5
    |
152 |     fn call_iat(&mut self, slot: usize) {
    |     ----------------------------------- private method defined here

error[E0624]: method `add_rsp` is private
   --> src\rust\backend\isa\stubs.rs:769:9
    |
769 |     enc.add_rsp(32);
    |         ^^^^^^^ private method
    |
   ::: src\rust\backend\isa\encoder.rs:126:5
    |
126 |     fn add_rsp(&mut self, val: u8) { self.rex_w(); self.emit(&[0x83, 0xC4, val]); }
    |     ------------------------------ private method defined here

error[E0624]: method `pop` is private
   --> src\rust\backend\isa\stubs.rs:770:9
    |
770 |     enc.pop(X86Reg::RBX);
    |         ^^^ private method
    |
   ::: src\rust\backend\isa\encoder.rs:120:5
    |
120 |     fn pop(&mut self, reg: X86Reg) {
    |     ------------------------------ private method defined here

error[E0624]: method `ret` is private
   --> src\rust\backend\isa\stubs.rs:771:9
    |
771 |     enc.ret();
    |         ^^^ private method
    |
   ::: src\rust\backend\isa\encoder.rs:127:5
    |
127 |     fn ret(&mut self) { self.emit_u8(0xC3); }
    |     ----------------- private method defined here

error[E0624]: method `label` is private
   --> src\rust\backend\isa\stubs.rs:775:9
    |
775 |     enc.label("__pyb_dll_call");
    |         ^^^^^ private method
    |
   ::: src\rust\backend\isa\encoder.rs:129:5
    |
129 |     fn label(&mut self, name: &str) {
    |     ------------------------------- private method defined here

error[E0624]: method `push` is private
   --> src\rust\backend\isa\stubs.rs:776:9
    |
776 |     enc.push(X86Reg::RBX);
    |         ^^^^ private method
    |
   ::: src\rust\backend\isa\encoder.rs:115:5
    |
115 |     fn push(&mut self, reg: X86Reg) {
    |     ------------------------------- private method defined here

error[E0624]: method `mov_rr` is private
   --> src\rust\backend\isa\stubs.rs:777:9
    |
777 |     enc.mov_rr(X86Reg::RBX, X86Reg::RAX); // Save func_ptr in RBX
    |         ^^^^^^ private method
    |
   ::: src\rust\backend\isa\encoder.rs:79:5
    |
 79 |     fn mov_rr(&mut self, dst: X86Reg, src: X86Reg) {
    |     ---------------------------------------------- private method defined here

error[E0624]: method `sub_rsp` is private
   --> src\rust\backend\isa\stubs.rs:778:9
    |
778 |     enc.sub_rsp(32);                       // Shadow space
    |         ^^^^^^^ private method
    |
   ::: src\rust\backend\isa\encoder.rs:125:5
    |
125 |     fn sub_rsp(&mut self, val: u8) { self.rex_w(); self.emit(&[0x83, 0xEC, val]); }
    |     ------------------------------ private method defined here

error[E0624]: method `emit` is private
   --> src\rust\backend\isa\stubs.rs:781:9
    |
781 |     enc.emit(&[0xFF, 0xD3]);               // CALL RBX
    |         ^^^^ private method
    |
   ::: src\rust\backend\isa\encoder.rs:37:5
    |
 37 |     fn emit(&mut self, bytes: &[u8]) {
    |     -------------------------------- private method defined here

error[E0624]: method `add_rsp` is private
   --> src\rust\backend\isa\stubs.rs:782:9
    |
782 |     enc.add_rsp(32);
    |         ^^^^^^^ private method
    |
   ::: src\rust\backend\isa\encoder.rs:126:5
    |
126 |     fn add_rsp(&mut self, val: u8) { self.rex_w(); self.emit(&[0x83, 0xC4, val]); }
    |     ------------------------------ private method defined here

error[E0624]: method `pop` is private
   --> src\rust\backend\isa\stubs.rs:783:9
    |
783 |     enc.pop(X86Reg::RBX);
    |         ^^^ private method
    |
   ::: src\rust\backend\isa\encoder.rs:120:5
    |
120 |     fn pop(&mut self, reg: X86Reg) {
    |     ------------------------------ private method defined here

error[E0624]: method `ret` is private
   --> src\rust\backend\isa\stubs.rs:784:9
    |
784 |     enc.ret();
    |         ^^^ private method
    |
   ::: src\rust\backend\isa\encoder.rs:127:5
    |
127 |     fn ret(&mut self) { self.emit_u8(0xC3); }
    |     ----------------- private method defined here

error[E0624]: method `label` is private
   --> src\rust\backend\isa\stubs.rs:788:9
    |
788 |     enc.label("__pyb_dll_free");
    |         ^^^^^ private method
    |
   ::: src\rust\backend\isa\encoder.rs:129:5
    |
129 |     fn label(&mut self, name: &str) {
    |     ------------------------------- private method defined here

error[E0624]: method `push` is private
   --> src\rust\backend\isa\stubs.rs:789:9
    |
789 |     enc.push(X86Reg::RBX);
    |         ^^^^ private method
    |
   ::: src\rust\backend\isa\encoder.rs:115:5
    |
115 |     fn push(&mut self, reg: X86Reg) {
    |     ------------------------------- private method defined here

error[E0624]: method `sub_rsp` is private
   --> src\rust\backend\isa\stubs.rs:790:9
    |
790 |     enc.sub_rsp(32);
    |         ^^^^^^^ private method
    |
   ::: src\rust\backend\isa\encoder.rs:125:5
    |
125 |     fn sub_rsp(&mut self, val: u8) { self.rex_w(); self.emit(&[0x83, 0xEC, val]); }
    |     ------------------------------ private method defined here

error[E0624]: method `call_iat` is private
   --> src\rust\backend\isa\stubs.rs:791:9
    |
791 |     enc.call_iat(IAT_FREE_LIBRARY);
    |         ^^^^^^^^ private method
    |
   ::: src\rust\backend\isa\encoder.rs:152:5
    |
152 |     fn call_iat(&mut self, slot: usize) {
    |     ----------------------------------- private method defined here

error[E0624]: method `add_rsp` is private
   --> src\rust\backend\isa\stubs.rs:792:9
    |
792 |     enc.add_rsp(32);
    |         ^^^^^^^ private method
    |
   ::: src\rust\backend\isa\encoder.rs:126:5
    |
126 |     fn add_rsp(&mut self, val: u8) { self.rex_w(); self.emit(&[0x83, 0xC4, val]); }
    |     ------------------------------ private method defined here

error[E0624]: method `pop` is private
   --> src\rust\backend\isa\stubs.rs:793:9
    |
793 |     enc.pop(X86Reg::RBX);
    |         ^^^ private method
    |
   ::: src\rust\backend\isa\encoder.rs:120:5
    |
120 |     fn pop(&mut self, reg: X86Reg) {
    |     ------------------------------ private method defined here

error[E0624]: method `ret` is private
   --> src\rust\backend\isa\stubs.rs:794:9
    |
794 |     enc.ret();
    |         ^^^ private method
    |
   ::: src\rust\backend\isa\encoder.rs:127:5
    |
127 |     fn ret(&mut self) { self.emit_u8(0xC3); }
    |     ----------------- private method defined here

error[E0624]: method `label` is private
   --> src\rust\backend\isa\stubs.rs:807:9
    |
807 |     enc.label("__pyb_dict_new");
    |         ^^^^^ private method
    |
   ::: src\rust\backend\isa\encoder.rs:129:5
    |
129 |     fn label(&mut self, name: &str) {
    |     ------------------------------- private method defined here

error[E0624]: method `push` is private
   --> src\rust\backend\isa\stubs.rs:808:9
    |
808 |     enc.push(X86Reg::RBX);
    |         ^^^^ private method
    |
   ::: src\rust\backend\isa\encoder.rs:115:5
    |
115 |     fn push(&mut self, reg: X86Reg) {
    |     ------------------------------- private method defined here

error[E0624]: method `push` is private
   --> src\rust\backend\isa\stubs.rs:809:9
    |
809 |     enc.push(X86Reg::RSI);
    |         ^^^^ private method
    |
   ::: src\rust\backend\isa\encoder.rs:115:5
    |
115 |     fn push(&mut self, reg: X86Reg) {
    |     ------------------------------- private method defined here

error[E0624]: method `sub_rsp` is private
   --> src\rust\backend\isa\stubs.rs:810:9
    |
810 |     enc.sub_rsp(32);
    |         ^^^^^^^ private method
    |
   ::: src\rust\backend\isa\encoder.rs:125:5
    |
125 |     fn sub_rsp(&mut self, val: u8) { self.rex_w(); self.emit(&[0x83, 0xEC, val]); }
    |     ------------------------------ private method defined here

error[E0624]: method `mov_imm64` is private
   --> src\rust\backend\isa\stubs.rs:811:9
    |
811 |     enc.mov_imm64(X86Reg::RCX, 40);
    |         ^^^^^^^^^ private method
    |
   ::: src\rust\backend\isa\encoder.rs:70:5
    |
 70 |     fn mov_imm64(&mut self, reg: X86Reg, val: i64) {
    |     ---------------------------------------------- private method defined here

error[E0624]: method `call_label` is private
   --> src\rust\backend\isa\stubs.rs:812:9
    |
812 |     enc.call_label("__pyb_heap_alloc");
    |         ^^^^^^^^^^ private method
    |
   ::: src\rust\backend\isa\encoder.rs:145:5
    |
145 |     fn call_label(&mut self, lbl: &str) {
    |     ----------------------------------- private method defined here

error[E0624]: method `mov_rr` is private
   --> src\rust\backend\isa\stubs.rs:813:9
    |
813 |     enc.mov_rr(X86Reg::RBX, X86Reg::RAX);
    |         ^^^^^^ private method
    |
   ::: src\rust\backend\isa\encoder.rs:79:5
    |
 79 |     fn mov_rr(&mut self, dst: X86Reg, src: X86Reg) {
    |     ---------------------------------------------- private method defined here

error[E0624]: method `mov_imm64` is private
   --> src\rust\backend\isa\stubs.rs:814:9
    |
814 |     enc.mov_imm64(X86Reg::RCX, 128); // keys: 16*8
    |         ^^^^^^^^^ private method
    |
   ::: src\rust\backend\isa\encoder.rs:70:5
    |
 70 |     fn mov_imm64(&mut self, reg: X86Reg, val: i64) {
    |     ---------------------------------------------- private method defined here

error[E0624]: method `call_label` is private
   --> src\rust\backend\isa\stubs.rs:815:9
    |
815 |     enc.call_label("__pyb_heap_alloc");
    |         ^^^^^^^^^^ private method
    |
   ::: src\rust\backend\isa\encoder.rs:145:5
    |
145 |     fn call_label(&mut self, lbl: &str) {
    |     ----------------------------------- private method defined here

error[E0624]: method `emit` is private
   --> src\rust\backend\isa\stubs.rs:816:9
    |
816 |     enc.emit(&[0x48, 0x89, 0x03]); // MOV [RBX], RAX
    |         ^^^^ private method
    |
   ::: src\rust\backend\isa\encoder.rs:37:5
    |
 37 |     fn emit(&mut self, bytes: &[u8]) {
    |     -------------------------------- private method defined here

error[E0624]: method `mov_imm64` is private
   --> src\rust\backend\isa\stubs.rs:817:9
    |
817 |     enc.mov_imm64(X86Reg::RCX, 128); // vals: 16*8
    |         ^^^^^^^^^ private method
    |
   ::: src\rust\backend\isa\encoder.rs:70:5
    |
 70 |     fn mov_imm64(&mut self, reg: X86Reg, val: i64) {
    |     ---------------------------------------------- private method defined here

error[E0624]: method `call_label` is private
   --> src\rust\backend\isa\stubs.rs:818:9
    |
818 |     enc.call_label("__pyb_heap_alloc");
    |         ^^^^^^^^^^ private method
    |
   ::: src\rust\backend\isa\encoder.rs:145:5
    |
145 |     fn call_label(&mut self, lbl: &str) {
    |     ----------------------------------- private method defined here

error[E0624]: method `emit` is private
   --> src\rust\backend\isa\stubs.rs:819:9
    |
819 |     enc.emit(&[0x48, 0x89, 0x43, 0x08]); // MOV [RBX+8], RAX
    |         ^^^^ private method
    |
   ::: src\rust\backend\isa\encoder.rs:37:5
    |
 37 |     fn emit(&mut self, bytes: &[u8]) {
    |     -------------------------------- private method defined here

error[E0624]: method `mov_imm64` is private
   --> src\rust\backend\isa\stubs.rs:820:9
    |
820 |     enc.mov_imm64(X86Reg::RCX, 16); // flags: 16*1
    |         ^^^^^^^^^ private method
    |
   ::: src\rust\backend\isa\encoder.rs:70:5
    |
 70 |     fn mov_imm64(&mut self, reg: X86Reg, val: i64) {
    |     ---------------------------------------------- private method defined here

error[E0624]: method `call_label` is private
   --> src\rust\backend\isa\stubs.rs:821:9
    |
821 |     enc.call_label("__pyb_heap_alloc");
    |         ^^^^^^^^^^ private method
    |
   ::: src\rust\backend\isa\encoder.rs:145:5
    |
145 |     fn call_label(&mut self, lbl: &str) {
    |     ----------------------------------- private method defined here

error[E0624]: method `emit` is private
   --> src\rust\backend\isa\stubs.rs:822:9
    |
822 |     enc.emit(&[0x48, 0x89, 0x43, 0x10]); // MOV [RBX+16], RAX
    |         ^^^^ private method
    |
   ::: src\rust\backend\isa\encoder.rs:37:5
    |
 37 |     fn emit(&mut self, bytes: &[u8]) {
    |     -------------------------------- private method defined here

error[E0624]: method `emit` is private
   --> src\rust\backend\isa\stubs.rs:823:9
    |
823 |     enc.emit(&[0x48, 0xC7, 0x43, 0x18, 0x00, 0x00, 0x00, 0x00]); // len=0
    |         ^^^^ private method
    |
   ::: src\rust\backend\isa\encoder.rs:37:5
    |
 37 |     fn emit(&mut self, bytes: &[u8]) {
    |     -------------------------------- private method defined here

error[E0624]: method `emit` is private
   --> src\rust\backend\isa\stubs.rs:824:9
    |
824 |     enc.emit(&[0x48, 0xC7, 0x43, 0x20, 0x10, 0x00, 0x00, 0x00]); // cap=16
    |         ^^^^ private method
    |
   ::: src\rust\backend\isa\encoder.rs:37:5
    |
 37 |     fn emit(&mut self, bytes: &[u8]) {
    |     -------------------------------- private method defined here

error[E0624]: method `mov_rr` is private
   --> src\rust\backend\isa\stubs.rs:825:9
    |
825 |     enc.mov_rr(X86Reg::RAX, X86Reg::RBX);
    |         ^^^^^^ private method
    |
   ::: src\rust\backend\isa\encoder.rs:79:5
    |
 79 |     fn mov_rr(&mut self, dst: X86Reg, src: X86Reg) {
    |     ---------------------------------------------- private method defined here

error[E0624]: method `add_rsp` is private
   --> src\rust\backend\isa\stubs.rs:826:9
    |
826 |     enc.add_rsp(32);
    |         ^^^^^^^ private method
    |
   ::: src\rust\backend\isa\encoder.rs:126:5
    |
126 |     fn add_rsp(&mut self, val: u8) { self.rex_w(); self.emit(&[0x83, 0xC4, val]); }
    |     ------------------------------ private method defined here

error[E0624]: method `pop` is private
   --> src\rust\backend\isa\stubs.rs:827:9
    |
827 |     enc.pop(X86Reg::RSI);
    |         ^^^ private method
    |
   ::: src\rust\backend\isa\encoder.rs:120:5
    |
120 |     fn pop(&mut self, reg: X86Reg) {
    |     ------------------------------ private method defined here

error[E0624]: method `pop` is private
   --> src\rust\backend\isa\stubs.rs:828:9
    |
828 |     enc.pop(X86Reg::RBX);
    |         ^^^ private method
    |
   ::: src\rust\backend\isa\encoder.rs:120:5
    |
120 |     fn pop(&mut self, reg: X86Reg) {
    |     ------------------------------ private method defined here

error[E0624]: method `ret` is private
   --> src\rust\backend\isa\stubs.rs:829:9
    |
829 |     enc.ret();
    |         ^^^ private method
    |
   ::: src\rust\backend\isa\encoder.rs:127:5
    |
127 |     fn ret(&mut self) { self.emit_u8(0xC3); }
    |     ----------------- private method defined here

error[E0624]: method `label` is private
   --> src\rust\backend\isa\stubs.rs:835:9
    |
835 |     enc.label("__pyb_dict_set");
    |         ^^^^^ private method
    |
   ::: src\rust\backend\isa\encoder.rs:129:5
    |
129 |     fn label(&mut self, name: &str) {
    |     ------------------------------- private method defined here

error[E0624]: method `push` is private
   --> src\rust\backend\isa\stubs.rs:836:9
    |
836 |     enc.push(X86Reg::RBX);
    |         ^^^^ private method
    |
   ::: src\rust\backend\isa\encoder.rs:115:5
    |
115 |     fn push(&mut self, reg: X86Reg) {
    |     ------------------------------- private method defined here

error[E0624]: method `push` is private
   --> src\rust\backend\isa\stubs.rs:837:9
    |
837 |     enc.push(X86Reg::RSI);
    |         ^^^^ private method
    |
   ::: src\rust\backend\isa\encoder.rs:115:5
    |
115 |     fn push(&mut self, reg: X86Reg) {
    |     ------------------------------- private method defined here

error[E0624]: method `push` is private
   --> src\rust\backend\isa\stubs.rs:838:9
    |
838 |     enc.push(X86Reg::RDI);
    |         ^^^^ private method
    |
   ::: src\rust\backend\isa\encoder.rs:115:5
    |
115 |     fn push(&mut self, reg: X86Reg) {
    |     ------------------------------- private method defined here

error[E0624]: method `sub_rsp` is private
   --> src\rust\backend\isa\stubs.rs:839:9
    |
839 |     enc.sub_rsp(48); // 32 shadow + 16 local
    |         ^^^^^^^ private method
    |
   ::: src\rust\backend\isa\encoder.rs:125:5
    |
125 |     fn sub_rsp(&mut self, val: u8) { self.rex_w(); self.emit(&[0x83, 0xEC, val]); }
    |     ------------------------------ private method defined here

error[E0624]: method `mov_rr` is private
   --> src\rust\backend\isa\stubs.rs:840:9
    |
840 |     enc.mov_rr(X86Reg::RBX, X86Reg::RCX);  // dict ptr
    |         ^^^^^^ private method
    |
   ::: src\rust\backend\isa\encoder.rs:79:5
    |
 79 |     fn mov_rr(&mut self, dst: X86Reg, src: X86Reg) {
    |     ---------------------------------------------- private method defined here

error[E0624]: method `mov_rr` is private
   --> src\rust\backend\isa\stubs.rs:841:9
    |
841 |     enc.mov_rr(X86Reg::RSI, X86Reg::RDX);  // key
    |         ^^^^^^ private method
    |
   ::: src\rust\backend\isa\encoder.rs:79:5
    |
 79 |     fn mov_rr(&mut self, dst: X86Reg, src: X86Reg) {
    |     ---------------------------------------------- private method defined here

error[E0624]: method `mov_rr` is private
   --> src\rust\backend\isa\stubs.rs:842:9
    |
842 |     enc.mov_rr(X86Reg::RDI, X86Reg::R8);   // value
    |         ^^^^^^ private method
    |
   ::: src\rust\backend\isa\encoder.rs:79:5
    |
 79 |     fn mov_rr(&mut self, dst: X86Reg, src: X86Reg) {
    |     ---------------------------------------------- private method defined here

error[E0624]: method `mov_rr` is private
   --> src\rust\backend\isa\stubs.rs:844:9
    |
844 |     enc.mov_rr(X86Reg::RAX, X86Reg::RSI); // RAX = key
    |         ^^^^^^ private method
    |
   ::: src\rust\backend\isa\encoder.rs:79:5
    |
 79 |     fn mov_rr(&mut self, dst: X86Reg, src: X86Reg) {
    |     ---------------------------------------------- private method defined here

error[E0624]: method `rex_w` is private
   --> src\rust\backend\isa\stubs.rs:846:9
    |
846 |     enc.rex_w(); enc.emit(&[0x85, 0xC0]); // TEST RAX, RAX
    |         ^^^^^ private method
    |
   ::: src\rust\backend\isa\encoder.rs:51:5
    |
 51 |     fn rex_w(&mut self) { self.emit_u8(0x48); }
    |     ------------------- private method defined here

error[E0624]: method `emit` is private
   --> src\rust\backend\isa\stubs.rs:846:22
    |
846 |     enc.rex_w(); enc.emit(&[0x85, 0xC0]); // TEST RAX, RAX
    |                      ^^^^ private method
    |
   ::: src\rust\backend\isa\encoder.rs:37:5
    |
 37 |     fn emit(&mut self, bytes: &[u8]) {
    |     -------------------------------- private method defined here

error[E0624]: method `pos` is private
   --> src\rust\backend\isa\stubs.rs:847:39
    |
847 |     let dsp = format!("__dsp_{}", enc.pos());
    |                                       ^^^ private method
    |
   ::: src\rust\backend\isa\encoder.rs:35:5
    |
 35 |     fn pos(&self) -> u32 { self.code.len() as u32 }
    |     -------------------- private method defined here

error[E0624]: method `jcc` is private
   --> src\rust\backend\isa\stubs.rs:848:9
    |
848 |     enc.jcc(0x89, &dsp); // JNS
    |         ^^^ private method
    |
   ::: src\rust\backend\isa\encoder.rs:139:5
    |
139 |     fn jcc(&mut self, cc: u8, lbl: &str) {
    |     ------------------------------------ private method defined here

error[E0624]: method `rex_w` is private
   --> src\rust\backend\isa\stubs.rs:849:9
    |
849 |     enc.rex_w(); enc.emit(&[0xF7, 0xD8]); // NEG RAX
    |         ^^^^^ private method
    |
   ::: src\rust\backend\isa\encoder.rs:51:5
    |
 51 |     fn rex_w(&mut self) { self.emit_u8(0x48); }
    |     ------------------- private method defined here

error[E0624]: method `emit` is private
   --> src\rust\backend\isa\stubs.rs:849:22
    |
849 |     enc.rex_w(); enc.emit(&[0xF7, 0xD8]); // NEG RAX
    |                      ^^^^ private method
    |
   ::: src\rust\backend\isa\encoder.rs:37:5
    |
 37 |     fn emit(&mut self, bytes: &[u8]) {
    |     -------------------------------- private method defined here

error[E0624]: method `label` is private
   --> src\rust\backend\isa\stubs.rs:850:9
    |
850 |     enc.label(&dsp);
    |         ^^^^^ private method
    |
   ::: src\rust\backend\isa\encoder.rs:129:5
    |
129 |     fn label(&mut self, name: &str) {
    |     ------------------------------- private method defined here

error[E0624]: method `emit` is private
   --> src\rust\backend\isa\stubs.rs:852:9
    |
852 |     enc.emit(&[0x48, 0x8B, 0x4B, 0x20]); // MOV RCX, [RBX+32]
    |         ^^^^ private method
    |
   ::: src\rust\backend\isa\encoder.rs:37:5
    |
 37 |     fn emit(&mut self, bytes: &[u8]) {
    |     -------------------------------- private method defined here

error[E0624]: method `rex_w` is private
   --> src\rust\backend\isa\stubs.rs:853:9
    |
853 |     enc.rex_w(); enc.emit(&[0xFF, 0xC9]); // DEC RCX
    |         ^^^^^ private method
    |
   ::: src\rust\backend\isa\encoder.rs:51:5
    |
 51 |     fn rex_w(&mut self) { self.emit_u8(0x48); }
    |     ------------------- private method defined here

error[E0624]: method `emit` is private
   --> src\rust\backend\isa\stubs.rs:853:22
    |
853 |     enc.rex_w(); enc.emit(&[0xFF, 0xC9]); // DEC RCX
    |                      ^^^^ private method
    |
   ::: src\rust\backend\isa\encoder.rs:37:5
    |
 37 |     fn emit(&mut self, bytes: &[u8]) {
    |     -------------------------------- private method defined here

error[E0624]: method `rex_w` is private
   --> src\rust\backend\isa\stubs.rs:854:9
    |
854 |     enc.rex_w(); enc.emit(&[0x21, 0xC8]); // AND RAX, RCX  ÔåÆ slot
    |         ^^^^^ private method
    |
   ::: src\rust\backend\isa\encoder.rs:51:5
    |
 51 |     fn rex_w(&mut self) { self.emit_u8(0x48); }
    |     ------------------- private method defined here

error[E0624]: method `emit` is private
   --> src\rust\backend\isa\stubs.rs:854:22
    |
854 |     enc.rex_w(); enc.emit(&[0x21, 0xC8]); // AND RAX, RCX  ÔåÆ slot
    |                      ^^^^ private method
    |
   ::: src\rust\backend\isa\encoder.rs:37:5
    |
 37 |     fn emit(&mut self, bytes: &[u8]) {
    |     -------------------------------- private method defined here

error[E0624]: method `emit` is private
   --> src\rust\backend\isa\stubs.rs:856:9
    |
856 |     enc.emit(&[0x48, 0x89, 0x44, 0x24, 0x20]); // MOV [RSP+32], RAX
    |         ^^^^ private method
    |
   ::: src\rust\backend\isa\encoder.rs:37:5
    |
 37 |     fn emit(&mut self, bytes: &[u8]) {
    |     -------------------------------- private method defined here

error[E0624]: method `pos` is private
   --> src\rust\backend\isa\stubs.rs:859:44
    |
859 |     let dsprobe = format!("__dspr_{}", enc.pos());
    |                                            ^^^ private method
    |
   ::: src\rust\backend\isa\encoder.rs:35:5
    |
 35 |     fn pos(&self) -> u32 { self.code.len() as u32 }
    |     -------------------- private method defined here

error[E0624]: method `label` is private
   --> src\rust\backend\isa\stubs.rs:860:9
    |
860 |     enc.label(&dsprobe);
    |         ^^^^^ private method
    |
   ::: src\rust\backend\isa\encoder.rs:129:5
    |
129 |     fn label(&mut self, name: &str) {
    |     ------------------------------- private method defined here

error[E0624]: method `emit` is private
   --> src\rust\backend\isa\stubs.rs:862:9
    |
862 |     enc.emit(&[0x48, 0x8B, 0x54, 0x24, 0x20]); // MOV RDX, [RSP+32]
    |         ^^^^ private method
    |
   ::: src\rust\backend\isa\encoder.rs:37:5
    |
 37 |     fn emit(&mut self, bytes: &[u8]) {
    |     -------------------------------- private method defined here

error[E0624]: method `emit` is private
   --> src\rust\backend\isa\stubs.rs:864:9
    |
864 |     enc.emit(&[0x48, 0x8B, 0x43, 0x10]); // MOV RAX, [RBX+16]
    |         ^^^^ private method
    |
   ::: src\rust\backend\isa\encoder.rs:37:5
    |
 37 |     fn emit(&mut self, bytes: &[u8]) {
    |     -------------------------------- private method defined here

error[E0624]: method `emit` is private
   --> src\rust\backend\isa\stubs.rs:866:9
    |
866 |     enc.emit(&[0x0F, 0xB6, 0x0C, 0x10]); // MOVZX ECX, byte [RAX+RDX]
    |         ^^^^ private method
    |
   ::: src\rust\backend\isa\encoder.rs:37:5
    |
 37 |     fn emit(&mut self, bytes: &[u8]) {
    |     -------------------------------- private method defined here

error[E0624]: method `rex_w` is private
   --> src\rust\backend\isa\stubs.rs:867:9
    |
867 |     enc.rex_w(); enc.emit(&[0x85, 0xC9]); // TEST ECX, ECX
    |         ^^^^^ private method
    |
   ::: src\rust\backend\isa\encoder.rs:51:5
    |
 51 |     fn rex_w(&mut self) { self.emit_u8(0x48); }
    |     ------------------- private method defined here

error[E0624]: method `emit` is private
   --> src\rust\backend\isa\stubs.rs:867:22
    |
867 |     enc.rex_w(); enc.emit(&[0x85, 0xC9]); // TEST ECX, ECX
    |                      ^^^^ private method
    |
   ::: src\rust\backend\isa\encoder.rs:37:5
    |
 37 |     fn emit(&mut self, bytes: &[u8]) {
    |     -------------------------------- private method defined here

error[E0624]: method `pos` is private
   --> src\rust\backend\isa\stubs.rs:868:42
    |
868 |     let dsins = format!("__dsin_{}", enc.pos());
    |                                          ^^^ private method
    |
   ::: src\rust\backend\isa\encoder.rs:35:5
    |
 35 |     fn pos(&self) -> u32 { self.code.len() as u32 }
    |     -------------------- private method defined here

error[E0624]: method `jcc` is private
   --> src\rust\backend\isa\stubs.rs:869:9
    |
869 |     enc.jcc(0x84, &dsins); // JE ÔåÆ empty slot, insert
    |         ^^^ private method
    |
   ::: src\rust\backend\isa\encoder.rs:139:5
    |
139 |     fn jcc(&mut self, cc: u8, lbl: &str) {
    |     ------------------------------------ private method defined here

error[E0624]: method `emit` is private
   --> src\rust\backend\isa\stubs.rs:871:9
    |
871 |     enc.emit(&[0x48, 0x8B, 0x03]); // MOV RAX, [RBX] (keys_ptr)
    |         ^^^^ private method
    |
   ::: src\rust\backend\isa\encoder.rs:37:5
    |
 37 |     fn emit(&mut self, bytes: &[u8]) {
    |     -------------------------------- private method defined here

error[E0624]: method `emit` is private
   --> src\rust\backend\isa\stubs.rs:873:9
    |
873 |     enc.emit(&[0x48, 0x39, 0x34, 0xD0]); // CMP [RAX+RDX*8], RSI
    |         ^^^^ private method
    |
   ::: src\rust\backend\isa\encoder.rs:37:5
    |
 37 |     fn emit(&mut self, bytes: &[u8]) {
    |     -------------------------------- private method defined here

error[E0624]: method `pos` is private
   --> src\rust\backend\isa\stubs.rs:874:42
    |
874 |     let dsfnd = format!("__dsfn_{}", enc.pos());
    |                                          ^^^ private method
    |
   ::: src\rust\backend\isa\encoder.rs:35:5
    |
 35 |     fn pos(&self) -> u32 { self.code.len() as u32 }
    |     -------------------- private method defined here

error[E0624]: method `jcc` is private
   --> src\rust\backend\isa\stubs.rs:875:9
    |
875 |     enc.jcc(0x84, &dsfnd); // JE ÔåÆ found, update
    |         ^^^ private method
    |
   ::: src\rust\backend\isa\encoder.rs:139:5
    |
139 |     fn jcc(&mut self, cc: u8, lbl: &str) {
    |     ------------------------------------ private method defined here

error[E0624]: method `emit` is private
   --> src\rust\backend\isa\stubs.rs:877:9
    |
877 |     enc.emit(&[0x48, 0x8B, 0x54, 0x24, 0x20]); // MOV RDX, [RSP+32]
    |         ^^^^ private method
    |
   ::: src\rust\backend\isa\encoder.rs:37:5
    |
 37 |     fn emit(&mut self, bytes: &[u8]) {
    |     -------------------------------- private method defined here

error[E0624]: method `rex_w` is private
   --> src\rust\backend\isa\stubs.rs:878:9
    |
878 |     enc.rex_w(); enc.emit(&[0xFF, 0xC2]); // INC RDX
    |         ^^^^^ private method
    |
   ::: src\rust\backend\isa\encoder.rs:51:5
    |
 51 |     fn rex_w(&mut self) { self.emit_u8(0x48); }
    |     ------------------- private method defined here

error[E0624]: method `emit` is private
   --> src\rust\backend\isa\stubs.rs:878:22
    |
878 |     enc.rex_w(); enc.emit(&[0xFF, 0xC2]); // INC RDX
    |                      ^^^^ private method
    |
   ::: src\rust\backend\isa\encoder.rs:37:5
    |
 37 |     fn emit(&mut self, bytes: &[u8]) {
    |     -------------------------------- private method defined here

error[E0624]: method `emit` is private
   --> src\rust\backend\isa\stubs.rs:879:9
    |
879 |     enc.emit(&[0x48, 0x8B, 0x4B, 0x20]); // MOV RCX, [RBX+32]
    |         ^^^^ private method
    |
   ::: src\rust\backend\isa\encoder.rs:37:5
    |
 37 |     fn emit(&mut self, bytes: &[u8]) {
    |     -------------------------------- private method defined here

error[E0624]: method `rex_w` is private
   --> src\rust\backend\isa\stubs.rs:880:9
    |
880 |     enc.rex_w(); enc.emit(&[0xFF, 0xC9]); // DEC RCX
    |         ^^^^^ private method
    |
   ::: src\rust\backend\isa\encoder.rs:51:5
    |
 51 |     fn rex_w(&mut self) { self.emit_u8(0x48); }
    |     ------------------- private method defined here

error[E0624]: method `emit` is private
   --> src\rust\backend\isa\stubs.rs:880:22
    |
880 |     enc.rex_w(); enc.emit(&[0xFF, 0xC9]); // DEC RCX
    |                      ^^^^ private method
    |
   ::: src\rust\backend\isa\encoder.rs:37:5
    |
 37 |     fn emit(&mut self, bytes: &[u8]) {
    |     -------------------------------- private method defined here

error[E0624]: method `rex_w` is private
   --> src\rust\backend\isa\stubs.rs:881:9
    |
881 |     enc.rex_w(); enc.emit(&[0x21, 0xCA]); // AND RDX, RCX
    |         ^^^^^ private method
    |
   ::: src\rust\backend\isa\encoder.rs:51:5
    |
 51 |     fn rex_w(&mut self) { self.emit_u8(0x48); }
    |     ------------------- private method defined here

error[E0624]: method `emit` is private
   --> src\rust\backend\isa\stubs.rs:881:22
    |
881 |     enc.rex_w(); enc.emit(&[0x21, 0xCA]); // AND RDX, RCX
    |                      ^^^^ private method
    |
   ::: src\rust\backend\isa\encoder.rs:37:5
    |
 37 |     fn emit(&mut self, bytes: &[u8]) {
    |     -------------------------------- private method defined here

error[E0624]: method `emit` is private
   --> src\rust\backend\isa\stubs.rs:882:9
    |
882 |     enc.emit(&[0x48, 0x89, 0x54, 0x24, 0x20]); // MOV [RSP+32], RDX
    |         ^^^^ private method
    |
   ::: src\rust\backend\isa\encoder.rs:37:5
    |
 37 |     fn emit(&mut self, bytes: &[u8]) {
    |     -------------------------------- private method defined here

error[E0624]: method `jmp` is private
   --> src\rust\backend\isa\stubs.rs:883:9
    |
883 |     enc.jmp(&dsprobe);
    |         ^^^ private method
    |
   ::: src\rust\backend\isa\encoder.rs:133:5
    |
133 |     fn jmp(&mut self, lbl: &str) {
    |     ---------------------------- private method defined here

error[E0624]: method `label` is private
   --> src\rust\backend\isa\stubs.rs:886:9
    |
886 |     enc.label(&dsins);
    |         ^^^^^ private method
    |
   ::: src\rust\backend\isa\encoder.rs:129:5
    |
129 |     fn label(&mut self, name: &str) {
    |     ------------------------------- private method defined here

error[E0624]: method `emit` is private
   --> src\rust\backend\isa\stubs.rs:887:9
    |
887 |     enc.emit(&[0x48, 0x8B, 0x54, 0x24, 0x20]); // MOV RDX, [RSP+32] (slot)
    |         ^^^^ private method
    |
   ::: src\rust\backend\isa\encoder.rs:37:5
    |
 37 |     fn emit(&mut self, bytes: &[u8]) {
    |     -------------------------------- private method defined here

error[E0624]: method `emit` is private
   --> src\rust\backend\isa\stubs.rs:888:9
    |
888 |     enc.emit(&[0x48, 0x8B, 0x03]); // MOV RAX, [RBX] (keys_ptr)
    |         ^^^^ private method
    |
   ::: src\rust\backend\isa\encoder.rs:37:5
    |
 37 |     fn emit(&mut self, bytes: &[u8]) {
    |     -------------------------------- private method defined here

error[E0624]: method `emit` is private
   --> src\rust\backend\isa\stubs.rs:889:9
    |
889 |     enc.emit(&[0x48, 0x89, 0x34, 0xD0]); // MOV [RAX+RDX*8], RSI
    |         ^^^^ private method
    |
   ::: src\rust\backend\isa\encoder.rs:37:5
    |
 37 |     fn emit(&mut self, bytes: &[u8]) {
    |     -------------------------------- private method defined here

error[E0624]: method `emit` is private
   --> src\rust\backend\isa\stubs.rs:890:9
    |
890 |     enc.emit(&[0x48, 0x8B, 0x43, 0x08]); // MOV RAX, [RBX+8] (vals_ptr)
    |         ^^^^ private method
    |
   ::: src\rust\backend\isa\encoder.rs:37:5
    |
 37 |     fn emit(&mut self, bytes: &[u8]) {
    |     -------------------------------- private method defined here

error[E0624]: method `emit` is private
   --> src\rust\backend\isa\stubs.rs:891:9
    |
891 |     enc.emit(&[0x48, 0x89, 0x3C, 0xD0]); // MOV [RAX+RDX*8], RDI
    |         ^^^^ private method
    |
   ::: src\rust\backend\isa\encoder.rs:37:5
    |
 37 |     fn emit(&mut self, bytes: &[u8]) {
    |     -------------------------------- private method defined here

error[E0624]: method `emit` is private
   --> src\rust\backend\isa\stubs.rs:892:9
    |
892 |     enc.emit(&[0x48, 0x8B, 0x43, 0x10]); // MOV RAX, [RBX+16] (flags_ptr)
    |         ^^^^ private method
    |
   ::: src\rust\backend\isa\encoder.rs:37:5
    |
 37 |     fn emit(&mut self, bytes: &[u8]) {
    |     -------------------------------- private method defined here

error[E0624]: method `emit` is private
   --> src\rust\backend\isa\stubs.rs:893:9
    |
893 |     enc.emit(&[0xC6, 0x04, 0x10, 0x01]); // MOV byte [RAX+RDX], 1
    |         ^^^^ private method
    |
   ::: src\rust\backend\isa\encoder.rs:37:5
    |
 37 |     fn emit(&mut self, bytes: &[u8]) {
    |     -------------------------------- private method defined here

error[E0624]: method `emit` is private
   --> src\rust\backend\isa\stubs.rs:894:9
    |
894 |     enc.emit(&[0x48, 0xFF, 0x43, 0x18]); // INC QWORD [RBX+24] (len++)
    |         ^^^^ private method
    |
   ::: src\rust\backend\isa\encoder.rs:37:5
    |
 37 |     fn emit(&mut self, bytes: &[u8]) {
    |     -------------------------------- private method defined here

error[E0624]: method `pos` is private
   --> src\rust\backend\isa\stubs.rs:895:43
    |
895 |     let dsdone = format!("__dsdn_{}", enc.pos());
    |                                           ^^^ private method
    |
   ::: src\rust\backend\isa\encoder.rs:35:5
    |
 35 |     fn pos(&self) -> u32 { self.code.len() as u32 }
    |     -------------------- private method defined here

error[E0624]: method `jmp` is private
   --> src\rust\backend\isa\stubs.rs:896:9
    |
896 |     enc.jmp(&dsdone);
    |         ^^^ private method
    |
   ::: src\rust\backend\isa\encoder.rs:133:5
    |
133 |     fn jmp(&mut self, lbl: &str) {
    |     ---------------------------- private method defined here

error[E0624]: method `label` is private
   --> src\rust\backend\isa\stubs.rs:899:9
    |
899 |     enc.label(&dsfnd);
    |         ^^^^^ private method
    |
   ::: src\rust\backend\isa\encoder.rs:129:5
    |
129 |     fn label(&mut self, name: &str) {
    |     ------------------------------- private method defined here

error[E0624]: method `emit` is private
   --> src\rust\backend\isa\stubs.rs:900:9
    |
900 |     enc.emit(&[0x48, 0x8B, 0x54, 0x24, 0x20]); // MOV RDX, [RSP+32]
    |         ^^^^ private method
    |
   ::: src\rust\backend\isa\encoder.rs:37:5
    |
 37 |     fn emit(&mut self, bytes: &[u8]) {
    |     -------------------------------- private method defined here

error[E0624]: method `emit` is private
   --> src\rust\backend\isa\stubs.rs:901:9
    |
901 |     enc.emit(&[0x48, 0x8B, 0x43, 0x08]); // MOV RAX, [RBX+8] (vals_ptr)
    |         ^^^^ private method
    |
   ::: src\rust\backend\isa\encoder.rs:37:5
    |
 37 |     fn emit(&mut self, bytes: &[u8]) {
    |     -------------------------------- private method defined here

error[E0624]: method `emit` is private
   --> src\rust\backend\isa\stubs.rs:902:9
    |
902 |     enc.emit(&[0x48, 0x89, 0x3C, 0xD0]); // MOV [RAX+RDX*8], RDI
    |         ^^^^ private method
    |
   ::: src\rust\backend\isa\encoder.rs:37:5
    |
 37 |     fn emit(&mut self, bytes: &[u8]) {
    |     -------------------------------- private method defined here

error[E0624]: method `label` is private
   --> src\rust\backend\isa\stubs.rs:904:9
    |
904 |     enc.label(&dsdone);
    |         ^^^^^ private method
    |
   ::: src\rust\backend\isa\encoder.rs:129:5
    |
129 |     fn label(&mut self, name: &str) {
    |     ------------------------------- private method defined here

error[E0624]: method `add_rsp` is private
   --> src\rust\backend\isa\stubs.rs:905:9
    |
905 |     enc.add_rsp(48);
    |         ^^^^^^^ private method
    |
   ::: src\rust\backend\isa\encoder.rs:126:5
    |
126 |     fn add_rsp(&mut self, val: u8) { self.rex_w(); self.emit(&[0x83, 0xC4, val]); }
    |     ------------------------------ private method defined here

error[E0624]: method `pop` is private
   --> src\rust\backend\isa\stubs.rs:906:9
    |
906 |     enc.pop(X86Reg::RDI);
    |         ^^^ private method
    |
   ::: src\rust\backend\isa\encoder.rs:120:5
    |
120 |     fn pop(&mut self, reg: X86Reg) {
    |     ------------------------------ private method defined here

error[E0624]: method `pop` is private
   --> src\rust\backend\isa\stubs.rs:907:9
    |
907 |     enc.pop(X86Reg::RSI);
    |         ^^^ private method
    |
   ::: src\rust\backend\isa\encoder.rs:120:5
    |
120 |     fn pop(&mut self, reg: X86Reg) {
    |     ------------------------------ private method defined here

error[E0624]: method `pop` is private
   --> src\rust\backend\isa\stubs.rs:908:9
    |
908 |     enc.pop(X86Reg::RBX);
    |         ^^^ private method
    |
   ::: src\rust\backend\isa\encoder.rs:120:5
    |
120 |     fn pop(&mut self, reg: X86Reg) {
    |     ------------------------------ private method defined here

error[E0624]: method `ret` is private
   --> src\rust\backend\isa\stubs.rs:909:9
    |
909 |     enc.ret();
    |         ^^^ private method
    |
   ::: src\rust\backend\isa\encoder.rs:127:5
    |
127 |     fn ret(&mut self) { self.emit_u8(0xC3); }
    |     ----------------- private method defined here

error[E0624]: method `label` is private
   --> src\rust\backend\isa\stubs.rs:912:9
    |
912 |     enc.label("__pyb_dict_get");
    |         ^^^^^ private method
    |
   ::: src\rust\backend\isa\encoder.rs:129:5
    |
129 |     fn label(&mut self, name: &str) {
    |     ------------------------------- private method defined here

error[E0624]: method `push` is private
   --> src\rust\backend\isa\stubs.rs:913:9
    |
913 |     enc.push(X86Reg::RBX);
    |         ^^^^ private method
    |
   ::: src\rust\backend\isa\encoder.rs:115:5
    |
115 |     fn push(&mut self, reg: X86Reg) {
    |     ------------------------------- private method defined here

error[E0624]: method `push` is private
   --> src\rust\backend\isa\stubs.rs:914:9
    |
914 |     enc.push(X86Reg::RSI);
    |         ^^^^ private method
    |
   ::: src\rust\backend\isa\encoder.rs:115:5
    |
115 |     fn push(&mut self, reg: X86Reg) {
    |     ------------------------------- private method defined here

error[E0624]: method `sub_rsp` is private
   --> src\rust\backend\isa\stubs.rs:915:9
    |
915 |     enc.sub_rsp(48);
    |         ^^^^^^^ private method
    |
   ::: src\rust\backend\isa\encoder.rs:125:5
    |
125 |     fn sub_rsp(&mut self, val: u8) { self.rex_w(); self.emit(&[0x83, 0xEC, val]); }
    |     ------------------------------ private method defined here

error[E0624]: method `mov_rr` is private
   --> src\rust\backend\isa\stubs.rs:916:9
    |
916 |     enc.mov_rr(X86Reg::RBX, X86Reg::RCX);  // dict
    |         ^^^^^^ private method
    |
   ::: src\rust\backend\isa\encoder.rs:79:5
    |
 79 |     fn mov_rr(&mut self, dst: X86Reg, src: X86Reg) {
    |     ---------------------------------------------- private method defined here

error[E0624]: method `mov_rr` is private
   --> src\rust\backend\isa\stubs.rs:917:9
    |
917 |     enc.mov_rr(X86Reg::RSI, X86Reg::RDX);  // key
    |         ^^^^^^ private method
    |
   ::: src\rust\backend\isa\encoder.rs:79:5
    |
 79 |     fn mov_rr(&mut self, dst: X86Reg, src: X86Reg) {
    |     ---------------------------------------------- private method defined here

error[E0624]: method `mov_rr` is private
   --> src\rust\backend\isa\stubs.rs:919:9
    |
919 |     enc.mov_rr(X86Reg::RAX, X86Reg::RSI);
    |         ^^^^^^ private method
    |
   ::: src\rust\backend\isa\encoder.rs:79:5
    |
 79 |     fn mov_rr(&mut self, dst: X86Reg, src: X86Reg) {
    |     ---------------------------------------------- private method defined here

error[E0624]: method `rex_w` is private
   --> src\rust\backend\isa\stubs.rs:920:9
    |
920 |     enc.rex_w(); enc.emit(&[0x85, 0xC0]);
    |         ^^^^^ private method
    |
   ::: src\rust\backend\isa\encoder.rs:51:5
    |
 51 |     fn rex_w(&mut self) { self.emit_u8(0x48); }
    |     ------------------- private method defined here

error[E0624]: method `emit` is private
   --> src\rust\backend\isa\stubs.rs:920:22
    |
920 |     enc.rex_w(); enc.emit(&[0x85, 0xC0]);
    |                      ^^^^ private method
    |
   ::: src\rust\backend\isa\encoder.rs:37:5
    |
 37 |     fn emit(&mut self, bytes: &[u8]) {
    |     -------------------------------- private method defined here

error[E0624]: method `pos` is private
   --> src\rust\backend\isa\stubs.rs:921:39
    |
921 |     let dgp = format!("__dgp_{}", enc.pos());
    |                                       ^^^ private method
    |
   ::: src\rust\backend\isa\encoder.rs:35:5
    |
 35 |     fn pos(&self) -> u32 { self.code.len() as u32 }
    |     -------------------- private method defined here

error[E0624]: method `jcc` is private
   --> src\rust\backend\isa\stubs.rs:922:9
    |
922 |     enc.jcc(0x89, &dgp);
    |         ^^^ private method
    |
   ::: src\rust\backend\isa\encoder.rs:139:5
    |
139 |     fn jcc(&mut self, cc: u8, lbl: &str) {
    |     ------------------------------------ private method defined here

error[E0624]: method `rex_w` is private
   --> src\rust\backend\isa\stubs.rs:923:9
    |
923 |     enc.rex_w(); enc.emit(&[0xF7, 0xD8]);
    |         ^^^^^ private method
    |
   ::: src\rust\backend\isa\encoder.rs:51:5
    |
 51 |     fn rex_w(&mut self) { self.emit_u8(0x48); }
    |     ------------------- private method defined here

error[E0624]: method `emit` is private
   --> src\rust\backend\isa\stubs.rs:923:22
    |
923 |     enc.rex_w(); enc.emit(&[0xF7, 0xD8]);
    |                      ^^^^ private method
    |
   ::: src\rust\backend\isa\encoder.rs:37:5
    |
 37 |     fn emit(&mut self, bytes: &[u8]) {
    |     -------------------------------- private method defined here

error[E0624]: method `label` is private
   --> src\rust\backend\isa\stubs.rs:924:9
    |
924 |     enc.label(&dgp);
    |         ^^^^^ private method
    |
   ::: src\rust\backend\isa\encoder.rs:129:5
    |
129 |     fn label(&mut self, name: &str) {
    |     ------------------------------- private method defined here

error[E0624]: method `emit` is private
   --> src\rust\backend\isa\stubs.rs:925:9
    |
925 |     enc.emit(&[0x48, 0x8B, 0x4B, 0x20]); // MOV RCX, [RBX+32]
    |         ^^^^ private method
    |
   ::: src\rust\backend\isa\encoder.rs:37:5
    |
 37 |     fn emit(&mut self, bytes: &[u8]) {
    |     -------------------------------- private method defined here

error[E0624]: method `rex_w` is private
   --> src\rust\backend\isa\stubs.rs:926:9
    |
926 |     enc.rex_w(); enc.emit(&[0xFF, 0xC9]); // DEC RCX
    |         ^^^^^ private method
    |
   ::: src\rust\backend\isa\encoder.rs:51:5
    |
 51 |     fn rex_w(&mut self) { self.emit_u8(0x48); }
    |     ------------------- private method defined here

error[E0624]: method `emit` is private
   --> src\rust\backend\isa\stubs.rs:926:22
    |
926 |     enc.rex_w(); enc.emit(&[0xFF, 0xC9]); // DEC RCX
    |                      ^^^^ private method
    |
   ::: src\rust\backend\isa\encoder.rs:37:5
    |
 37 |     fn emit(&mut self, bytes: &[u8]) {
    |     -------------------------------- private method defined here

error[E0624]: method `rex_w` is private
   --> src\rust\backend\isa\stubs.rs:927:9
    |
927 |     enc.rex_w(); enc.emit(&[0x21, 0xC8]); // AND RAX, RCX
    |         ^^^^^ private method
    |
   ::: src\rust\backend\isa\encoder.rs:51:5
    |
 51 |     fn rex_w(&mut self) { self.emit_u8(0x48); }
    |     ------------------- private method defined here

error[E0624]: method `emit` is private
   --> src\rust\backend\isa\stubs.rs:927:22
    |
927 |     enc.rex_w(); enc.emit(&[0x21, 0xC8]); // AND RAX, RCX
    |                      ^^^^ private method
    |
   ::: src\rust\backend\isa\encoder.rs:37:5
    |
 37 |     fn emit(&mut self, bytes: &[u8]) {
    |     -------------------------------- private method defined here

error[E0624]: method `emit` is private
   --> src\rust\backend\isa\stubs.rs:928:9
    |
928 |     enc.emit(&[0x48, 0x89, 0x44, 0x24, 0x20]); // MOV [RSP+32], RAX
    |         ^^^^ private method
    |
   ::: src\rust\backend\isa\encoder.rs:37:5
    |
 37 |     fn emit(&mut self, bytes: &[u8]) {
    |     -------------------------------- private method defined here

error[E0624]: method `pos` is private
   --> src\rust\backend\isa\stubs.rs:930:44
    |
930 |     let dgprobe = format!("__dgpr_{}", enc.pos());
    |                                            ^^^ private method
    |
   ::: src\rust\backend\isa\encoder.rs:35:5
    |
 35 |     fn pos(&self) -> u32 { self.code.len() as u32 }
    |     -------------------- private method defined here

error[E0624]: method `label` is private
   --> src\rust\backend\isa\stubs.rs:931:9
    |
931 |     enc.label(&dgprobe);
    |         ^^^^^ private method
    |
   ::: src\rust\backend\isa\encoder.rs:129:5
    |
129 |     fn label(&mut self, name: &str) {
    |     ------------------------------- private method defined here

error[E0624]: method `emit` is private
   --> src\rust\backend\isa\stubs.rs:932:9
    |
932 |     enc.emit(&[0x48, 0x8B, 0x54, 0x24, 0x20]); // MOV RDX, [RSP+32]
    |         ^^^^ private method
    |
   ::: src\rust\backend\isa\encoder.rs:37:5
    |
 37 |     fn emit(&mut self, bytes: &[u8]) {
    |     -------------------------------- private method defined here

error[E0624]: method `emit` is private
   --> src\rust\backend\isa\stubs.rs:933:9
    |
933 |     enc.emit(&[0x48, 0x8B, 0x43, 0x10]); // MOV RAX, [RBX+16] (flags)
    |         ^^^^ private method
    |
   ::: src\rust\backend\isa\encoder.rs:37:5
    |
 37 |     fn emit(&mut self, bytes: &[u8]) {
    |     -------------------------------- private method defined here

error[E0624]: method `emit` is private
   --> src\rust\backend\isa\stubs.rs:934:9
    |
934 |     enc.emit(&[0x0F, 0xB6, 0x0C, 0x10]); // MOVZX ECX, byte [RAX+RDX]
    |         ^^^^ private method
    |
   ::: src\rust\backend\isa\encoder.rs:37:5
    |
 37 |     fn emit(&mut self, bytes: &[u8]) {
    |     -------------------------------- private method defined here

error[E0624]: method `rex_w` is private
   --> src\rust\backend\isa\stubs.rs:935:9
    |
935 |     enc.rex_w(); enc.emit(&[0x85, 0xC9]);
    |         ^^^^^ private method
    |
   ::: src\rust\backend\isa\encoder.rs:51:5
    |
 51 |     fn rex_w(&mut self) { self.emit_u8(0x48); }
    |     ------------------- private method defined here

error[E0624]: method `emit` is private
   --> src\rust\backend\isa\stubs.rs:935:22
    |
935 |     enc.rex_w(); enc.emit(&[0x85, 0xC9]);
    |                      ^^^^ private method
    |
   ::: src\rust\backend\isa\encoder.rs:37:5
    |
 37 |     fn emit(&mut self, bytes: &[u8]) {
    |     -------------------------------- private method defined here

error[E0624]: method `pos` is private
   --> src\rust\backend\isa\stubs.rs:936:41
    |
936 |     let dgnf = format!("__dgnf_{}", enc.pos());
    |                                         ^^^ private method
    |
   ::: src\rust\backend\isa\encoder.rs:35:5
    |
 35 |     fn pos(&self) -> u32 { self.code.len() as u32 }
    |     -------------------- private method defined here

error[E0624]: method `jcc` is private
   --> src\rust\backend\isa\stubs.rs:937:9
    |
937 |     enc.jcc(0x84, &dgnf); // JE ÔåÆ not found
    |         ^^^ private method
    |
   ::: src\rust\backend\isa\encoder.rs:139:5
    |
139 |     fn jcc(&mut self, cc: u8, lbl: &str) {
    |     ------------------------------------ private method defined here

error[E0624]: method `emit` is private
   --> src\rust\backend\isa\stubs.rs:938:9
    |
938 |     enc.emit(&[0x48, 0x8B, 0x03]); // MOV RAX, [RBX] (keys)
    |         ^^^^ private method
    |
   ::: src\rust\backend\isa\encoder.rs:37:5
    |
 37 |     fn emit(&mut self, bytes: &[u8]) {
    |     -------------------------------- private method defined here

error[E0624]: method `emit` is private
   --> src\rust\backend\isa\stubs.rs:939:9
    |
939 |     enc.emit(&[0x48, 0x39, 0x34, 0xD0]); // CMP [RAX+RDX*8], RSI
    |         ^^^^ private method
    |
   ::: src\rust\backend\isa\encoder.rs:37:5
    |
 37 |     fn emit(&mut self, bytes: &[u8]) {
    |     -------------------------------- private method defined here

error[E0624]: method `pos` is private
   --> src\rust\backend\isa\stubs.rs:940:41
    |
940 |     let dgfn = format!("__dgfn_{}", enc.pos());
    |                                         ^^^ private method
    |
   ::: src\rust\backend\isa\encoder.rs:35:5
    |
 35 |     fn pos(&self) -> u32 { self.code.len() as u32 }
    |     -------------------- private method defined here

error[E0624]: method `jcc` is private
   --> src\rust\backend\isa\stubs.rs:941:9
    |
941 |     enc.jcc(0x84, &dgfn); // JE ÔåÆ found
    |         ^^^ private method
    |
   ::: src\rust\backend\isa\encoder.rs:139:5
    |
139 |     fn jcc(&mut self, cc: u8, lbl: &str) {
    |     ------------------------------------ private method defined here

error[E0624]: method `emit` is private
   --> src\rust\backend\isa\stubs.rs:943:9
    |
943 |     enc.emit(&[0x48, 0x8B, 0x54, 0x24, 0x20]);
    |         ^^^^ private method
    |
   ::: src\rust\backend\isa\encoder.rs:37:5
    |
 37 |     fn emit(&mut self, bytes: &[u8]) {
    |     -------------------------------- private method defined here

error[E0624]: method `rex_w` is private
   --> src\rust\backend\isa\stubs.rs:944:9
    |
944 |     enc.rex_w(); enc.emit(&[0xFF, 0xC2]);
    |         ^^^^^ private method
    |
   ::: src\rust\backend\isa\encoder.rs:51:5
    |
 51 |     fn rex_w(&mut self) { self.emit_u8(0x48); }
    |     ------------------- private method defined here

error[E0624]: method `emit` is private
   --> src\rust\backend\isa\stubs.rs:944:22
    |
944 |     enc.rex_w(); enc.emit(&[0xFF, 0xC2]);
    |                      ^^^^ private method
    |
   ::: src\rust\backend\isa\encoder.rs:37:5
    |
 37 |     fn emit(&mut self, bytes: &[u8]) {
    |     -------------------------------- private method defined here

error[E0624]: method `emit` is private
   --> src\rust\backend\isa\stubs.rs:945:9
    |
945 |     enc.emit(&[0x48, 0x8B, 0x4B, 0x20]);
    |         ^^^^ private method
    |
   ::: src\rust\backend\isa\encoder.rs:37:5
    |
 37 |     fn emit(&mut self, bytes: &[u8]) {
    |     -------------------------------- private method defined here

error[E0624]: method `rex_w` is private
   --> src\rust\backend\isa\stubs.rs:946:9
    |
946 |     enc.rex_w(); enc.emit(&[0xFF, 0xC9]);
    |         ^^^^^ private method
    |
   ::: src\rust\backend\isa\encoder.rs:51:5
    |
 51 |     fn rex_w(&mut self) { self.emit_u8(0x48); }
    |     ------------------- private method defined here

error[E0624]: method `emit` is private
   --> src\rust\backend\isa\stubs.rs:946:22
    |
946 |     enc.rex_w(); enc.emit(&[0xFF, 0xC9]);
    |                      ^^^^ private method
    |
   ::: src\rust\backend\isa\encoder.rs:37:5
    |
 37 |     fn emit(&mut self, bytes: &[u8]) {
    |     -------------------------------- private method defined here

error[E0624]: method `rex_w` is private
   --> src\rust\backend\isa\stubs.rs:947:9
    |
947 |     enc.rex_w(); enc.emit(&[0x21, 0xCA]);
    |         ^^^^^ private method
    |
   ::: src\rust\backend\isa\encoder.rs:51:5
    |
 51 |     fn rex_w(&mut self) { self.emit_u8(0x48); }
    |     ------------------- private method defined here

error[E0624]: method `emit` is private
   --> src\rust\backend\isa\stubs.rs:947:22
    |
947 |     enc.rex_w(); enc.emit(&[0x21, 0xCA]);
    |                      ^^^^ private method
    |
   ::: src\rust\backend\isa\encoder.rs:37:5
    |
 37 |     fn emit(&mut self, bytes: &[u8]) {
    |     -------------------------------- private method defined here

error[E0624]: method `emit` is private
   --> src\rust\backend\isa\stubs.rs:948:9
    |
948 |     enc.emit(&[0x48, 0x89, 0x54, 0x24, 0x20]);
    |         ^^^^ private method
    |
   ::: src\rust\backend\isa\encoder.rs:37:5
    |
 37 |     fn emit(&mut self, bytes: &[u8]) {
    |     -------------------------------- private method defined here

error[E0624]: method `jmp` is private
   --> src\rust\backend\isa\stubs.rs:949:9
    |
949 |     enc.jmp(&dgprobe);
    |         ^^^ private method
    |
   ::: src\rust\backend\isa\encoder.rs:133:5
    |
133 |     fn jmp(&mut self, lbl: &str) {
    |     ---------------------------- private method defined here

error[E0624]: method `label` is private
   --> src\rust\backend\isa\stubs.rs:951:9
    |
951 |     enc.label(&dgfn);
    |         ^^^^^ private method
    |
   ::: src\rust\backend\isa\encoder.rs:129:5
    |
129 |     fn label(&mut self, name: &str) {
    |     ------------------------------- private method defined here

error[E0624]: method `emit` is private
   --> src\rust\backend\isa\stubs.rs:952:9
    |
952 |     enc.emit(&[0x48, 0x8B, 0x43, 0x08]); // MOV RAX, [RBX+8] (vals)
    |         ^^^^ private method
    |
   ::: src\rust\backend\isa\encoder.rs:37:5
    |
 37 |     fn emit(&mut self, bytes: &[u8]) {
    |     -------------------------------- private method defined here

error[E0624]: method `emit` is private
   --> src\rust\backend\isa\stubs.rs:953:9
    |
953 |     enc.emit(&[0x48, 0x8B, 0x04, 0xD0]); // MOV RAX, [RAX+RDX*8]
    |         ^^^^ private method
    |
   ::: src\rust\backend\isa\encoder.rs:37:5
    |
 37 |     fn emit(&mut self, bytes: &[u8]) {
    |     -------------------------------- private method defined here

error[E0624]: method `pos` is private
   --> src\rust\backend\isa\stubs.rs:954:41
    |
954 |     let dgdn = format!("__dgdn_{}", enc.pos());
    |                                         ^^^ private method
    |
   ::: src\rust\backend\isa\encoder.rs:35:5
    |
 35 |     fn pos(&self) -> u32 { self.code.len() as u32 }
    |     -------------------- private method defined here

error[E0624]: method `jmp` is private
   --> src\rust\backend\isa\stubs.rs:955:9
    |
955 |     enc.jmp(&dgdn);
    |         ^^^ private method
    |
   ::: src\rust\backend\isa\encoder.rs:133:5
    |
133 |     fn jmp(&mut self, lbl: &str) {
    |     ---------------------------- private method defined here

error[E0624]: method `label` is private
   --> src\rust\backend\isa\stubs.rs:957:9
    |
957 |     enc.label(&dgnf);
    |         ^^^^^ private method
    |
   ::: src\rust\backend\isa\encoder.rs:129:5
    |
129 |     fn label(&mut self, name: &str) {
    |     ------------------------------- private method defined here

error[E0624]: method `xor_rr` is private
   --> src\rust\backend\isa\stubs.rs:958:9
    |
958 |     enc.xor_rr(X86Reg::RAX);
    |         ^^^^^^ private method
    |
   ::: src\rust\backend\isa\encoder.rs:109:5
    |
109 |     fn xor_rr(&mut self, reg: X86Reg) {
    |     --------------------------------- private method defined here

error[E0624]: method `label` is private
   --> src\rust\backend\isa\stubs.rs:960:9
    |
960 |     enc.label(&dgdn);
    |         ^^^^^ private method
    |
   ::: src\rust\backend\isa\encoder.rs:129:5
    |
129 |     fn label(&mut self, name: &str) {
    |     ------------------------------- private method defined here

error[E0624]: method `add_rsp` is private
   --> src\rust\backend\isa\stubs.rs:961:9
    |
961 |     enc.add_rsp(48);
    |         ^^^^^^^ private method
    |
   ::: src\rust\backend\isa\encoder.rs:126:5
    |
126 |     fn add_rsp(&mut self, val: u8) { self.rex_w(); self.emit(&[0x83, 0xC4, val]); }
    |     ------------------------------ private method defined here

error[E0624]: method `pop` is private
   --> src\rust\backend\isa\stubs.rs:962:9
    |
962 |     enc.pop(X86Reg::RSI);
    |         ^^^ private method
    |
   ::: src\rust\backend\isa\encoder.rs:120:5
    |
120 |     fn pop(&mut self, reg: X86Reg) {
    |     ------------------------------ private method defined here

error[E0624]: method `pop` is private
   --> src\rust\backend\isa\stubs.rs:963:9
    |
963 |     enc.pop(X86Reg::RBX);
    |         ^^^ private method
    |
   ::: src\rust\backend\isa\encoder.rs:120:5
    |
120 |     fn pop(&mut self, reg: X86Reg) {
    |     ------------------------------ private method defined here

error[E0624]: method `ret` is private
   --> src\rust\backend\isa\stubs.rs:964:9
    |
964 |     enc.ret();
    |         ^^^ private method
    |
   ::: src\rust\backend\isa\encoder.rs:127:5
    |
127 |     fn ret(&mut self) { self.emit_u8(0xC3); }
    |     ----------------- private method defined here

error[E0624]: method `label` is private
   --> src\rust\backend\isa\stubs.rs:971:9
    |
971 |     enc.label("__pyb_str_hash");
    |         ^^^^^ private method
    |
   ::: src\rust\backend\isa\encoder.rs:129:5
    |
129 |     fn label(&mut self, name: &str) {
    |     ------------------------------- private method defined here

error[E0624]: method `mov_imm64` is private
   --> src\rust\backend\isa\stubs.rs:972:9
    |
972 |     enc.mov_imm64(X86Reg::RAX, 5381);      // hash = 5381
    |         ^^^^^^^^^ private method
    |
   ::: src\rust\backend\isa\encoder.rs:70:5
    |
 70 |     fn mov_imm64(&mut self, reg: X86Reg, val: i64) {
    |     ---------------------------------------------- private method defined here

error[E0624]: method `xor_rr` is private
   --> src\rust\backend\isa\stubs.rs:973:9
    |
973 |     enc.xor_rr(X86Reg::RDX);               // i = 0
    |         ^^^^^^ private method
    |
   ::: src\rust\backend\isa\encoder.rs:109:5
    |
109 |     fn xor_rr(&mut self, reg: X86Reg) {
    |     --------------------------------- private method defined here

error[E0624]: method `pos` is private
   --> src\rust\backend\isa\stubs.rs:974:43
    |
974 |     let sh_lp = format!("__sh_lp_{}", enc.pos());
    |                                           ^^^ private method
    |
   ::: src\rust\backend\isa\encoder.rs:35:5
    |
 35 |     fn pos(&self) -> u32 { self.code.len() as u32 }
    |     -------------------- private method defined here

error[E0624]: method `pos` is private
   --> src\rust\backend\isa\stubs.rs:975:43
    |
975 |     let sh_dn = format!("__sh_dn_{}", enc.pos());
    |                                           ^^^ private method
    |
   ::: src\rust\backend\isa\encoder.rs:35:5
    |
 35 |     fn pos(&self) -> u32 { self.code.len() as u32 }
    |     -------------------- private method defined here

error[E0624]: method `label` is private
   --> src\rust\backend\isa\stubs.rs:976:9
    |
976 |     enc.label(&sh_lp);
    |         ^^^^^ private method
    |
   ::: src\rust\backend\isa\encoder.rs:129:5
    |
129 |     fn label(&mut self, name: &str) {
    |     ------------------------------- private method defined here

error[E0624]: method `emit` is private
   --> src\rust\backend\isa\stubs.rs:978:9
    |
978 |     enc.emit(&[0x44, 0x0F, 0xB6, 0x04, 0x11]);
    |         ^^^^ private method
    |
   ::: src\rust\backend\isa\encoder.rs:37:5
    |
 37 |     fn emit(&mut self, bytes: &[u8]) {
    |     -------------------------------- private method defined here

error[E0624]: method `rex_w` is private
   --> src\rust\backend\isa\stubs.rs:979:9
    |
979 |     enc.rex_w(); enc.emit(&[0x45, 0x85, 0xC0]); // TEST R8D, R8D
    |         ^^^^^ private method
    |
   ::: src\rust\backend\isa\encoder.rs:51:5
    |
 51 |     fn rex_w(&mut self) { self.emit_u8(0x48); }
    |     ------------------- private method defined here

error[E0624]: method `emit` is private
   --> src\rust\backend\isa\stubs.rs:979:22
    |
979 |     enc.rex_w(); enc.emit(&[0x45, 0x85, 0xC0]); // TEST R8D, R8D
    |                      ^^^^ private method
    |
   ::: src\rust\backend\isa\encoder.rs:37:5
    |
 37 |     fn emit(&mut self, bytes: &[u8]) {
    |     -------------------------------- private method defined here

error[E0624]: method `jcc` is private
   --> src\rust\backend\isa\stubs.rs:980:9
    |
980 |     enc.jcc(0x84, &sh_dn);                 // JE ÔåÆ null terminator
    |         ^^^ private method
    |
   ::: src\rust\backend\isa\encoder.rs:139:5
    |
139 |     fn jcc(&mut self, cc: u8, lbl: &str) {
    |     ------------------------------------ private method defined here

error[E0624]: method `mov_rr` is private
   --> src\rust\backend\isa\stubs.rs:982:9
    |
982 |     enc.mov_rr(X86Reg::R9, X86Reg::RAX);   // R9 = hash
    |         ^^^^^^ private method
    |
   ::: src\rust\backend\isa\encoder.rs:79:5
    |
 79 |     fn mov_rr(&mut self, dst: X86Reg, src: X86Reg) {
    |     ---------------------------------------------- private method defined here

error[E0624]: method `emit` is private
   --> src\rust\backend\isa\stubs.rs:983:9
    |
983 |     enc.emit(&[0x48, 0xC1, 0xE0, 0x05]);   // SHL RAX, 5
    |         ^^^^ private method
    |
   ::: src\rust\backend\isa\encoder.rs:37:5
    |
 37 |     fn emit(&mut self, bytes: &[u8]) {
    |     -------------------------------- private method defined here

error[E0624]: method `add_rr` is private
   --> src\rust\backend\isa\stubs.rs:984:9
    |
984 |     enc.add_rr(X86Reg::RAX, X86Reg::R9);   // ADD RAX, R9 (now RAX = hash * 33)
    |         ^^^^^^ private method
    |
   ::: src\rust\backend\isa\encoder.rs:84:5
    |
 84 |     fn add_rr(&mut self, dst: X86Reg, src: X86Reg) {
    |     ---------------------------------------------- private method defined here

error[E0624]: method `emit` is private
   --> src\rust\backend\isa\stubs.rs:985:9
    |
985 |     enc.emit(&[0x4C, 0x01, 0xC0]);          // ADD RAX, R8 (add c)
    |         ^^^^ private method
    |
   ::: src\rust\backend\isa\encoder.rs:37:5
    |
 37 |     fn emit(&mut self, bytes: &[u8]) {
    |     -------------------------------- private method defined here

error[E0624]: method `rex_w` is private
   --> src\rust\backend\isa\stubs.rs:986:9
    |
986 |     enc.rex_w(); enc.emit(&[0xFF, 0xC2]);   // INC RDX (i++)
    |         ^^^^^ private method
    |
   ::: src\rust\backend\isa\encoder.rs:51:5
    |
 51 |     fn rex_w(&mut self) { self.emit_u8(0x48); }
    |     ------------------- private method defined here

error[E0624]: method `emit` is private
   --> src\rust\backend\isa\stubs.rs:986:22
    |
986 |     enc.rex_w(); enc.emit(&[0xFF, 0xC2]);   // INC RDX (i++)
    |                      ^^^^ private method
    |
   ::: src\rust\backend\isa\encoder.rs:37:5
    |
 37 |     fn emit(&mut self, bytes: &[u8]) {
    |     -------------------------------- private method defined here

error[E0624]: method `jmp` is private
   --> src\rust\backend\isa\stubs.rs:987:9
    |
987 |     enc.jmp(&sh_lp);
    |         ^^^ private method
    |
   ::: src\rust\backend\isa\encoder.rs:133:5
    |
133 |     fn jmp(&mut self, lbl: &str) {
    |     ---------------------------- private method defined here

error[E0624]: method `label` is private
   --> src\rust\backend\isa\stubs.rs:988:9
    |
988 |     enc.label(&sh_dn);
    |         ^^^^^ private method
    |
   ::: src\rust\backend\isa\encoder.rs:129:5
    |
129 |     fn label(&mut self, name: &str) {
    |     ------------------------------- private method defined here

error[E0624]: method `ret` is private
   --> src\rust\backend\isa\stubs.rs:989:9
    |
989 |     enc.ret();
    |         ^^^ private method
    |
   ::: src\rust\backend\isa\encoder.rs:127:5
    |
127 |     fn ret(&mut self) { self.emit_u8(0xC3); }
    |     ----------------- private method defined here

error[E0624]: method `label` is private
   --> src\rust\backend\isa\stubs.rs:992:9
    |
992 |     enc.label("__pyb_str_equals");
    |         ^^^^^ private method
    |
   ::: src\rust\backend\isa\encoder.rs:129:5
    |
129 |     fn label(&mut self, name: &str) {
    |     ------------------------------- private method defined here

error[E0624]: method `push` is private
   --> src\rust\backend\isa\stubs.rs:993:9
    |
993 |     enc.push(X86Reg::RBX);
    |         ^^^^ private method
    |
   ::: src\rust\backend\isa\encoder.rs:115:5
    |
115 |     fn push(&mut self, reg: X86Reg) {
    |     ------------------------------- private method defined here

error[E0624]: method `push` is private
   --> src\rust\backend\isa\stubs.rs:994:9
    |
994 |     enc.push(X86Reg::RSI);
    |         ^^^^ private method
    |
   ::: src\rust\backend\isa\encoder.rs:115:5
    |
115 |     fn push(&mut self, reg: X86Reg) {
    |     ------------------------------- private method defined here

error[E0624]: method `push` is private
   --> src\rust\backend\isa\stubs.rs:996:9
    |
996 |     enc.push(X86Reg::RDI);
    |         ^^^^ private method
    |
   ::: src\rust\backend\isa\encoder.rs:115:5
    |
115 |     fn push(&mut self, reg: X86Reg) {
    |     ------------------------------- private method defined here

error[E0624]: method `mov_rr` is private
   --> src\rust\backend\isa\stubs.rs:997:9
    |
997 |     enc.mov_rr(X86Reg::RSI, X86Reg::RCX);
    |         ^^^^^^ private method
    |
   ::: src\rust\backend\isa\encoder.rs:79:5
    |
 79 |     fn mov_rr(&mut self, dst: X86Reg, src: X86Reg) {
    |     ---------------------------------------------- private method defined here

error[E0624]: method `mov_rr` is private
   --> src\rust\backend\isa\stubs.rs:998:9
    |
998 |     enc.mov_rr(X86Reg::RDI, X86Reg::RDX);
    |         ^^^^^^ private method
    |
   ::: src\rust\backend\isa\encoder.rs:79:5
    |
 79 |     fn mov_rr(&mut self, dst: X86Reg, src: X86Reg) {
    |     ---------------------------------------------- private method defined here

error[E0624]: method `xor_rr` is private
   --> src\rust\backend\isa\stubs.rs:999:9
    |
999 |     enc.xor_rr(X86Reg::RBX);               // i = 0
    |         ^^^^^^ private method
    |
   ::: src\rust\backend\isa\encoder.rs:109:5
    |
109 |     fn xor_rr(&mut self, reg: X86Reg) {
    |     --------------------------------- private method defined here

error[E0624]: method `pos` is private
    --> src\rust\backend\isa\stubs.rs:1000:43
     |
1000 |     let se_lp = format!("__se_lp_{}", enc.pos());
     |                                           ^^^ private method
     |
    ::: src\rust\backend\isa\encoder.rs:35:5
     |
  35 |     fn pos(&self) -> u32 { self.code.len() as u32 }
     |     -------------------- private method defined here

error[E0624]: method `pos` is private
    --> src\rust\backend\isa\stubs.rs:1001:43
     |
1001 |     let se_no = format!("__se_no_{}", enc.pos());
     |                                           ^^^ private method
     |
    ::: src\rust\backend\isa\encoder.rs:35:5
     |
  35 |     fn pos(&self) -> u32 { self.code.len() as u32 }
     |     -------------------- private method defined here

error[E0624]: method `pos` is private
    --> src\rust\backend\isa\stubs.rs:1002:44
     |
1002 |     let se_yes = format!("__se_ys_{}", enc.pos());
     |                                            ^^^ private method
     |
    ::: src\rust\backend\isa\encoder.rs:35:5
     |
  35 |     fn pos(&self) -> u32 { self.code.len() as u32 }
     |     -------------------- private method defined here

error[E0624]: method `label` is private
    --> src\rust\backend\isa\stubs.rs:1003:9
     |
1003 |     enc.label(&se_lp);
     |         ^^^^^ private method
     |
    ::: src\rust\backend\isa\encoder.rs:129:5
     |
 129 |     fn label(&mut self, name: &str) {
     |     ------------------------------- private method defined here

error[E0624]: method `emit` is private
    --> src\rust\backend\isa\stubs.rs:1004:9
     |
1004 |     enc.emit(&[0x0F, 0xB6, 0x04, 0x1E]);   // MOVZX EAX, [RSI+RBX]
     |         ^^^^ private method
     |
    ::: src\rust\backend\isa\encoder.rs:37:5
     |
  37 |     fn emit(&mut self, bytes: &[u8]) {
     |     -------------------------------- private method defined here

error[E0624]: method `emit` is private
    --> src\rust\backend\isa\stubs.rs:1005:9
     |
1005 |     enc.emit(&[0x0F, 0xB6, 0x0C, 0x1F]);   // MOVZX ECX, [RDI+RBX]
     |         ^^^^ private method
     |
    ::: src\rust\backend\isa\encoder.rs:37:5
     |
  37 |     fn emit(&mut self, bytes: &[u8]) {
     |     -------------------------------- private method defined here

error[E0624]: method `emit` is private
    --> src\rust\backend\isa\stubs.rs:1006:9
     |
1006 |     enc.emit(&[0x39, 0xC8]);                // CMP EAX, ECX
     |         ^^^^ private method
     |
    ::: src\rust\backend\isa\encoder.rs:37:5
     |
  37 |     fn emit(&mut self, bytes: &[u8]) {
     |     -------------------------------- private method defined here

error[E0624]: method `jcc` is private
    --> src\rust\backend\isa\stubs.rs:1007:9
     |
1007 |     enc.jcc(0x85, &se_no);                 // JNE ÔåÆ mismatch
     |         ^^^ private method
     |
    ::: src\rust\backend\isa\encoder.rs:139:5
     |
 139 |     fn jcc(&mut self, cc: u8, lbl: &str) {
     |     ------------------------------------ private method defined here

error[E0624]: method `emit` is private
    --> src\rust\backend\isa\stubs.rs:1008:9
     |
1008 |     enc.emit(&[0x85, 0xC0]);                // TEST EAX, EAX
     |         ^^^^ private method
     |
    ::: src\rust\backend\isa\encoder.rs:37:5
     |
  37 |     fn emit(&mut self, bytes: &[u8]) {
     |     -------------------------------- private method defined here

error[E0624]: method `jcc` is private
    --> src\rust\backend\isa\stubs.rs:1009:9
     |
1009 |     enc.jcc(0x84, &se_yes);                // JE ÔåÆ both null, matched
     |         ^^^ private method
     |
    ::: src\rust\backend\isa\encoder.rs:139:5
     |
 139 |     fn jcc(&mut self, cc: u8, lbl: &str) {
     |     ------------------------------------ private method defined here

error[E0624]: method `rex_w` is private
    --> src\rust\backend\isa\stubs.rs:1010:9
     |
1010 |     enc.rex_w(); enc.emit(&[0xFF, 0xC3]);   // INC RBX
     |         ^^^^^ private method
     |
    ::: src\rust\backend\isa\encoder.rs:51:5
     |
  51 |     fn rex_w(&mut self) { self.emit_u8(0x48); }
     |     ------------------- private method defined here

error[E0624]: method `emit` is private
    --> src\rust\backend\isa\stubs.rs:1010:22
     |
1010 |     enc.rex_w(); enc.emit(&[0xFF, 0xC3]);   // INC RBX
     |                      ^^^^ private method
     |
    ::: src\rust\backend\isa\encoder.rs:37:5
     |
  37 |     fn emit(&mut self, bytes: &[u8]) {
     |     -------------------------------- private method defined here

error[E0624]: method `jmp` is private
    --> src\rust\backend\isa\stubs.rs:1011:9
     |
1011 |     enc.jmp(&se_lp);
     |         ^^^ private method
     |
    ::: src\rust\backend\isa\encoder.rs:133:5
     |
 133 |     fn jmp(&mut self, lbl: &str) {
     |     ---------------------------- private method defined here

error[E0624]: method `label` is private
    --> src\rust\backend\isa\stubs.rs:1012:9
     |
1012 |     enc.label(&se_no);
     |         ^^^^^ private method
     |
    ::: src\rust\backend\isa\encoder.rs:129:5
     |
 129 |     fn label(&mut self, name: &str) {
     |     ------------------------------- private method defined here

error[E0624]: method `xor_rr` is private
    --> src\rust\backend\isa\stubs.rs:1013:9
     |
1013 |     enc.xor_rr(X86Reg::RAX);
     |         ^^^^^^ private method
     |
    ::: src\rust\backend\isa\encoder.rs:109:5
     |
 109 |     fn xor_rr(&mut self, reg: X86Reg) {
     |     --------------------------------- private method defined here

error[E0624]: method `jmp` is private
    --> src\rust\backend\isa\stubs.rs:1014:9
     |
1014 |     enc.jmp(&format!("__se_dn_{}", enc.pos()));
     |         ^^^ private method
     |
    ::: src\rust\backend\isa\encoder.rs:133:5
     |
 133 |     fn jmp(&mut self, lbl: &str) {
     |     ---------------------------- private method defined here

error[E0624]: method `pos` is private
    --> src\rust\backend\isa\stubs.rs:1014:40
     |
1014 |     enc.jmp(&format!("__se_dn_{}", enc.pos()));
     |                                        ^^^ private method
     |
    ::: src\rust\backend\isa\encoder.rs:35:5
     |
  35 |     fn pos(&self) -> u32 { self.code.len() as u32 }
     |     -------------------- private method defined here

error[E0624]: method `label` is private
    --> src\rust\backend\isa\stubs.rs:1015:9
     |
1015 |     enc.label(&se_yes);
     |         ^^^^^ private method
     |
    ::: src\rust\backend\isa\encoder.rs:129:5
     |
 129 |     fn label(&mut self, name: &str) {
     |     ------------------------------- private method defined here

error[E0624]: method `mov_imm64` is private
    --> src\rust\backend\isa\stubs.rs:1016:9
     |
1016 |     enc.mov_imm64(X86Reg::RAX, 1);
     |         ^^^^^^^^^ private method
     |
    ::: src\rust\backend\isa\encoder.rs:70:5
     |
  70 |     fn mov_imm64(&mut self, reg: X86Reg, val: i64) {
     |     ---------------------------------------------- private method defined here

error[E0624]: method `label` is private
    --> src\rust\backend\isa\stubs.rs:1017:9
     |
1017 |     enc.label(&format!("__se_dn_{}", enc.pos()));
     |         ^^^^^ private method
     |
    ::: src\rust\backend\isa\encoder.rs:129:5
     |
 129 |     fn label(&mut self, name: &str) {
     |     ------------------------------- private method defined here

error[E0624]: method `pos` is private
    --> src\rust\backend\isa\stubs.rs:1017:42
     |
1017 |     enc.label(&format!("__se_dn_{}", enc.pos()));
     |                                          ^^^ private method
     |
    ::: src\rust\backend\isa\encoder.rs:35:5
     |
  35 |     fn pos(&self) -> u32 { self.code.len() as u32 }
     |     -------------------- private method defined here

error[E0624]: method `pop` is private
    --> src\rust\backend\isa\stubs.rs:1018:9
     |
1018 |     enc.pop(X86Reg::RDI);
     |         ^^^ private method
     |
    ::: src\rust\backend\isa\encoder.rs:120:5
     |
 120 |     fn pop(&mut self, reg: X86Reg) {
     |     ------------------------------ private method defined here

error[E0624]: method `pop` is private
    --> src\rust\backend\isa\stubs.rs:1019:9
     |
1019 |     enc.pop(X86Reg::RSI);
     |         ^^^ private method
     |
    ::: src\rust\backend\isa\encoder.rs:120:5
     |
 120 |     fn pop(&mut self, reg: X86Reg) {
     |     ------------------------------ private method defined here

error[E0624]: method `pop` is private
    --> src\rust\backend\isa\stubs.rs:1020:9
     |
1020 |     enc.pop(X86Reg::RBX);
     |         ^^^ private method
     |
    ::: src\rust\backend\isa\encoder.rs:120:5
     |
 120 |     fn pop(&mut self, reg: X86Reg) {
     |     ------------------------------ private method defined here

error[E0624]: method `ret` is private
    --> src\rust\backend\isa\stubs.rs:1021:9
     |
1021 |     enc.ret();
     |         ^^^ private method
     |
    ::: src\rust\backend\isa\encoder.rs:127:5
     |
 127 |     fn ret(&mut self) { self.emit_u8(0xC3); }
     |     ----------------- private method defined here

error[E0624]: method `label` is private
    --> src\rust\backend\isa\stubs.rs:1024:9
     |
1024 |     enc.label("__pyb_dict_str_set");
     |         ^^^^^ private method
     |
    ::: src\rust\backend\isa\encoder.rs:129:5
     |
 129 |     fn label(&mut self, name: &str) {
     |     ------------------------------- private method defined here

error[E0624]: method `push` is private
    --> src\rust\backend\isa\stubs.rs:1025:9
     |
1025 |     enc.push(X86Reg::RBX);
     |         ^^^^ private method
     |
    ::: src\rust\backend\isa\encoder.rs:115:5
     |
 115 |     fn push(&mut self, reg: X86Reg) {
     |     ------------------------------- private method defined here

error[E0624]: method `push` is private
    --> src\rust\backend\isa\stubs.rs:1026:9
     |
1026 |     enc.push(X86Reg::RSI);
     |         ^^^^ private method
     |
    ::: src\rust\backend\isa\encoder.rs:115:5
     |
 115 |     fn push(&mut self, reg: X86Reg) {
     |     ------------------------------- private method defined here

error[E0624]: method `push` is private
    --> src\rust\backend\isa\stubs.rs:1027:9
     |
1027 |     enc.push(X86Reg::RDI);
     |         ^^^^ private method
     |
    ::: src\rust\backend\isa\encoder.rs:115:5
     |
 115 |     fn push(&mut self, reg: X86Reg) {
     |     ------------------------------- private method defined here

error[E0624]: method `push` is private
    --> src\rust\backend\isa\stubs.rs:1028:9
     |
1028 |     enc.push(X86Reg::R12); // save R12 for key hash
     |         ^^^^ private method
     |
    ::: src\rust\backend\isa\encoder.rs:115:5
     |
 115 |     fn push(&mut self, reg: X86Reg) {
     |     ------------------------------- private method defined here

error[E0624]: method `sub_rsp` is private
    --> src\rust\backend\isa\stubs.rs:1029:9
     |
1029 |     enc.sub_rsp(48); // 32 shadow + 16 local
     |         ^^^^^^^ private method
     |
    ::: src\rust\backend\isa\encoder.rs:125:5
     |
 125 |     fn sub_rsp(&mut self, val: u8) { self.rex_w(); self.emit(&[0x83, 0xEC, val]); }
     |     ------------------------------ private method defined here

error[E0624]: method `mov_rr` is private
    --> src\rust\backend\isa\stubs.rs:1030:9
     |
1030 |     enc.mov_rr(X86Reg::RBX, X86Reg::RCX);
     |         ^^^^^^ private method
     |
    ::: src\rust\backend\isa\encoder.rs:79:5
     |
  79 |     fn mov_rr(&mut self, dst: X86Reg, src: X86Reg) {
     |     ---------------------------------------------- private method defined here

error[E0624]: method `mov_rr` is private
    --> src\rust\backend\isa\stubs.rs:1031:9
     |
1031 |     enc.mov_rr(X86Reg::RSI, X86Reg::RDX);
     |         ^^^^^^ private method
     |
    ::: src\rust\backend\isa\encoder.rs:79:5
     |
  79 |     fn mov_rr(&mut self, dst: X86Reg, src: X86Reg) {
     |     ---------------------------------------------- private method defined here

error[E0624]: method `mov_rr` is private
    --> src\rust\backend\isa\stubs.rs:1032:9
     |
1032 |     enc.mov_rr(X86Reg::RDI, X86Reg::R8);
     |         ^^^^^^ private method
     |
    ::: src\rust\backend\isa\encoder.rs:79:5
     |
  79 |     fn mov_rr(&mut self, dst: X86Reg, src: X86Reg) {
     |     ---------------------------------------------- private method defined here

error[E0624]: method `mov_rr` is private
    --> src\rust\backend\isa\stubs.rs:1034:9
     |
1034 |     enc.mov_rr(X86Reg::RCX, X86Reg::RSI);
     |         ^^^^^^ private method
     |
    ::: src\rust\backend\isa\encoder.rs:79:5
     |
  79 |     fn mov_rr(&mut self, dst: X86Reg, src: X86Reg) {
     |     ---------------------------------------------- private method defined here

error[E0624]: method `call_label` is private
    --> src\rust\backend\isa\stubs.rs:1035:9
     |
1035 |     enc.call_label("__pyb_str_hash");
     |         ^^^^^^^^^^ private method
     |
    ::: src\rust\backend\isa\encoder.rs:145:5
     |
 145 |     fn call_label(&mut self, lbl: &str) {
     |     ----------------------------------- private method defined here

error[E0624]: method `mov_rr` is private
    --> src\rust\backend\isa\stubs.rs:1036:9
     |
1036 |     enc.mov_rr(X86Reg::R12, X86Reg::RAX); // R12 = hash
     |         ^^^^^^ private method
     |
    ::: src\rust\backend\isa\encoder.rs:79:5
     |
  79 |     fn mov_rr(&mut self, dst: X86Reg, src: X86Reg) {
     |     ---------------------------------------------- private method defined here

error[E0624]: method `rex_w` is private
    --> src\rust\backend\isa\stubs.rs:1038:9
     |
1038 |     enc.rex_w(); enc.emit(&[0x85, 0xC0]);
     |         ^^^^^ private method
     |
    ::: src\rust\backend\isa\encoder.rs:51:5
     |
  51 |     fn rex_w(&mut self) { self.emit_u8(0x48); }
     |     ------------------- private method defined here

error[E0624]: method `emit` is private
    --> src\rust\backend\isa\stubs.rs:1038:22
     |
1038 |     enc.rex_w(); enc.emit(&[0x85, 0xC0]);
     |                      ^^^^ private method
     |
    ::: src\rust\backend\isa\encoder.rs:37:5
     |
  37 |     fn emit(&mut self, bytes: &[u8]) {
     |     -------------------------------- private method defined here

error[E0624]: method `pos` is private
    --> src\rust\backend\isa\stubs.rs:1039:41
     |
1039 |     let ddsp = format!("__ddsp_{}", enc.pos());
     |                                         ^^^ private method
     |
    ::: src\rust\backend\isa\encoder.rs:35:5
     |
  35 |     fn pos(&self) -> u32 { self.code.len() as u32 }
     |     -------------------- private method defined here

error[E0624]: method `jcc` is private
    --> src\rust\backend\isa\stubs.rs:1040:9
     |
1040 |     enc.jcc(0x89, &ddsp); // JNS
     |         ^^^ private method
     |
    ::: src\rust\backend\isa\encoder.rs:139:5
     |
 139 |     fn jcc(&mut self, cc: u8, lbl: &str) {
     |     ------------------------------------ private method defined here

error[E0624]: method `rex_w` is private
    --> src\rust\backend\isa\stubs.rs:1041:9
     |
1041 |     enc.rex_w(); enc.emit(&[0xF7, 0xD8]); // NEG RAX
     |         ^^^^^ private method
     |
    ::: src\rust\backend\isa\encoder.rs:51:5
     |
  51 |     fn rex_w(&mut self) { self.emit_u8(0x48); }
     |     ------------------- private method defined here

error[E0624]: method `emit` is private
    --> src\rust\backend\isa\stubs.rs:1041:22
     |
1041 |     enc.rex_w(); enc.emit(&[0xF7, 0xD8]); // NEG RAX
     |                      ^^^^ private method
     |
    ::: src\rust\backend\isa\encoder.rs:37:5
     |
  37 |     fn emit(&mut self, bytes: &[u8]) {
     |     -------------------------------- private method defined here

error[E0624]: method `label` is private
    --> src\rust\backend\isa\stubs.rs:1042:9
     |
1042 |     enc.label(&ddsp);
     |         ^^^^^ private method
     |
    ::: src\rust\backend\isa\encoder.rs:129:5
     |
 129 |     fn label(&mut self, name: &str) {
     |     ------------------------------- private method defined here

error[E0624]: method `emit` is private
    --> src\rust\backend\isa\stubs.rs:1043:9
     |
1043 |     enc.emit(&[0x48, 0x8B, 0x4B, 0x20]); // MOV RCX, [RBX+32]
     |         ^^^^ private method
     |
    ::: src\rust\backend\isa\encoder.rs:37:5
     |
  37 |     fn emit(&mut self, bytes: &[u8]) {
     |     -------------------------------- private method defined here

error[E0624]: method `rex_w` is private
    --> src\rust\backend\isa\stubs.rs:1044:9
     |
1044 |     enc.rex_w(); enc.emit(&[0xFF, 0xC9]); // DEC RCX
     |         ^^^^^ private method
     |
    ::: src\rust\backend\isa\encoder.rs:51:5
     |
  51 |     fn rex_w(&mut self) { self.emit_u8(0x48); }
     |     ------------------- private method defined here

error[E0624]: method `emit` is private
    --> src\rust\backend\isa\stubs.rs:1044:22
     |
1044 |     enc.rex_w(); enc.emit(&[0xFF, 0xC9]); // DEC RCX
     |                      ^^^^ private method
     |
    ::: src\rust\backend\isa\encoder.rs:37:5
     |
  37 |     fn emit(&mut self, bytes: &[u8]) {
     |     -------------------------------- private method defined here

error[E0624]: method `rex_w` is private
    --> src\rust\backend\isa\stubs.rs:1045:9
     |
1045 |     enc.rex_w(); enc.emit(&[0x21, 0xC8]); // AND RAX, RCX
     |         ^^^^^ private method
     |
    ::: src\rust\backend\isa\encoder.rs:51:5
     |
  51 |     fn rex_w(&mut self) { self.emit_u8(0x48); }
     |     ------------------- private method defined here

error[E0624]: method `emit` is private
    --> src\rust\backend\isa\stubs.rs:1045:22
     |
1045 |     enc.rex_w(); enc.emit(&[0x21, 0xC8]); // AND RAX, RCX
     |                      ^^^^ private method
     |
    ::: src\rust\backend\isa\encoder.rs:37:5
     |
  37 |     fn emit(&mut self, bytes: &[u8]) {
     |     -------------------------------- private method defined here

error[E0624]: method `emit` is private
    --> src\rust\backend\isa\stubs.rs:1046:9
     |
1046 |     enc.emit(&[0x48, 0x89, 0x44, 0x24, 0x20]); // MOV [RSP+32], RAX (slot)
     |         ^^^^ private method
     |
    ::: src\rust\backend\isa\encoder.rs:37:5
     |
  37 |     fn emit(&mut self, bytes: &[u8]) {
     |     -------------------------------- private method defined here

error[E0624]: method `pos` is private
    --> src\rust\backend\isa\stubs.rs:1048:46
     |
1048 |     let dds_prb = format!("__dds_pr_{}", enc.pos());
     |                                              ^^^ private method
     |
    ::: src\rust\backend\isa\encoder.rs:35:5
     |
  35 |     fn pos(&self) -> u32 { self.code.len() as u32 }
     |     -------------------- private method defined here

error[E0624]: method `label` is private
    --> src\rust\backend\isa\stubs.rs:1049:9
     |
1049 |     enc.label(&dds_prb);
     |         ^^^^^ private method
     |
    ::: src\rust\backend\isa\encoder.rs:129:5
     |
 129 |     fn label(&mut self, name: &str) {
     |     ------------------------------- private method defined here

error[E0624]: method `emit` is private
    --> src\rust\backend\isa\stubs.rs:1050:9
     |
1050 |     enc.emit(&[0x48, 0x8B, 0x54, 0x24, 0x20]); // RDX = slot
     |         ^^^^ private method
     |
    ::: src\rust\backend\isa\encoder.rs:37:5
     |
  37 |     fn emit(&mut self, bytes: &[u8]) {
     |     -------------------------------- private method defined here

error[E0624]: method `emit` is private
    --> src\rust\backend\isa\stubs.rs:1051:9
     |
1051 |     enc.emit(&[0x48, 0x8B, 0x43, 0x10]); // flags
     |         ^^^^ private method
     |
    ::: src\rust\backend\isa\encoder.rs:37:5
     |
  37 |     fn emit(&mut self, bytes: &[u8]) {
     |     -------------------------------- private method defined here

error[E0624]: method `emit` is private
    --> src\rust\backend\isa\stubs.rs:1052:9
     |
1052 |     enc.emit(&[0x0F, 0xB6, 0x0C, 0x10]); // ECX = flags[slot]
     |         ^^^^ private method
     |
    ::: src\rust\backend\isa\encoder.rs:37:5
     |
  37 |     fn emit(&mut self, bytes: &[u8]) {
     |     -------------------------------- private method defined here

error[E0624]: method `rex_w` is private
    --> src\rust\backend\isa\stubs.rs:1053:9
     |
1053 |     enc.rex_w(); enc.emit(&[0x85, 0xC9]); // TEST ECX, ECX
     |         ^^^^^ private method
     |
    ::: src\rust\backend\isa\encoder.rs:51:5
     |
  51 |     fn rex_w(&mut self) { self.emit_u8(0x48); }
     |     ------------------- private method defined here

error[E0624]: method `emit` is private
    --> src\rust\backend\isa\stubs.rs:1053:22
     |
1053 |     enc.rex_w(); enc.emit(&[0x85, 0xC9]); // TEST ECX, ECX
     |                      ^^^^ private method
     |
    ::: src\rust\backend\isa\encoder.rs:37:5
     |
  37 |     fn emit(&mut self, bytes: &[u8]) {
     |     -------------------------------- private method defined here

error[E0624]: method `pos` is private
    --> src\rust\backend\isa\stubs.rs:1054:46
     |
1054 |     let dds_ins = format!("__dds_in_{}", enc.pos());
     |                                              ^^^ private method
     |
    ::: src\rust\backend\isa\encoder.rs:35:5
     |
  35 |     fn pos(&self) -> u32 { self.code.len() as u32 }
     |     -------------------- private method defined here

error[E0624]: method `jcc` is private
    --> src\rust\backend\isa\stubs.rs:1055:9
     |
1055 |     enc.jcc(0x84, &dds_ins); // JE ÔåÆ empty slot
     |         ^^^ private method
     |
    ::: src\rust\backend\isa\encoder.rs:139:5
     |
 139 |     fn jcc(&mut self, cc: u8, lbl: &str) {
     |     ------------------------------------ private method defined here

error[E0624]: method `emit` is private
    --> src\rust\backend\isa\stubs.rs:1057:9
     |
1057 |     enc.emit(&[0x48, 0x8B, 0x03]); // RAX = keys_ptr
     |         ^^^^ private method
     |
    ::: src\rust\backend\isa\encoder.rs:37:5
     |
  37 |     fn emit(&mut self, bytes: &[u8]) {
     |     -------------------------------- private method defined here

error[E0624]: method `emit` is private
    --> src\rust\backend\isa\stubs.rs:1058:9
     |
1058 |     enc.emit(&[0x48, 0x8B, 0x0C, 0xD0]); // RCX = keys[slot] (ptr to existing string)
     |         ^^^^ private method
     |
    ::: src\rust\backend\isa\encoder.rs:37:5
     |
  37 |     fn emit(&mut self, bytes: &[u8]) {
     |     -------------------------------- private method defined here

error[E0624]: method `mov_rr` is private
    --> src\rust\backend\isa\stubs.rs:1059:9
     |
1059 |     enc.mov_rr(X86Reg::RDX, X86Reg::RSI); // RDX = new key ptr (RSI)
     |         ^^^^^^ private method
     |
    ::: src\rust\backend\isa\encoder.rs:79:5
     |
  79 |     fn mov_rr(&mut self, dst: X86Reg, src: X86Reg) {
     |     ---------------------------------------------- private method defined here

error[E0624]: method `call_label` is private
    --> src\rust\backend\isa\stubs.rs:1060:9
     |
1060 |     enc.call_label("__pyb_str_equals");
     |         ^^^^^^^^^^ private method
     |
    ::: src\rust\backend\isa\encoder.rs:145:5
     |
 145 |     fn call_label(&mut self, lbl: &str) {
     |     ----------------------------------- private method defined here

error[E0624]: method `rex_w` is private
    --> src\rust\backend\isa\stubs.rs:1061:9
     |
1061 |     enc.rex_w(); enc.emit(&[0x85, 0xC0]); // TEST RAX, RAX
     |         ^^^^^ private method
     |
    ::: src\rust\backend\isa\encoder.rs:51:5
     |
  51 |     fn rex_w(&mut self) { self.emit_u8(0x48); }
     |     ------------------- private method defined here

error[E0624]: method `emit` is private
    --> src\rust\backend\isa\stubs.rs:1061:22
     |
1061 |     enc.rex_w(); enc.emit(&[0x85, 0xC0]); // TEST RAX, RAX
     |                      ^^^^ private method
     |
    ::: src\rust\backend\isa\encoder.rs:37:5
     |
  37 |     fn emit(&mut self, bytes: &[u8]) {
     |     -------------------------------- private method defined here

error[E0624]: method `pos` is private
    --> src\rust\backend\isa\stubs.rs:1062:46
     |
1062 |     let dds_fnd = format!("__dds_fn_{}", enc.pos());
     |                                              ^^^ private method
     |
    ::: src\rust\backend\isa\encoder.rs:35:5
     |
  35 |     fn pos(&self) -> u32 { self.code.len() as u32 }
     |     -------------------- private method defined here

error[E0624]: method `jcc` is private
    --> src\rust\backend\isa\stubs.rs:1063:9
     |
1063 |     enc.jcc(0x85, &dds_fnd); // JNE ÔåÆ strings equal, update
     |         ^^^ private method
     |
    ::: src\rust\backend\isa\encoder.rs:139:5
     |
 139 |     fn jcc(&mut self, cc: u8, lbl: &str) {
     |     ------------------------------------ private method defined here

error[E0624]: method `emit` is private
    --> src\rust\backend\isa\stubs.rs:1065:9
     |
1065 |     enc.emit(&[0x48, 0x8B, 0x54, 0x24, 0x20]);
     |         ^^^^ private method
     |
    ::: src\rust\backend\isa\encoder.rs:37:5
     |
  37 |     fn emit(&mut self, bytes: &[u8]) {
     |     -------------------------------- private method defined here

error[E0624]: method `rex_w` is private
    --> src\rust\backend\isa\stubs.rs:1066:9
     |
1066 |     enc.rex_w(); enc.emit(&[0xFF, 0xC2]); // INC slot
     |         ^^^^^ private method
     |
    ::: src\rust\backend\isa\encoder.rs:51:5
     |
  51 |     fn rex_w(&mut self) { self.emit_u8(0x48); }
     |     ------------------- private method defined here

error[E0624]: method `emit` is private
    --> src\rust\backend\isa\stubs.rs:1066:22
     |
1066 |     enc.rex_w(); enc.emit(&[0xFF, 0xC2]); // INC slot
     |                      ^^^^ private method
     |
    ::: src\rust\backend\isa\encoder.rs:37:5
     |
  37 |     fn emit(&mut self, bytes: &[u8]) {
     |     -------------------------------- private method defined here

error[E0624]: method `emit` is private
    --> src\rust\backend\isa\stubs.rs:1067:9
     |
1067 |     enc.emit(&[0x48, 0x8B, 0x4B, 0x20]); // cap
     |         ^^^^ private method
     |
    ::: src\rust\backend\isa\encoder.rs:37:5
     |
  37 |     fn emit(&mut self, bytes: &[u8]) {
     |     -------------------------------- private method defined here

error[E0624]: method `rex_w` is private
    --> src\rust\backend\isa\stubs.rs:1068:9
     |
1068 |     enc.rex_w(); enc.emit(&[0xFF, 0xC9]); // DEC cap
     |         ^^^^^ private method
     |
    ::: src\rust\backend\isa\encoder.rs:51:5
     |
  51 |     fn rex_w(&mut self) { self.emit_u8(0x48); }
     |     ------------------- private method defined here

error[E0624]: method `emit` is private
    --> src\rust\backend\isa\stubs.rs:1068:22
     |
1068 |     enc.rex_w(); enc.emit(&[0xFF, 0xC9]); // DEC cap
     |                      ^^^^ private method
     |
    ::: src\rust\backend\isa\encoder.rs:37:5
     |
  37 |     fn emit(&mut self, bytes: &[u8]) {
     |     -------------------------------- private method defined here

error[E0624]: method `rex_w` is private
    --> src\rust\backend\isa\stubs.rs:1069:9
     |
1069 |     enc.rex_w(); enc.emit(&[0x21, 0xCA]); // AND RDX, RCX
     |         ^^^^^ private method
     |
    ::: src\rust\backend\isa\encoder.rs:51:5
     |
  51 |     fn rex_w(&mut self) { self.emit_u8(0x48); }
     |     ------------------- private method defined here

error[E0624]: method `emit` is private
    --> src\rust\backend\isa\stubs.rs:1069:22
     |
1069 |     enc.rex_w(); enc.emit(&[0x21, 0xCA]); // AND RDX, RCX
     |                      ^^^^ private method
     |
    ::: src\rust\backend\isa\encoder.rs:37:5
     |
  37 |     fn emit(&mut self, bytes: &[u8]) {
     |     -------------------------------- private method defined here

error[E0624]: method `emit` is private
    --> src\rust\backend\isa\stubs.rs:1070:9
     |
1070 |     enc.emit(&[0x48, 0x89, 0x54, 0x24, 0x20]); // save slot
     |         ^^^^ private method
     |
    ::: src\rust\backend\isa\encoder.rs:37:5
     |
  37 |     fn emit(&mut self, bytes: &[u8]) {
     |     -------------------------------- private method defined here

error[E0624]: method `jmp` is private
    --> src\rust\backend\isa\stubs.rs:1071:9
     |
1071 |     enc.jmp(&dds_prb);
     |         ^^^ private method
     |
    ::: src\rust\backend\isa\encoder.rs:133:5
     |
 133 |     fn jmp(&mut self, lbl: &str) {
     |     ---------------------------- private method defined here

error[E0624]: method `label` is private
    --> src\rust\backend\isa\stubs.rs:1073:9
     |
1073 |     enc.label(&dds_ins);
     |         ^^^^^ private method
     |
    ::: src\rust\backend\isa\encoder.rs:129:5
     |
 129 |     fn label(&mut self, name: &str) {
     |     ------------------------------- private method defined here

error[E0624]: method `emit` is private
    --> src\rust\backend\isa\stubs.rs:1074:9
     |
1074 |     enc.emit(&[0x48, 0x8B, 0x54, 0x24, 0x20]); // RDX = slot
     |         ^^^^ private method
     |
    ::: src\rust\backend\isa\encoder.rs:37:5
     |
  37 |     fn emit(&mut self, bytes: &[u8]) {
     |     -------------------------------- private method defined here

error[E0624]: method `emit` is private
    --> src\rust\backend\isa\stubs.rs:1075:9
     |
1075 |     enc.emit(&[0x48, 0x8B, 0x03]); // keys
     |         ^^^^ private method
     |
    ::: src\rust\backend\isa\encoder.rs:37:5
     |
  37 |     fn emit(&mut self, bytes: &[u8]) {
     |     -------------------------------- private method defined here

error[E0624]: method `emit` is private
    --> src\rust\backend\isa\stubs.rs:1076:9
     |
1076 |     enc.emit(&[0x48, 0x89, 0x34, 0xD0]); // keys[slot] = RSI
     |         ^^^^ private method
     |
    ::: src\rust\backend\isa\encoder.rs:37:5
     |
  37 |     fn emit(&mut self, bytes: &[u8]) {
     |     -------------------------------- private method defined here

error[E0624]: method `emit` is private
    --> src\rust\backend\isa\stubs.rs:1077:9
     |
1077 |     enc.emit(&[0x48, 0x8B, 0x43, 0x08]); // vals
     |         ^^^^ private method
     |
    ::: src\rust\backend\isa\encoder.rs:37:5
     |
  37 |     fn emit(&mut self, bytes: &[u8]) {
     |     -------------------------------- private method defined here

error[E0624]: method `emit` is private
    --> src\rust\backend\isa\stubs.rs:1078:9
     |
1078 |     enc.emit(&[0x48, 0x89, 0x3C, 0xD0]); // vals[slot] = RDI
     |         ^^^^ private method
     |
    ::: src\rust\backend\isa\encoder.rs:37:5
     |
  37 |     fn emit(&mut self, bytes: &[u8]) {
     |     -------------------------------- private method defined here

error[E0624]: method `emit` is private
    --> src\rust\backend\isa\stubs.rs:1079:9
     |
1079 |     enc.emit(&[0x48, 0x8B, 0x43, 0x10]); // flags
     |         ^^^^ private method
     |
    ::: src\rust\backend\isa\encoder.rs:37:5
     |
  37 |     fn emit(&mut self, bytes: &[u8]) {
     |     -------------------------------- private method defined here

error[E0624]: method `emit` is private
    --> src\rust\backend\isa\stubs.rs:1080:9
     |
1080 |     enc.emit(&[0xC6, 0x04, 0x10, 0x01]); // flags[slot] = 1
     |         ^^^^ private method
     |
    ::: src\rust\backend\isa\encoder.rs:37:5
     |
  37 |     fn emit(&mut self, bytes: &[u8]) {
     |     -------------------------------- private method defined here

error[E0624]: method `emit` is private
    --> src\rust\backend\isa\stubs.rs:1081:9
     |
1081 |     enc.emit(&[0x48, 0xFF, 0x43, 0x18]); // len++
     |         ^^^^ private method
     |
    ::: src\rust\backend\isa\encoder.rs:37:5
     |
  37 |     fn emit(&mut self, bytes: &[u8]) {
     |     -------------------------------- private method defined here

error[E0624]: method `pos` is private
    --> src\rust\backend\isa\stubs.rs:1082:45
     |
1082 |     let dds_dn = format!("__dds_dn_{}", enc.pos());
     |                                             ^^^ private method
     |
    ::: src\rust\backend\isa\encoder.rs:35:5
     |
  35 |     fn pos(&self) -> u32 { self.code.len() as u32 }
     |     -------------------- private method defined here

error[E0624]: method `jmp` is private
    --> src\rust\backend\isa\stubs.rs:1083:9
     |
1083 |     enc.jmp(&dds_dn);
     |         ^^^ private method
     |
    ::: src\rust\backend\isa\encoder.rs:133:5
     |
 133 |     fn jmp(&mut self, lbl: &str) {
     |     ---------------------------- private method defined here

error[E0624]: method `label` is private
    --> src\rust\backend\isa\stubs.rs:1085:9
     |
1085 |     enc.label(&dds_fnd);
     |         ^^^^^ private method
     |
    ::: src\rust\backend\isa\encoder.rs:129:5
     |
 129 |     fn label(&mut self, name: &str) {
     |     ------------------------------- private method defined here

error[E0624]: method `emit` is private
    --> src\rust\backend\isa\stubs.rs:1086:9
     |
1086 |     enc.emit(&[0x48, 0x8B, 0x54, 0x24, 0x20]); // RDX = slot
     |         ^^^^ private method
     |
    ::: src\rust\backend\isa\encoder.rs:37:5
     |
  37 |     fn emit(&mut self, bytes: &[u8]) {
     |     -------------------------------- private method defined here

error[E0624]: method `emit` is private
    --> src\rust\backend\isa\stubs.rs:1087:9
     |
1087 |     enc.emit(&[0x48, 0x8B, 0x43, 0x08]); // vals
     |         ^^^^ private method
     |
    ::: src\rust\backend\isa\encoder.rs:37:5
     |
  37 |     fn emit(&mut self, bytes: &[u8]) {
     |     -------------------------------- private method defined here

error[E0624]: method `emit` is private
    --> src\rust\backend\isa\stubs.rs:1088:9
     |
1088 |     enc.emit(&[0x48, 0x89, 0x3C, 0xD0]); // vals[slot] = RDI
     |         ^^^^ private method
     |
    ::: src\rust\backend\isa\encoder.rs:37:5
     |
  37 |     fn emit(&mut self, bytes: &[u8]) {
     |     -------------------------------- private method defined here

error[E0624]: method `label` is private
    --> src\rust\backend\isa\stubs.rs:1090:9
     |
1090 |     enc.label(&dds_dn);
     |         ^^^^^ private method
     |
    ::: src\rust\backend\isa\encoder.rs:129:5
     |
 129 |     fn label(&mut self, name: &str) {
     |     ------------------------------- private method defined here

error[E0624]: method `add_rsp` is private
    --> src\rust\backend\isa\stubs.rs:1091:9
     |
1091 |     enc.add_rsp(48);
     |         ^^^^^^^ private method
     |
    ::: src\rust\backend\isa\encoder.rs:126:5
     |
 126 |     fn add_rsp(&mut self, val: u8) { self.rex_w(); self.emit(&[0x83, 0xC4, val]); }
     |     ------------------------------ private method defined here

error[E0624]: method `pop` is private
    --> src\rust\backend\isa\stubs.rs:1092:9
     |
1092 |     enc.pop(X86Reg::R12);
     |         ^^^ private method
     |
    ::: src\rust\backend\isa\encoder.rs:120:5
     |
 120 |     fn pop(&mut self, reg: X86Reg) {
     |     ------------------------------ private method defined here

error[E0624]: method `pop` is private
    --> src\rust\backend\isa\stubs.rs:1093:9
     |
1093 |     enc.pop(X86Reg::RDI);
     |         ^^^ private method
     |
    ::: src\rust\backend\isa\encoder.rs:120:5
     |
 120 |     fn pop(&mut self, reg: X86Reg) {
     |     ------------------------------ private method defined here

error[E0624]: method `pop` is private
    --> src\rust\backend\isa\stubs.rs:1094:9
     |
1094 |     enc.pop(X86Reg::RSI);
     |         ^^^ private method
     |
    ::: src\rust\backend\isa\encoder.rs:120:5
     |
 120 |     fn pop(&mut self, reg: X86Reg) {
     |     ------------------------------ private method defined here

error[E0624]: method `pop` is private
    --> src\rust\backend\isa\stubs.rs:1095:9
     |
1095 |     enc.pop(X86Reg::RBX);
     |         ^^^ private method
     |
    ::: src\rust\backend\isa\encoder.rs:120:5
     |
 120 |     fn pop(&mut self, reg: X86Reg) {
     |     ------------------------------ private method defined here

error[E0624]: method `ret` is private
    --> src\rust\backend\isa\stubs.rs:1096:9
     |
1096 |     enc.ret();
     |         ^^^ private method
     |
    ::: src\rust\backend\isa\encoder.rs:127:5
     |
 127 |     fn ret(&mut self) { self.emit_u8(0xC3); }
     |     ----------------- private method defined here

error[E0624]: method `label` is private
    --> src\rust\backend\isa\stubs.rs:1099:9
     |
1099 |     enc.label("__pyb_dict_str_get");
     |         ^^^^^ private method
     |
    ::: src\rust\backend\isa\encoder.rs:129:5
     |
 129 |     fn label(&mut self, name: &str) {
     |     ------------------------------- private method defined here

error[E0624]: method `push` is private
    --> src\rust\backend\isa\stubs.rs:1100:9
     |
1100 |     enc.push(X86Reg::RBX);
     |         ^^^^ private method
     |
    ::: src\rust\backend\isa\encoder.rs:115:5
     |
 115 |     fn push(&mut self, reg: X86Reg) {
     |     ------------------------------- private method defined here

error[E0624]: method `push` is private
    --> src\rust\backend\isa\stubs.rs:1101:9
     |
1101 |     enc.push(X86Reg::RSI);
     |         ^^^^ private method
     |
    ::: src\rust\backend\isa\encoder.rs:115:5
     |
 115 |     fn push(&mut self, reg: X86Reg) {
     |     ------------------------------- private method defined here

error[E0624]: method `push` is private
    --> src\rust\backend\isa\stubs.rs:1102:9
     |
1102 |     enc.push(X86Reg::R12); // save R12 for key hash
     |         ^^^^ private method
     |
    ::: src\rust\backend\isa\encoder.rs:115:5
     |
 115 |     fn push(&mut self, reg: X86Reg) {
     |     ------------------------------- private method defined here

error[E0624]: method `sub_rsp` is private
    --> src\rust\backend\isa\stubs.rs:1103:9
     |
1103 |     enc.sub_rsp(48);
     |         ^^^^^^^ private method
     |
    ::: src\rust\backend\isa\encoder.rs:125:5
     |
 125 |     fn sub_rsp(&mut self, val: u8) { self.rex_w(); self.emit(&[0x83, 0xEC, val]); }
     |     ------------------------------ private method defined here

error[E0624]: method `mov_rr` is private
    --> src\rust\backend\isa\stubs.rs:1104:9
     |
1104 |     enc.mov_rr(X86Reg::RBX, X86Reg::RCX);
     |         ^^^^^^ private method
     |
    ::: src\rust\backend\isa\encoder.rs:79:5
     |
  79 |     fn mov_rr(&mut self, dst: X86Reg, src: X86Reg) {
     |     ---------------------------------------------- private method defined here

error[E0624]: method `mov_rr` is private
    --> src\rust\backend\isa\stubs.rs:1105:9
     |
1105 |     enc.mov_rr(X86Reg::RSI, X86Reg::RDX);
     |         ^^^^^^ private method
     |
    ::: src\rust\backend\isa\encoder.rs:79:5
     |
  79 |     fn mov_rr(&mut self, dst: X86Reg, src: X86Reg) {
     |     ---------------------------------------------- private method defined here

error[E0624]: method `mov_rr` is private
    --> src\rust\backend\isa\stubs.rs:1107:9
     |
1107 |     enc.mov_rr(X86Reg::RCX, X86Reg::RSI);
     |         ^^^^^^ private method
     |
    ::: src\rust\backend\isa\encoder.rs:79:5
     |
  79 |     fn mov_rr(&mut self, dst: X86Reg, src: X86Reg) {
     |     ---------------------------------------------- private method defined here

error[E0624]: method `call_label` is private
    --> src\rust\backend\isa\stubs.rs:1108:9
     |
1108 |     enc.call_label("__pyb_str_hash");
     |         ^^^^^^^^^^ private method
     |
    ::: src\rust\backend\isa\encoder.rs:145:5
     |
 145 |     fn call_label(&mut self, lbl: &str) {
     |     ----------------------------------- private method defined here

error[E0624]: method `mov_rr` is private
    --> src\rust\backend\isa\stubs.rs:1109:9
     |
1109 |     enc.mov_rr(X86Reg::R12, X86Reg::RAX); // R12 = hash
     |         ^^^^^^ private method
     |
    ::: src\rust\backend\isa\encoder.rs:79:5
     |
  79 |     fn mov_rr(&mut self, dst: X86Reg, src: X86Reg) {
     |     ---------------------------------------------- private method defined here

error[E0624]: method `rex_w` is private
    --> src\rust\backend\isa\stubs.rs:1111:9
     |
1111 |     enc.rex_w(); enc.emit(&[0x85, 0xC0]);
     |         ^^^^^ private method
     |
    ::: src\rust\backend\isa\encoder.rs:51:5
     |
  51 |     fn rex_w(&mut self) { self.emit_u8(0x48); }
     |     ------------------- private method defined here

error[E0624]: method `emit` is private
    --> src\rust\backend\isa\stubs.rs:1111:22
     |
1111 |     enc.rex_w(); enc.emit(&[0x85, 0xC0]);
     |                      ^^^^ private method
     |
    ::: src\rust\backend\isa\encoder.rs:37:5
     |
  37 |     fn emit(&mut self, bytes: &[u8]) {
     |     -------------------------------- private method defined here

error[E0624]: method `pos` is private
    --> src\rust\backend\isa\stubs.rs:1112:41
     |
1112 |     let ddgp = format!("__ddgp_{}", enc.pos());
     |                                         ^^^ private method
     |
    ::: src\rust\backend\isa\encoder.rs:35:5
     |
  35 |     fn pos(&self) -> u32 { self.code.len() as u32 }
     |     -------------------- private method defined here

error[E0624]: method `jcc` is private
    --> src\rust\backend\isa\stubs.rs:1113:9
     |
1113 |     enc.jcc(0x89, &ddgp);
     |         ^^^ private method
     |
    ::: src\rust\backend\isa\encoder.rs:139:5
     |
 139 |     fn jcc(&mut self, cc: u8, lbl: &str) {
     |     ------------------------------------ private method defined here

error[E0624]: method `rex_w` is private
    --> src\rust\backend\isa\stubs.rs:1114:9
     |
1114 |     enc.rex_w(); enc.emit(&[0xF7, 0xD8]); // NEG RAX
     |         ^^^^^ private method
     |
    ::: src\rust\backend\isa\encoder.rs:51:5
     |
  51 |     fn rex_w(&mut self) { self.emit_u8(0x48); }
     |     ------------------- private method defined here

error[E0624]: method `emit` is private
    --> src\rust\backend\isa\stubs.rs:1114:22
     |
1114 |     enc.rex_w(); enc.emit(&[0xF7, 0xD8]); // NEG RAX
     |                      ^^^^ private method
     |
    ::: src\rust\backend\isa\encoder.rs:37:5
     |
  37 |     fn emit(&mut self, bytes: &[u8]) {
     |     -------------------------------- private method defined here

error[E0624]: method `label` is private
    --> src\rust\backend\isa\stubs.rs:1115:9
     |
1115 |     enc.label(&ddgp);
     |         ^^^^^ private method
     |
    ::: src\rust\backend\isa\encoder.rs:129:5
     |
 129 |     fn label(&mut self, name: &str) {
     |     ------------------------------- private method defined here

error[E0624]: method `emit` is private
    --> src\rust\backend\isa\stubs.rs:1116:9
     |
1116 |     enc.emit(&[0x48, 0x8B, 0x4B, 0x20]); // RCX = cap
     |         ^^^^ private method
     |
    ::: src\rust\backend\isa\encoder.rs:37:5
     |
  37 |     fn emit(&mut self, bytes: &[u8]) {
     |     -------------------------------- private method defined here

error[E0624]: method `rex_w` is private
    --> src\rust\backend\isa\stubs.rs:1117:9
     |
1117 |     enc.rex_w(); enc.emit(&[0xFF, 0xC9]); // DEC RCX
     |         ^^^^^ private method
     |
    ::: src\rust\backend\isa\encoder.rs:51:5
     |
  51 |     fn rex_w(&mut self) { self.emit_u8(0x48); }
     |     ------------------- private method defined here

error[E0624]: method `emit` is private
    --> src\rust\backend\isa\stubs.rs:1117:22
     |
1117 |     enc.rex_w(); enc.emit(&[0xFF, 0xC9]); // DEC RCX
     |                      ^^^^ private method
     |
    ::: src\rust\backend\isa\encoder.rs:37:5
     |
  37 |     fn emit(&mut self, bytes: &[u8]) {
     |     -------------------------------- private method defined here

error[E0624]: method `rex_w` is private
    --> src\rust\backend\isa\stubs.rs:1118:9
     |
1118 |     enc.rex_w(); enc.emit(&[0x21, 0xC8]); // AND RAX, RCX
     |         ^^^^^ private method
     |
    ::: src\rust\backend\isa\encoder.rs:51:5
     |
  51 |     fn rex_w(&mut self) { self.emit_u8(0x48); }
     |     ------------------- private method defined here

error[E0624]: method `emit` is private
    --> src\rust\backend\isa\stubs.rs:1118:22
     |
1118 |     enc.rex_w(); enc.emit(&[0x21, 0xC8]); // AND RAX, RCX
     |                      ^^^^ private method
     |
    ::: src\rust\backend\isa\encoder.rs:37:5
     |
  37 |     fn emit(&mut self, bytes: &[u8]) {
     |     -------------------------------- private method defined here

error[E0624]: method `emit` is private
    --> src\rust\backend\isa\stubs.rs:1119:9
     |
1119 |     enc.emit(&[0x48, 0x89, 0x44, 0x24, 0x20]); // RSP+32 = slot
     |         ^^^^ private method
     |
    ::: src\rust\backend\isa\encoder.rs:37:5
     |
  37 |     fn emit(&mut self, bytes: &[u8]) {
     |     -------------------------------- private method defined here

error[E0624]: method `pos` is private
    --> src\rust\backend\isa\stubs.rs:1121:46
     |
1121 |     let ddg_prb = format!("__ddg_pr_{}", enc.pos());
     |                                              ^^^ private method
     |
    ::: src\rust\backend\isa\encoder.rs:35:5
     |
  35 |     fn pos(&self) -> u32 { self.code.len() as u32 }
     |     -------------------- private method defined here

error[E0624]: method `label` is private
    --> src\rust\backend\isa\stubs.rs:1122:9
     |
1122 |     enc.label(&ddg_prb);
     |         ^^^^^ private method
     |
    ::: src\rust\backend\isa\encoder.rs:129:5
     |
 129 |     fn label(&mut self, name: &str) {
     |     ------------------------------- private method defined here

error[E0624]: method `emit` is private
    --> src\rust\backend\isa\stubs.rs:1123:9
     |
1123 |     enc.emit(&[0x48, 0x8B, 0x54, 0x24, 0x20]); // RDX = slot
     |         ^^^^ private method
     |
    ::: src\rust\backend\isa\encoder.rs:37:5
     |
  37 |     fn emit(&mut self, bytes: &[u8]) {
     |     -------------------------------- private method defined here

error[E0624]: method `emit` is private
    --> src\rust\backend\isa\stubs.rs:1124:9
     |
1124 |     enc.emit(&[0x48, 0x8B, 0x43, 0x10]); // flags
     |         ^^^^ private method
     |
    ::: src\rust\backend\isa\encoder.rs:37:5
     |
  37 |     fn emit(&mut self, bytes: &[u8]) {
     |     -------------------------------- private method defined here

error[E0624]: method `emit` is private
    --> src\rust\backend\isa\stubs.rs:1125:9
     |
1125 |     enc.emit(&[0x0F, 0xB6, 0x0C, 0x10]); // ECX = flags[slot]
     |         ^^^^ private method
     |
    ::: src\rust\backend\isa\encoder.rs:37:5
     |
  37 |     fn emit(&mut self, bytes: &[u8]) {
     |     -------------------------------- private method defined here

error[E0624]: method `rex_w` is private
    --> src\rust\backend\isa\stubs.rs:1126:9
     |
1126 |     enc.rex_w(); enc.emit(&[0x85, 0xC9]); // TEST ECX, ECX
     |         ^^^^^ private method
     |
    ::: src\rust\backend\isa\encoder.rs:51:5
     |
  51 |     fn rex_w(&mut self) { self.emit_u8(0x48); }
     |     ------------------- private method defined here

error[E0624]: method `emit` is private
    --> src\rust\backend\isa\stubs.rs:1126:22
     |
1126 |     enc.rex_w(); enc.emit(&[0x85, 0xC9]); // TEST ECX, ECX
     |                      ^^^^ private method
     |
    ::: src\rust\backend\isa\encoder.rs:37:5
     |
  37 |     fn emit(&mut self, bytes: &[u8]) {
     |     -------------------------------- private method defined here

error[E0624]: method `pos` is private
    --> src\rust\backend\isa\stubs.rs:1127:45
     |
1127 |     let ddg_nf = format!("__ddg_nf_{}", enc.pos());
     |                                             ^^^ private method
     |
    ::: src\rust\backend\isa\encoder.rs:35:5
     |
  35 |     fn pos(&self) -> u32 { self.code.len() as u32 }
     |     -------------------- private method defined here

error[E0624]: method `jcc` is private
    --> src\rust\backend\isa\stubs.rs:1128:9
     |
1128 |     enc.jcc(0x84, &ddg_nf); // JE ÔåÆ empty, not found
     |         ^^^ private method
     |
    ::: src\rust\backend\isa\encoder.rs:139:5
     |
 139 |     fn jcc(&mut self, cc: u8, lbl: &str) {
     |     ------------------------------------ private method defined here

error[E0624]: method `emit` is private
    --> src\rust\backend\isa\stubs.rs:1130:9
     |
1130 |     enc.emit(&[0x48, 0x8B, 0x03]); // RAX = keys
     |         ^^^^ private method
     |
    ::: src\rust\backend\isa\encoder.rs:37:5
     |
  37 |     fn emit(&mut self, bytes: &[u8]) {
     |     -------------------------------- private method defined here

error[E0624]: method `emit` is private
    --> src\rust\backend\isa\stubs.rs:1131:9
     |
1131 |     enc.emit(&[0x48, 0x8B, 0x0C, 0xD0]); // RCX = keys[slot]
     |         ^^^^ private method
     |
    ::: src\rust\backend\isa\encoder.rs:37:5
     |
  37 |     fn emit(&mut self, bytes: &[u8]) {
     |     -------------------------------- private method defined here

error[E0624]: method `mov_rr` is private
    --> src\rust\backend\isa\stubs.rs:1132:9
     |
1132 |     enc.mov_rr(X86Reg::RDX, X86Reg::RSI); // RDX = search key
     |         ^^^^^^ private method
     |
    ::: src\rust\backend\isa\encoder.rs:79:5
     |
  79 |     fn mov_rr(&mut self, dst: X86Reg, src: X86Reg) {
     |     ---------------------------------------------- private method defined here

error[E0624]: method `call_label` is private
    --> src\rust\backend\isa\stubs.rs:1133:9
     |
1133 |     enc.call_label("__pyb_str_equals");
     |         ^^^^^^^^^^ private method
     |
    ::: src\rust\backend\isa\encoder.rs:145:5
     |
 145 |     fn call_label(&mut self, lbl: &str) {
     |     ----------------------------------- private method defined here

error[E0624]: method `rex_w` is private
    --> src\rust\backend\isa\stubs.rs:1134:9
     |
1134 |     enc.rex_w(); enc.emit(&[0x85, 0xC0]); // TEST RAX, RAX
     |         ^^^^^ private method
     |
    ::: src\rust\backend\isa\encoder.rs:51:5
     |
  51 |     fn rex_w(&mut self) { self.emit_u8(0x48); }
     |     ------------------- private method defined here

error[E0624]: method `emit` is private
    --> src\rust\backend\isa\stubs.rs:1134:22
     |
1134 |     enc.rex_w(); enc.emit(&[0x85, 0xC0]); // TEST RAX, RAX
     |                      ^^^^ private method
     |
    ::: src\rust\backend\isa\encoder.rs:37:5
     |
  37 |     fn emit(&mut self, bytes: &[u8]) {
     |     -------------------------------- private method defined here

error[E0624]: method `pos` is private
    --> src\rust\backend\isa\stubs.rs:1135:46
     |
1135 |     let ddg_fnd = format!("__ddg_fn_{}", enc.pos());
     |                                              ^^^ private method
     |
    ::: src\rust\backend\isa\encoder.rs:35:5
     |
  35 |     fn pos(&self) -> u32 { self.code.len() as u32 }
     |     -------------------- private method defined here

error[E0624]: method `jcc` is private
    --> src\rust\backend\isa\stubs.rs:1136:9
     |
1136 |     enc.jcc(0x85, &ddg_fnd); // JNE ÔåÆ matched
     |         ^^^ private method
     |
    ::: src\rust\backend\isa\encoder.rs:139:5
     |
 139 |     fn jcc(&mut self, cc: u8, lbl: &str) {
     |     ------------------------------------ private method defined here

error[E0624]: method `emit` is private
    --> src\rust\backend\isa\stubs.rs:1138:9
     |
1138 |     enc.emit(&[0x48, 0x8B, 0x54, 0x24, 0x20]);
     |         ^^^^ private method
     |
    ::: src\rust\backend\isa\encoder.rs:37:5
     |
  37 |     fn emit(&mut self, bytes: &[u8]) {
     |     -------------------------------- private method defined here

error[E0624]: method `rex_w` is private
    --> src\rust\backend\isa\stubs.rs:1139:9
     |
1139 |     enc.rex_w(); enc.emit(&[0xFF, 0xC2]);
     |         ^^^^^ private method
     |
    ::: src\rust\backend\isa\encoder.rs:51:5
     |
  51 |     fn rex_w(&mut self) { self.emit_u8(0x48); }
     |     ------------------- private method defined here

error[E0624]: method `emit` is private
    --> src\rust\backend\isa\stubs.rs:1139:22
     |
1139 |     enc.rex_w(); enc.emit(&[0xFF, 0xC2]);
     |                      ^^^^ private method
     |
    ::: src\rust\backend\isa\encoder.rs:37:5
     |
  37 |     fn emit(&mut self, bytes: &[u8]) {
     |     -------------------------------- private method defined here

error[E0624]: method `emit` is private
    --> src\rust\backend\isa\stubs.rs:1140:9
     |
1140 |     enc.emit(&[0x48, 0x8B, 0x4B, 0x20]);
     |         ^^^^ private method
     |
    ::: src\rust\backend\isa\encoder.rs:37:5
     |
  37 |     fn emit(&mut self, bytes: &[u8]) {
     |     -------------------------------- private method defined here

error[E0624]: method `rex_w` is private
    --> src\rust\backend\isa\stubs.rs:1141:9
     |
1141 |     enc.rex_w(); enc.emit(&[0xFF, 0xC9]);
     |         ^^^^^ private method
     |
    ::: src\rust\backend\isa\encoder.rs:51:5
     |
  51 |     fn rex_w(&mut self) { self.emit_u8(0x48); }
     |     ------------------- private method defined here

error[E0624]: method `emit` is private
    --> src\rust\backend\isa\stubs.rs:1141:22
     |
1141 |     enc.rex_w(); enc.emit(&[0xFF, 0xC9]);
     |                      ^^^^ private method
     |
    ::: src\rust\backend\isa\encoder.rs:37:5
     |
  37 |     fn emit(&mut self, bytes: &[u8]) {
     |     -------------------------------- private method defined here

error[E0624]: method `rex_w` is private
    --> src\rust\backend\isa\stubs.rs:1142:9
     |
1142 |     enc.rex_w(); enc.emit(&[0x21, 0xCA]);
     |         ^^^^^ private method
     |
    ::: src\rust\backend\isa\encoder.rs:51:5
     |
  51 |     fn rex_w(&mut self) { self.emit_u8(0x48); }
     |     ------------------- private method defined here

error[E0624]: method `emit` is private
    --> src\rust\backend\isa\stubs.rs:1142:22
     |
1142 |     enc.rex_w(); enc.emit(&[0x21, 0xCA]);
     |                      ^^^^ private method
     |
    ::: src\rust\backend\isa\encoder.rs:37:5
     |
  37 |     fn emit(&mut self, bytes: &[u8]) {
     |     -------------------------------- private method defined here

error[E0624]: method `emit` is private
    --> src\rust\backend\isa\stubs.rs:1143:9
     |
1143 |     enc.emit(&[0x48, 0x89, 0x54, 0x24, 0x20]);
     |         ^^^^ private method
     |
    ::: src\rust\backend\isa\encoder.rs:37:5
     |
  37 |     fn emit(&mut self, bytes: &[u8]) {
     |     -------------------------------- private method defined here

error[E0624]: method `jmp` is private
    --> src\rust\backend\isa\stubs.rs:1144:9
     |
1144 |     enc.jmp(&ddg_prb);
     |         ^^^ private method
     |
    ::: src\rust\backend\isa\encoder.rs:133:5
     |
 133 |     fn jmp(&mut self, lbl: &str) {
     |     ---------------------------- private method defined here

error[E0624]: method `label` is private
    --> src\rust\backend\isa\stubs.rs:1146:9
     |
1146 |     enc.label(&ddg_fnd);
     |         ^^^^^ private method
     |
    ::: src\rust\backend\isa\encoder.rs:129:5
     |
 129 |     fn label(&mut self, name: &str) {
     |     ------------------------------- private method defined here

error[E0624]: method `emit` is private
    --> src\rust\backend\isa\stubs.rs:1147:9
     |
1147 |     enc.emit(&[0x48, 0x8B, 0x54, 0x24, 0x20]); // RDX = slot
     |         ^^^^ private method
     |
    ::: src\rust\backend\isa\encoder.rs:37:5
     |
  37 |     fn emit(&mut self, bytes: &[u8]) {
     |     -------------------------------- private method defined here

error[E0624]: method `emit` is private
    --> src\rust\backend\isa\stubs.rs:1148:9
     |
1148 |     enc.emit(&[0x48, 0x8B, 0x43, 0x08]); // vals
     |         ^^^^ private method
     |
    ::: src\rust\backend\isa\encoder.rs:37:5
     |
  37 |     fn emit(&mut self, bytes: &[u8]) {
     |     -------------------------------- private method defined here

error[E0624]: method `emit` is private
    --> src\rust\backend\isa\stubs.rs:1149:9
     |
1149 |     enc.emit(&[0x48, 0x8B, 0x04, 0xD0]); // RAX = vals[slot]
     |         ^^^^ private method
     |
    ::: src\rust\backend\isa\encoder.rs:37:5
     |
  37 |     fn emit(&mut self, bytes: &[u8]) {
     |     -------------------------------- private method defined here

error[E0624]: method `pos` is private
    --> src\rust\backend\isa\stubs.rs:1150:45
     |
1150 |     let ddg_dn = format!("__ddg_dn_{}", enc.pos());
     |                                             ^^^ private method
     |
    ::: src\rust\backend\isa\encoder.rs:35:5
     |
  35 |     fn pos(&self) -> u32 { self.code.len() as u32 }
     |     -------------------- private method defined here

error[E0624]: method `jmp` is private
    --> src\rust\backend\isa\stubs.rs:1151:9
     |
1151 |     enc.jmp(&ddg_dn);
     |         ^^^ private method
     |
    ::: src\rust\backend\isa\encoder.rs:133:5
     |
 133 |     fn jmp(&mut self, lbl: &str) {
     |     ---------------------------- private method defined here

error[E0624]: method `label` is private
    --> src\rust\backend\isa\stubs.rs:1153:9
     |
1153 |     enc.label(&ddg_nf);
     |         ^^^^^ private method
     |
    ::: src\rust\backend\isa\encoder.rs:129:5
     |
 129 |     fn label(&mut self, name: &str) {
     |     ------------------------------- private method defined here

error[E0624]: method `xor_rr` is private
    --> src\rust\backend\isa\stubs.rs:1154:9
     |
1154 |     enc.xor_rr(X86Reg::RAX); // return 0
     |         ^^^^^^ private method
     |
    ::: src\rust\backend\isa\encoder.rs:109:5
     |
 109 |     fn xor_rr(&mut self, reg: X86Reg) {
     |     --------------------------------- private method defined here

error[E0624]: method `label` is private
    --> src\rust\backend\isa\stubs.rs:1156:9
     |
1156 |     enc.label(&ddg_dn);
     |         ^^^^^ private method
     |
    ::: src\rust\backend\isa\encoder.rs:129:5
     |
 129 |     fn label(&mut self, name: &str) {
     |     ------------------------------- private method defined here

error[E0624]: method `add_rsp` is private
    --> src\rust\backend\isa\stubs.rs:1157:9
     |
1157 |     enc.add_rsp(48);
     |         ^^^^^^^ private method
     |
    ::: src\rust\backend\isa\encoder.rs:126:5
     |
 126 |     fn add_rsp(&mut self, val: u8) { self.rex_w(); self.emit(&[0x83, 0xC4, val]); }
     |     ------------------------------ private method defined here

error[E0624]: method `pop` is private
    --> src\rust\backend\isa\stubs.rs:1158:9
     |
1158 |     enc.pop(X86Reg::R12);
     |         ^^^ private method
     |
    ::: src\rust\backend\isa\encoder.rs:120:5
     |
 120 |     fn pop(&mut self, reg: X86Reg) {
     |     ------------------------------ private method defined here

error[E0624]: method `pop` is private
    --> src\rust\backend\isa\stubs.rs:1159:9
     |
1159 |     enc.pop(X86Reg::RSI);
     |         ^^^ private method
     |
    ::: src\rust\backend\isa\encoder.rs:120:5
     |
 120 |     fn pop(&mut self, reg: X86Reg) {
     |     ------------------------------ private method defined here

error[E0624]: method `pop` is private
    --> src\rust\backend\isa\stubs.rs:1160:9
     |
1160 |     enc.pop(X86Reg::RBX);
     |         ^^^ private method
     |
    ::: src\rust\backend\isa\encoder.rs:120:5
     |
 120 |     fn pop(&mut self, reg: X86Reg) {
     |     ------------------------------ private method defined here

error[E0624]: method `ret` is private
    --> src\rust\backend\isa\stubs.rs:1161:9
     |
1161 |     enc.ret();
     |         ^^^ private method
     |
    ::: src\rust\backend\isa\encoder.rs:127:5
     |
 127 |     fn ret(&mut self) { self.emit_u8(0xC3); }
     |     ----------------- private method defined here

error[E0624]: method `label` is private
    --> src\rust\backend\isa\stubs.rs:1164:9
     |
1164 |     enc.label("__pyb_dict_len");
     |         ^^^^^ private method
     |
    ::: src\rust\backend\isa\encoder.rs:129:5
     |
 129 |     fn label(&mut self, name: &str) {
     |     ------------------------------- private method defined here

error[E0624]: method `emit` is private
    --> src\rust\backend\isa\stubs.rs:1165:9
     |
1165 |     enc.emit(&[0x48, 0x8B, 0x41, 0x18]); // MOV RAX, [RCX+24]
     |         ^^^^ private method
     |
    ::: src\rust\backend\isa\encoder.rs:37:5
     |
  37 |     fn emit(&mut self, bytes: &[u8]) {
     |     -------------------------------- private method defined here

error[E0624]: method `ret` is private
    --> src\rust\backend\isa\stubs.rs:1166:9
     |
1166 |     enc.ret();
     |         ^^^ private method
     |
    ::: src\rust\backend\isa\encoder.rs:127:5
     |
 127 |     fn ret(&mut self) { self.emit_u8(0xC3); }
     |     ----------------- private method defined here

error[E0624]: method `label` is private
    --> src\rust\backend\isa\stubs.rs:1173:9
     |
1173 |     enc.label("__pyb_obj_set_field");
     |         ^^^^^ private method
     |
    ::: src\rust\backend\isa\encoder.rs:129:5
     |
 129 |     fn label(&mut self, name: &str) {
     |     ------------------------------- private method defined here

error[E0624]: method `emit` is private
    --> src\rust\backend\isa\stubs.rs:1174:9
     |
1174 |     enc.emit(&[0x4C, 0x89, 0x04, 0x11]); // MOV [RCX+RDX], R8
     |         ^^^^ private method
     |
    ::: src\rust\backend\isa\encoder.rs:37:5
     |
  37 |     fn emit(&mut self, bytes: &[u8]) {
     |     -------------------------------- private method defined here

error[E0624]: method `ret` is private
    --> src\rust\backend\isa\stubs.rs:1175:9
     |
1175 |     enc.ret();
     |         ^^^ private method
     |
    ::: src\rust\backend\isa\encoder.rs:127:5
     |
 127 |     fn ret(&mut self) { self.emit_u8(0xC3); }
     |     ----------------- private method defined here

error[E0624]: method `label` is private
    --> src\rust\backend\isa\stubs.rs:1179:9
     |
1179 |     enc.label("__pyb_obj_get_field");
     |         ^^^^^ private method
     |
    ::: src\rust\backend\isa\encoder.rs:129:5
     |
 129 |     fn label(&mut self, name: &str) {
     |     ------------------------------- private method defined here

error[E0624]: method `emit` is private
    --> src\rust\backend\isa\stubs.rs:1180:9
     |
1180 |     enc.emit(&[0x48, 0x8B, 0x04, 0x11]); // MOV RAX, [RCX+RDX]
     |         ^^^^ private method
     |
    ::: src\rust\backend\isa\encoder.rs:37:5
     |
  37 |     fn emit(&mut self, bytes: &[u8]) {
     |     -------------------------------- private method defined here

error[E0624]: method `ret` is private
    --> src\rust\backend\isa\stubs.rs:1181:9
     |
1181 |     enc.ret();
     |         ^^^ private method
     |
    ::: src\rust\backend\isa\encoder.rs:127:5
     |
 127 |     fn ret(&mut self) { self.emit_u8(0xC3); }
     |     ----------------- private method defined here

error[E0624]: method `label` is private
    --> src\rust\backend\isa\stubs.rs:1186:9
     |
1186 |     enc.label("__pyb_os_getcwd");
     |         ^^^^^ private method
     |
    ::: src\rust\backend\isa\encoder.rs:129:5
     |
 129 |     fn label(&mut self, name: &str) {
     |     ------------------------------- private method defined here

error[E0624]: method `push` is private
    --> src\rust\backend\isa\stubs.rs:1187:9
     |
1187 |     enc.push(X86Reg::RBX);
     |         ^^^^ private method
     |
    ::: src\rust\backend\isa\encoder.rs:115:5
     |
 115 |     fn push(&mut self, reg: X86Reg) {
     |     ------------------------------- private method defined here

error[E0624]: method `sub_rsp` is private
    --> src\rust\backend\isa\stubs.rs:1188:9
     |
1188 |     enc.sub_rsp(32);
     |         ^^^^^^^ private method
     |
    ::: src\rust\backend\isa\encoder.rs:125:5
     |
 125 |     fn sub_rsp(&mut self, val: u8) { self.rex_w(); self.emit(&[0x83, 0xEC, val]); }
     |     ------------------------------ private method defined here

error[E0624]: method `mov_imm64` is private
    --> src\rust\backend\isa\stubs.rs:1189:9
     |
1189 |     enc.mov_imm64(X86Reg::RCX, 260);
     |         ^^^^^^^^^ private method
     |
    ::: src\rust\backend\isa\encoder.rs:70:5
     |
  70 |     fn mov_imm64(&mut self, reg: X86Reg, val: i64) {
     |     ---------------------------------------------- private method defined here

error[E0624]: method `call_label` is private
    --> src\rust\backend\isa\stubs.rs:1190:9
     |
1190 |     enc.call_label("__pyb_heap_alloc");
     |         ^^^^^^^^^^ private method
     |
    ::: src\rust\backend\isa\encoder.rs:145:5
     |
 145 |     fn call_label(&mut self, lbl: &str) {
     |     ----------------------------------- private method defined here

error[E0624]: method `mov_rr` is private
    --> src\rust\backend\isa\stubs.rs:1191:9
     |
1191 |     enc.mov_rr(X86Reg::RBX, X86Reg::RAX);
     |         ^^^^^^ private method
     |
    ::: src\rust\backend\isa\encoder.rs:79:5
     |
  79 |     fn mov_rr(&mut self, dst: X86Reg, src: X86Reg) {
     |     ---------------------------------------------- private method defined here

error[E0624]: method `mov_imm64` is private
    --> src\rust\backend\isa\stubs.rs:1192:9
     |
1192 |     enc.mov_imm64(X86Reg::RCX, 260);
     |         ^^^^^^^^^ private method
     |
    ::: src\rust\backend\isa\encoder.rs:70:5
     |
  70 |     fn mov_imm64(&mut self, reg: X86Reg, val: i64) {
     |     ---------------------------------------------- private method defined here

error[E0624]: method `mov_rr` is private
    --> src\rust\backend\isa\stubs.rs:1193:9
     |
1193 |     enc.mov_rr(X86Reg::RDX, X86Reg::RBX);
     |         ^^^^^^ private method
     |
    ::: src\rust\backend\isa\encoder.rs:79:5
     |
  79 |     fn mov_rr(&mut self, dst: X86Reg, src: X86Reg) {
     |     ---------------------------------------------- private method defined here

error[E0624]: method `call_iat` is private
    --> src\rust\backend\isa\stubs.rs:1194:9
     |
1194 |     enc.call_iat(IAT_GET_CURRENT_DIRECTORY);
     |         ^^^^^^^^ private method
     |
    ::: src\rust\backend\isa\encoder.rs:152:5
     |
 152 |     fn call_iat(&mut self, slot: usize) {
     |     ----------------------------------- private method defined here

error[E0624]: method `mov_rr` is private
    --> src\rust\backend\isa\stubs.rs:1195:9
     |
1195 |     enc.mov_rr(X86Reg::RAX, X86Reg::RBX);
     |         ^^^^^^ private method
     |
    ::: src\rust\backend\isa\encoder.rs:79:5
     |
  79 |     fn mov_rr(&mut self, dst: X86Reg, src: X86Reg) {
     |     ---------------------------------------------- private method defined here

error[E0624]: method `add_rsp` is private
    --> src\rust\backend\isa\stubs.rs:1196:9
     |
1196 |     enc.add_rsp(32);
     |         ^^^^^^^ private method
     |
    ::: src\rust\backend\isa\encoder.rs:126:5
     |
 126 |     fn add_rsp(&mut self, val: u8) { self.rex_w(); self.emit(&[0x83, 0xC4, val]); }
     |     ------------------------------ private method defined here

error[E0624]: method `pop` is private
    --> src\rust\backend\isa\stubs.rs:1197:9
     |
1197 |     enc.pop(X86Reg::RBX);
     |         ^^^ private method
     |
    ::: src\rust\backend\isa\encoder.rs:120:5
     |
 120 |     fn pop(&mut self, reg: X86Reg) {
     |     ------------------------------ private method defined here

error[E0624]: method `ret` is private
    --> src\rust\backend\isa\stubs.rs:1198:9
     |
1198 |     enc.ret();
     |         ^^^ private method
     |
    ::: src\rust\backend\isa\encoder.rs:127:5
     |
 127 |     fn ret(&mut self) { self.emit_u8(0xC3); }
     |     ----------------- private method defined here

error[E0624]: method `label` is private
    --> src\rust\backend\isa\stubs.rs:1201:9
     |
1201 |     enc.label("__pyb_os_path_exists");
     |         ^^^^^ private method
     |
    ::: src\rust\backend\isa\encoder.rs:129:5
     |
 129 |     fn label(&mut self, name: &str) {
     |     ------------------------------- private method defined here

error[E0624]: method `sub_rsp` is private
    --> src\rust\backend\isa\stubs.rs:1202:9
     |
1202 |     enc.sub_rsp(32);
     |         ^^^^^^^ private method
     |
    ::: src\rust\backend\isa\encoder.rs:125:5
     |
 125 |     fn sub_rsp(&mut self, val: u8) { self.rex_w(); self.emit(&[0x83, 0xEC, val]); }
     |     ------------------------------ private method defined here

error[E0624]: method `call_iat` is private
    --> src\rust\backend\isa\stubs.rs:1203:9
     |
1203 |     enc.call_iat(IAT_GET_FILE_ATTRIBUTES);
     |         ^^^^^^^^ private method
     |
    ::: src\rust\backend\isa\encoder.rs:152:5
     |
 152 |     fn call_iat(&mut self, slot: usize) {
     |     ----------------------------------- private method defined here

error[E0624]: method `emit` is private
    --> src\rust\backend\isa\stubs.rs:1204:9
     |
1204 |     enc.emit(&[0x48, 0x83, 0xF8, 0xFF]); // CMP RAX, -1
     |         ^^^^ private method
     |
    ::: src\rust\backend\isa\encoder.rs:37:5
     |
  37 |     fn emit(&mut self, bytes: &[u8]) {
     |     -------------------------------- private method defined here

error[E0624]: method `pos` is private
    --> src\rust\backend\isa\stubs.rs:1205:43
     |
1205 |     let pe_nf = format!("__pe_nf_{}", enc.pos());
     |                                           ^^^ private method
     |
    ::: src\rust\backend\isa\encoder.rs:35:5
     |
  35 |     fn pos(&self) -> u32 { self.code.len() as u32 }
     |     -------------------- private method defined here

error[E0624]: method `jcc` is private
    --> src\rust\backend\isa\stubs.rs:1206:9
     |
1206 |     enc.jcc(0x84, &pe_nf);
     |         ^^^ private method
     |
    ::: src\rust\backend\isa\encoder.rs:139:5
     |
 139 |     fn jcc(&mut self, cc: u8, lbl: &str) {
     |     ------------------------------------ private method defined here

error[E0624]: method `mov_imm64` is private
    --> src\rust\backend\isa\stubs.rs:1207:9
     |
1207 |     enc.mov_imm64(X86Reg::RAX, 1);
     |         ^^^^^^^^^ private method
     |
    ::: src\rust\backend\isa\encoder.rs:70:5
     |
  70 |     fn mov_imm64(&mut self, reg: X86Reg, val: i64) {
     |     ---------------------------------------------- private method defined here

error[E0624]: method `pos` is private
    --> src\rust\backend\isa\stubs.rs:1208:43
     |
1208 |     let pe_dn = format!("__pe_dn_{}", enc.pos());
     |                                           ^^^ private method
     |
    ::: src\rust\backend\isa\encoder.rs:35:5
     |
  35 |     fn pos(&self) -> u32 { self.code.len() as u32 }
     |     -------------------- private method defined here

error[E0624]: method `jmp` is private
    --> src\rust\backend\isa\stubs.rs:1209:9
     |
1209 |     enc.jmp(&pe_dn);
     |         ^^^ private method
     |
    ::: src\rust\backend\isa\encoder.rs:133:5
     |
 133 |     fn jmp(&mut self, lbl: &str) {
     |     ---------------------------- private method defined here

error[E0624]: method `label` is private
    --> src\rust\backend\isa\stubs.rs:1210:9
     |
1210 |     enc.label(&pe_nf);
     |         ^^^^^ private method
     |
    ::: src\rust\backend\isa\encoder.rs:129:5
     |
 129 |     fn label(&mut self, name: &str) {
     |     ------------------------------- private method defined here

error[E0624]: method `xor_rr` is private
    --> src\rust\backend\isa\stubs.rs:1211:9
     |
1211 |     enc.xor_rr(X86Reg::RAX);
     |         ^^^^^^ private method
     |
    ::: src\rust\backend\isa\encoder.rs:109:5
     |
 109 |     fn xor_rr(&mut self, reg: X86Reg) {
     |     --------------------------------- private method defined here

error[E0624]: method `label` is private
    --> src\rust\backend\isa\stubs.rs:1212:9
     |
1212 |     enc.label(&pe_dn);
     |         ^^^^^ private method
     |
    ::: src\rust\backend\isa\encoder.rs:129:5
     |
 129 |     fn label(&mut self, name: &str) {
     |     ------------------------------- private method defined here

error[E0624]: method `add_rsp` is private
    --> src\rust\backend\isa\stubs.rs:1213:9
     |
1213 |     enc.add_rsp(32);
     |         ^^^^^^^ private method
     |
    ::: src\rust\backend\isa\encoder.rs:126:5
     |
 126 |     fn add_rsp(&mut self, val: u8) { self.rex_w(); self.emit(&[0x83, 0xC4, val]); }
     |     ------------------------------ private method defined here

error[E0624]: method `ret` is private
    --> src\rust\backend\isa\stubs.rs:1214:9
     |
1214 |     enc.ret();
     |         ^^^ private method
     |
    ::: src\rust\backend\isa\encoder.rs:127:5
     |
 127 |     fn ret(&mut self) { self.emit_u8(0xC3); }
     |     ----------------- private method defined here

error[E0624]: method `label` is private
    --> src\rust\backend\isa\stubs.rs:1217:9
     |
1217 |     enc.label("__pyb_os_getpid");
     |         ^^^^^ private method
     |
    ::: src\rust\backend\isa\encoder.rs:129:5
     |
 129 |     fn label(&mut self, name: &str) {
     |     ------------------------------- private method defined here

error[E0624]: method `sub_rsp` is private
    --> src\rust\backend\isa\stubs.rs:1218:9
     |
1218 |     enc.sub_rsp(32);
     |         ^^^^^^^ private method
     |
    ::: src\rust\backend\isa\encoder.rs:125:5
     |
 125 |     fn sub_rsp(&mut self, val: u8) { self.rex_w(); self.emit(&[0x83, 0xEC, val]); }
     |     ------------------------------ private method defined here

error[E0624]: method `call_iat` is private
    --> src\rust\backend\isa\stubs.rs:1219:9
     |
1219 |     enc.call_iat(IAT_GET_CURRENT_PROCESS_ID);
     |         ^^^^^^^^ private method
     |
    ::: src\rust\backend\isa\encoder.rs:152:5
     |
 152 |     fn call_iat(&mut self, slot: usize) {
     |     ----------------------------------- private method defined here

error[E0624]: method `add_rsp` is private
    --> src\rust\backend\isa\stubs.rs:1220:9
     |
1220 |     enc.add_rsp(32);
     |         ^^^^^^^ private method
     |
    ::: src\rust\backend\isa\encoder.rs:126:5
     |
 126 |     fn add_rsp(&mut self, val: u8) { self.rex_w(); self.emit(&[0x83, 0xC4, val]); }
     |     ------------------------------ private method defined here

error[E0624]: method `ret` is private
    --> src\rust\backend\isa\stubs.rs:1221:9
     |
1221 |     enc.ret();
     |         ^^^ private method
     |
    ::: src\rust\backend\isa\encoder.rs:127:5
     |
 127 |     fn ret(&mut self) { self.emit_u8(0xC3); }
     |     ----------------- private method defined here

error[E0624]: method `label` is private
    --> src\rust\backend\isa\stubs.rs:1224:9
     |
1224 |     enc.label("__pyb_os_mkdir");
     |         ^^^^^ private method
     |
    ::: src\rust\backend\isa\encoder.rs:129:5
     |
 129 |     fn label(&mut self, name: &str) {
     |     ------------------------------- private method defined here

error[E0624]: method `sub_rsp` is private
    --> src\rust\backend\isa\stubs.rs:1225:9
     |
1225 |     enc.sub_rsp(32);
     |         ^^^^^^^ private method
     |
    ::: src\rust\backend\isa\encoder.rs:125:5
     |
 125 |     fn sub_rsp(&mut self, val: u8) { self.rex_w(); self.emit(&[0x83, 0xEC, val]); }
     |     ------------------------------ private method defined here

error[E0624]: method `xor_rr` is private
    --> src\rust\backend\isa\stubs.rs:1226:9
     |
1226 |     enc.xor_rr(X86Reg::RDX);
     |         ^^^^^^ private method
     |
    ::: src\rust\backend\isa\encoder.rs:109:5
     |
 109 |     fn xor_rr(&mut self, reg: X86Reg) {
     |     --------------------------------- private method defined here

error[E0624]: method `call_iat` is private
    --> src\rust\backend\isa\stubs.rs:1227:9
     |
1227 |     enc.call_iat(IAT_CREATE_DIRECTORY);
     |         ^^^^^^^^ private method
     |
    ::: src\rust\backend\isa\encoder.rs:152:5
     |
 152 |     fn call_iat(&mut self, slot: usize) {
     |     ----------------------------------- private method defined here

error[E0624]: method `add_rsp` is private
    --> src\rust\backend\isa\stubs.rs:1228:9
     |
1228 |     enc.add_rsp(32);
     |         ^^^^^^^ private method
     |
    ::: src\rust\backend\isa\encoder.rs:126:5
     |
 126 |     fn add_rsp(&mut self, val: u8) { self.rex_w(); self.emit(&[0x83, 0xC4, val]); }
     |     ------------------------------ private method defined here

error[E0624]: method `ret` is private
    --> src\rust\backend\isa\stubs.rs:1229:9
     |
1229 |     enc.ret();
     |         ^^^ private method
     |
    ::: src\rust\backend\isa\encoder.rs:127:5
     |
 127 |     fn ret(&mut self) { self.emit_u8(0xC3); }
     |     ----------------- private method defined here

error[E0624]: method `label` is private
    --> src\rust\backend\isa\stubs.rs:1232:9
     |
1232 |     enc.label("__pyb_os_remove");
     |         ^^^^^ private method
     |
    ::: src\rust\backend\isa\encoder.rs:129:5
     |
 129 |     fn label(&mut self, name: &str) {
     |     ------------------------------- private method defined here

error[E0624]: method `sub_rsp` is private
    --> src\rust\backend\isa\stubs.rs:1233:9
     |
1233 |     enc.sub_rsp(32);
     |         ^^^^^^^ private method
     |
    ::: src\rust\backend\isa\encoder.rs:125:5
     |
 125 |     fn sub_rsp(&mut self, val: u8) { self.rex_w(); self.emit(&[0x83, 0xEC, val]); }
     |     ------------------------------ private method defined here

error[E0624]: method `call_iat` is private
    --> src\rust\backend\isa\stubs.rs:1234:9
     |
1234 |     enc.call_iat(IAT_DELETE_FILE);
     |         ^^^^^^^^ private method
     |
    ::: src\rust\backend\isa\encoder.rs:152:5
     |
 152 |     fn call_iat(&mut self, slot: usize) {
     |     ----------------------------------- private method defined here

error[E0624]: method `add_rsp` is private
    --> src\rust\backend\isa\stubs.rs:1235:9
     |
1235 |     enc.add_rsp(32);
     |         ^^^^^^^ private method
     |
    ::: src\rust\backend\isa\encoder.rs:126:5
     |
 126 |     fn add_rsp(&mut self, val: u8) { self.rex_w(); self.emit(&[0x83, 0xC4, val]); }
     |     ------------------------------ private method defined here

error[E0624]: method `ret` is private
    --> src\rust\backend\isa\stubs.rs:1236:9
     |
1236 |     enc.ret();
     |         ^^^ private method
     |
    ::: src\rust\backend\isa\encoder.rs:127:5
     |
 127 |     fn ret(&mut self) { self.emit_u8(0xC3); }
     |     ----------------- private method defined here

error[E0624]: method `label` is private
    --> src\rust\backend\isa\stubs.rs:1239:9
     |
1239 |     enc.label("__pyb_os_rename");
     |         ^^^^^ private method
     |
    ::: src\rust\backend\isa\encoder.rs:129:5
     |
 129 |     fn label(&mut self, name: &str) {
     |     ------------------------------- private method defined here

error[E0624]: method `sub_rsp` is private
    --> src\rust\backend\isa\stubs.rs:1240:9
     |
1240 |     enc.sub_rsp(32);
     |         ^^^^^^^ private method
     |
    ::: src\rust\backend\isa\encoder.rs:125:5
     |
 125 |     fn sub_rsp(&mut self, val: u8) { self.rex_w(); self.emit(&[0x83, 0xEC, val]); }
     |     ------------------------------ private method defined here

error[E0624]: method `call_iat` is private
    --> src\rust\backend\isa\stubs.rs:1241:9
     |
1241 |     enc.call_iat(IAT_MOVE_FILE);
     |         ^^^^^^^^ private method
     |
    ::: src\rust\backend\isa\encoder.rs:152:5
     |
 152 |     fn call_iat(&mut self, slot: usize) {
     |     ----------------------------------- private method defined here

error[E0624]: method `add_rsp` is private
    --> src\rust\backend\isa\stubs.rs:1242:9
     |
1242 |     enc.add_rsp(32);
     |         ^^^^^^^ private method
     |
    ::: src\rust\backend\isa\encoder.rs:126:5
     |
 126 |     fn add_rsp(&mut self, val: u8) { self.rex_w(); self.emit(&[0x83, 0xC4, val]); }
     |     ------------------------------ private method defined here

error[E0624]: method `ret` is private
    --> src\rust\backend\isa\stubs.rs:1243:9
     |
1243 |     enc.ret();
     |         ^^^ private method
     |
    ::: src\rust\backend\isa\encoder.rs:127:5
     |
 127 |     fn ret(&mut self) { self.emit_u8(0xC3); }
     |     ----------------- private method defined here

error[E0624]: method `label` is private
    --> src\rust\backend\isa\stubs.rs:1246:9
     |
1246 |     enc.label("__pyb_os_environ_get");
     |         ^^^^^ private method
     |
    ::: src\rust\backend\isa\encoder.rs:129:5
     |
 129 |     fn label(&mut self, name: &str) {
     |     ------------------------------- private method defined here

error[E0624]: method `push` is private
    --> src\rust\backend\isa\stubs.rs:1247:9
     |
1247 |     enc.push(X86Reg::RBX);
     |         ^^^^ private method
     |
    ::: src\rust\backend\isa\encoder.rs:115:5
     |
 115 |     fn push(&mut self, reg: X86Reg) {
     |     ------------------------------- private method defined here

error[E0624]: method `push` is private
    --> src\rust\backend\isa\stubs.rs:1248:9
     |
1248 |     enc.push(X86Reg::RSI);
     |         ^^^^ private method
     |
    ::: src\rust\backend\isa\encoder.rs:115:5
     |
 115 |     fn push(&mut self, reg: X86Reg) {
     |     ------------------------------- private method defined here

error[E0624]: method `sub_rsp` is private
    --> src\rust\backend\isa\stubs.rs:1249:9
     |
1249 |     enc.sub_rsp(32);
     |         ^^^^^^^ private method
     |
    ::: src\rust\backend\isa\encoder.rs:125:5
     |
 125 |     fn sub_rsp(&mut self, val: u8) { self.rex_w(); self.emit(&[0x83, 0xEC, val]); }
     |     ------------------------------ private method defined here

error[E0624]: method `mov_rr` is private
    --> src\rust\backend\isa\stubs.rs:1250:9
     |
1250 |     enc.mov_rr(X86Reg::RSI, X86Reg::RCX);
     |         ^^^^^^ private method
     |
    ::: src\rust\backend\isa\encoder.rs:79:5
     |
  79 |     fn mov_rr(&mut self, dst: X86Reg, src: X86Reg) {
     |     ---------------------------------------------- private method defined here

error[E0624]: method `mov_imm64` is private
    --> src\rust\backend\isa\stubs.rs:1251:9
     |
1251 |     enc.mov_imm64(X86Reg::RCX, 1024);
     |         ^^^^^^^^^ private method
     |
    ::: src\rust\backend\isa\encoder.rs:70:5
     |
  70 |     fn mov_imm64(&mut self, reg: X86Reg, val: i64) {
     |     ---------------------------------------------- private method defined here

error[E0624]: method `call_label` is private
    --> src\rust\backend\isa\stubs.rs:1252:9
     |
1252 |     enc.call_label("__pyb_heap_alloc");
     |         ^^^^^^^^^^ private method
     |
    ::: src\rust\backend\isa\encoder.rs:145:5
     |
 145 |     fn call_label(&mut self, lbl: &str) {
     |     ----------------------------------- private method defined here

error[E0624]: method `mov_rr` is private
    --> src\rust\backend\isa\stubs.rs:1253:9
     |
1253 |     enc.mov_rr(X86Reg::RBX, X86Reg::RAX);
     |         ^^^^^^ private method
     |
    ::: src\rust\backend\isa\encoder.rs:79:5
     |
  79 |     fn mov_rr(&mut self, dst: X86Reg, src: X86Reg) {
     |     ---------------------------------------------- private method defined here

error[E0624]: method `mov_rr` is private
    --> src\rust\backend\isa\stubs.rs:1254:9
     |
1254 |     enc.mov_rr(X86Reg::RCX, X86Reg::RSI);
     |         ^^^^^^ private method
     |
    ::: src\rust\backend\isa\encoder.rs:79:5
     |
  79 |     fn mov_rr(&mut self, dst: X86Reg, src: X86Reg) {
     |     ---------------------------------------------- private method defined here

error[E0624]: method `mov_rr` is private
    --> src\rust\backend\isa\stubs.rs:1255:9
     |
1255 |     enc.mov_rr(X86Reg::RDX, X86Reg::RBX);
     |         ^^^^^^ private method
     |
    ::: src\rust\backend\isa\encoder.rs:79:5
     |
  79 |     fn mov_rr(&mut self, dst: X86Reg, src: X86Reg) {
     |     ---------------------------------------------- private method defined here

error[E0624]: method `mov_imm64` is private
    --> src\rust\backend\isa\stubs.rs:1256:9
     |
1256 |     enc.mov_imm64(X86Reg::R8, 1024);
     |         ^^^^^^^^^ private method
     |
    ::: src\rust\backend\isa\encoder.rs:70:5
     |
  70 |     fn mov_imm64(&mut self, reg: X86Reg, val: i64) {
     |     ---------------------------------------------- private method defined here

error[E0624]: method `call_iat` is private
    --> src\rust\backend\isa\stubs.rs:1257:9
     |
1257 |     enc.call_iat(IAT_GET_ENVIRONMENT_VARIABLE);
     |         ^^^^^^^^ private method
     |
    ::: src\rust\backend\isa\encoder.rs:152:5
     |
 152 |     fn call_iat(&mut self, slot: usize) {
     |     ----------------------------------- private method defined here

error[E0624]: method `rex_w` is private
    --> src\rust\backend\isa\stubs.rs:1258:9
     |
1258 |     enc.rex_w(); enc.emit(&[0x85, 0xC0]);
     |         ^^^^^ private method
     |
    ::: src\rust\backend\isa\encoder.rs:51:5
     |
  51 |     fn rex_w(&mut self) { self.emit_u8(0x48); }
     |     ------------------- private method defined here

error[E0624]: method `emit` is private
    --> src\rust\backend\isa\stubs.rs:1258:22
     |
1258 |     enc.rex_w(); enc.emit(&[0x85, 0xC0]);
     |                      ^^^^ private method
     |
    ::: src\rust\backend\isa\encoder.rs:37:5
     |
  37 |     fn emit(&mut self, bytes: &[u8]) {
     |     -------------------------------- private method defined here

error[E0624]: method `pos` is private
    --> src\rust\backend\isa\stubs.rs:1259:43
     |
1259 |     let eg_nf = format!("__eg_nf_{}", enc.pos());
     |                                           ^^^ private method
     |
    ::: src\rust\backend\isa\encoder.rs:35:5
     |
  35 |     fn pos(&self) -> u32 { self.code.len() as u32 }
     |     -------------------- private method defined here

error[E0624]: method `jcc` is private
    --> src\rust\backend\isa\stubs.rs:1260:9
     |
1260 |     enc.jcc(0x84, &eg_nf);
     |         ^^^ private method
     |
    ::: src\rust\backend\isa\encoder.rs:139:5
     |
 139 |     fn jcc(&mut self, cc: u8, lbl: &str) {
     |     ------------------------------------ private method defined here

error[E0624]: method `mov_rr` is private
    --> src\rust\backend\isa\stubs.rs:1261:9
     |
1261 |     enc.mov_rr(X86Reg::RAX, X86Reg::RBX);
     |         ^^^^^^ private method
     |
    ::: src\rust\backend\isa\encoder.rs:79:5
     |
  79 |     fn mov_rr(&mut self, dst: X86Reg, src: X86Reg) {
     |     ---------------------------------------------- private method defined here

error[E0624]: method `pos` is private
    --> src\rust\backend\isa\stubs.rs:1262:43
     |
1262 |     let eg_dn = format!("__eg_dn_{}", enc.pos());
     |                                           ^^^ private method
     |
    ::: src\rust\backend\isa\encoder.rs:35:5
     |
  35 |     fn pos(&self) -> u32 { self.code.len() as u32 }
     |     -------------------- private method defined here

error[E0624]: method `jmp` is private
    --> src\rust\backend\isa\stubs.rs:1263:9
     |
1263 |     enc.jmp(&eg_dn);
     |         ^^^ private method
     |
    ::: src\rust\backend\isa\encoder.rs:133:5
     |
 133 |     fn jmp(&mut self, lbl: &str) {
     |     ---------------------------- private method defined here

error[E0624]: method `label` is private
    --> src\rust\backend\isa\stubs.rs:1264:9
     |
1264 |     enc.label(&eg_nf);
     |         ^^^^^ private method
     |
    ::: src\rust\backend\isa\encoder.rs:129:5
     |
 129 |     fn label(&mut self, name: &str) {
     |     ------------------------------- private method defined here

error[E0624]: method `xor_rr` is private
    --> src\rust\backend\isa\stubs.rs:1265:9
     |
1265 |     enc.xor_rr(X86Reg::RAX);
     |         ^^^^^^ private method
     |
    ::: src\rust\backend\isa\encoder.rs:109:5
     |
 109 |     fn xor_rr(&mut self, reg: X86Reg) {
     |     --------------------------------- private method defined here

error[E0624]: method `label` is private
    --> src\rust\backend\isa\stubs.rs:1266:9
     |
1266 |     enc.label(&eg_dn);
     |         ^^^^^ private method
     |
    ::: src\rust\backend\isa\encoder.rs:129:5
     |
 129 |     fn label(&mut self, name: &str) {
     |     ------------------------------- private method defined here

error[E0624]: method `add_rsp` is private
    --> src\rust\backend\isa\stubs.rs:1267:9
     |
1267 |     enc.add_rsp(32);
     |         ^^^^^^^ private method
     |
    ::: src\rust\backend\isa\encoder.rs:126:5
     |
 126 |     fn add_rsp(&mut self, val: u8) { self.rex_w(); self.emit(&[0x83, 0xC4, val]); }
     |     ------------------------------ private method defined here

error[E0624]: method `pop` is private
    --> src\rust\backend\isa\stubs.rs:1268:9
     |
1268 |     enc.pop(X86Reg::RSI);
     |         ^^^ private method
     |
    ::: src\rust\backend\isa\encoder.rs:120:5
     |
 120 |     fn pop(&mut self, reg: X86Reg) {
     |     ------------------------------ private method defined here

error[E0624]: method `pop` is private
    --> src\rust\backend\isa\stubs.rs:1269:9
     |
1269 |     enc.pop(X86Reg::RBX);
     |         ^^^ private method
     |
    ::: src\rust\backend\isa\encoder.rs:120:5
     |
 120 |     fn pop(&mut self, reg: X86Reg) {
     |     ------------------------------ private method defined here

error[E0624]: method `ret` is private
    --> src\rust\backend\isa\stubs.rs:1270:9
     |
1270 |     enc.ret();
     |         ^^^ private method
     |
    ::: src\rust\backend\isa\encoder.rs:127:5
     |
 127 |     fn ret(&mut self) { self.emit_u8(0xC3); }
     |     ----------------- private method defined here

error[E0624]: method `label` is private
    --> src\rust\backend\isa\stubs.rs:1275:9
     |
1275 |     enc.label("__pyb_file_open");
     |         ^^^^^ private method
     |
    ::: src\rust\backend\isa\encoder.rs:129:5
     |
 129 |     fn label(&mut self, name: &str) {
     |     ------------------------------- private method defined here

error[E0624]: method `push` is private
    --> src\rust\backend\isa\stubs.rs:1276:9
     |
1276 |     enc.push(X86Reg::RBX);
     |         ^^^^ private method
     |
    ::: src\rust\backend\isa\encoder.rs:115:5
     |
 115 |     fn push(&mut self, reg: X86Reg) {
     |     ------------------------------- private method defined here

error[E0624]: method `push` is private
    --> src\rust\backend\isa\stubs.rs:1277:9
     |
1277 |     enc.push(X86Reg::RSI);
     |         ^^^^ private method
     |
    ::: src\rust\backend\isa\encoder.rs:115:5
     |
 115 |     fn push(&mut self, reg: X86Reg) {
     |     ------------------------------- private method defined here

error[E0624]: method `push` is private
    --> src\rust\backend\isa\stubs.rs:1278:9
     |
1278 |     enc.push(X86Reg::RDI);
     |         ^^^^ private method
     |
    ::: src\rust\backend\isa\encoder.rs:115:5
     |
 115 |     fn push(&mut self, reg: X86Reg) {
     |     ------------------------------- private method defined here

error[E0624]: method `sub_rsp` is private
    --> src\rust\backend\isa\stubs.rs:1279:9
     |
1279 |     enc.sub_rsp(64);
     |         ^^^^^^^ private method
     |
    ::: src\rust\backend\isa\encoder.rs:125:5
     |
 125 |     fn sub_rsp(&mut self, val: u8) { self.rex_w(); self.emit(&[0x83, 0xEC, val]); }
     |     ------------------------------ private method defined here

error[E0624]: method `mov_rr` is private
    --> src\rust\backend\isa\stubs.rs:1280:9
     |
1280 |     enc.mov_rr(X86Reg::RSI, X86Reg::RCX);
     |         ^^^^^^ private method
     |
    ::: src\rust\backend\isa\encoder.rs:79:5
     |
  79 |     fn mov_rr(&mut self, dst: X86Reg, src: X86Reg) {
     |     ---------------------------------------------- private method defined here

error[E0624]: method `mov_rr` is private
    --> src\rust\backend\isa\stubs.rs:1281:9
     |
1281 |     enc.mov_rr(X86Reg::RDI, X86Reg::RDX);
     |         ^^^^^^ private method
     |
    ::: src\rust\backend\isa\encoder.rs:79:5
     |
  79 |     fn mov_rr(&mut self, dst: X86Reg, src: X86Reg) {
     |     ---------------------------------------------- private method defined here

error[E0624]: method `mov_rr` is private
    --> src\rust\backend\isa\stubs.rs:1282:9
     |
1282 |     enc.mov_rr(X86Reg::RCX, X86Reg::RSI);
     |         ^^^^^^ private method
     |
    ::: src\rust\backend\isa\encoder.rs:79:5
     |
  79 |     fn mov_rr(&mut self, dst: X86Reg, src: X86Reg) {
     |     ---------------------------------------------- private method defined here

error[E0624]: method `rex_w` is private
    --> src\rust\backend\isa\stubs.rs:1283:9
     |
1283 |     enc.rex_w(); enc.emit(&[0x85, 0xFF]); // TEST RDI,RDI
     |         ^^^^^ private method
     |
    ::: src\rust\backend\isa\encoder.rs:51:5
     |
  51 |     fn rex_w(&mut self) { self.emit_u8(0x48); }
     |     ------------------- private method defined here

error[E0624]: method `emit` is private
    --> src\rust\backend\isa\stubs.rs:1283:22
     |
1283 |     enc.rex_w(); enc.emit(&[0x85, 0xFF]); // TEST RDI,RDI
     |                      ^^^^ private method
     |
    ::: src\rust\backend\isa\encoder.rs:37:5
     |
  37 |     fn emit(&mut self, bytes: &[u8]) {
     |     -------------------------------- private method defined here

error[E0624]: method `pos` is private
    --> src\rust\backend\isa\stubs.rs:1284:43
     |
1284 |     let fo_wr = format!("__fo_wr_{}", enc.pos());
     |                                           ^^^ private method
     |
    ::: src\rust\backend\isa\encoder.rs:35:5
     |
  35 |     fn pos(&self) -> u32 { self.code.len() as u32 }
     |     -------------------- private method defined here

error[E0624]: method `jcc` is private
    --> src\rust\backend\isa\stubs.rs:1285:9
     |
1285 |     enc.jcc(0x85, &fo_wr);
     |         ^^^ private method
     |
    ::: src\rust\backend\isa\encoder.rs:139:5
     |
 139 |     fn jcc(&mut self, cc: u8, lbl: &str) {
     |     ------------------------------------ private method defined here

error[E0624]: method `mov_imm64` is private
    --> src\rust\backend\isa\stubs.rs:1286:9
     |
1286 |     enc.mov_imm64(X86Reg::RDX, 0x80000000u64 as i64); // GENERIC_READ
     |         ^^^^^^^^^ private method
     |
    ::: src\rust\backend\isa\encoder.rs:70:5
     |
  70 |     fn mov_imm64(&mut self, reg: X86Reg, val: i64) {
     |     ---------------------------------------------- private method defined here

error[E0624]: method `emit` is private
    --> src\rust\backend\isa\stubs.rs:1287:9
     |
1287 |     enc.emit(&[0x48, 0xC7, 0x44, 0x24, 0x20, 0x03, 0x00, 0x00, 0x00]); // creation=OPEN_EXISTING
     |         ^^^^ private method
     |
    ::: src\rust\backend\isa\encoder.rs:37:5
     |
  37 |     fn emit(&mut self, bytes: &[u8]) {
     |     -------------------------------- private method defined here

error[E0624]: method `pos` is private
    --> src\rust\backend\isa\stubs.rs:1288:43
     |
1288 |     let fo_cl = format!("__fo_cl_{}", enc.pos());
     |                                           ^^^ private method
     |
    ::: src\rust\backend\isa\encoder.rs:35:5
     |
  35 |     fn pos(&self) -> u32 { self.code.len() as u32 }
     |     -------------------- private method defined here

error[E0624]: method `jmp` is private
    --> src\rust\backend\isa\stubs.rs:1289:9
     |
1289 |     enc.jmp(&fo_cl);
     |         ^^^ private method
     |
    ::: src\rust\backend\isa\encoder.rs:133:5
     |
 133 |     fn jmp(&mut self, lbl: &str) {
     |     ---------------------------- private method defined here

error[E0624]: method `label` is private
    --> src\rust\backend\isa\stubs.rs:1290:9
     |
1290 |     enc.label(&fo_wr);
     |         ^^^^^ private method
     |
    ::: src\rust\backend\isa\encoder.rs:129:5
     |
 129 |     fn label(&mut self, name: &str) {
     |     ------------------------------- private method defined here

error[E0624]: method `mov_imm64` is private
    --> src\rust\backend\isa\stubs.rs:1291:9
     |
1291 |     enc.mov_imm64(X86Reg::RDX, 0x40000000u64 as i64); // GENERIC_WRITE
     |         ^^^^^^^^^ private method
     |
    ::: src\rust\backend\isa\encoder.rs:70:5
     |
  70 |     fn mov_imm64(&mut self, reg: X86Reg, val: i64) {
     |     ---------------------------------------------- private method defined here

error[E0624]: method `emit` is private
    --> src\rust\backend\isa\stubs.rs:1292:9
     |
1292 |     enc.emit(&[0x48, 0xC7, 0x44, 0x24, 0x20, 0x02, 0x00, 0x00, 0x00]); // creation=CREATE_ALWAYS
     |         ^^^^ private method
     |
    ::: src\rust\backend\isa\encoder.rs:37:5
     |
  37 |     fn emit(&mut self, bytes: &[u8]) {
     |     -------------------------------- private method defined here

error[E0624]: method `label` is private
    --> src\rust\backend\isa\stubs.rs:1293:9
     |
1293 |     enc.label(&fo_cl);
     |         ^^^^^ private method
     |
    ::: src\rust\backend\isa\encoder.rs:129:5
     |
 129 |     fn label(&mut self, name: &str) {
     |     ------------------------------- private method defined here

error[E0624]: method `mov_imm64` is private
    --> src\rust\backend\isa\stubs.rs:1294:9
     |
1294 |     enc.mov_imm64(X86Reg::R8, 1); // FILE_SHARE_READ
     |         ^^^^^^^^^ private method
     |
    ::: src\rust\backend\isa\encoder.rs:70:5
     |
  70 |     fn mov_imm64(&mut self, reg: X86Reg, val: i64) {
     |     ---------------------------------------------- private method defined here

error[E0624]: method `xor_rr` is private
    --> src\rust\backend\isa\stubs.rs:1295:9
     |
1295 |     enc.xor_rr(X86Reg::R9); // security=NULL
     |         ^^^^^^ private method
     |
    ::: src\rust\backend\isa\encoder.rs:109:5
     |
 109 |     fn xor_rr(&mut self, reg: X86Reg) {
     |     --------------------------------- private method defined here

error[E0624]: method `emit` is private
    --> src\rust\backend\isa\stubs.rs:1296:9
     |
1296 |     enc.emit(&[0x48, 0xC7, 0x44, 0x24, 0x28, 0x80, 0x00, 0x00, 0x00]); // flags
     |         ^^^^ private method
     |
    ::: src\rust\backend\isa\encoder.rs:37:5
     |
  37 |     fn emit(&mut self, bytes: &[u8]) {
     |     -------------------------------- private method defined here

error[E0624]: method `emit` is private
    --> src\rust\backend\isa\stubs.rs:1297:9
     |
1297 |     enc.emit(&[0x48, 0xC7, 0x44, 0x24, 0x30, 0x00, 0x00, 0x00, 0x00]); // template=NULL
     |         ^^^^ private method
     |
    ::: src\rust\backend\isa\encoder.rs:37:5
     |
  37 |     fn emit(&mut self, bytes: &[u8]) {
     |     -------------------------------- private method defined here

error[E0624]: method `call_iat` is private
    --> src\rust\backend\isa\stubs.rs:1298:9
     |
1298 |     enc.call_iat(IAT_CREATE_FILE);
     |         ^^^^^^^^ private method
     |
    ::: src\rust\backend\isa\encoder.rs:152:5
     |
 152 |     fn call_iat(&mut self, slot: usize) {
     |     ----------------------------------- private method defined here

error[E0624]: method `add_rsp` is private
    --> src\rust\backend\isa\stubs.rs:1299:9
     |
1299 |     enc.add_rsp(64);
     |         ^^^^^^^ private method
     |
    ::: src\rust\backend\isa\encoder.rs:126:5
     |
 126 |     fn add_rsp(&mut self, val: u8) { self.rex_w(); self.emit(&[0x83, 0xC4, val]); }
     |     ------------------------------ private method defined here

error[E0624]: method `pop` is private
    --> src\rust\backend\isa\stubs.rs:1300:9
     |
1300 |     enc.pop(X86Reg::RDI);
     |         ^^^ private method
     |
    ::: src\rust\backend\isa\encoder.rs:120:5
     |
 120 |     fn pop(&mut self, reg: X86Reg) {
     |     ------------------------------ private method defined here

error[E0624]: method `pop` is private
    --> src\rust\backend\isa\stubs.rs:1301:9
     |
1301 |     enc.pop(X86Reg::RSI);
     |         ^^^ private method
     |
    ::: src\rust\backend\isa\encoder.rs:120:5
     |
 120 |     fn pop(&mut self, reg: X86Reg) {
     |     ------------------------------ private method defined here

error[E0624]: method `pop` is private
    --> src\rust\backend\isa\stubs.rs:1302:9
     |
1302 |     enc.pop(X86Reg::RBX);
     |         ^^^ private method
     |
    ::: src\rust\backend\isa\encoder.rs:120:5
     |
 120 |     fn pop(&mut self, reg: X86Reg) {
     |     ------------------------------ private method defined here

error[E0624]: method `ret` is private
    --> src\rust\backend\isa\stubs.rs:1303:9
     |
1303 |     enc.ret();
     |         ^^^ private method
     |
    ::: src\rust\backend\isa\encoder.rs:127:5
     |
 127 |     fn ret(&mut self) { self.emit_u8(0xC3); }
     |     ----------------- private method defined here

error[E0624]: method `label` is private
    --> src\rust\backend\isa\stubs.rs:1306:9
     |
1306 |     enc.label("__pyb_file_read");
     |         ^^^^^ private method
     |
    ::: src\rust\backend\isa\encoder.rs:129:5
     |
 129 |     fn label(&mut self, name: &str) {
     |     ------------------------------- private method defined here

error[E0624]: method `push` is private
    --> src\rust\backend\isa\stubs.rs:1307:9
     |
1307 |     enc.push(X86Reg::RBX);
     |         ^^^^ private method
     |
    ::: src\rust\backend\isa\encoder.rs:115:5
     |
 115 |     fn push(&mut self, reg: X86Reg) {
     |     ------------------------------- private method defined here

error[E0624]: method `push` is private
    --> src\rust\backend\isa\stubs.rs:1308:9
     |
1308 |     enc.push(X86Reg::RSI);
     |         ^^^^ private method
     |
    ::: src\rust\backend\isa\encoder.rs:115:5
     |
 115 |     fn push(&mut self, reg: X86Reg) {
     |     ------------------------------- private method defined here

error[E0624]: method `sub_rsp` is private
    --> src\rust\backend\isa\stubs.rs:1309:9
     |
1309 |     enc.sub_rsp(48);
     |         ^^^^^^^ private method
     |
    ::: src\rust\backend\isa\encoder.rs:125:5
     |
 125 |     fn sub_rsp(&mut self, val: u8) { self.rex_w(); self.emit(&[0x83, 0xEC, val]); }
     |     ------------------------------ private method defined here

error[E0624]: method `mov_rr` is private
    --> src\rust\backend\isa\stubs.rs:1310:9
     |
1310 |     enc.mov_rr(X86Reg::RSI, X86Reg::RCX);
     |         ^^^^^^ private method
     |
    ::: src\rust\backend\isa\encoder.rs:79:5
     |
  79 |     fn mov_rr(&mut self, dst: X86Reg, src: X86Reg) {
     |     ---------------------------------------------- private method defined here

error[E0624]: method `mov_rr` is private
    --> src\rust\backend\isa\stubs.rs:1311:9
     |
1311 |     enc.mov_rr(X86Reg::RCX, X86Reg::RSI);
     |         ^^^^^^ private method
     |
    ::: src\rust\backend\isa\encoder.rs:79:5
     |
  79 |     fn mov_rr(&mut self, dst: X86Reg, src: X86Reg) {
     |     ---------------------------------------------- private method defined here

error[E0624]: method `emit` is private
    --> src\rust\backend\isa\stubs.rs:1312:9
     |
1312 |     enc.emit(&[0x48, 0x8D, 0x54, 0x24, 0x20]); // LEA RDX, [RSP+32]
     |         ^^^^ private method
     |
    ::: src\rust\backend\isa\encoder.rs:37:5
     |
  37 |     fn emit(&mut self, bytes: &[u8]) {
     |     -------------------------------- private method defined here

error[E0624]: method `call_iat` is private
    --> src\rust\backend\isa\stubs.rs:1313:9
     |
1313 |     enc.call_iat(IAT_GET_FILE_SIZE);
     |         ^^^^^^^^ private method
     |
    ::: src\rust\backend\isa\encoder.rs:152:5
     |
 152 |     fn call_iat(&mut self, slot: usize) {
     |     ----------------------------------- private method defined here

error[E0624]: method `emit` is private
    --> src\rust\backend\isa\stubs.rs:1314:9
     |
1314 |     enc.emit(&[0x48, 0x8B, 0x44, 0x24, 0x20]); // MOV RAX, [RSP+32]
     |         ^^^^ private method
     |
    ::: src\rust\backend\isa\encoder.rs:37:5
     |
  37 |     fn emit(&mut self, bytes: &[u8]) {
     |     -------------------------------- private method defined here

error[E0624]: method `push` is private
    --> src\rust\backend\isa\stubs.rs:1315:9
     |
1315 |     enc.push(X86Reg::RAX);
     |         ^^^^ private method
     |
    ::: src\rust\backend\isa\encoder.rs:115:5
     |
 115 |     fn push(&mut self, reg: X86Reg) {
     |     ------------------------------- private method defined here

error[E0624]: method `rex_w` is private
    --> src\rust\backend\isa\stubs.rs:1316:9
     |
1316 |     enc.rex_w(); enc.emit(&[0xFF, 0xC0]); // INC RAX
     |         ^^^^^ private method
     |
    ::: src\rust\backend\isa\encoder.rs:51:5
     |
  51 |     fn rex_w(&mut self) { self.emit_u8(0x48); }
     |     ------------------- private method defined here

error[E0624]: method `emit` is private
    --> src\rust\backend\isa\stubs.rs:1316:22
     |
1316 |     enc.rex_w(); enc.emit(&[0xFF, 0xC0]); // INC RAX
     |                      ^^^^ private method
     |
    ::: src\rust\backend\isa\encoder.rs:37:5
     |
  37 |     fn emit(&mut self, bytes: &[u8]) {
     |     -------------------------------- private method defined here

error[E0624]: method `mov_rr` is private
    --> src\rust\backend\isa\stubs.rs:1317:9
     |
1317 |     enc.mov_rr(X86Reg::RCX, X86Reg::RAX);
     |         ^^^^^^ private method
     |
    ::: src\rust\backend\isa\encoder.rs:79:5
     |
  79 |     fn mov_rr(&mut self, dst: X86Reg, src: X86Reg) {
     |     ---------------------------------------------- private method defined here

error[E0624]: method `call_label` is private
    --> src\rust\backend\isa\stubs.rs:1318:9
     |
1318 |     enc.call_label("__pyb_heap_alloc");
     |         ^^^^^^^^^^ private method
     |
    ::: src\rust\backend\isa\encoder.rs:145:5
     |
 145 |     fn call_label(&mut self, lbl: &str) {
     |     ----------------------------------- private method defined here

error[E0624]: method `mov_rr` is private
    --> src\rust\backend\isa\stubs.rs:1319:9
     |
1319 |     enc.mov_rr(X86Reg::RBX, X86Reg::RAX);
     |         ^^^^^^ private method
     |
    ::: src\rust\backend\isa\encoder.rs:79:5
     |
  79 |     fn mov_rr(&mut self, dst: X86Reg, src: X86Reg) {
     |     ---------------------------------------------- private method defined here

error[E0624]: method `pop` is private
    --> src\rust\backend\isa\stubs.rs:1320:9
     |
1320 |     enc.pop(X86Reg::RAX);
     |         ^^^ private method
     |
    ::: src\rust\backend\isa\encoder.rs:120:5
     |
 120 |     fn pop(&mut self, reg: X86Reg) {
     |     ------------------------------ private method defined here

error[E0624]: method `mov_rr` is private
    --> src\rust\backend\isa\stubs.rs:1321:9
     |
1321 |     enc.mov_rr(X86Reg::RCX, X86Reg::RSI);
     |         ^^^^^^ private method
     |
    ::: src\rust\backend\isa\encoder.rs:79:5
     |
  79 |     fn mov_rr(&mut self, dst: X86Reg, src: X86Reg) {
     |     ---------------------------------------------- private method defined here

error[E0624]: method `mov_rr` is private
    --> src\rust\backend\isa\stubs.rs:1322:9
     |
1322 |     enc.mov_rr(X86Reg::RDX, X86Reg::RBX);
     |         ^^^^^^ private method
     |
    ::: src\rust\backend\isa\encoder.rs:79:5
     |
  79 |     fn mov_rr(&mut self, dst: X86Reg, src: X86Reg) {
     |     ---------------------------------------------- private method defined here

error[E0624]: method `mov_rr` is private
    --> src\rust\backend\isa\stubs.rs:1323:9
     |
1323 |     enc.mov_rr(X86Reg::R8, X86Reg::RAX);
     |         ^^^^^^ private method
     |
    ::: src\rust\backend\isa\encoder.rs:79:5
     |
  79 |     fn mov_rr(&mut self, dst: X86Reg, src: X86Reg) {
     |     ---------------------------------------------- private method defined here

error[E0624]: method `emit` is private
    --> src\rust\backend\isa\stubs.rs:1324:9
     |
1324 |     enc.emit(&[0x4C, 0x8D, 0x4C, 0x24, 0x20]); // LEA R9, [RSP+32]
     |         ^^^^ private method
     |
    ::: src\rust\backend\isa\encoder.rs:37:5
     |
  37 |     fn emit(&mut self, bytes: &[u8]) {
     |     -------------------------------- private method defined here

error[E0624]: method `emit` is private
    --> src\rust\backend\isa\stubs.rs:1325:9
     |
1325 |     enc.emit(&[0x48, 0xC7, 0x44, 0x24, 0x20, 0x00, 0x00, 0x00, 0x00]); // overlap=NULL
     |         ^^^^ private method
     |
    ::: src\rust\backend\isa\encoder.rs:37:5
     |
  37 |     fn emit(&mut self, bytes: &[u8]) {
     |     -------------------------------- private method defined here

error[E0624]: method `call_iat` is private
    --> src\rust\backend\isa\stubs.rs:1326:9
     |
1326 |     enc.call_iat(IAT_READ_FILE);
     |         ^^^^^^^^ private method
     |
    ::: src\rust\backend\isa\encoder.rs:152:5
     |
 152 |     fn call_iat(&mut self, slot: usize) {
     |     ----------------------------------- private method defined here

error[E0624]: method `mov_rr` is private
    --> src\rust\backend\isa\stubs.rs:1327:9
     |
1327 |     enc.mov_rr(X86Reg::RAX, X86Reg::RBX);
     |         ^^^^^^ private method
     |
    ::: src\rust\backend\isa\encoder.rs:79:5
     |
  79 |     fn mov_rr(&mut self, dst: X86Reg, src: X86Reg) {
     |     ---------------------------------------------- private method defined here

error[E0624]: method `add_rsp` is private
    --> src\rust\backend\isa\stubs.rs:1328:9
     |
1328 |     enc.add_rsp(48);
     |         ^^^^^^^ private method
     |
    ::: src\rust\backend\isa\encoder.rs:126:5
     |
 126 |     fn add_rsp(&mut self, val: u8) { self.rex_w(); self.emit(&[0x83, 0xC4, val]); }
     |     ------------------------------ private method defined here

error[E0624]: method `pop` is private
    --> src\rust\backend\isa\stubs.rs:1329:9
     |
1329 |     enc.pop(X86Reg::RSI);
     |         ^^^ private method
     |
    ::: src\rust\backend\isa\encoder.rs:120:5
     |
 120 |     fn pop(&mut self, reg: X86Reg) {
     |     ------------------------------ private method defined here

error[E0624]: method `pop` is private
    --> src\rust\backend\isa\stubs.rs:1330:9
     |
1330 |     enc.pop(X86Reg::RBX);
     |         ^^^ private method
     |
    ::: src\rust\backend\isa\encoder.rs:120:5
     |
 120 |     fn pop(&mut self, reg: X86Reg) {
     |     ------------------------------ private method defined here

error[E0624]: method `ret` is private
    --> src\rust\backend\isa\stubs.rs:1331:9
     |
1331 |     enc.ret();
     |         ^^^ private method
     |
    ::: src\rust\backend\isa\encoder.rs:127:5
     |
 127 |     fn ret(&mut self) { self.emit_u8(0xC3); }
     |     ----------------- private method defined here

error[E0624]: method `label` is private
    --> src\rust\backend\isa\stubs.rs:1334:9
     |
1334 |     enc.label("__pyb_file_write");
     |         ^^^^^ private method
     |
    ::: src\rust\backend\isa\encoder.rs:129:5
     |
 129 |     fn label(&mut self, name: &str) {
     |     ------------------------------- private method defined here

error[E0624]: method `sub_rsp` is private
    --> src\rust\backend\isa\stubs.rs:1335:9
     |
1335 |     enc.sub_rsp(48);
     |         ^^^^^^^ private method
     |
    ::: src\rust\backend\isa\encoder.rs:125:5
     |
 125 |     fn sub_rsp(&mut self, val: u8) { self.rex_w(); self.emit(&[0x83, 0xEC, val]); }
     |     ------------------------------ private method defined here

error[E0624]: method `emit` is private
    --> src\rust\backend\isa\stubs.rs:1336:9
     |
1336 |     enc.emit(&[0x4C, 0x8D, 0x4C, 0x24, 0x20]); // LEA R9, [RSP+32]
     |         ^^^^ private method
     |
    ::: src\rust\backend\isa\encoder.rs:37:5
     |
  37 |     fn emit(&mut self, bytes: &[u8]) {
     |     -------------------------------- private method defined here

error[E0624]: method `emit` is private
    --> src\rust\backend\isa\stubs.rs:1337:9
     |
1337 |     enc.emit(&[0x48, 0xC7, 0x44, 0x24, 0x28, 0x00, 0x00, 0x00, 0x00]); // overlap=NULL
     |         ^^^^ private method
     |
    ::: src\rust\backend\isa\encoder.rs:37:5
     |
  37 |     fn emit(&mut self, bytes: &[u8]) {
     |     -------------------------------- private method defined here

error[E0624]: method `call_iat` is private
    --> src\rust\backend\isa\stubs.rs:1338:9
     |
1338 |     enc.call_iat(IAT_WRITE_FILE);
     |         ^^^^^^^^ private method
     |
    ::: src\rust\backend\isa\encoder.rs:152:5
     |
 152 |     fn call_iat(&mut self, slot: usize) {
     |     ----------------------------------- private method defined here

error[E0624]: method `add_rsp` is private
    --> src\rust\backend\isa\stubs.rs:1339:9
     |
1339 |     enc.add_rsp(48);
     |         ^^^^^^^ private method
     |
    ::: src\rust\backend\isa\encoder.rs:126:5
     |
 126 |     fn add_rsp(&mut self, val: u8) { self.rex_w(); self.emit(&[0x83, 0xC4, val]); }
     |     ------------------------------ private method defined here

error[E0624]: method `ret` is private
    --> src\rust\backend\isa\stubs.rs:1340:9
     |
1340 |     enc.ret();
     |         ^^^ private method
     |
    ::: src\rust\backend\isa\encoder.rs:127:5
     |
 127 |     fn ret(&mut self) { self.emit_u8(0xC3); }
     |     ----------------- private method defined here

error[E0624]: method `label` is private
    --> src\rust\backend\isa\stubs.rs:1343:9
     |
1343 |     enc.label("__pyb_file_close");
     |         ^^^^^ private method
     |
    ::: src\rust\backend\isa\encoder.rs:129:5
     |
 129 |     fn label(&mut self, name: &str) {
     |     ------------------------------- private method defined here

error[E0624]: method `sub_rsp` is private
    --> src\rust\backend\isa\stubs.rs:1344:9
     |
1344 |     enc.sub_rsp(32);
     |         ^^^^^^^ private method
     |
    ::: src\rust\backend\isa\encoder.rs:125:5
     |
 125 |     fn sub_rsp(&mut self, val: u8) { self.rex_w(); self.emit(&[0x83, 0xEC, val]); }
     |     ------------------------------ private method defined here

error[E0624]: method `call_iat` is private
    --> src\rust\backend\isa\stubs.rs:1345:9
     |
1345 |     enc.call_iat(IAT_CLOSE_HANDLE);
     |         ^^^^^^^^ private method
     |
    ::: src\rust\backend\isa\encoder.rs:152:5
     |
 152 |     fn call_iat(&mut self, slot: usize) {
     |     ----------------------------------- private method defined here

error[E0624]: method `add_rsp` is private
    --> src\rust\backend\isa\stubs.rs:1346:9
     |
1346 |     enc.add_rsp(32);
     |         ^^^^^^^ private method
     |
    ::: src\rust\backend\isa\encoder.rs:126:5
     |
 126 |     fn add_rsp(&mut self, val: u8) { self.rex_w(); self.emit(&[0x83, 0xC4, val]); }
     |     ------------------------------ private method defined here

error[E0624]: method `ret` is private
    --> src\rust\backend\isa\stubs.rs:1347:9
     |
1347 |     enc.ret();
     |         ^^^ private method
     |
    ::: src\rust\backend\isa\encoder.rs:127:5
     |
 127 |     fn ret(&mut self) { self.emit_u8(0xC3); }
     |     ----------------- private method defined here

error[E0624]: method `label` is private
    --> src\rust\backend\isa\stubs.rs:1351:9
     |
1351 |     enc.label("__pyb_sys_exit");
     |         ^^^^^ private method
     |
    ::: src\rust\backend\isa\encoder.rs:129:5
     |
 129 |     fn label(&mut self, name: &str) {
     |     ------------------------------- private method defined here

error[E0624]: method `sub_rsp` is private
    --> src\rust\backend\isa\stubs.rs:1352:9
     |
1352 |     enc.sub_rsp(32);
     |         ^^^^^^^ private method
     |
    ::: src\rust\backend\isa\encoder.rs:125:5
     |
 125 |     fn sub_rsp(&mut self, val: u8) { self.rex_w(); self.emit(&[0x83, 0xEC, val]); }
     |     ------------------------------ private method defined here

error[E0624]: method `call_iat` is private
    --> src\rust\backend\isa\stubs.rs:1353:9
     |
1353 |     enc.call_iat(IAT_EXIT_PROCESS);
     |         ^^^^^^^^ private method
     |
    ::: src\rust\backend\isa\encoder.rs:152:5
     |
 152 |     fn call_iat(&mut self, slot: usize) {
     |     ----------------------------------- private method defined here

error[E0624]: method `add_data_f64` is private
    --> src\rust\backend\isa\stubs.rs:1356:9
     |
1356 |     enc.add_data_f64("__pyb_error_state", f64::from_bits(0));
     |         ^^^^^^^^^^^^ private method
     |
    ::: src\rust\backend\isa\encoder.rs:189:5
     |
 189 |     fn add_data_f64(&mut self, label: &str, val: f64) {
     |     ------------------------------------------------- private method defined here

error[E0624]: method `add_data_f64` is private
    --> src\rust\backend\isa\stubs.rs:1360:9
     |
1360 |     enc.add_data_f64(rng_label, f64::from_bits(0x123456789ABCDEF));
     |         ^^^^^^^^^^^^ private method
     |
    ::: src\rust\backend\isa\encoder.rs:189:5
     |
 189 |     fn add_data_f64(&mut self, label: &str, val: f64) {
     |     ------------------------------------------------- private method defined here

error[E0624]: method `label` is private
    --> src\rust\backend\isa\stubs.rs:1362:9
     |
1362 |     enc.label("__pyb_random_seed");
     |         ^^^^^ private method
     |
    ::: src\rust\backend\isa\encoder.rs:129:5
     |
 129 |     fn label(&mut self, name: &str) {
     |     ------------------------------- private method defined here

error[E0624]: method `lea_rax_data` is private
    --> src\rust\backend\isa\stubs.rs:1363:9
     |
1363 |     enc.lea_rax_data(rng_label);
     |         ^^^^^^^^^^^^ private method
     |
    ::: src\rust\backend\isa\encoder.rs:161:5
     |
 161 |     fn lea_rax_data(&mut self, data_label: &str) {
     |     -------------------------------------------- private method defined here

error[E0624]: method `emit` is private
    --> src\rust\backend\isa\stubs.rs:1364:9
     |
1364 |     enc.emit(&[0x48, 0x89, 0x08]); // MOV [RAX], RCX
     |         ^^^^ private method
     |
    ::: src\rust\backend\isa\encoder.rs:37:5
     |
  37 |     fn emit(&mut self, bytes: &[u8]) {
     |     -------------------------------- private method defined here

error[E0624]: method `ret` is private
    --> src\rust\backend\isa\stubs.rs:1365:9
     |
1365 |     enc.ret();
     |         ^^^ private method
     |
    ::: src\rust\backend\isa\encoder.rs:127:5
     |
 127 |     fn ret(&mut self) { self.emit_u8(0xC3); }
     |     ----------------- private method defined here

error[E0624]: method `label` is private
    --> src\rust\backend\isa\stubs.rs:1367:9
     |
1367 |     enc.label("__pyb_random_next");
     |         ^^^^^ private method
     |
    ::: src\rust\backend\isa\encoder.rs:129:5
     |
 129 |     fn label(&mut self, name: &str) {
     |     ------------------------------- private method defined here

error[E0624]: method `lea_rax_data` is private
    --> src\rust\backend\isa\stubs.rs:1368:9
     |
1368 |     enc.lea_rax_data(rng_label);
     |         ^^^^^^^^^^^^ private method
     |
    ::: src\rust\backend\isa\encoder.rs:161:5
     |
 161 |     fn lea_rax_data(&mut self, data_label: &str) {
     |     -------------------------------------------- private method defined here

error[E0624]: method `emit` is private
    --> src\rust\backend\isa\stubs.rs:1369:9
     |
1369 |     enc.emit(&[0x48, 0x8B, 0x08]); // MOV RCX, [RAX]
     |         ^^^^ private method
     |
    ::: src\rust\backend\isa\encoder.rs:37:5
     |
  37 |     fn emit(&mut self, bytes: &[u8]) {
     |     -------------------------------- private method defined here

error[E0624]: method `push` is private
    --> src\rust\backend\isa\stubs.rs:1370:9
     |
1370 |     enc.push(X86Reg::RBX);
     |         ^^^^ private method
     |
    ::: src\rust\backend\isa\encoder.rs:115:5
     |
 115 |     fn push(&mut self, reg: X86Reg) {
     |     ------------------------------- private method defined here

error[E0624]: method `mov_rr` is private
    --> src\rust\backend\isa\stubs.rs:1371:9
     |
1371 |     enc.mov_rr(X86Reg::RBX, X86Reg::RAX); // save ptr
     |         ^^^^^^ private method
     |
    ::: src\rust\backend\isa\encoder.rs:79:5
     |
  79 |     fn mov_rr(&mut self, dst: X86Reg, src: X86Reg) {
     |     ---------------------------------------------- private method defined here

error[E0624]: method `mov_rr` is private
    --> src\rust\backend\isa\stubs.rs:1372:9
     |
1372 |     enc.mov_rr(X86Reg::RAX, X86Reg::RCX);
     |         ^^^^^^ private method
     |
    ::: src\rust\backend\isa\encoder.rs:79:5
     |
  79 |     fn mov_rr(&mut self, dst: X86Reg, src: X86Reg) {
     |     ---------------------------------------------- private method defined here

error[E0624]: method `mov_rr` is private
    --> src\rust\backend\isa\stubs.rs:1373:9
     |
1373 |     enc.mov_rr(X86Reg::RDX, X86Reg::RAX);
     |         ^^^^^^ private method
     |
    ::: src\rust\backend\isa\encoder.rs:79:5
     |
  79 |     fn mov_rr(&mut self, dst: X86Reg, src: X86Reg) {
     |     ---------------------------------------------- private method defined here

error[E0624]: method `emit` is private
    --> src\rust\backend\isa\stubs.rs:1374:9
     |
1374 |     enc.emit(&[0x48, 0xC1, 0xE2, 0x0D]); // SHL RDX, 13
     |         ^^^^ private method
     |
    ::: src\rust\backend\isa\encoder.rs:37:5
     |
  37 |     fn emit(&mut self, bytes: &[u8]) {
     |     -------------------------------- private method defined here

error[E0624]: method `rex_w` is private
    --> src\rust\backend\isa\stubs.rs:1375:9
     |
1375 |     enc.rex_w(); enc.emit(&[0x31, 0xD0]); // XOR RAX, RDX
     |         ^^^^^ private method
     |
    ::: src\rust\backend\isa\encoder.rs:51:5
     |
  51 |     fn rex_w(&mut self) { self.emit_u8(0x48); }
     |     ------------------- private method defined here

error[E0624]: method `emit` is private
    --> src\rust\backend\isa\stubs.rs:1375:22
     |
1375 |     enc.rex_w(); enc.emit(&[0x31, 0xD0]); // XOR RAX, RDX
     |                      ^^^^ private method
     |
    ::: src\rust\backend\isa\encoder.rs:37:5
     |
  37 |     fn emit(&mut self, bytes: &[u8]) {
     |     -------------------------------- private method defined here

error[E0624]: method `mov_rr` is private
    --> src\rust\backend\isa\stubs.rs:1376:9
     |
1376 |     enc.mov_rr(X86Reg::RDX, X86Reg::RAX);
     |         ^^^^^^ private method
     |
    ::: src\rust\backend\isa\encoder.rs:79:5
     |
  79 |     fn mov_rr(&mut self, dst: X86Reg, src: X86Reg) {
     |     ---------------------------------------------- private method defined here

error[E0624]: method `emit` is private
    --> src\rust\backend\isa\stubs.rs:1377:9
     |
1377 |     enc.emit(&[0x48, 0xC1, 0xEA, 0x07]); // SHR RDX, 7
     |         ^^^^ private method
     |
    ::: src\rust\backend\isa\encoder.rs:37:5
     |
  37 |     fn emit(&mut self, bytes: &[u8]) {
     |     -------------------------------- private method defined here

error[E0624]: method `rex_w` is private
    --> src\rust\backend\isa\stubs.rs:1378:9
     |
1378 |     enc.rex_w(); enc.emit(&[0x31, 0xD0]); // XOR RAX, RDX
     |         ^^^^^ private method
     |
    ::: src\rust\backend\isa\encoder.rs:51:5
     |
  51 |     fn rex_w(&mut self) { self.emit_u8(0x48); }
     |     ------------------- private method defined here

error[E0624]: method `emit` is private
    --> src\rust\backend\isa\stubs.rs:1378:22
     |
1378 |     enc.rex_w(); enc.emit(&[0x31, 0xD0]); // XOR RAX, RDX
     |                      ^^^^ private method
     |
    ::: src\rust\backend\isa\encoder.rs:37:5
     |
  37 |     fn emit(&mut self, bytes: &[u8]) {
     |     -------------------------------- private method defined here

error[E0624]: method `mov_rr` is private
    --> src\rust\backend\isa\stubs.rs:1379:9
     |
1379 |     enc.mov_rr(X86Reg::RDX, X86Reg::RAX);
     |         ^^^^^^ private method
     |
    ::: src\rust\backend\isa\encoder.rs:79:5
     |
  79 |     fn mov_rr(&mut self, dst: X86Reg, src: X86Reg) {
     |     ---------------------------------------------- private method defined here

error[E0624]: method `emit` is private
    --> src\rust\backend\isa\stubs.rs:1380:9
     |
1380 |     enc.emit(&[0x48, 0xC1, 0xE2, 0x11]); // SHL RDX, 17
     |         ^^^^ private method
     |
    ::: src\rust\backend\isa\encoder.rs:37:5
     |
  37 |     fn emit(&mut self, bytes: &[u8]) {
     |     -------------------------------- private method defined here

error[E0624]: method `rex_w` is private
    --> src\rust\backend\isa\stubs.rs:1381:9
     |
1381 |     enc.rex_w(); enc.emit(&[0x31, 0xD0]); // XOR RAX, RDX
     |         ^^^^^ private method
     |
    ::: src\rust\backend\isa\encoder.rs:51:5
     |
  51 |     fn rex_w(&mut self) { self.emit_u8(0x48); }
     |     ------------------- private method defined here

error[E0624]: method `emit` is private
    --> src\rust\backend\isa\stubs.rs:1381:22
     |
1381 |     enc.rex_w(); enc.emit(&[0x31, 0xD0]); // XOR RAX, RDX
     |                      ^^^^ private method
     |
    ::: src\rust\backend\isa\encoder.rs:37:5
     |
  37 |     fn emit(&mut self, bytes: &[u8]) {
     |     -------------------------------- private method defined here

error[E0624]: method `emit` is private
    --> src\rust\backend\isa\stubs.rs:1382:9
     |
1382 |     enc.emit(&[0x48, 0x89, 0x03]); // MOV [RBX], RAX
     |         ^^^^ private method
     |
    ::: src\rust\backend\isa\encoder.rs:37:5
     |
  37 |     fn emit(&mut self, bytes: &[u8]) {
     |     -------------------------------- private method defined here

error[E0624]: method `pop` is private
    --> src\rust\backend\isa\stubs.rs:1383:9
     |
1383 |     enc.pop(X86Reg::RBX);
     |         ^^^ private method
     |
    ::: src\rust\backend\isa\encoder.rs:120:5
     |
 120 |     fn pop(&mut self, reg: X86Reg) {
     |     ------------------------------ private method defined here

error[E0624]: method `ret` is private
    --> src\rust\backend\isa\stubs.rs:1384:9
     |
1384 |     enc.ret();
     |         ^^^ private method
     |
    ::: src\rust\backend\isa\encoder.rs:127:5
     |
 127 |     fn ret(&mut self) { self.emit_u8(0xC3); }
     |     ----------------- private method defined here

error[E0624]: method `label` is private
    --> src\rust\backend\isa\stubs.rs:1386:9
     |
1386 |     enc.label("__pyb_random_randint");
     |         ^^^^^ private method
     |
    ::: src\rust\backend\isa\encoder.rs:129:5
     |
 129 |     fn label(&mut self, name: &str) {
     |     ------------------------------- private method defined here

error[E0624]: method `push` is private
    --> src\rust\backend\isa\stubs.rs:1387:9
     |
1387 |     enc.push(X86Reg::RBX);
     |         ^^^^ private method
     |
    ::: src\rust\backend\isa\encoder.rs:115:5
     |
 115 |     fn push(&mut self, reg: X86Reg) {
     |     ------------------------------- private method defined here

error[E0624]: method `push` is private
    --> src\rust\backend\isa\stubs.rs:1388:9
     |
1388 |     enc.push(X86Reg::RSI);
     |         ^^^^ private method
     |
    ::: src\rust\backend\isa\encoder.rs:115:5
     |
 115 |     fn push(&mut self, reg: X86Reg) {
     |     ------------------------------- private method defined here

error[E0624]: method `push` is private
    --> src\rust\backend\isa\stubs.rs:1389:9
     |
1389 |     enc.push(X86Reg::RDI);
     |         ^^^^ private method
     |
    ::: src\rust\backend\isa\encoder.rs:115:5
     |
 115 |     fn push(&mut self, reg: X86Reg) {
     |     ------------------------------- private method defined here

error[E0624]: method `sub_rsp` is private
    --> src\rust\backend\isa\stubs.rs:1390:9
     |
1390 |     enc.sub_rsp(32);
     |         ^^^^^^^ private method
     |
    ::: src\rust\backend\isa\encoder.rs:125:5
     |
 125 |     fn sub_rsp(&mut self, val: u8) { self.rex_w(); self.emit(&[0x83, 0xEC, val]); }
     |     ------------------------------ private method defined here

error[E0624]: method `mov_rr` is private
    --> src\rust\backend\isa\stubs.rs:1391:9
     |
1391 |     enc.mov_rr(X86Reg::RSI, X86Reg::RCX); // lo
     |         ^^^^^^ private method
     |
    ::: src\rust\backend\isa\encoder.rs:79:5
     |
  79 |     fn mov_rr(&mut self, dst: X86Reg, src: X86Reg) {
     |     ---------------------------------------------- private method defined here

error[E0624]: method `mov_rr` is private
    --> src\rust\backend\isa\stubs.rs:1392:9
     |
1392 |     enc.mov_rr(X86Reg::RDI, X86Reg::RDX); // hi
     |         ^^^^^^ private method
     |
    ::: src\rust\backend\isa\encoder.rs:79:5
     |
  79 |     fn mov_rr(&mut self, dst: X86Reg, src: X86Reg) {
     |     ---------------------------------------------- private method defined here

error[E0624]: method `call_label` is private
    --> src\rust\backend\isa\stubs.rs:1393:9
     |
1393 |     enc.call_label("__pyb_random_next");
     |         ^^^^^^^^^^ private method
     |
    ::: src\rust\backend\isa\encoder.rs:145:5
     |
 145 |     fn call_label(&mut self, lbl: &str) {
     |     ----------------------------------- private method defined here

error[E0624]: method `mov_rr` is private
    --> src\rust\backend\isa\stubs.rs:1394:9
     |
1394 |     enc.mov_rr(X86Reg::RCX, X86Reg::RDI);
     |         ^^^^^^ private method
     |
    ::: src\rust\backend\isa\encoder.rs:79:5
     |
  79 |     fn mov_rr(&mut self, dst: X86Reg, src: X86Reg) {
     |     ---------------------------------------------- private method defined here

error[E0624]: method `rex_w` is private
    --> src\rust\backend\isa\stubs.rs:1395:9
     |
1395 |     enc.rex_w(); enc.emit(&[0x29, 0xF1]); // SUB RCX, RSI
     |         ^^^^^ private method
     |
    ::: src\rust\backend\isa\encoder.rs:51:5
     |
  51 |     fn rex_w(&mut self) { self.emit_u8(0x48); }
     |     ------------------- private method defined here

error[E0624]: method `emit` is private
    --> src\rust\backend\isa\stubs.rs:1395:22
     |
1395 |     enc.rex_w(); enc.emit(&[0x29, 0xF1]); // SUB RCX, RSI
     |                      ^^^^ private method
     |
    ::: src\rust\backend\isa\encoder.rs:37:5
     |
  37 |     fn emit(&mut self, bytes: &[u8]) {
     |     -------------------------------- private method defined here

error[E0624]: method `rex_w` is private
    --> src\rust\backend\isa\stubs.rs:1396:9
     |
1396 |     enc.rex_w(); enc.emit(&[0xFF, 0xC1]); // INC RCX
     |         ^^^^^ private method
     |
    ::: src\rust\backend\isa\encoder.rs:51:5
     |
  51 |     fn rex_w(&mut self) { self.emit_u8(0x48); }
     |     ------------------- private method defined here

error[E0624]: method `emit` is private
    --> src\rust\backend\isa\stubs.rs:1396:22
     |
1396 |     enc.rex_w(); enc.emit(&[0xFF, 0xC1]); // INC RCX
     |                      ^^^^ private method
     |
    ::: src\rust\backend\isa\encoder.rs:37:5
     |
  37 |     fn emit(&mut self, bytes: &[u8]) {
     |     -------------------------------- private method defined here

error[E0624]: method `emit` is private
    --> src\rust\backend\isa\stubs.rs:1397:9
     |
1397 |     enc.emit(&[0x48, 0x31, 0xD2]); // XOR RDX, RDX
     |         ^^^^ private method
     |
    ::: src\rust\backend\isa\encoder.rs:37:5
     |
  37 |     fn emit(&mut self, bytes: &[u8]) {
     |     -------------------------------- private method defined here

error[E0624]: method `emit` is private
    --> src\rust\backend\isa\stubs.rs:1398:9
     |
1398 |     enc.emit(&[0x48, 0xF7, 0xF1]); // DIV RCX
     |         ^^^^ private method
     |
    ::: src\rust\backend\isa\encoder.rs:37:5
     |
  37 |     fn emit(&mut self, bytes: &[u8]) {
     |     -------------------------------- private method defined here

error[E0624]: method `mov_rr` is private
    --> src\rust\backend\isa\stubs.rs:1399:9
     |
1399 |     enc.mov_rr(X86Reg::RAX, X86Reg::RDX);
     |         ^^^^^^ private method
     |
    ::: src\rust\backend\isa\encoder.rs:79:5
     |
  79 |     fn mov_rr(&mut self, dst: X86Reg, src: X86Reg) {
     |     ---------------------------------------------- private method defined here

error[E0624]: method `rex_w` is private
    --> src\rust\backend\isa\stubs.rs:1400:9
     |
1400 |     enc.rex_w(); enc.emit(&[0x01, 0xF0]); // ADD RAX, RSI
     |         ^^^^^ private method
     |
    ::: src\rust\backend\isa\encoder.rs:51:5
     |
  51 |     fn rex_w(&mut self) { self.emit_u8(0x48); }
     |     ------------------- private method defined here

error[E0624]: method `emit` is private
    --> src\rust\backend\isa\stubs.rs:1400:22
     |
1400 |     enc.rex_w(); enc.emit(&[0x01, 0xF0]); // ADD RAX, RSI
     |                      ^^^^ private method
     |
    ::: src\rust\backend\isa\encoder.rs:37:5
     |
  37 |     fn emit(&mut self, bytes: &[u8]) {
     |     -------------------------------- private method defined here

error[E0624]: method `add_rsp` is private
    --> src\rust\backend\isa\stubs.rs:1401:9
     |
1401 |     enc.add_rsp(32);
     |         ^^^^^^^ private method
     |
    ::: src\rust\backend\isa\encoder.rs:126:5
     |
 126 |     fn add_rsp(&mut self, val: u8) { self.rex_w(); self.emit(&[0x83, 0xC4, val]); }
     |     ------------------------------ private method defined here

error[E0624]: method `pop` is private
    --> src\rust\backend\isa\stubs.rs:1402:9
     |
1402 |     enc.pop(X86Reg::RDI);
     |         ^^^ private method
     |
    ::: src\rust\backend\isa\encoder.rs:120:5
     |
 120 |     fn pop(&mut self, reg: X86Reg) {
     |     ------------------------------ private method defined here

error[E0624]: method `pop` is private
    --> src\rust\backend\isa\stubs.rs:1403:9
     |
1403 |     enc.pop(X86Reg::RSI);
     |         ^^^ private method
     |
    ::: src\rust\backend\isa\encoder.rs:120:5
     |
 120 |     fn pop(&mut self, reg: X86Reg) {
     |     ------------------------------ private method defined here

error[E0624]: method `pop` is private
    --> src\rust\backend\isa\stubs.rs:1404:9
     |
1404 |     enc.pop(X86Reg::RBX);
     |         ^^^ private method
     |
    ::: src\rust\backend\isa\encoder.rs:120:5
     |
 120 |     fn pop(&mut self, reg: X86Reg) {
     |     ------------------------------ private method defined here

error[E0624]: method `ret` is private
    --> src\rust\backend\isa\stubs.rs:1405:9
     |
1405 |     enc.ret();
     |         ^^^ private method
     |
    ::: src\rust\backend\isa\encoder.rs:127:5
     |
 127 |     fn ret(&mut self) { self.emit_u8(0xC3); }
     |     ----------------- private method defined here

error[E0624]: method `label` is private
    --> src\rust\backend\isa\stubs.rs:1410:9
     |
1410 |     enc.label("__pyb_str_len");
     |         ^^^^^ private method
     |
    ::: src\rust\backend\isa\encoder.rs:129:5
     |
 129 |     fn label(&mut self, name: &str) {
     |     ------------------------------- private method defined here

error[E0624]: method `xor_rr` is private
    --> src\rust\backend\isa\stubs.rs:1411:9
     |
1411 |     enc.xor_rr(X86Reg::RAX);
     |         ^^^^^^ private method
     |
    ::: src\rust\backend\isa\encoder.rs:109:5
     |
 109 |     fn xor_rr(&mut self, reg: X86Reg) {
     |     --------------------------------- private method defined here

error[E0624]: method `pos` is private
    --> src\rust\backend\isa\stubs.rs:1412:43
     |
1412 |     let sl_lp = format!("__sl_lp_{}", enc.pos());
     |                                           ^^^ private method
     |
    ::: src\rust\backend\isa\encoder.rs:35:5
     |
  35 |     fn pos(&self) -> u32 { self.code.len() as u32 }
     |     -------------------- private method defined here

error[E0624]: method `label` is private
    --> src\rust\backend\isa\stubs.rs:1413:9
     |
1413 |     enc.label(&sl_lp);
     |         ^^^^^ private method
     |
    ::: src\rust\backend\isa\encoder.rs:129:5
     |
 129 |     fn label(&mut self, name: &str) {
     |     ------------------------------- private method defined here

error[E0624]: method `emit` is private
    --> src\rust\backend\isa\stubs.rs:1414:9
     |
1414 |     enc.emit(&[0x80, 0x3C, 0x01, 0x00]); // CMP byte [RCX+RAX], 0
     |         ^^^^ private method
     |
    ::: src\rust\backend\isa\encoder.rs:37:5
     |
  37 |     fn emit(&mut self, bytes: &[u8]) {
     |     -------------------------------- private method defined here

error[E0624]: method `pos` is private
    --> src\rust\backend\isa\stubs.rs:1415:43
     |
1415 |     let sl_dn = format!("__sl_dn_{}", enc.pos());
     |                                           ^^^ private method
     |
    ::: src\rust\backend\isa\encoder.rs:35:5
     |
  35 |     fn pos(&self) -> u32 { self.code.len() as u32 }
     |     -------------------- private method defined here

error[E0624]: method `jcc` is private
    --> src\rust\backend\isa\stubs.rs:1416:9
     |
1416 |     enc.jcc(0x84, &sl_dn);
     |         ^^^ private method
     |
    ::: src\rust\backend\isa\encoder.rs:139:5
     |
 139 |     fn jcc(&mut self, cc: u8, lbl: &str) {
     |     ------------------------------------ private method defined here

error[E0624]: method `rex_w` is private
    --> src\rust\backend\isa\stubs.rs:1417:9
     |
1417 |     enc.rex_w(); enc.emit(&[0xFF, 0xC0]); // INC RAX
     |         ^^^^^ private method
     |
    ::: src\rust\backend\isa\encoder.rs:51:5
     |
  51 |     fn rex_w(&mut self) { self.emit_u8(0x48); }
     |     ------------------- private method defined here

error[E0624]: method `emit` is private
    --> src\rust\backend\isa\stubs.rs:1417:22
     |
1417 |     enc.rex_w(); enc.emit(&[0xFF, 0xC0]); // INC RAX
     |                      ^^^^ private method
     |
    ::: src\rust\backend\isa\encoder.rs:37:5
     |
  37 |     fn emit(&mut self, bytes: &[u8]) {
     |     -------------------------------- private method defined here

error[E0624]: method `jmp` is private
    --> src\rust\backend\isa\stubs.rs:1418:9
     |
1418 |     enc.jmp(&sl_lp);
     |         ^^^ private method
     |
    ::: src\rust\backend\isa\encoder.rs:133:5
     |
 133 |     fn jmp(&mut self, lbl: &str) {
     |     ---------------------------- private method defined here

error[E0624]: method `label` is private
    --> src\rust\backend\isa\stubs.rs:1419:9
     |
1419 |     enc.label(&sl_dn);
     |         ^^^^^ private method
     |
    ::: src\rust\backend\isa\encoder.rs:129:5
     |
 129 |     fn label(&mut self, name: &str) {
     |     ------------------------------- private method defined here

error[E0624]: method `ret` is private
    --> src\rust\backend\isa\stubs.rs:1420:9
     |
1420 |     enc.ret();
     |         ^^^ private method
     |
    ::: src\rust\backend\isa\encoder.rs:127:5
     |
 127 |     fn ret(&mut self) { self.emit_u8(0xC3); }
     |     ----------------- private method defined here

error[E0624]: method `label` is private
    --> src\rust\backend\isa\stubs.rs:1423:9
     |
1423 |     enc.label("__pyb_str_upper");
     |         ^^^^^ private method
     |
    ::: src\rust\backend\isa\encoder.rs:129:5
     |
 129 |     fn label(&mut self, name: &str) {
     |     ------------------------------- private method defined here

error[E0624]: method `push` is private
    --> src\rust\backend\isa\stubs.rs:1424:9
     |
1424 |     enc.push(X86Reg::RBX);
     |         ^^^^ private method
     |
    ::: src\rust\backend\isa\encoder.rs:115:5
     |
 115 |     fn push(&mut self, reg: X86Reg) {
     |     ------------------------------- private method defined here

error[E0624]: method `push` is private
    --> src\rust\backend\isa\stubs.rs:1425:9
     |
1425 |     enc.push(X86Reg::RSI);
     |         ^^^^ private method
     |
    ::: src\rust\backend\isa\encoder.rs:115:5
     |
 115 |     fn push(&mut self, reg: X86Reg) {
     |     ------------------------------- private method defined here

error[E0624]: method `push` is private
    --> src\rust\backend\isa\stubs.rs:1426:9
     |
1426 |     enc.push(X86Reg::RDI);
     |         ^^^^ private method
     |
    ::: src\rust\backend\isa\encoder.rs:115:5
     |
 115 |     fn push(&mut self, reg: X86Reg) {
     |     ------------------------------- private method defined here

error[E0624]: method `sub_rsp` is private
    --> src\rust\backend\isa\stubs.rs:1427:9
     |
1427 |     enc.sub_rsp(32);
     |         ^^^^^^^ private method
     |
    ::: src\rust\backend\isa\encoder.rs:125:5
     |
 125 |     fn sub_rsp(&mut self, val: u8) { self.rex_w(); self.emit(&[0x83, 0xEC, val]); }
     |     ------------------------------ private method defined here

error[E0624]: method `mov_rr` is private
    --> src\rust\backend\isa\stubs.rs:1428:9
     |
1428 |     enc.mov_rr(X86Reg::RSI, X86Reg::RCX);
     |         ^^^^^^ private method
     |
    ::: src\rust\backend\isa\encoder.rs:79:5
     |
  79 |     fn mov_rr(&mut self, dst: X86Reg, src: X86Reg) {
     |     ---------------------------------------------- private method defined here

error[E0624]: method `call_label` is private
    --> src\rust\backend\isa\stubs.rs:1429:9
     |
1429 |     enc.call_label("__pyb_str_len");
     |         ^^^^^^^^^^ private method
     |
    ::: src\rust\backend\isa\encoder.rs:145:5
     |
 145 |     fn call_label(&mut self, lbl: &str) {
     |     ----------------------------------- private method defined here

error[E0624]: method `mov_rr` is private
    --> src\rust\backend\isa\stubs.rs:1430:9
     |
1430 |     enc.mov_rr(X86Reg::RDI, X86Reg::RAX);
     |         ^^^^^^ private method
     |
    ::: src\rust\backend\isa\encoder.rs:79:5
     |
  79 |     fn mov_rr(&mut self, dst: X86Reg, src: X86Reg) {
     |     ---------------------------------------------- private method defined here

error[E0624]: method `rex_w` is private
    --> src\rust\backend\isa\stubs.rs:1431:9
     |
1431 |     enc.rex_w(); enc.emit(&[0xFF, 0xC0]);
     |         ^^^^^ private method
     |
    ::: src\rust\backend\isa\encoder.rs:51:5
     |
  51 |     fn rex_w(&mut self) { self.emit_u8(0x48); }
     |     ------------------- private method defined here

error[E0624]: method `emit` is private
    --> src\rust\backend\isa\stubs.rs:1431:22
     |
1431 |     enc.rex_w(); enc.emit(&[0xFF, 0xC0]);
     |                      ^^^^ private method
     |
    ::: src\rust\backend\isa\encoder.rs:37:5
     |
  37 |     fn emit(&mut self, bytes: &[u8]) {
     |     -------------------------------- private method defined here

error[E0624]: method `mov_rr` is private
    --> src\rust\backend\isa\stubs.rs:1432:9
     |
1432 |     enc.mov_rr(X86Reg::RCX, X86Reg::RAX);
     |         ^^^^^^ private method
     |
    ::: src\rust\backend\isa\encoder.rs:79:5
     |
  79 |     fn mov_rr(&mut self, dst: X86Reg, src: X86Reg) {
     |     ---------------------------------------------- private method defined here

error[E0624]: method `call_label` is private
    --> src\rust\backend\isa\stubs.rs:1433:9
     |
1433 |     enc.call_label("__pyb_heap_alloc");
     |         ^^^^^^^^^^ private method
     |
    ::: src\rust\backend\isa\encoder.rs:145:5
     |
 145 |     fn call_label(&mut self, lbl: &str) {
     |     ----------------------------------- private method defined here

error[E0624]: method `mov_rr` is private
    --> src\rust\backend\isa\stubs.rs:1434:9
     |
1434 |     enc.mov_rr(X86Reg::RBX, X86Reg::RAX);
     |         ^^^^^^ private method
     |
    ::: src\rust\backend\isa\encoder.rs:79:5
     |
  79 |     fn mov_rr(&mut self, dst: X86Reg, src: X86Reg) {
     |     ---------------------------------------------- private method defined here

error[E0624]: method `xor_rr` is private
    --> src\rust\backend\isa\stubs.rs:1435:9
     |
1435 |     enc.xor_rr(X86Reg::RCX);
     |         ^^^^^^ private method
     |
    ::: src\rust\backend\isa\encoder.rs:109:5
     |
 109 |     fn xor_rr(&mut self, reg: X86Reg) {
     |     --------------------------------- private method defined here

error[E0624]: method `pos` is private
    --> src\rust\backend\isa\stubs.rs:1436:43
     |
1436 |     let su_lp = format!("__su_lp_{}", enc.pos());
     |                                           ^^^ private method
     |
    ::: src\rust\backend\isa\encoder.rs:35:5
     |
  35 |     fn pos(&self) -> u32 { self.code.len() as u32 }
     |     -------------------- private method defined here

error[E0624]: method `label` is private
    --> src\rust\backend\isa\stubs.rs:1437:9
     |
1437 |     enc.label(&su_lp);
     |         ^^^^^ private method
     |
    ::: src\rust\backend\isa\encoder.rs:129:5
     |
 129 |     fn label(&mut self, name: &str) {
     |     ------------------------------- private method defined here

error[E0624]: method `rex_w` is private
    --> src\rust\backend\isa\stubs.rs:1438:9
     |
1438 |     enc.rex_w(); enc.emit(&[0x39, 0xF9]); // CMP RCX, RDI
     |         ^^^^^ private method
     |
    ::: src\rust\backend\isa\encoder.rs:51:5
     |
  51 |     fn rex_w(&mut self) { self.emit_u8(0x48); }
     |     ------------------- private method defined here

error[E0624]: method `emit` is private
    --> src\rust\backend\isa\stubs.rs:1438:22
     |
1438 |     enc.rex_w(); enc.emit(&[0x39, 0xF9]); // CMP RCX, RDI
     |                      ^^^^ private method
     |
    ::: src\rust\backend\isa\encoder.rs:37:5
     |
  37 |     fn emit(&mut self, bytes: &[u8]) {
     |     -------------------------------- private method defined here

error[E0624]: method `pos` is private
    --> src\rust\backend\isa\stubs.rs:1439:43
     |
1439 |     let su_dn = format!("__su_dn_{}", enc.pos());
     |                                           ^^^ private method
     |
    ::: src\rust\backend\isa\encoder.rs:35:5
     |
  35 |     fn pos(&self) -> u32 { self.code.len() as u32 }
     |     -------------------- private method defined here

error[E0624]: method `jcc` is private
    --> src\rust\backend\isa\stubs.rs:1440:9
     |
1440 |     enc.jcc(0x8D, &su_dn);
     |         ^^^ private method
     |
    ::: src\rust\backend\isa\encoder.rs:139:5
     |
 139 |     fn jcc(&mut self, cc: u8, lbl: &str) {
     |     ------------------------------------ private method defined here

error[E0624]: method `emit` is private
    --> src\rust\backend\isa\stubs.rs:1441:9
     |
1441 |     enc.emit(&[0x0F, 0xB6, 0x04, 0x0E]); // MOVZX EAX, [RSI+RCX]
     |         ^^^^ private method
     |
    ::: src\rust\backend\isa\encoder.rs:37:5
     |
  37 |     fn emit(&mut self, bytes: &[u8]) {
     |     -------------------------------- private method defined here

error[E0624]: method `emit` is private
    --> src\rust\backend\isa\stubs.rs:1442:9
     |
1442 |     enc.emit(&[0x3C, 0x61]); // CMP AL, 'a'
     |         ^^^^ private method
     |
    ::: src\rust\backend\isa\encoder.rs:37:5
     |
  37 |     fn emit(&mut self, bytes: &[u8]) {
     |     -------------------------------- private method defined here

error[E0624]: method `pos` is private
    --> src\rust\backend\isa\stubs.rs:1443:43
     |
1443 |     let su_sk = format!("__su_sk_{}", enc.pos());
     |                                           ^^^ private method
     |
    ::: src\rust\backend\isa\encoder.rs:35:5
     |
  35 |     fn pos(&self) -> u32 { self.code.len() as u32 }
     |     -------------------- private method defined here

error[E0624]: method `jcc` is private
    --> src\rust\backend\isa\stubs.rs:1444:9
     |
1444 |     enc.jcc(0x82, &su_sk);
     |         ^^^ private method
     |
    ::: src\rust\backend\isa\encoder.rs:139:5
     |
 139 |     fn jcc(&mut self, cc: u8, lbl: &str) {
     |     ------------------------------------ private method defined here

error[E0624]: method `emit` is private
    --> src\rust\backend\isa\stubs.rs:1445:9
     |
1445 |     enc.emit(&[0x3C, 0x7A]); // CMP AL, 'z'
     |         ^^^^ private method
     |
    ::: src\rust\backend\isa\encoder.rs:37:5
     |
  37 |     fn emit(&mut self, bytes: &[u8]) {
     |     -------------------------------- private method defined here

error[E0624]: method `jcc` is private
    --> src\rust\backend\isa\stubs.rs:1446:9
     |
1446 |     enc.jcc(0x87, &su_sk);
     |         ^^^ private method
     |
    ::: src\rust\backend\isa\encoder.rs:139:5
     |
 139 |     fn jcc(&mut self, cc: u8, lbl: &str) {
     |     ------------------------------------ private method defined here

error[E0624]: method `emit` is private
    --> src\rust\backend\isa\stubs.rs:1447:9
     |
1447 |     enc.emit(&[0x2C, 0x20]); // SUB AL, 32
     |         ^^^^ private method
     |
    ::: src\rust\backend\isa\encoder.rs:37:5
     |
  37 |     fn emit(&mut self, bytes: &[u8]) {
     |     -------------------------------- private method defined here

error[E0624]: method `label` is private
    --> src\rust\backend\isa\stubs.rs:1448:9
     |
1448 |     enc.label(&su_sk);
     |         ^^^^^ private method
     |
    ::: src\rust\backend\isa\encoder.rs:129:5
     |
 129 |     fn label(&mut self, name: &str) {
     |     ------------------------------- private method defined here

error[E0624]: method `emit` is private
    --> src\rust\backend\isa\stubs.rs:1449:9
     |
1449 |     enc.emit(&[0x88, 0x04, 0x0B]); // MOV [RBX+RCX], AL
     |         ^^^^ private method
     |
    ::: src\rust\backend\isa\encoder.rs:37:5
     |
  37 |     fn emit(&mut self, bytes: &[u8]) {
     |     -------------------------------- private method defined here

error[E0624]: method `rex_w` is private
    --> src\rust\backend\isa\stubs.rs:1450:9
     |
1450 |     enc.rex_w(); enc.emit(&[0xFF, 0xC1]);
     |         ^^^^^ private method
     |
    ::: src\rust\backend\isa\encoder.rs:51:5
     |
  51 |     fn rex_w(&mut self) { self.emit_u8(0x48); }
     |     ------------------- private method defined here

error[E0624]: method `emit` is private
    --> src\rust\backend\isa\stubs.rs:1450:22
     |
1450 |     enc.rex_w(); enc.emit(&[0xFF, 0xC1]);
     |                      ^^^^ private method
     |
    ::: src\rust\backend\isa\encoder.rs:37:5
     |
  37 |     fn emit(&mut self, bytes: &[u8]) {
     |     -------------------------------- private method defined here

error[E0624]: method `jmp` is private
    --> src\rust\backend\isa\stubs.rs:1451:9
     |
1451 |     enc.jmp(&su_lp);
     |         ^^^ private method
     |
    ::: src\rust\backend\isa\encoder.rs:133:5
     |
 133 |     fn jmp(&mut self, lbl: &str) {
     |     ---------------------------- private method defined here

error[E0624]: method `label` is private
    --> src\rust\backend\isa\stubs.rs:1452:9
     |
1452 |     enc.label(&su_dn);
     |         ^^^^^ private method
     |
    ::: src\rust\backend\isa\encoder.rs:129:5
     |
 129 |     fn label(&mut self, name: &str) {
     |     ------------------------------- private method defined here

error[E0624]: method `emit` is private
    --> src\rust\backend\isa\stubs.rs:1453:9
     |
1453 |     enc.emit(&[0xC6, 0x04, 0x0B, 0x00]);
     |         ^^^^ private method
     |
    ::: src\rust\backend\isa\encoder.rs:37:5
     |
  37 |     fn emit(&mut self, bytes: &[u8]) {
     |     -------------------------------- private method defined here

error[E0624]: method `mov_rr` is private
    --> src\rust\backend\isa\stubs.rs:1454:9
     |
1454 |     enc.mov_rr(X86Reg::RAX, X86Reg::RBX);
     |         ^^^^^^ private method
     |
    ::: src\rust\backend\isa\encoder.rs:79:5
     |
  79 |     fn mov_rr(&mut self, dst: X86Reg, src: X86Reg) {
     |     ---------------------------------------------- private method defined here

error[E0624]: method `add_rsp` is private
    --> src\rust\backend\isa\stubs.rs:1455:9
     |
1455 |     enc.add_rsp(32);
     |         ^^^^^^^ private method
     |
    ::: src\rust\backend\isa\encoder.rs:126:5
     |
 126 |     fn add_rsp(&mut self, val: u8) { self.rex_w(); self.emit(&[0x83, 0xC4, val]); }
     |     ------------------------------ private method defined here

error[E0624]: method `pop` is private
    --> src\rust\backend\isa\stubs.rs:1456:9
     |
1456 |     enc.pop(X86Reg::RDI);
     |         ^^^ private method
     |
    ::: src\rust\backend\isa\encoder.rs:120:5
     |
 120 |     fn pop(&mut self, reg: X86Reg) {
     |     ------------------------------ private method defined here

error[E0624]: method `pop` is private
    --> src\rust\backend\isa\stubs.rs:1457:9
     |
1457 |     enc.pop(X86Reg::RSI);
     |         ^^^ private method
     |
    ::: src\rust\backend\isa\encoder.rs:120:5
     |
 120 |     fn pop(&mut self, reg: X86Reg) {
     |     ------------------------------ private method defined here

error[E0624]: method `pop` is private
    --> src\rust\backend\isa\stubs.rs:1458:9
     |
1458 |     enc.pop(X86Reg::RBX);
     |         ^^^ private method
     |
    ::: src\rust\backend\isa\encoder.rs:120:5
     |
 120 |     fn pop(&mut self, reg: X86Reg) {
     |     ------------------------------ private method defined here

error[E0624]: method `ret` is private
    --> src\rust\backend\isa\stubs.rs:1459:9
     |
1459 |     enc.ret();
     |         ^^^ private method
     |
    ::: src\rust\backend\isa\encoder.rs:127:5
     |
 127 |     fn ret(&mut self) { self.emit_u8(0xC3); }
     |     ----------------- private method defined here

error[E0624]: method `label` is private
    --> src\rust\backend\isa\stubs.rs:1462:9
     |
1462 |     enc.label("__pyb_str_lower");
     |         ^^^^^ private method
     |
    ::: src\rust\backend\isa\encoder.rs:129:5
     |
 129 |     fn label(&mut self, name: &str) {
     |     ------------------------------- private method defined here

error[E0624]: method `push` is private
    --> src\rust\backend\isa\stubs.rs:1463:9
     |
1463 |     enc.push(X86Reg::RBX);
     |         ^^^^ private method
     |
    ::: src\rust\backend\isa\encoder.rs:115:5
     |
 115 |     fn push(&mut self, reg: X86Reg) {
     |     ------------------------------- private method defined here

error[E0624]: method `push` is private
    --> src\rust\backend\isa\stubs.rs:1464:9
     |
1464 |     enc.push(X86Reg::RSI);
     |         ^^^^ private method
     |
    ::: src\rust\backend\isa\encoder.rs:115:5
     |
 115 |     fn push(&mut self, reg: X86Reg) {
     |     ------------------------------- private method defined here

error[E0624]: method `push` is private
    --> src\rust\backend\isa\stubs.rs:1465:9
     |
1465 |     enc.push(X86Reg::RDI);
     |         ^^^^ private method
     |
    ::: src\rust\backend\isa\encoder.rs:115:5
     |
 115 |     fn push(&mut self, reg: X86Reg) {
     |     ------------------------------- private method defined here

error[E0624]: method `sub_rsp` is private
    --> src\rust\backend\isa\stubs.rs:1466:9
     |
1466 |     enc.sub_rsp(32);
     |         ^^^^^^^ private method
     |
    ::: src\rust\backend\isa\encoder.rs:125:5
     |
 125 |     fn sub_rsp(&mut self, val: u8) { self.rex_w(); self.emit(&[0x83, 0xEC, val]); }
     |     ------------------------------ private method defined here

error[E0624]: method `mov_rr` is private
    --> src\rust\backend\isa\stubs.rs:1467:9
     |
1467 |     enc.mov_rr(X86Reg::RSI, X86Reg::RCX);
     |         ^^^^^^ private method
     |
    ::: src\rust\backend\isa\encoder.rs:79:5
     |
  79 |     fn mov_rr(&mut self, dst: X86Reg, src: X86Reg) {
     |     ---------------------------------------------- private method defined here

error[E0624]: method `call_label` is private
    --> src\rust\backend\isa\stubs.rs:1468:9
     |
1468 |     enc.call_label("__pyb_str_len");
     |         ^^^^^^^^^^ private method
     |
    ::: src\rust\backend\isa\encoder.rs:145:5
     |
 145 |     fn call_label(&mut self, lbl: &str) {
     |     ----------------------------------- private method defined here

error[E0624]: method `mov_rr` is private
    --> src\rust\backend\isa\stubs.rs:1469:9
     |
1469 |     enc.mov_rr(X86Reg::RDI, X86Reg::RAX);
     |         ^^^^^^ private method
     |
    ::: src\rust\backend\isa\encoder.rs:79:5
     |
  79 |     fn mov_rr(&mut self, dst: X86Reg, src: X86Reg) {
     |     ---------------------------------------------- private method defined here

error[E0624]: method `rex_w` is private
    --> src\rust\backend\isa\stubs.rs:1470:9
     |
1470 |     enc.rex_w(); enc.emit(&[0xFF, 0xC0]);
     |         ^^^^^ private method
     |
    ::: src\rust\backend\isa\encoder.rs:51:5
     |
  51 |     fn rex_w(&mut self) { self.emit_u8(0x48); }
     |     ------------------- private method defined here

error[E0624]: method `emit` is private
    --> src\rust\backend\isa\stubs.rs:1470:22
     |
1470 |     enc.rex_w(); enc.emit(&[0xFF, 0xC0]);
     |                      ^^^^ private method
     |
    ::: src\rust\backend\isa\encoder.rs:37:5
     |
  37 |     fn emit(&mut self, bytes: &[u8]) {
     |     -------------------------------- private method defined here

error[E0624]: method `mov_rr` is private
    --> src\rust\backend\isa\stubs.rs:1471:9
     |
1471 |     enc.mov_rr(X86Reg::RCX, X86Reg::RAX);
     |         ^^^^^^ private method
     |
    ::: src\rust\backend\isa\encoder.rs:79:5
     |
  79 |     fn mov_rr(&mut self, dst: X86Reg, src: X86Reg) {
     |     ---------------------------------------------- private method defined here

error[E0624]: method `call_label` is private
    --> src\rust\backend\isa\stubs.rs:1472:9
     |
1472 |     enc.call_label("__pyb_heap_alloc");
     |         ^^^^^^^^^^ private method
     |
    ::: src\rust\backend\isa\encoder.rs:145:5
     |
 145 |     fn call_label(&mut self, lbl: &str) {
     |     ----------------------------------- private method defined here

error[E0624]: method `mov_rr` is private
    --> src\rust\backend\isa\stubs.rs:1473:9
     |
1473 |     enc.mov_rr(X86Reg::RBX, X86Reg::RAX);
     |         ^^^^^^ private method
     |
    ::: src\rust\backend\isa\encoder.rs:79:5
     |
  79 |     fn mov_rr(&mut self, dst: X86Reg, src: X86Reg) {
     |     ---------------------------------------------- private method defined here

error[E0624]: method `xor_rr` is private
    --> src\rust\backend\isa\stubs.rs:1474:9
     |
1474 |     enc.xor_rr(X86Reg::RCX);
     |         ^^^^^^ private method
     |
    ::: src\rust\backend\isa\encoder.rs:109:5
     |
 109 |     fn xor_rr(&mut self, reg: X86Reg) {
     |     --------------------------------- private method defined here

error[E0624]: method `pos` is private
    --> src\rust\backend\isa\stubs.rs:1475:45
     |
1475 |     let slw_lp = format!("__slw_lp_{}", enc.pos());
     |                                             ^^^ private method
     |
    ::: src\rust\backend\isa\encoder.rs:35:5
     |
  35 |     fn pos(&self) -> u32 { self.code.len() as u32 }
     |     -------------------- private method defined here

error[E0624]: method `label` is private
    --> src\rust\backend\isa\stubs.rs:1476:9
     |
1476 |     enc.label(&slw_lp);
     |         ^^^^^ private method
     |
    ::: src\rust\backend\isa\encoder.rs:129:5
     |
 129 |     fn label(&mut self, name: &str) {
     |     ------------------------------- private method defined here

error[E0624]: method `rex_w` is private
    --> src\rust\backend\isa\stubs.rs:1477:9
     |
1477 |     enc.rex_w(); enc.emit(&[0x39, 0xF9]);
     |         ^^^^^ private method
     |
    ::: src\rust\backend\isa\encoder.rs:51:5
     |
  51 |     fn rex_w(&mut self) { self.emit_u8(0x48); }
     |     ------------------- private method defined here

error[E0624]: method `emit` is private
    --> src\rust\backend\isa\stubs.rs:1477:22
     |
1477 |     enc.rex_w(); enc.emit(&[0x39, 0xF9]);
     |                      ^^^^ private method
     |
    ::: src\rust\backend\isa\encoder.rs:37:5
     |
  37 |     fn emit(&mut self, bytes: &[u8]) {
     |     -------------------------------- private method defined here

error[E0624]: method `pos` is private
    --> src\rust\backend\isa\stubs.rs:1478:45
     |
1478 |     let slw_dn = format!("__slw_dn_{}", enc.pos());
     |                                             ^^^ private method
     |
    ::: src\rust\backend\isa\encoder.rs:35:5
     |
  35 |     fn pos(&self) -> u32 { self.code.len() as u32 }
     |     -------------------- private method defined here

error[E0624]: method `jcc` is private
    --> src\rust\backend\isa\stubs.rs:1479:9
     |
1479 |     enc.jcc(0x8D, &slw_dn);
     |         ^^^ private method
     |
    ::: src\rust\backend\isa\encoder.rs:139:5
     |
 139 |     fn jcc(&mut self, cc: u8, lbl: &str) {
     |     ------------------------------------ private method defined here

error[E0624]: method `emit` is private
    --> src\rust\backend\isa\stubs.rs:1480:9
     |
1480 |     enc.emit(&[0x0F, 0xB6, 0x04, 0x0E]);
     |         ^^^^ private method
     |
    ::: src\rust\backend\isa\encoder.rs:37:5
     |
  37 |     fn emit(&mut self, bytes: &[u8]) {
     |     -------------------------------- private method defined here

error[E0624]: method `emit` is private
    --> src\rust\backend\isa\stubs.rs:1481:9
     |
1481 |     enc.emit(&[0x3C, 0x41]); // CMP AL, 'A'
     |         ^^^^ private method
     |
    ::: src\rust\backend\isa\encoder.rs:37:5
     |
  37 |     fn emit(&mut self, bytes: &[u8]) {
     |     -------------------------------- private method defined here

error[E0624]: method `pos` is private
    --> src\rust\backend\isa\stubs.rs:1482:45
     |
1482 |     let slw_sk = format!("__slw_sk_{}", enc.pos());
     |                                             ^^^ private method
     |
    ::: src\rust\backend\isa\encoder.rs:35:5
     |
  35 |     fn pos(&self) -> u32 { self.code.len() as u32 }
     |     -------------------- private method defined here

error[E0624]: method `jcc` is private
    --> src\rust\backend\isa\stubs.rs:1483:9
     |
1483 |     enc.jcc(0x82, &slw_sk);
     |         ^^^ private method
     |
    ::: src\rust\backend\isa\encoder.rs:139:5
     |
 139 |     fn jcc(&mut self, cc: u8, lbl: &str) {
     |     ------------------------------------ private method defined here

error[E0624]: method `emit` is private
    --> src\rust\backend\isa\stubs.rs:1484:9
     |
1484 |     enc.emit(&[0x3C, 0x5A]); // CMP AL, 'Z'
     |         ^^^^ private method
     |
    ::: src\rust\backend\isa\encoder.rs:37:5
     |
  37 |     fn emit(&mut self, bytes: &[u8]) {
     |     -------------------------------- private method defined here

error[E0624]: method `jcc` is private
    --> src\rust\backend\isa\stubs.rs:1485:9
     |
1485 |     enc.jcc(0x87, &slw_sk);
     |         ^^^ private method
     |
    ::: src\rust\backend\isa\encoder.rs:139:5
     |
 139 |     fn jcc(&mut self, cc: u8, lbl: &str) {
     |     ------------------------------------ private method defined here

error[E0624]: method `emit` is private
    --> src\rust\backend\isa\stubs.rs:1486:9
     |
1486 |     enc.emit(&[0x04, 0x20]); // ADD AL, 32
     |         ^^^^ private method
     |
    ::: src\rust\backend\isa\encoder.rs:37:5
     |
  37 |     fn emit(&mut self, bytes: &[u8]) {
     |     -------------------------------- private method defined here

error[E0624]: method `label` is private
    --> src\rust\backend\isa\stubs.rs:1487:9
     |
1487 |     enc.label(&slw_sk);
     |         ^^^^^ private method
     |
    ::: src\rust\backend\isa\encoder.rs:129:5
     |
 129 |     fn label(&mut self, name: &str) {
     |     ------------------------------- private method defined here

error[E0624]: method `emit` is private
    --> src\rust\backend\isa\stubs.rs:1488:9
     |
1488 |     enc.emit(&[0x88, 0x04, 0x0B]);
     |         ^^^^ private method
     |
    ::: src\rust\backend\isa\encoder.rs:37:5
     |
  37 |     fn emit(&mut self, bytes: &[u8]) {
     |     -------------------------------- private method defined here

error[E0624]: method `rex_w` is private
    --> src\rust\backend\isa\stubs.rs:1489:9
     |
1489 |     enc.rex_w(); enc.emit(&[0xFF, 0xC1]);
     |         ^^^^^ private method
     |
    ::: src\rust\backend\isa\encoder.rs:51:5
     |
  51 |     fn rex_w(&mut self) { self.emit_u8(0x48); }
     |     ------------------- private method defined here

error[E0624]: method `emit` is private
    --> src\rust\backend\isa\stubs.rs:1489:22
     |
1489 |     enc.rex_w(); enc.emit(&[0xFF, 0xC1]);
     |                      ^^^^ private method
     |
    ::: src\rust\backend\isa\encoder.rs:37:5
     |
  37 |     fn emit(&mut self, bytes: &[u8]) {
     |     -------------------------------- private method defined here

error[E0624]: method `jmp` is private
    --> src\rust\backend\isa\stubs.rs:1490:9
     |
1490 |     enc.jmp(&slw_lp);
     |         ^^^ private method
     |
    ::: src\rust\backend\isa\encoder.rs:133:5
     |
 133 |     fn jmp(&mut self, lbl: &str) {
     |     ---------------------------- private method defined here

error[E0624]: method `label` is private
    --> src\rust\backend\isa\stubs.rs:1491:9
     |
1491 |     enc.label(&slw_dn);
     |         ^^^^^ private method
     |
    ::: src\rust\backend\isa\encoder.rs:129:5
     |
 129 |     fn label(&mut self, name: &str) {
     |     ------------------------------- private method defined here

error[E0624]: method `emit` is private
    --> src\rust\backend\isa\stubs.rs:1492:9
     |
1492 |     enc.emit(&[0xC6, 0x04, 0x0B, 0x00]);
     |         ^^^^ private method
     |
    ::: src\rust\backend\isa\encoder.rs:37:5
     |
  37 |     fn emit(&mut self, bytes: &[u8]) {
     |     -------------------------------- private method defined here

error[E0624]: method `mov_rr` is private
    --> src\rust\backend\isa\stubs.rs:1493:9
     |
1493 |     enc.mov_rr(X86Reg::RAX, X86Reg::RBX);
     |         ^^^^^^ private method
     |
    ::: src\rust\backend\isa\encoder.rs:79:5
     |
  79 |     fn mov_rr(&mut self, dst: X86Reg, src: X86Reg) {
     |     ---------------------------------------------- private method defined here

error[E0624]: method `add_rsp` is private
    --> src\rust\backend\isa\stubs.rs:1494:9
     |
1494 |     enc.add_rsp(32);
     |         ^^^^^^^ private method
     |
    ::: src\rust\backend\isa\encoder.rs:126:5
     |
 126 |     fn add_rsp(&mut self, val: u8) { self.rex_w(); self.emit(&[0x83, 0xC4, val]); }
     |     ------------------------------ private method defined here

error[E0624]: method `pop` is private
    --> src\rust\backend\isa\stubs.rs:1495:9
     |
1495 |     enc.pop(X86Reg::RDI);
     |         ^^^ private method
     |
    ::: src\rust\backend\isa\encoder.rs:120:5
     |
 120 |     fn pop(&mut self, reg: X86Reg) {
     |     ------------------------------ private method defined here

error[E0624]: method `pop` is private
    --> src\rust\backend\isa\stubs.rs:1496:9
     |
1496 |     enc.pop(X86Reg::RSI);
     |         ^^^ private method
     |
    ::: src\rust\backend\isa\encoder.rs:120:5
     |
 120 |     fn pop(&mut self, reg: X86Reg) {
     |     ------------------------------ private method defined here

error[E0624]: method `pop` is private
    --> src\rust\backend\isa\stubs.rs:1497:9
     |
1497 |     enc.pop(X86Reg::RBX);
     |         ^^^ private method
     |
    ::: src\rust\backend\isa\encoder.rs:120:5
     |
 120 |     fn pop(&mut self, reg: X86Reg) {
     |     ------------------------------ private method defined here

error[E0624]: method `ret` is private
    --> src\rust\backend\isa\stubs.rs:1498:9
     |
1498 |     enc.ret();
     |         ^^^ private method
     |
    ::: src\rust\backend\isa\encoder.rs:127:5
     |
 127 |     fn ret(&mut self) { self.emit_u8(0xC3); }
     |     ----------------- private method defined here

error[E0624]: method `label` is private
    --> src\rust\backend\isa\stubs.rs:1501:9
     |
1501 |     enc.label("__pyb_str_find");
     |         ^^^^^ private method
     |
    ::: src\rust\backend\isa\encoder.rs:129:5
     |
 129 |     fn label(&mut self, name: &str) {
     |     ------------------------------- private method defined here

error[E0624]: method `push` is private
    --> src\rust\backend\isa\stubs.rs:1502:9
     |
1502 |     enc.push(X86Reg::RBX);
     |         ^^^^ private method
     |
    ::: src\rust\backend\isa\encoder.rs:115:5
     |
 115 |     fn push(&mut self, reg: X86Reg) {
     |     ------------------------------- private method defined here

error[E0624]: method `push` is private
    --> src\rust\backend\isa\stubs.rs:1503:9
     |
1503 |     enc.push(X86Reg::RSI);
     |         ^^^^ private method
     |
    ::: src\rust\backend\isa\encoder.rs:115:5
     |
 115 |     fn push(&mut self, reg: X86Reg) {
     |     ------------------------------- private method defined here

error[E0624]: method `push` is private
    --> src\rust\backend\isa\stubs.rs:1504:9
     |
1504 |     enc.push(X86Reg::RDI);
     |         ^^^^ private method
     |
    ::: src\rust\backend\isa\encoder.rs:115:5
     |
 115 |     fn push(&mut self, reg: X86Reg) {
     |     ------------------------------- private method defined here

error[E0624]: method `push` is private
    --> src\rust\backend\isa\stubs.rs:1505:9
     |
1505 |     enc.push(X86Reg::R12);
     |         ^^^^ private method
     |
    ::: src\rust\backend\isa\encoder.rs:115:5
     |
 115 |     fn push(&mut self, reg: X86Reg) {
     |     ------------------------------- private method defined here

error[E0624]: method `sub_rsp` is private
    --> src\rust\backend\isa\stubs.rs:1506:9
     |
1506 |     enc.sub_rsp(32);
     |         ^^^^^^^ private method
     |
    ::: src\rust\backend\isa\encoder.rs:125:5
     |
 125 |     fn sub_rsp(&mut self, val: u8) { self.rex_w(); self.emit(&[0x83, 0xEC, val]); }
     |     ------------------------------ private method defined here

error[E0624]: method `mov_rr` is private
    --> src\rust\backend\isa\stubs.rs:1507:9
     |
1507 |     enc.mov_rr(X86Reg::RSI, X86Reg::RCX); // haystack
     |         ^^^^^^ private method
     |
    ::: src\rust\backend\isa\encoder.rs:79:5
     |
  79 |     fn mov_rr(&mut self, dst: X86Reg, src: X86Reg) {
     |     ---------------------------------------------- private method defined here

error[E0624]: method `mov_rr` is private
    --> src\rust\backend\isa\stubs.rs:1508:9
     |
1508 |     enc.mov_rr(X86Reg::RDI, X86Reg::RDX); // needle
     |         ^^^^^^ private method
     |
    ::: src\rust\backend\isa\encoder.rs:79:5
     |
  79 |     fn mov_rr(&mut self, dst: X86Reg, src: X86Reg) {
     |     ---------------------------------------------- private method defined here

error[E0624]: method `mov_rr` is private
    --> src\rust\backend\isa\stubs.rs:1509:9
     |
1509 |     enc.mov_rr(X86Reg::RCX, X86Reg::RDI);
     |         ^^^^^^ private method
     |
    ::: src\rust\backend\isa\encoder.rs:79:5
     |
  79 |     fn mov_rr(&mut self, dst: X86Reg, src: X86Reg) {
     |     ---------------------------------------------- private method defined here

error[E0624]: method `call_label` is private
    --> src\rust\backend\isa\stubs.rs:1510:9
     |
1510 |     enc.call_label("__pyb_str_len");
     |         ^^^^^^^^^^ private method
     |
    ::: src\rust\backend\isa\encoder.rs:145:5
     |
 145 |     fn call_label(&mut self, lbl: &str) {
     |     ----------------------------------- private method defined here

error[E0624]: method `mov_rr` is private
    --> src\rust\backend\isa\stubs.rs:1511:9
     |
1511 |     enc.mov_rr(X86Reg::R12, X86Reg::RAX); // needle_len
     |         ^^^^^^ private method
     |
    ::: src\rust\backend\isa\encoder.rs:79:5
     |
  79 |     fn mov_rr(&mut self, dst: X86Reg, src: X86Reg) {
     |     ---------------------------------------------- private method defined here

error[E0624]: method `xor_rr` is private
    --> src\rust\backend\isa\stubs.rs:1512:9
     |
1512 |     enc.xor_rr(X86Reg::RBX); // i=0
     |         ^^^^^^ private method
     |
    ::: src\rust\backend\isa\encoder.rs:109:5
     |
 109 |     fn xor_rr(&mut self, reg: X86Reg) {
     |     --------------------------------- private method defined here

error[E0624]: method `pos` is private
    --> src\rust\backend\isa\stubs.rs:1513:43
     |
1513 |     let sf_lp = format!("__sf_lp_{}", enc.pos());
     |                                           ^^^ private method
     |
    ::: src\rust\backend\isa\encoder.rs:35:5
     |
  35 |     fn pos(&self) -> u32 { self.code.len() as u32 }
     |     -------------------- private method defined here

error[E0624]: method `label` is private
    --> src\rust\backend\isa\stubs.rs:1514:9
     |
1514 |     enc.label(&sf_lp);
     |         ^^^^^ private method
     |
    ::: src\rust\backend\isa\encoder.rs:129:5
     |
 129 |     fn label(&mut self, name: &str) {
     |     ------------------------------- private method defined here

error[E0624]: method `emit` is private
    --> src\rust\backend\isa\stubs.rs:1515:9
     |
1515 |     enc.emit(&[0x80, 0x3C, 0x1E, 0x00]); // CMP byte [RSI+RBX], 0
     |         ^^^^ private method
     |
    ::: src\rust\backend\isa\encoder.rs:37:5
     |
  37 |     fn emit(&mut self, bytes: &[u8]) {
     |     -------------------------------- private method defined here

error[E0624]: method `pos` is private
    --> src\rust\backend\isa\stubs.rs:1516:43
     |
1516 |     let sf_nf = format!("__sf_nf_{}", enc.pos());
     |                                           ^^^ private method
     |
    ::: src\rust\backend\isa\encoder.rs:35:5
     |
  35 |     fn pos(&self) -> u32 { self.code.len() as u32 }
     |     -------------------- private method defined here

error[E0624]: method `jcc` is private
    --> src\rust\backend\isa\stubs.rs:1517:9
     |
1517 |     enc.jcc(0x84, &sf_nf);
     |         ^^^ private method
     |
    ::: src\rust\backend\isa\encoder.rs:139:5
     |
 139 |     fn jcc(&mut self, cc: u8, lbl: &str) {
     |     ------------------------------------ private method defined here

error[E0624]: method `xor_rr` is private
    --> src\rust\backend\isa\stubs.rs:1519:9
     |
1519 |     enc.xor_rr(X86Reg::RCX); // j=0
     |         ^^^^^^ private method
     |
    ::: src\rust\backend\isa\encoder.rs:109:5
     |
 109 |     fn xor_rr(&mut self, reg: X86Reg) {
     |     --------------------------------- private method defined here

error[E0624]: method `pos` is private
    --> src\rust\backend\isa\stubs.rs:1520:43
     |
1520 |     let sf_cm = format!("__sf_cm_{}", enc.pos());
     |                                           ^^^ private method
     |
    ::: src\rust\backend\isa\encoder.rs:35:5
     |
  35 |     fn pos(&self) -> u32 { self.code.len() as u32 }
     |     -------------------- private method defined here

error[E0624]: method `label` is private
    --> src\rust\backend\isa\stubs.rs:1521:9
     |
1521 |     enc.label(&sf_cm);
     |         ^^^^^ private method
     |
    ::: src\rust\backend\isa\encoder.rs:129:5
     |
 129 |     fn label(&mut self, name: &str) {
     |     ------------------------------- private method defined here

error[E0624]: method `rex_w` is private
    --> src\rust\backend\isa\stubs.rs:1522:9
     |
1522 |     enc.rex_w(); enc.emit(&[0x4C, 0x39, 0xE1]); // CMP RCX, R12
     |         ^^^^^ private method
     |
    ::: src\rust\backend\isa\encoder.rs:51:5
     |
  51 |     fn rex_w(&mut self) { self.emit_u8(0x48); }
     |     ------------------- private method defined here

error[E0624]: method `emit` is private
    --> src\rust\backend\isa\stubs.rs:1522:22
     |
1522 |     enc.rex_w(); enc.emit(&[0x4C, 0x39, 0xE1]); // CMP RCX, R12
     |                      ^^^^ private method
     |
    ::: src\rust\backend\isa\encoder.rs:37:5
     |
  37 |     fn emit(&mut self, bytes: &[u8]) {
     |     -------------------------------- private method defined here

error[E0624]: method `pos` is private
    --> src\rust\backend\isa\stubs.rs:1523:43
     |
1523 |     let sf_ok = format!("__sf_ok_{}", enc.pos());
     |                                           ^^^ private method
     |
    ::: src\rust\backend\isa\encoder.rs:35:5
     |
  35 |     fn pos(&self) -> u32 { self.code.len() as u32 }
     |     -------------------- private method defined here

error[E0624]: method `jcc` is private
    --> src\rust\backend\isa\stubs.rs:1524:9
     |
1524 |     enc.jcc(0x8D, &sf_ok);
     |         ^^^ private method
     |
    ::: src\rust\backend\isa\encoder.rs:139:5
     |
 139 |     fn jcc(&mut self, cc: u8, lbl: &str) {
     |     ------------------------------------ private method defined here

error[E0624]: method `mov_rr` is private
    --> src\rust\backend\isa\stubs.rs:1525:9
     |
1525 |     enc.mov_rr(X86Reg::RAX, X86Reg::RBX);
     |         ^^^^^^ private method
     |
    ::: src\rust\backend\isa\encoder.rs:79:5
     |
  79 |     fn mov_rr(&mut self, dst: X86Reg, src: X86Reg) {
     |     ---------------------------------------------- private method defined here

error[E0624]: method `rex_w` is private
    --> src\rust\backend\isa\stubs.rs:1526:9
     |
1526 |     enc.rex_w(); enc.emit(&[0x01, 0xC8]); // ADD RAX, RCX
     |         ^^^^^ private method
     |
    ::: src\rust\backend\isa\encoder.rs:51:5
     |
  51 |     fn rex_w(&mut self) { self.emit_u8(0x48); }
     |     ------------------- private method defined here

error[E0624]: method `emit` is private
    --> src\rust\backend\isa\stubs.rs:1526:22
     |
1526 |     enc.rex_w(); enc.emit(&[0x01, 0xC8]); // ADD RAX, RCX
     |                      ^^^^ private method
     |
    ::: src\rust\backend\isa\encoder.rs:37:5
     |
  37 |     fn emit(&mut self, bytes: &[u8]) {
     |     -------------------------------- private method defined here

error[E0624]: method `emit` is private
    --> src\rust\backend\isa\stubs.rs:1527:9
     |
1527 |     enc.emit(&[0x0F, 0xB6, 0x14, 0x06]); // MOVZX EDX, [RSI+RAX]
     |         ^^^^ private method
     |
    ::: src\rust\backend\isa\encoder.rs:37:5
     |
  37 |     fn emit(&mut self, bytes: &[u8]) {
     |     -------------------------------- private method defined here

error[E0624]: method `emit` is private
    --> src\rust\backend\isa\stubs.rs:1528:9
     |
1528 |     enc.emit(&[0x0F, 0xB6, 0x04, 0x0F]); // MOVZX EAX, [RDI+RCX]
     |         ^^^^ private method
     |
    ::: src\rust\backend\isa\encoder.rs:37:5
     |
  37 |     fn emit(&mut self, bytes: &[u8]) {
     |     -------------------------------- private method defined here

error[E0624]: method `emit` is private
    --> src\rust\backend\isa\stubs.rs:1529:9
     |
1529 |     enc.emit(&[0x39, 0xC2]); // CMP EDX, EAX
     |         ^^^^ private method
     |
    ::: src\rust\backend\isa\encoder.rs:37:5
     |
  37 |     fn emit(&mut self, bytes: &[u8]) {
     |     -------------------------------- private method defined here

error[E0624]: method `pos` is private
    --> src\rust\backend\isa\stubs.rs:1530:43
     |
1530 |     let sf_no = format!("__sf_no_{}", enc.pos());
     |                                           ^^^ private method
     |
    ::: src\rust\backend\isa\encoder.rs:35:5
     |
  35 |     fn pos(&self) -> u32 { self.code.len() as u32 }
     |     -------------------- private method defined here

error[E0624]: method `jcc` is private
    --> src\rust\backend\isa\stubs.rs:1531:9
     |
1531 |     enc.jcc(0x85, &sf_no);
     |         ^^^ private method
     |
    ::: src\rust\backend\isa\encoder.rs:139:5
     |
 139 |     fn jcc(&mut self, cc: u8, lbl: &str) {
     |     ------------------------------------ private method defined here

error[E0624]: method `rex_w` is private
    --> src\rust\backend\isa\stubs.rs:1532:9
     |
1532 |     enc.rex_w(); enc.emit(&[0xFF, 0xC1]); // INC RCX
     |         ^^^^^ private method
     |
    ::: src\rust\backend\isa\encoder.rs:51:5
     |
  51 |     fn rex_w(&mut self) { self.emit_u8(0x48); }
     |     ------------------- private method defined here

error[E0624]: method `emit` is private
    --> src\rust\backend\isa\stubs.rs:1532:22
     |
1532 |     enc.rex_w(); enc.emit(&[0xFF, 0xC1]); // INC RCX
     |                      ^^^^ private method
     |
    ::: src\rust\backend\isa\encoder.rs:37:5
     |
  37 |     fn emit(&mut self, bytes: &[u8]) {
     |     -------------------------------- private method defined here

error[E0624]: method `jmp` is private
    --> src\rust\backend\isa\stubs.rs:1533:9
     |
1533 |     enc.jmp(&sf_cm);
     |         ^^^ private method
     |
    ::: src\rust\backend\isa\encoder.rs:133:5
     |
 133 |     fn jmp(&mut self, lbl: &str) {
     |     ---------------------------- private method defined here

error[E0624]: method `label` is private
    --> src\rust\backend\isa\stubs.rs:1534:9
     |
1534 |     enc.label(&sf_ok);
     |         ^^^^^ private method
     |
    ::: src\rust\backend\isa\encoder.rs:129:5
     |
 129 |     fn label(&mut self, name: &str) {
     |     ------------------------------- private method defined here

error[E0624]: method `mov_rr` is private
    --> src\rust\backend\isa\stubs.rs:1535:9
     |
1535 |     enc.mov_rr(X86Reg::RAX, X86Reg::RBX); // return index
     |         ^^^^^^ private method
     |
    ::: src\rust\backend\isa\encoder.rs:79:5
     |
  79 |     fn mov_rr(&mut self, dst: X86Reg, src: X86Reg) {
     |     ---------------------------------------------- private method defined here

error[E0624]: method `add_rsp` is private
    --> src\rust\backend\isa\stubs.rs:1536:9
     |
1536 |     enc.add_rsp(32);
     |         ^^^^^^^ private method
     |
    ::: src\rust\backend\isa\encoder.rs:126:5
     |
 126 |     fn add_rsp(&mut self, val: u8) { self.rex_w(); self.emit(&[0x83, 0xC4, val]); }
     |     ------------------------------ private method defined here

error[E0624]: method `pop` is private
    --> src\rust\backend\isa\stubs.rs:1537:9
     |
1537 |     enc.pop(X86Reg::R12);
     |         ^^^ private method
     |
    ::: src\rust\backend\isa\encoder.rs:120:5
     |
 120 |     fn pop(&mut self, reg: X86Reg) {
     |     ------------------------------ private method defined here

error[E0624]: method `pop` is private
    --> src\rust\backend\isa\stubs.rs:1538:9
     |
1538 |     enc.pop(X86Reg::RDI);
     |         ^^^ private method
     |
    ::: src\rust\backend\isa\encoder.rs:120:5
     |
 120 |     fn pop(&mut self, reg: X86Reg) {
     |     ------------------------------ private method defined here

error[E0624]: method `pop` is private
    --> src\rust\backend\isa\stubs.rs:1539:9
     |
1539 |     enc.pop(X86Reg::RSI);
     |         ^^^ private method
     |
    ::: src\rust\backend\isa\encoder.rs:120:5
     |
 120 |     fn pop(&mut self, reg: X86Reg) {
     |     ------------------------------ private method defined here

error[E0624]: method `pop` is private
    --> src\rust\backend\isa\stubs.rs:1540:9
     |
1540 |     enc.pop(X86Reg::RBX);
     |         ^^^ private method
     |
    ::: src\rust\backend\isa\encoder.rs:120:5
     |
 120 |     fn pop(&mut self, reg: X86Reg) {
     |     ------------------------------ private method defined here

error[E0624]: method `ret` is private
    --> src\rust\backend\isa\stubs.rs:1541:9
     |
1541 |     enc.ret();
     |         ^^^ private method
     |
    ::: src\rust\backend\isa\encoder.rs:127:5
     |
 127 |     fn ret(&mut self) { self.emit_u8(0xC3); }
     |     ----------------- private method defined here

error[E0624]: method `label` is private
    --> src\rust\backend\isa\stubs.rs:1542:9
     |
1542 |     enc.label(&sf_no);
     |         ^^^^^ private method
     |
    ::: src\rust\backend\isa\encoder.rs:129:5
     |
 129 |     fn label(&mut self, name: &str) {
     |     ------------------------------- private method defined here

error[E0624]: method `rex_w` is private
    --> src\rust\backend\isa\stubs.rs:1543:9
     |
1543 |     enc.rex_w(); enc.emit(&[0xFF, 0xC3]); // INC RBX
     |         ^^^^^ private method
     |
    ::: src\rust\backend\isa\encoder.rs:51:5
     |
  51 |     fn rex_w(&mut self) { self.emit_u8(0x48); }
     |     ------------------- private method defined here

error[E0624]: method `emit` is private
    --> src\rust\backend\isa\stubs.rs:1543:22
     |
1543 |     enc.rex_w(); enc.emit(&[0xFF, 0xC3]); // INC RBX
     |                      ^^^^ private method
     |
    ::: src\rust\backend\isa\encoder.rs:37:5
     |
  37 |     fn emit(&mut self, bytes: &[u8]) {
     |     -------------------------------- private method defined here

error[E0624]: method `jmp` is private
    --> src\rust\backend\isa\stubs.rs:1544:9
     |
1544 |     enc.jmp(&sf_lp);
     |         ^^^ private method
     |
    ::: src\rust\backend\isa\encoder.rs:133:5
     |
 133 |     fn jmp(&mut self, lbl: &str) {
     |     ---------------------------- private method defined here

error[E0624]: method `label` is private
    --> src\rust\backend\isa\stubs.rs:1545:9
     |
1545 |     enc.label(&sf_nf);
     |         ^^^^^ private method
     |
    ::: src\rust\backend\isa\encoder.rs:129:5
     |
 129 |     fn label(&mut self, name: &str) {
     |     ------------------------------- private method defined here

error[E0624]: method `mov_imm64` is private
    --> src\rust\backend\isa\stubs.rs:1546:9
     |
1546 |     enc.mov_imm64(X86Reg::RAX, -1i64);
     |         ^^^^^^^^^ private method
     |
    ::: src\rust\backend\isa\encoder.rs:70:5
     |
  70 |     fn mov_imm64(&mut self, reg: X86Reg, val: i64) {
     |     ---------------------------------------------- private method defined here

error[E0624]: method `add_rsp` is private
    --> src\rust\backend\isa\stubs.rs:1547:9
     |
1547 |     enc.add_rsp(32);
     |         ^^^^^^^ private method
     |
    ::: src\rust\backend\isa\encoder.rs:126:5
     |
 126 |     fn add_rsp(&mut self, val: u8) { self.rex_w(); self.emit(&[0x83, 0xC4, val]); }
     |     ------------------------------ private method defined here

error[E0624]: method `pop` is private
    --> src\rust\backend\isa\stubs.rs:1548:9
     |
1548 |     enc.pop(X86Reg::R12);
     |         ^^^ private method
     |
    ::: src\rust\backend\isa\encoder.rs:120:5
     |
 120 |     fn pop(&mut self, reg: X86Reg) {
     |     ------------------------------ private method defined here

error[E0624]: method `pop` is private
    --> src\rust\backend\isa\stubs.rs:1549:9
     |
1549 |     enc.pop(X86Reg::RDI);
     |         ^^^ private method
     |
    ::: src\rust\backend\isa\encoder.rs:120:5
     |
 120 |     fn pop(&mut self, reg: X86Reg) {
     |     ------------------------------ private method defined here

error[E0624]: method `pop` is private
    --> src\rust\backend\isa\stubs.rs:1550:9
     |
1550 |     enc.pop(X86Reg::RSI);
     |         ^^^ private method
     |
    ::: src\rust\backend\isa\encoder.rs:120:5
     |
 120 |     fn pop(&mut self, reg: X86Reg) {
     |     ------------------------------ private method defined here

error[E0624]: method `pop` is private
    --> src\rust\backend\isa\stubs.rs:1551:9
     |
1551 |     enc.pop(X86Reg::RBX);
     |         ^^^ private method
     |
    ::: src\rust\backend\isa\encoder.rs:120:5
     |
 120 |     fn pop(&mut self, reg: X86Reg) {
     |     ------------------------------ private method defined here

error[E0624]: method `ret` is private
    --> src\rust\backend\isa\stubs.rs:1552:9
     |
1552 |     enc.ret();
     |         ^^^ private method
     |
    ::: src\rust\backend\isa\encoder.rs:127:5
     |
 127 |     fn ret(&mut self) { self.emit_u8(0xC3); }
     |     ----------------- private method defined here

error[E0624]: method `label` is private
    --> src\rust\backend\isa\stubs.rs:1555:9
     |
1555 |     enc.label("__pyb_str_print");
     |         ^^^^^ private method
     |
    ::: src\rust\backend\isa\encoder.rs:129:5
     |
 129 |     fn label(&mut self, name: &str) {
     |     ------------------------------- private method defined here

error[E0624]: method `push` is private
    --> src\rust\backend\isa\stubs.rs:1556:9
     |
1556 |     enc.push(X86Reg::RBX);
     |         ^^^^ private method
     |
    ::: src\rust\backend\isa\encoder.rs:115:5
     |
 115 |     fn push(&mut self, reg: X86Reg) {
     |     ------------------------------- private method defined here

error[E0624]: method `sub_rsp` is private
    --> src\rust\backend\isa\stubs.rs:1557:9
     |
1557 |     enc.sub_rsp(32);
     |         ^^^^^^^ private method
     |
    ::: src\rust\backend\isa\encoder.rs:125:5
     |
 125 |     fn sub_rsp(&mut self, val: u8) { self.rex_w(); self.emit(&[0x83, 0xEC, val]); }
     |     ------------------------------ private method defined here

error[E0624]: method `mov_rr` is private
    --> src\rust\backend\isa\stubs.rs:1558:9
     |
1558 |     enc.mov_rr(X86Reg::RBX, X86Reg::RCX);
     |         ^^^^^^ private method
     |
    ::: src\rust\backend\isa\encoder.rs:79:5
     |
  79 |     fn mov_rr(&mut self, dst: X86Reg, src: X86Reg) {
     |     ---------------------------------------------- private method defined here

error[E0624]: method `call_label` is private
    --> src\rust\backend\isa\stubs.rs:1559:9
     |
1559 |     enc.call_label("__pyb_str_len");
     |         ^^^^^^^^^^ private method
     |
    ::: src\rust\backend\isa\encoder.rs:145:5
     |
 145 |     fn call_label(&mut self, lbl: &str) {
     |     ----------------------------------- private method defined here

error[E0624]: method `mov_rr` is private
    --> src\rust\backend\isa\stubs.rs:1560:9
     |
1560 |     enc.mov_rr(X86Reg::RCX, X86Reg::RBX);
     |         ^^^^^^ private method
     |
    ::: src\rust\backend\isa\encoder.rs:79:5
     |
  79 |     fn mov_rr(&mut self, dst: X86Reg, src: X86Reg) {
     |     ---------------------------------------------- private method defined here

error[E0624]: method `mov_rr` is private
    --> src\rust\backend\isa\stubs.rs:1561:9
     |
1561 |     enc.mov_rr(X86Reg::RDX, X86Reg::RAX);
     |         ^^^^^^ private method
     |
    ::: src\rust\backend\isa\encoder.rs:79:5
     |
  79 |     fn mov_rr(&mut self, dst: X86Reg, src: X86Reg) {
     |     ---------------------------------------------- private method defined here

error[E0624]: method `call_label` is private
    --> src\rust\backend\isa\stubs.rs:1562:9
     |
1562 |     enc.call_label("__pyb_print_str");
     |         ^^^^^^^^^^ private method
     |
    ::: src\rust\backend\isa\encoder.rs:145:5
     |
 145 |     fn call_label(&mut self, lbl: &str) {
     |     ----------------------------------- private method defined here

error[E0624]: method `add_rsp` is private
    --> src\rust\backend\isa\stubs.rs:1563:9
     |
1563 |     enc.add_rsp(32);
     |         ^^^^^^^ private method
     |
    ::: src\rust\backend\isa\encoder.rs:126:5
     |
 126 |     fn add_rsp(&mut self, val: u8) { self.rex_w(); self.emit(&[0x83, 0xC4, val]); }
     |     ------------------------------ private method defined here

error[E0624]: method `pop` is private
    --> src\rust\backend\isa\stubs.rs:1564:9
     |
1564 |     enc.pop(X86Reg::RBX);
     |         ^^^ private method
     |
    ::: src\rust\backend\isa\encoder.rs:120:5
     |
 120 |     fn pop(&mut self, reg: X86Reg) {
     |     ------------------------------ private method defined here

error[E0624]: method `ret` is private
    --> src\rust\backend\isa\stubs.rs:1565:9
     |
1565 |     enc.ret();
     |         ^^^ private method
     |
    ::: src\rust\backend\isa\encoder.rs:127:5
     |
 127 |     fn ret(&mut self) { self.emit_u8(0xC3); }
     |     ----------------- private method defined here

error[E0624]: method `label` is private
    --> src\rust\backend\isa\stubs.rs:1572:9
     |
1572 |     enc.label("__pyb_str_concat");
     |         ^^^^^ private method
     |
    ::: src\rust\backend\isa\encoder.rs:129:5
     |
 129 |     fn label(&mut self, name: &str) {
     |     ------------------------------- private method defined here

error[E0624]: method `push` is private
    --> src\rust\backend\isa\stubs.rs:1573:9
     |
1573 |     enc.push(X86Reg::RBX);
     |         ^^^^ private method
     |
    ::: src\rust\backend\isa\encoder.rs:115:5
     |
 115 |     fn push(&mut self, reg: X86Reg) {
     |     ------------------------------- private method defined here

error[E0624]: method `push` is private
    --> src\rust\backend\isa\stubs.rs:1574:9
     |
1574 |     enc.push(X86Reg::RSI);
     |         ^^^^ private method
     |
    ::: src\rust\backend\isa\encoder.rs:115:5
     |
 115 |     fn push(&mut self, reg: X86Reg) {
     |     ------------------------------- private method defined here

error[E0624]: method `push` is private
    --> src\rust\backend\isa\stubs.rs:1575:9
     |
1575 |     enc.push(X86Reg::RDI);
     |         ^^^^ private method
     |
    ::: src\rust\backend\isa\encoder.rs:115:5
     |
 115 |     fn push(&mut self, reg: X86Reg) {
     |     ------------------------------- private method defined here

error[E0624]: method `push` is private
    --> src\rust\backend\isa\stubs.rs:1576:9
     |
1576 |     enc.push(X86Reg::R12);
     |         ^^^^ private method
     |
    ::: src\rust\backend\isa\encoder.rs:115:5
     |
 115 |     fn push(&mut self, reg: X86Reg) {
     |     ------------------------------- private method defined here

error[E0624]: method `push` is private
    --> src\rust\backend\isa\stubs.rs:1577:9
     |
1577 |     enc.push(X86Reg::R13);
     |         ^^^^ private method
     |
    ::: src\rust\backend\isa\encoder.rs:115:5
     |
 115 |     fn push(&mut self, reg: X86Reg) {
     |     ------------------------------- private method defined here

error[E0624]: method `sub_rsp` is private
    --> src\rust\backend\isa\stubs.rs:1578:9
     |
1578 |     enc.sub_rsp(32);
     |         ^^^^^^^ private method
     |
    ::: src\rust\backend\isa\encoder.rs:125:5
     |
 125 |     fn sub_rsp(&mut self, val: u8) { self.rex_w(); self.emit(&[0x83, 0xEC, val]); }
     |     ------------------------------ private method defined here

error[E0624]: method `mov_rr` is private
    --> src\rust\backend\isa\stubs.rs:1579:9
     |
1579 |     enc.mov_rr(X86Reg::RSI, X86Reg::RCX);  // RSI = str_a
     |         ^^^^^^ private method
     |
    ::: src\rust\backend\isa\encoder.rs:79:5
     |
  79 |     fn mov_rr(&mut self, dst: X86Reg, src: X86Reg) {
     |     ---------------------------------------------- private method defined here

error[E0624]: method `mov_rr` is private
    --> src\rust\backend\isa\stubs.rs:1580:9
     |
1580 |     enc.mov_rr(X86Reg::RDI, X86Reg::RDX);  // RDI = str_b
     |         ^^^^^^ private method
     |
    ::: src\rust\backend\isa\encoder.rs:79:5
     |
  79 |     fn mov_rr(&mut self, dst: X86Reg, src: X86Reg) {
     |     ---------------------------------------------- private method defined here

error[E0624]: method `mov_rr` is private
    --> src\rust\backend\isa\stubs.rs:1582:9
     |
1582 |     enc.mov_rr(X86Reg::RCX, X86Reg::RSI);
     |         ^^^^^^ private method
     |
    ::: src\rust\backend\isa\encoder.rs:79:5
     |
  79 |     fn mov_rr(&mut self, dst: X86Reg, src: X86Reg) {
     |     ---------------------------------------------- private method defined here

error[E0624]: method `call_label` is private
    --> src\rust\backend\isa\stubs.rs:1583:9
     |
1583 |     enc.call_label("__pyb_str_len");
     |         ^^^^^^^^^^ private method
     |
    ::: src\rust\backend\isa\encoder.rs:145:5
     |
 145 |     fn call_label(&mut self, lbl: &str) {
     |     ----------------------------------- private method defined here

error[E0624]: method `mov_rr` is private
    --> src\rust\backend\isa\stubs.rs:1584:9
     |
1584 |     enc.mov_rr(X86Reg::R12, X86Reg::RAX);  // R12 = len_a
     |         ^^^^^^ private method
     |
    ::: src\rust\backend\isa\encoder.rs:79:5
     |
  79 |     fn mov_rr(&mut self, dst: X86Reg, src: X86Reg) {
     |     ---------------------------------------------- private method defined here

error[E0624]: method `mov_rr` is private
    --> src\rust\backend\isa\stubs.rs:1586:9
     |
1586 |     enc.mov_rr(X86Reg::RCX, X86Reg::RDI);
     |         ^^^^^^ private method
     |
    ::: src\rust\backend\isa\encoder.rs:79:5
     |
  79 |     fn mov_rr(&mut self, dst: X86Reg, src: X86Reg) {
     |     ---------------------------------------------- private method defined here

error[E0624]: method `call_label` is private
    --> src\rust\backend\isa\stubs.rs:1587:9
     |
1587 |     enc.call_label("__pyb_str_len");
     |         ^^^^^^^^^^ private method
     |
    ::: src\rust\backend\isa\encoder.rs:145:5
     |
 145 |     fn call_label(&mut self, lbl: &str) {
     |     ----------------------------------- private method defined here

error[E0624]: method `mov_rr` is private
    --> src\rust\backend\isa\stubs.rs:1588:9
     |
1588 |     enc.mov_rr(X86Reg::R13, X86Reg::RAX);  // R13 = len_b
     |         ^^^^^^ private method
     |
    ::: src\rust\backend\isa\encoder.rs:79:5
     |
  79 |     fn mov_rr(&mut self, dst: X86Reg, src: X86Reg) {
     |     ---------------------------------------------- private method defined here

error[E0624]: method `mov_rr` is private
    --> src\rust\backend\isa\stubs.rs:1590:9
     |
1590 |     enc.mov_rr(X86Reg::RCX, X86Reg::R12);
     |         ^^^^^^ private method
     |
    ::: src\rust\backend\isa\encoder.rs:79:5
     |
  79 |     fn mov_rr(&mut self, dst: X86Reg, src: X86Reg) {
     |     ---------------------------------------------- private method defined here

error[E0624]: method `add_rr` is private
    --> src\rust\backend\isa\stubs.rs:1591:9
     |
1591 |     enc.add_rr(X86Reg::RCX, X86Reg::R13);
     |         ^^^^^^ private method
     |
    ::: src\rust\backend\isa\encoder.rs:84:5
     |
  84 |     fn add_rr(&mut self, dst: X86Reg, src: X86Reg) {
     |     ---------------------------------------------- private method defined here

error[E0624]: method `rex_w` is private
    --> src\rust\backend\isa\stubs.rs:1592:9
     |
1592 |     enc.rex_w(); enc.emit(&[0xFF, 0xC1]);   // INC RCX
     |         ^^^^^ private method
     |
    ::: src\rust\backend\isa\encoder.rs:51:5
     |
  51 |     fn rex_w(&mut self) { self.emit_u8(0x48); }
     |     ------------------- private method defined here

error[E0624]: method `emit` is private
    --> src\rust\backend\isa\stubs.rs:1592:22
     |
1592 |     enc.rex_w(); enc.emit(&[0xFF, 0xC1]);   // INC RCX
     |                      ^^^^ private method
     |
    ::: src\rust\backend\isa\encoder.rs:37:5
     |
  37 |     fn emit(&mut self, bytes: &[u8]) {
     |     -------------------------------- private method defined here

error[E0624]: method `call_label` is private
    --> src\rust\backend\isa\stubs.rs:1593:9
     |
1593 |     enc.call_label("__pyb_heap_alloc");
     |         ^^^^^^^^^^ private method
     |
    ::: src\rust\backend\isa\encoder.rs:145:5
     |
 145 |     fn call_label(&mut self, lbl: &str) {
     |     ----------------------------------- private method defined here

error[E0624]: method `mov_rr` is private
    --> src\rust\backend\isa\stubs.rs:1594:9
     |
1594 |     enc.mov_rr(X86Reg::RBX, X86Reg::RAX);  // RBX = result ptr
     |         ^^^^^^ private method
     |
    ::: src\rust\backend\isa\encoder.rs:79:5
     |
  79 |     fn mov_rr(&mut self, dst: X86Reg, src: X86Reg) {
     |     ---------------------------------------------- private method defined here

error[E0624]: method `xor_rr` is private
    --> src\rust\backend\isa\stubs.rs:1596:9
     |
1596 |     enc.xor_rr(X86Reg::RCX);               // i = 0
     |         ^^^^^^ private method
     |
    ::: src\rust\backend\isa\encoder.rs:109:5
     |
 109 |     fn xor_rr(&mut self, reg: X86Reg) {
     |     --------------------------------- private method defined here

error[E0624]: method `pos` is private
    --> src\rust\backend\isa\stubs.rs:1597:44
     |
1597 |     let sc_lp1 = format!("__sc_l1_{}", enc.pos());
     |                                            ^^^ private method
     |
    ::: src\rust\backend\isa\encoder.rs:35:5
     |
  35 |     fn pos(&self) -> u32 { self.code.len() as u32 }
     |     -------------------- private method defined here

error[E0624]: method `pos` is private
    --> src\rust\backend\isa\stubs.rs:1598:43
     |
1598 |     let sc_d1 = format!("__sc_d1_{}", enc.pos());
     |                                           ^^^ private method
     |
    ::: src\rust\backend\isa\encoder.rs:35:5
     |
  35 |     fn pos(&self) -> u32 { self.code.len() as u32 }
     |     -------------------- private method defined here

error[E0624]: method `label` is private
    --> src\rust\backend\isa\stubs.rs:1599:9
     |
1599 |     enc.label(&sc_lp1);
     |         ^^^^^ private method
     |
    ::: src\rust\backend\isa\encoder.rs:129:5
     |
 129 |     fn label(&mut self, name: &str) {
     |     ------------------------------- private method defined here

error[E0624]: method `cmp_rr` is private
    --> src\rust\backend\isa\stubs.rs:1600:9
     |
1600 |     enc.cmp_rr(X86Reg::RCX, X86Reg::R12);
     |         ^^^^^^ private method
     |
    ::: src\rust\backend\isa\encoder.rs:104:5
     |
 104 |     fn cmp_rr(&mut self, a: X86Reg, b: X86Reg) {
     |     ------------------------------------------ private method defined here

error[E0624]: method `jcc` is private
    --> src\rust\backend\isa\stubs.rs:1601:9
     |
1601 |     enc.jcc(0x8D, &sc_d1);                 // JGE done1
     |         ^^^ private method
     |
    ::: src\rust\backend\isa\encoder.rs:139:5
     |
 139 |     fn jcc(&mut self, cc: u8, lbl: &str) {
     |     ------------------------------------ private method defined here

error[E0624]: method `emit` is private
    --> src\rust\backend\isa\stubs.rs:1602:9
     |
1602 |     enc.emit(&[0x0F, 0xB6, 0x04, 0x0E]);   // MOVZX EAX, [RSI+RCX]
     |         ^^^^ private method
     |
    ::: src\rust\backend\isa\encoder.rs:37:5
     |
  37 |     fn emit(&mut self, bytes: &[u8]) {
     |     -------------------------------- private method defined here

error[E0624]: method `emit` is private
    --> src\rust\backend\isa\stubs.rs:1603:9
     |
1603 |     enc.emit(&[0x88, 0x04, 0x0B]);          // MOV [RBX+RCX], AL
     |         ^^^^ private method
     |
    ::: src\rust\backend\isa\encoder.rs:37:5
     |
  37 |     fn emit(&mut self, bytes: &[u8]) {
     |     -------------------------------- private method defined here

error[E0624]: method `rex_w` is private
    --> src\rust\backend\isa\stubs.rs:1604:9
     |
1604 |     enc.rex_w(); enc.emit(&[0xFF, 0xC1]);   // INC RCX
     |         ^^^^^ private method
     |
    ::: src\rust\backend\isa\encoder.rs:51:5
     |
  51 |     fn rex_w(&mut self) { self.emit_u8(0x48); }
     |     ------------------- private method defined here

error[E0624]: method `emit` is private
    --> src\rust\backend\isa\stubs.rs:1604:22
     |
1604 |     enc.rex_w(); enc.emit(&[0xFF, 0xC1]);   // INC RCX
     |                      ^^^^ private method
     |
    ::: src\rust\backend\isa\encoder.rs:37:5
     |
  37 |     fn emit(&mut self, bytes: &[u8]) {
     |     -------------------------------- private method defined here

error[E0624]: method `jmp` is private
    --> src\rust\backend\isa\stubs.rs:1605:9
     |
1605 |     enc.jmp(&sc_lp1);
     |         ^^^ private method
     |
    ::: src\rust\backend\isa\encoder.rs:133:5
     |
 133 |     fn jmp(&mut self, lbl: &str) {
     |     ---------------------------- private method defined here

error[E0624]: method `label` is private
    --> src\rust\backend\isa\stubs.rs:1606:9
     |
1606 |     enc.label(&sc_d1);
     |         ^^^^^ private method
     |
    ::: src\rust\backend\isa\encoder.rs:129:5
     |
 129 |     fn label(&mut self, name: &str) {
     |     ------------------------------- private method defined here

error[E0624]: method `xor_rr` is private
    --> src\rust\backend\isa\stubs.rs:1608:9
     |
1608 |     enc.xor_rr(X86Reg::RCX);               // j = 0
     |         ^^^^^^ private method
     |
    ::: src\rust\backend\isa\encoder.rs:109:5
     |
 109 |     fn xor_rr(&mut self, reg: X86Reg) {
     |     --------------------------------- private method defined here

error[E0624]: method `pos` is private
    --> src\rust\backend\isa\stubs.rs:1609:44
     |
1609 |     let sc_lp2 = format!("__sc_l2_{}", enc.pos());
     |                                            ^^^ private method
     |
    ::: src\rust\backend\isa\encoder.rs:35:5
     |
  35 |     fn pos(&self) -> u32 { self.code.len() as u32 }
     |     -------------------- private method defined here

error[E0624]: method `pos` is private
    --> src\rust\backend\isa\stubs.rs:1610:43
     |
1610 |     let sc_d2 = format!("__sc_d2_{}", enc.pos());
     |                                           ^^^ private method
     |
    ::: src\rust\backend\isa\encoder.rs:35:5
     |
  35 |     fn pos(&self) -> u32 { self.code.len() as u32 }
     |     -------------------- private method defined here

error[E0624]: method `label` is private
    --> src\rust\backend\isa\stubs.rs:1611:9
     |
1611 |     enc.label(&sc_lp2);
     |         ^^^^^ private method
     |
    ::: src\rust\backend\isa\encoder.rs:129:5
     |
 129 |     fn label(&mut self, name: &str) {
     |     ------------------------------- private method defined here

error[E0624]: method `cmp_rr` is private
    --> src\rust\backend\isa\stubs.rs:1612:9
     |
1612 |     enc.cmp_rr(X86Reg::RCX, X86Reg::R13);
     |         ^^^^^^ private method
     |
    ::: src\rust\backend\isa\encoder.rs:104:5
     |
 104 |     fn cmp_rr(&mut self, a: X86Reg, b: X86Reg) {
     |     ------------------------------------------ private method defined here

error[E0624]: method `jcc` is private
    --> src\rust\backend\isa\stubs.rs:1613:9
     |
1613 |     enc.jcc(0x8D, &sc_d2);
     |         ^^^ private method
     |
    ::: src\rust\backend\isa\encoder.rs:139:5
     |
 139 |     fn jcc(&mut self, cc: u8, lbl: &str) {
     |     ------------------------------------ private method defined here

error[E0624]: method `emit` is private
    --> src\rust\backend\isa\stubs.rs:1614:9
     |
1614 |     enc.emit(&[0x0F, 0xB6, 0x04, 0x0F]);   // MOVZX EAX, [RDI+RCX]
     |         ^^^^ private method
     |
    ::: src\rust\backend\isa\encoder.rs:37:5
     |
  37 |     fn emit(&mut self, bytes: &[u8]) {
     |     -------------------------------- private method defined here

error[E0624]: method `mov_rr` is private
    --> src\rust\backend\isa\stubs.rs:1616:9
     |
1616 |     enc.mov_rr(X86Reg::RAX, X86Reg::R12);
     |         ^^^^^^ private method
     |
    ::: src\rust\backend\isa\encoder.rs:79:5
     |
  79 |     fn mov_rr(&mut self, dst: X86Reg, src: X86Reg) {
     |     ---------------------------------------------- private method defined here

error[E0624]: method `add_rr` is private
    --> src\rust\backend\isa\stubs.rs:1617:9
     |
1617 |     enc.add_rr(X86Reg::RAX, X86Reg::RCX);
     |         ^^^^^^ private method
     |
    ::: src\rust\backend\isa\encoder.rs:84:5
     |
  84 |     fn add_rr(&mut self, dst: X86Reg, src: X86Reg) {
     |     ---------------------------------------------- private method defined here

error[E0624]: method `emit` is private
    --> src\rust\backend\isa\stubs.rs:1619:9
     |
1619 |     enc.emit(&[0x44, 0x0F, 0xB6, 0x04, 0x0F]); // MOVZX R8D, [RDI+RCX] (use R8 as temp)
     |         ^^^^ private method
     |
    ::: src\rust\backend\isa\encoder.rs:37:5
     |
  37 |     fn emit(&mut self, bytes: &[u8]) {
     |     -------------------------------- private method defined here

error[E0624]: method `emit` is private
    --> src\rust\backend\isa\stubs.rs:1620:9
     |
1620 |     enc.emit(&[0x44, 0x88, 0x04, 0x03]);    // MOV [RBX+RAX], R8B
     |         ^^^^ private method
     |
    ::: src\rust\backend\isa\encoder.rs:37:5
     |
  37 |     fn emit(&mut self, bytes: &[u8]) {
     |     -------------------------------- private method defined here

error[E0624]: method `rex_w` is private
    --> src\rust\backend\isa\stubs.rs:1621:9
     |
1621 |     enc.rex_w(); enc.emit(&[0xFF, 0xC1]);
     |         ^^^^^ private method
     |
    ::: src\rust\backend\isa\encoder.rs:51:5
     |
  51 |     fn rex_w(&mut self) { self.emit_u8(0x48); }
     |     ------------------- private method defined here

error[E0624]: method `emit` is private
    --> src\rust\backend\isa\stubs.rs:1621:22
     |
1621 |     enc.rex_w(); enc.emit(&[0xFF, 0xC1]);
     |                      ^^^^ private method
     |
    ::: src\rust\backend\isa\encoder.rs:37:5
     |
  37 |     fn emit(&mut self, bytes: &[u8]) {
     |     -------------------------------- private method defined here

error[E0624]: method `jmp` is private
    --> src\rust\backend\isa\stubs.rs:1622:9
     |
1622 |     enc.jmp(&sc_lp2);
     |         ^^^ private method
     |
    ::: src\rust\backend\isa\encoder.rs:133:5
     |
 133 |     fn jmp(&mut self, lbl: &str) {
     |     ---------------------------- private method defined here

error[E0624]: method `label` is private
    --> src\rust\backend\isa\stubs.rs:1623:9
     |
1623 |     enc.label(&sc_d2);
     |         ^^^^^ private method
     |
    ::: src\rust\backend\isa\encoder.rs:129:5
     |
 129 |     fn label(&mut self, name: &str) {
     |     ------------------------------- private method defined here

error[E0624]: method `mov_rr` is private
    --> src\rust\backend\isa\stubs.rs:1625:9
     |
1625 |     enc.mov_rr(X86Reg::RAX, X86Reg::R12);
     |         ^^^^^^ private method
     |
    ::: src\rust\backend\isa\encoder.rs:79:5
     |
  79 |     fn mov_rr(&mut self, dst: X86Reg, src: X86Reg) {
     |     ---------------------------------------------- private method defined here

error[E0624]: method `add_rr` is private
    --> src\rust\backend\isa\stubs.rs:1626:9
     |
1626 |     enc.add_rr(X86Reg::RAX, X86Reg::R13);
     |         ^^^^^^ private method
     |
    ::: src\rust\backend\isa\encoder.rs:84:5
     |
  84 |     fn add_rr(&mut self, dst: X86Reg, src: X86Reg) {
     |     ---------------------------------------------- private method defined here

error[E0624]: method `emit` is private
    --> src\rust\backend\isa\stubs.rs:1627:9
     |
1627 |     enc.emit(&[0xC6, 0x04, 0x03, 0x00]);    // MOV byte [RBX+RAX], 0
     |         ^^^^ private method
     |
    ::: src\rust\backend\isa\encoder.rs:37:5
     |
  37 |     fn emit(&mut self, bytes: &[u8]) {
     |     -------------------------------- private method defined here

error[E0624]: method `mov_rr` is private
    --> src\rust\backend\isa\stubs.rs:1628:9
     |
1628 |     enc.mov_rr(X86Reg::RAX, X86Reg::RBX);
     |         ^^^^^^ private method
     |
    ::: src\rust\backend\isa\encoder.rs:79:5
     |
  79 |     fn mov_rr(&mut self, dst: X86Reg, src: X86Reg) {
     |     ---------------------------------------------- private method defined here

error[E0624]: method `add_rsp` is private
    --> src\rust\backend\isa\stubs.rs:1629:9
     |
1629 |     enc.add_rsp(32);
     |         ^^^^^^^ private method
     |
    ::: src\rust\backend\isa\encoder.rs:126:5
     |
 126 |     fn add_rsp(&mut self, val: u8) { self.rex_w(); self.emit(&[0x83, 0xC4, val]); }
     |     ------------------------------ private method defined here

error[E0624]: method `pop` is private
    --> src\rust\backend\isa\stubs.rs:1630:9
     |
1630 |     enc.pop(X86Reg::R13);
     |         ^^^ private method
     |
    ::: src\rust\backend\isa\encoder.rs:120:5
     |
 120 |     fn pop(&mut self, reg: X86Reg) {
     |     ------------------------------ private method defined here

error[E0624]: method `pop` is private
    --> src\rust\backend\isa\stubs.rs:1631:9
     |
1631 |     enc.pop(X86Reg::R12);
     |         ^^^ private method
     |
    ::: src\rust\backend\isa\encoder.rs:120:5
     |
 120 |     fn pop(&mut self, reg: X86Reg) {
     |     ------------------------------ private method defined here

error[E0624]: method `pop` is private
    --> src\rust\backend\isa\stubs.rs:1632:9
     |
1632 |     enc.pop(X86Reg::RDI);
     |         ^^^ private method
     |
    ::: src\rust\backend\isa\encoder.rs:120:5
     |
 120 |     fn pop(&mut self, reg: X86Reg) {
     |     ------------------------------ private method defined here

error[E0624]: method `pop` is private
    --> src\rust\backend\isa\stubs.rs:1633:9
     |
1633 |     enc.pop(X86Reg::RSI);
     |         ^^^ private method
     |
    ::: src\rust\backend\isa\encoder.rs:120:5
     |
 120 |     fn pop(&mut self, reg: X86Reg) {
     |     ------------------------------ private method defined here

error[E0624]: method `pop` is private
    --> src\rust\backend\isa\stubs.rs:1634:9
     |
1634 |     enc.pop(X86Reg::RBX);
     |         ^^^ private method
     |
    ::: src\rust\backend\isa\encoder.rs:120:5
     |
 120 |     fn pop(&mut self, reg: X86Reg) {
     |     ------------------------------ private method defined here

error[E0624]: method `ret` is private
    --> src\rust\backend\isa\stubs.rs:1635:9
     |
1635 |     enc.ret();
     |         ^^^ private method
     |
    ::: src\rust\backend\isa\encoder.rs:127:5
     |
 127 |     fn ret(&mut self) { self.emit_u8(0xC3); }
     |     ----------------- private method defined here

error[E0624]: method `label` is private
    --> src\rust\backend\isa\stubs.rs:1638:9
     |
1638 |     enc.label("__pyb_str_contains");
     |         ^^^^^ private method
     |
    ::: src\rust\backend\isa\encoder.rs:129:5
     |
 129 |     fn label(&mut self, name: &str) {
     |     ------------------------------- private method defined here

error[E0624]: method `push` is private
    --> src\rust\backend\isa\stubs.rs:1639:9
     |
1639 |     enc.push(X86Reg::RBX);
     |         ^^^^ private method
     |
    ::: src\rust\backend\isa\encoder.rs:115:5
     |
 115 |     fn push(&mut self, reg: X86Reg) {
     |     ------------------------------- private method defined here

error[E0624]: method `sub_rsp` is private
    --> src\rust\backend\isa\stubs.rs:1640:9
     |
1640 |     enc.sub_rsp(32);
     |         ^^^^^^^ private method
     |
    ::: src\rust\backend\isa\encoder.rs:125:5
     |
 125 |     fn sub_rsp(&mut self, val: u8) { self.rex_w(); self.emit(&[0x83, 0xEC, val]); }
     |     ------------------------------ private method defined here

error[E0624]: method `call_label` is private
    --> src\rust\backend\isa\stubs.rs:1641:9
     |
1641 |     enc.call_label("__pyb_str_find");
     |         ^^^^^^^^^^ private method
     |
    ::: src\rust\backend\isa\encoder.rs:145:5
     |
 145 |     fn call_label(&mut self, lbl: &str) {
     |     ----------------------------------- private method defined here

error[E0624]: method `rex_w` is private
    --> src\rust\backend\isa\stubs.rs:1643:9
     |
1643 |     enc.rex_w(); enc.emit(&[0x83, 0xF8, 0x00]); // CMP RAX, 0
     |         ^^^^^ private method
     |
    ::: src\rust\backend\isa\encoder.rs:51:5
     |
  51 |     fn rex_w(&mut self) { self.emit_u8(0x48); }
     |     ------------------- private method defined here

error[E0624]: method `emit` is private
    --> src\rust\backend\isa\stubs.rs:1643:22
     |
1643 |     enc.rex_w(); enc.emit(&[0x83, 0xF8, 0x00]); // CMP RAX, 0
     |                      ^^^^ private method
     |
    ::: src\rust\backend\isa\encoder.rs:37:5
     |
  37 |     fn emit(&mut self, bytes: &[u8]) {
     |     -------------------------------- private method defined here

error[E0624]: method `pos` is private
    --> src\rust\backend\isa\stubs.rs:1644:47
     |
1644 |     let scon_yes = format!("__scon_y_{}", enc.pos());
     |                                               ^^^ private method
     |
    ::: src\rust\backend\isa\encoder.rs:35:5
     |
  35 |     fn pos(&self) -> u32 { self.code.len() as u32 }
     |     -------------------- private method defined here

error[E0624]: method `pos` is private
    --> src\rust\backend\isa\stubs.rs:1645:48
     |
1645 |     let scon_done = format!("__scon_d_{}", enc.pos());
     |                                                ^^^ private method
     |
    ::: src\rust\backend\isa\encoder.rs:35:5
     |
  35 |     fn pos(&self) -> u32 { self.code.len() as u32 }
     |     -------------------- private method defined here

error[E0624]: method `jcc` is private
    --> src\rust\backend\isa\stubs.rs:1646:9
     |
1646 |     enc.jcc(0x8D, &scon_yes); // JGE ÔåÆ found
     |         ^^^ private method
     |
    ::: src\rust\backend\isa\encoder.rs:139:5
     |
 139 |     fn jcc(&mut self, cc: u8, lbl: &str) {
     |     ------------------------------------ private method defined here

error[E0624]: method `xor_rr` is private
    --> src\rust\backend\isa\stubs.rs:1647:9
     |
1647 |     enc.xor_rr(X86Reg::RAX);
     |         ^^^^^^ private method
     |
    ::: src\rust\backend\isa\encoder.rs:109:5
     |
 109 |     fn xor_rr(&mut self, reg: X86Reg) {
     |     --------------------------------- private method defined here

error[E0624]: method `jmp` is private
    --> src\rust\backend\isa\stubs.rs:1648:9
     |
1648 |     enc.jmp(&scon_done);
     |         ^^^ private method
     |
    ::: src\rust\backend\isa\encoder.rs:133:5
     |
 133 |     fn jmp(&mut self, lbl: &str) {
     |     ---------------------------- private method defined here

error[E0624]: method `label` is private
    --> src\rust\backend\isa\stubs.rs:1649:9
     |
1649 |     enc.label(&scon_yes);
     |         ^^^^^ private method
     |
    ::: src\rust\backend\isa\encoder.rs:129:5
     |
 129 |     fn label(&mut self, name: &str) {
     |     ------------------------------- private method defined here

error[E0624]: method `mov_imm64` is private
    --> src\rust\backend\isa\stubs.rs:1650:9
     |
1650 |     enc.mov_imm64(X86Reg::RAX, 1);
     |         ^^^^^^^^^ private method
     |
    ::: src\rust\backend\isa\encoder.rs:70:5
     |
  70 |     fn mov_imm64(&mut self, reg: X86Reg, val: i64) {
     |     ---------------------------------------------- private method defined here

error[E0624]: method `label` is private
    --> src\rust\backend\isa\stubs.rs:1651:9
     |
1651 |     enc.label(&scon_done);
     |         ^^^^^ private method
     |
    ::: src\rust\backend\isa\encoder.rs:129:5
     |
 129 |     fn label(&mut self, name: &str) {
     |     ------------------------------- private method defined here

error[E0624]: method `add_rsp` is private
    --> src\rust\backend\isa\stubs.rs:1652:9
     |
1652 |     enc.add_rsp(32);
     |         ^^^^^^^ private method
     |
    ::: src\rust\backend\isa\encoder.rs:126:5
     |
 126 |     fn add_rsp(&mut self, val: u8) { self.rex_w(); self.emit(&[0x83, 0xC4, val]); }
     |     ------------------------------ private method defined here

error[E0624]: method `pop` is private
    --> src\rust\backend\isa\stubs.rs:1653:9
     |
1653 |     enc.pop(X86Reg::RBX);
     |         ^^^ private method
     |
    ::: src\rust\backend\isa\encoder.rs:120:5
     |
 120 |     fn pop(&mut self, reg: X86Reg) {
     |     ------------------------------ private method defined here

error[E0624]: method `ret` is private
    --> src\rust\backend\isa\stubs.rs:1654:9
     |
1654 |     enc.ret();
     |         ^^^ private method
     |
    ::: src\rust\backend\isa\encoder.rs:127:5
     |
 127 |     fn ret(&mut self) { self.emit_u8(0xC3); }
     |     ----------------- private method defined here

error[E0624]: method `label` is private
    --> src\rust\backend\isa\stubs.rs:1657:9
     |
1657 |     enc.label("__pyb_str_startswith");
     |         ^^^^^ private method
     |
    ::: src\rust\backend\isa\encoder.rs:129:5
     |
 129 |     fn label(&mut self, name: &str) {
     |     ------------------------------- private method defined here

error[E0624]: method `push` is private
    --> src\rust\backend\isa\stubs.rs:1658:9
     |
1658 |     enc.push(X86Reg::RBX);
     |         ^^^^ private method
     |
    ::: src\rust\backend\isa\encoder.rs:115:5
     |
 115 |     fn push(&mut self, reg: X86Reg) {
     |     ------------------------------- private method defined here

error[E0624]: method `push` is private
    --> src\rust\backend\isa\stubs.rs:1659:9
     |
1659 |     enc.push(X86Reg::RSI);
     |         ^^^^ private method
     |
    ::: src\rust\backend\isa\encoder.rs:115:5
     |
 115 |     fn push(&mut self, reg: X86Reg) {
     |     ------------------------------- private method defined here

error[E0624]: method `push` is private
    --> src\rust\backend\isa\stubs.rs:1660:9
     |
1660 |     enc.push(X86Reg::RDI);
     |         ^^^^ private method
     |
    ::: src\rust\backend\isa\encoder.rs:115:5
     |
 115 |     fn push(&mut self, reg: X86Reg) {
     |     ------------------------------- private method defined here

error[E0624]: method `sub_rsp` is private
    --> src\rust\backend\isa\stubs.rs:1661:9
     |
1661 |     enc.sub_rsp(32);
     |         ^^^^^^^ private method
     |
    ::: src\rust\backend\isa\encoder.rs:125:5
     |
 125 |     fn sub_rsp(&mut self, val: u8) { self.rex_w(); self.emit(&[0x83, 0xEC, val]); }
     |     ------------------------------ private method defined here

error[E0624]: method `mov_rr` is private
    --> src\rust\backend\isa\stubs.rs:1662:9
     |
1662 |     enc.mov_rr(X86Reg::RSI, X86Reg::RCX);  // str
     |         ^^^^^^ private method
     |
    ::: src\rust\backend\isa\encoder.rs:79:5
     |
  79 |     fn mov_rr(&mut self, dst: X86Reg, src: X86Reg) {
     |     ---------------------------------------------- private method defined here

error[E0624]: method `mov_rr` is private
    --> src\rust\backend\isa\stubs.rs:1663:9
     |
1663 |     enc.mov_rr(X86Reg::RDI, X86Reg::RDX);  // prefix
     |         ^^^^^^ private method
     |
    ::: src\rust\backend\isa\encoder.rs:79:5
     |
  79 |     fn mov_rr(&mut self, dst: X86Reg, src: X86Reg) {
     |     ---------------------------------------------- private method defined here

error[E0624]: method `xor_rr` is private
    --> src\rust\backend\isa\stubs.rs:1664:9
     |
1664 |     enc.xor_rr(X86Reg::RBX);               // i = 0
     |         ^^^^^^ private method
     |
    ::: src\rust\backend\isa\encoder.rs:109:5
     |
 109 |     fn xor_rr(&mut self, reg: X86Reg) {
     |     --------------------------------- private method defined here

error[E0624]: method `pos` is private
    --> src\rust\backend\isa\stubs.rs:1665:44
     |
1665 |     let ssw_lp = format!("__ssw_l_{}", enc.pos());
     |                                            ^^^ private method
     |
    ::: src\rust\backend\isa\encoder.rs:35:5
     |
  35 |     fn pos(&self) -> u32 { self.code.len() as u32 }
     |     -------------------- private method defined here

error[E0624]: method `pos` is private
    --> src\rust\backend\isa\stubs.rs:1666:45
     |
1666 |     let ssw_ok = format!("__ssw_ok_{}", enc.pos());
     |                                             ^^^ private method
     |
    ::: src\rust\backend\isa\encoder.rs:35:5
     |
  35 |     fn pos(&self) -> u32 { self.code.len() as u32 }
     |     -------------------- private method defined here

error[E0624]: method `pos` is private
    --> src\rust\backend\isa\stubs.rs:1667:45
     |
1667 |     let ssw_no = format!("__ssw_no_{}", enc.pos());
     |                                             ^^^ private method
     |
    ::: src\rust\backend\isa\encoder.rs:35:5
     |
  35 |     fn pos(&self) -> u32 { self.code.len() as u32 }
     |     -------------------- private method defined here

error[E0624]: method `label` is private
    --> src\rust\backend\isa\stubs.rs:1668:9
     |
1668 |     enc.label(&ssw_lp);
     |         ^^^^^ private method
     |
    ::: src\rust\backend\isa\encoder.rs:129:5
     |
 129 |     fn label(&mut self, name: &str) {
     |     ------------------------------- private method defined here

error[E0624]: method `emit` is private
    --> src\rust\backend\isa\stubs.rs:1670:9
     |
1670 |     enc.emit(&[0x0F, 0xB6, 0x04, 0x1F]);   // MOVZX EAX, [RDI+RBX]
     |         ^^^^ private method
     |
    ::: src\rust\backend\isa\encoder.rs:37:5
     |
  37 |     fn emit(&mut self, bytes: &[u8]) {
     |     -------------------------------- private method defined here

error[E0624]: method `emit` is private
    --> src\rust\backend\isa\stubs.rs:1671:9
     |
1671 |     enc.emit(&[0x84, 0xC0]);                // TEST AL, AL
     |         ^^^^ private method
     |
    ::: src\rust\backend\isa\encoder.rs:37:5
     |
  37 |     fn emit(&mut self, bytes: &[u8]) {
     |     -------------------------------- private method defined here

error[E0624]: method `jcc` is private
    --> src\rust\backend\isa\stubs.rs:1672:9
     |
1672 |     enc.jcc(0x84, &ssw_ok);                 // JE ÔåÆ all prefix matched
     |         ^^^ private method
     |
    ::: src\rust\backend\isa\encoder.rs:139:5
     |
 139 |     fn jcc(&mut self, cc: u8, lbl: &str) {
     |     ------------------------------------ private method defined here

error[E0624]: method `emit` is private
    --> src\rust\backend\isa\stubs.rs:1674:9
     |
1674 |     enc.emit(&[0x0F, 0xB6, 0x0C, 0x1E]);   // MOVZX ECX, [RSI+RBX]
     |         ^^^^ private method
     |
    ::: src\rust\backend\isa\encoder.rs:37:5
     |
  37 |     fn emit(&mut self, bytes: &[u8]) {
     |     -------------------------------- private method defined here

error[E0624]: method `emit` is private
    --> src\rust\backend\isa\stubs.rs:1675:9
     |
1675 |     enc.emit(&[0x38, 0xC1]);                // CMP CL, AL
     |         ^^^^ private method
     |
    ::: src\rust\backend\isa\encoder.rs:37:5
     |
  37 |     fn emit(&mut self, bytes: &[u8]) {
     |     -------------------------------- private method defined here

error[E0624]: method `jcc` is private
    --> src\rust\backend\isa\stubs.rs:1676:9
     |
1676 |     enc.jcc(0x85, &ssw_no);                 // JNE ÔåÆ mismatch
     |         ^^^ private method
     |
    ::: src\rust\backend\isa\encoder.rs:139:5
     |
 139 |     fn jcc(&mut self, cc: u8, lbl: &str) {
     |     ------------------------------------ private method defined here

error[E0624]: method `rex_w` is private
    --> src\rust\backend\isa\stubs.rs:1677:9
     |
1677 |     enc.rex_w(); enc.emit(&[0xFF, 0xC3]);   // INC RBX
     |         ^^^^^ private method
     |
    ::: src\rust\backend\isa\encoder.rs:51:5
     |
  51 |     fn rex_w(&mut self) { self.emit_u8(0x48); }
     |     ------------------- private method defined here

error[E0624]: method `emit` is private
    --> src\rust\backend\isa\stubs.rs:1677:22
     |
1677 |     enc.rex_w(); enc.emit(&[0xFF, 0xC3]);   // INC RBX
     |                      ^^^^ private method
     |
    ::: src\rust\backend\isa\encoder.rs:37:5
     |
  37 |     fn emit(&mut self, bytes: &[u8]) {
     |     -------------------------------- private method defined here

error[E0624]: method `jmp` is private
    --> src\rust\backend\isa\stubs.rs:1678:9
     |
1678 |     enc.jmp(&ssw_lp);
     |         ^^^ private method
     |
    ::: src\rust\backend\isa\encoder.rs:133:5
     |
 133 |     fn jmp(&mut self, lbl: &str) {
     |     ---------------------------- private method defined here

error[E0624]: method `label` is private
    --> src\rust\backend\isa\stubs.rs:1679:9
     |
1679 |     enc.label(&ssw_ok);
     |         ^^^^^ private method
     |
    ::: src\rust\backend\isa\encoder.rs:129:5
     |
 129 |     fn label(&mut self, name: &str) {
     |     ------------------------------- private method defined here

error[E0624]: method `mov_imm64` is private
    --> src\rust\backend\isa\stubs.rs:1680:9
     |
1680 |     enc.mov_imm64(X86Reg::RAX, 1);
     |         ^^^^^^^^^ private method
     |
    ::: src\rust\backend\isa\encoder.rs:70:5
     |
  70 |     fn mov_imm64(&mut self, reg: X86Reg, val: i64) {
     |     ---------------------------------------------- private method defined here

error[E0624]: method `pos` is private
    --> src\rust\backend\isa\stubs.rs:1681:44
     |
1681 |     let ssw_dn = format!("__ssw_d_{}", enc.pos());
     |                                            ^^^ private method
     |
    ::: src\rust\backend\isa\encoder.rs:35:5
     |
  35 |     fn pos(&self) -> u32 { self.code.len() as u32 }
     |     -------------------- private method defined here

error[E0624]: method `jmp` is private
    --> src\rust\backend\isa\stubs.rs:1682:9
     |
1682 |     enc.jmp(&ssw_dn);
     |         ^^^ private method
     |
    ::: src\rust\backend\isa\encoder.rs:133:5
     |
 133 |     fn jmp(&mut self, lbl: &str) {
     |     ---------------------------- private method defined here

error[E0624]: method `label` is private
    --> src\rust\backend\isa\stubs.rs:1683:9
     |
1683 |     enc.label(&ssw_no);
     |         ^^^^^ private method
     |
    ::: src\rust\backend\isa\encoder.rs:129:5
     |
 129 |     fn label(&mut self, name: &str) {
     |     ------------------------------- private method defined here

error[E0624]: method `xor_rr` is private
    --> src\rust\backend\isa\stubs.rs:1684:9
     |
1684 |     enc.xor_rr(X86Reg::RAX);
     |         ^^^^^^ private method
     |
    ::: src\rust\backend\isa\encoder.rs:109:5
     |
 109 |     fn xor_rr(&mut self, reg: X86Reg) {
     |     --------------------------------- private method defined here

error[E0624]: method `label` is private
    --> src\rust\backend\isa\stubs.rs:1685:9
     |
1685 |     enc.label(&ssw_dn);
     |         ^^^^^ private method
     |
    ::: src\rust\backend\isa\encoder.rs:129:5
     |
 129 |     fn label(&mut self, name: &str) {
     |     ------------------------------- private method defined here

error[E0624]: method `add_rsp` is private
    --> src\rust\backend\isa\stubs.rs:1686:9
     |
1686 |     enc.add_rsp(32);
     |         ^^^^^^^ private method
     |
    ::: src\rust\backend\isa\encoder.rs:126:5
     |
 126 |     fn add_rsp(&mut self, val: u8) { self.rex_w(); self.emit(&[0x83, 0xC4, val]); }
     |     ------------------------------ private method defined here

error[E0624]: method `pop` is private
    --> src\rust\backend\isa\stubs.rs:1687:9
     |
1687 |     enc.pop(X86Reg::RDI);
     |         ^^^ private method
     |
    ::: src\rust\backend\isa\encoder.rs:120:5
     |
 120 |     fn pop(&mut self, reg: X86Reg) {
     |     ------------------------------ private method defined here

error[E0624]: method `pop` is private
    --> src\rust\backend\isa\stubs.rs:1688:9
     |
1688 |     enc.pop(X86Reg::RSI);
     |         ^^^ private method
     |
    ::: src\rust\backend\isa\encoder.rs:120:5
     |
 120 |     fn pop(&mut self, reg: X86Reg) {
     |     ------------------------------ private method defined here

error[E0624]: method `pop` is private
    --> src\rust\backend\isa\stubs.rs:1689:9
     |
1689 |     enc.pop(X86Reg::RBX);
     |         ^^^ private method
     |
    ::: src\rust\backend\isa\encoder.rs:120:5
     |
 120 |     fn pop(&mut self, reg: X86Reg) {
     |     ------------------------------ private method defined here

error[E0624]: method `ret` is private
    --> src\rust\backend\isa\stubs.rs:1690:9
     |
1690 |     enc.ret();
     |         ^^^ private method
     |
    ::: src\rust\backend\isa\encoder.rs:127:5
     |
 127 |     fn ret(&mut self) { self.emit_u8(0xC3); }
     |     ----------------- private method defined here

error[E0624]: method `label` is private
    --> src\rust\backend\isa\stubs.rs:1693:9
     |
1693 |     enc.label("__pyb_str_endswith");
     |         ^^^^^ private method
     |
    ::: src\rust\backend\isa\encoder.rs:129:5
     |
 129 |     fn label(&mut self, name: &str) {
     |     ------------------------------- private method defined here

error[E0624]: method `push` is private
    --> src\rust\backend\isa\stubs.rs:1694:9
     |
1694 |     enc.push(X86Reg::RBX);
     |         ^^^^ private method
     |
    ::: src\rust\backend\isa\encoder.rs:115:5
     |
 115 |     fn push(&mut self, reg: X86Reg) {
     |     ------------------------------- private method defined here

error[E0624]: method `push` is private
    --> src\rust\backend\isa\stubs.rs:1695:9
     |
1695 |     enc.push(X86Reg::RSI);
     |         ^^^^ private method
     |
    ::: src\rust\backend\isa\encoder.rs:115:5
     |
 115 |     fn push(&mut self, reg: X86Reg) {
     |     ------------------------------- private method defined here

error[E0624]: method `push` is private
    --> src\rust\backend\isa\stubs.rs:1696:9
     |
1696 |     enc.push(X86Reg::RDI);
     |         ^^^^ private method
     |
    ::: src\rust\backend\isa\encoder.rs:115:5
     |
 115 |     fn push(&mut self, reg: X86Reg) {
     |     ------------------------------- private method defined here

error[E0624]: method `push` is private
    --> src\rust\backend\isa\stubs.rs:1697:9
     |
1697 |     enc.push(X86Reg::R12);
     |         ^^^^ private method
     |
    ::: src\rust\backend\isa\encoder.rs:115:5
     |
 115 |     fn push(&mut self, reg: X86Reg) {
     |     ------------------------------- private method defined here

error[E0624]: method `sub_rsp` is private
    --> src\rust\backend\isa\stubs.rs:1698:9
     |
1698 |     enc.sub_rsp(32);
     |         ^^^^^^^ private method
     |
    ::: src\rust\backend\isa\encoder.rs:125:5
     |
 125 |     fn sub_rsp(&mut self, val: u8) { self.rex_w(); self.emit(&[0x83, 0xEC, val]); }
     |     ------------------------------ private method defined here

error[E0624]: method `mov_rr` is private
    --> src\rust\backend\isa\stubs.rs:1699:9
     |
1699 |     enc.mov_rr(X86Reg::RSI, X86Reg::RCX);
     |         ^^^^^^ private method
     |
    ::: src\rust\backend\isa\encoder.rs:79:5
     |
  79 |     fn mov_rr(&mut self, dst: X86Reg, src: X86Reg) {
     |     ---------------------------------------------- private method defined here

error[E0624]: method `mov_rr` is private
    --> src\rust\backend\isa\stubs.rs:1700:9
     |
1700 |     enc.mov_rr(X86Reg::RDI, X86Reg::RDX);
     |         ^^^^^^ private method
     |
    ::: src\rust\backend\isa\encoder.rs:79:5
     |
  79 |     fn mov_rr(&mut self, dst: X86Reg, src: X86Reg) {
     |     ---------------------------------------------- private method defined here

error[E0624]: method `call_label` is private
    --> src\rust\backend\isa\stubs.rs:1702:9
     |
1702 |     enc.call_label("__pyb_str_len");
     |         ^^^^^^^^^^ private method
     |
    ::: src\rust\backend\isa\encoder.rs:145:5
     |
 145 |     fn call_label(&mut self, lbl: &str) {
     |     ----------------------------------- private method defined here

error[E0624]: method `mov_rr` is private
    --> src\rust\backend\isa\stubs.rs:1703:9
     |
1703 |     enc.mov_rr(X86Reg::RBX, X86Reg::RAX);  // RBX = str_len
     |         ^^^^^^ private method
     |
    ::: src\rust\backend\isa\encoder.rs:79:5
     |
  79 |     fn mov_rr(&mut self, dst: X86Reg, src: X86Reg) {
     |     ---------------------------------------------- private method defined here

error[E0624]: method `mov_rr` is private
    --> src\rust\backend\isa\stubs.rs:1705:9
     |
1705 |     enc.mov_rr(X86Reg::RCX, X86Reg::RDI);
     |         ^^^^^^ private method
     |
    ::: src\rust\backend\isa\encoder.rs:79:5
     |
  79 |     fn mov_rr(&mut self, dst: X86Reg, src: X86Reg) {
     |     ---------------------------------------------- private method defined here

error[E0624]: method `call_label` is private
    --> src\rust\backend\isa\stubs.rs:1706:9
     |
1706 |     enc.call_label("__pyb_str_len");
     |         ^^^^^^^^^^ private method
     |
    ::: src\rust\backend\isa\encoder.rs:145:5
     |
 145 |     fn call_label(&mut self, lbl: &str) {
     |     ----------------------------------- private method defined here

error[E0624]: method `mov_rr` is private
    --> src\rust\backend\isa\stubs.rs:1707:9
     |
1707 |     enc.mov_rr(X86Reg::R12, X86Reg::RAX);  // R12 = suffix_len
     |         ^^^^^^ private method
     |
    ::: src\rust\backend\isa\encoder.rs:79:5
     |
  79 |     fn mov_rr(&mut self, dst: X86Reg, src: X86Reg) {
     |     ---------------------------------------------- private method defined here

error[E0624]: method `cmp_rr` is private
    --> src\rust\backend\isa\stubs.rs:1709:9
     |
1709 |     enc.cmp_rr(X86Reg::R12, X86Reg::RBX);
     |         ^^^^^^ private method
     |
    ::: src\rust\backend\isa\encoder.rs:104:5
     |
 104 |     fn cmp_rr(&mut self, a: X86Reg, b: X86Reg) {
     |     ------------------------------------------ private method defined here

error[E0624]: method `pos` is private
    --> src\rust\backend\isa\stubs.rs:1710:45
     |
1710 |     let sew_no = format!("__sew_no_{}", enc.pos());
     |                                             ^^^ private method
     |
    ::: src\rust\backend\isa\encoder.rs:35:5
     |
  35 |     fn pos(&self) -> u32 { self.code.len() as u32 }
     |     -------------------- private method defined here

error[E0624]: method `jcc` is private
    --> src\rust\backend\isa\stubs.rs:1711:9
     |
1711 |     enc.jcc(0x8F, &sew_no);                // JG ÔåÆ suffix longer
     |         ^^^ private method
     |
    ::: src\rust\backend\isa\encoder.rs:139:5
     |
 139 |     fn jcc(&mut self, cc: u8, lbl: &str) {
     |     ------------------------------------ private method defined here

error[E0624]: method `mov_rr` is private
    --> src\rust\backend\isa\stubs.rs:1713:9
     |
1713 |     enc.mov_rr(X86Reg::RCX, X86Reg::RBX);
     |         ^^^^^^ private method
     |
    ::: src\rust\backend\isa\encoder.rs:79:5
     |
  79 |     fn mov_rr(&mut self, dst: X86Reg, src: X86Reg) {
     |     ---------------------------------------------- private method defined here

error[E0624]: method `sub_rr` is private
    --> src\rust\backend\isa\stubs.rs:1714:9
     |
1714 |     enc.sub_rr(X86Reg::RCX, X86Reg::R12);  // RCX = start offset
     |         ^^^^^^ private method
     |
    ::: src\rust\backend\isa\encoder.rs:89:5
     |
  89 |     fn sub_rr(&mut self, dst: X86Reg, src: X86Reg) {
     |     ---------------------------------------------- private method defined here

error[E0624]: method `xor_rr` is private
    --> src\rust\backend\isa\stubs.rs:1715:9
     |
1715 |     enc.xor_rr(X86Reg::RDX);               // j = 0
     |         ^^^^^^ private method
     |
    ::: src\rust\backend\isa\encoder.rs:109:5
     |
 109 |     fn xor_rr(&mut self, reg: X86Reg) {
     |     --------------------------------- private method defined here

error[E0624]: method `pos` is private
    --> src\rust\backend\isa\stubs.rs:1716:44
     |
1716 |     let sew_lp = format!("__sew_l_{}", enc.pos());
     |                                            ^^^ private method
     |
    ::: src\rust\backend\isa\encoder.rs:35:5
     |
  35 |     fn pos(&self) -> u32 { self.code.len() as u32 }
     |     -------------------- private method defined here

error[E0624]: method `pos` is private
    --> src\rust\backend\isa\stubs.rs:1717:45
     |
1717 |     let sew_ok = format!("__sew_ok_{}", enc.pos());
     |                                             ^^^ private method
     |
    ::: src\rust\backend\isa\encoder.rs:35:5
     |
  35 |     fn pos(&self) -> u32 { self.code.len() as u32 }
     |     -------------------- private method defined here

error[E0624]: method `label` is private
    --> src\rust\backend\isa\stubs.rs:1718:9
     |
1718 |     enc.label(&sew_lp);
     |         ^^^^^ private method
     |
    ::: src\rust\backend\isa\encoder.rs:129:5
     |
 129 |     fn label(&mut self, name: &str) {
     |     ------------------------------- private method defined here

error[E0624]: method `cmp_rr` is private
    --> src\rust\backend\isa\stubs.rs:1719:9
     |
1719 |     enc.cmp_rr(X86Reg::RDX, X86Reg::R12);
     |         ^^^^^^ private method
     |
    ::: src\rust\backend\isa\encoder.rs:104:5
     |
 104 |     fn cmp_rr(&mut self, a: X86Reg, b: X86Reg) {
     |     ------------------------------------------ private method defined here

error[E0624]: method `jcc` is private
    --> src\rust\backend\isa\stubs.rs:1720:9
     |
1720 |     enc.jcc(0x8D, &sew_ok);                // JGE ÔåÆ all matched
     |         ^^^ private method
     |
    ::: src\rust\backend\isa\encoder.rs:139:5
     |
 139 |     fn jcc(&mut self, cc: u8, lbl: &str) {
     |     ------------------------------------ private method defined here

error[E0624]: method `mov_rr` is private
    --> src\rust\backend\isa\stubs.rs:1722:9
     |
1722 |     enc.mov_rr(X86Reg::RAX, X86Reg::RCX);
     |         ^^^^^^ private method
     |
    ::: src\rust\backend\isa\encoder.rs:79:5
     |
  79 |     fn mov_rr(&mut self, dst: X86Reg, src: X86Reg) {
     |     ---------------------------------------------- private method defined here

error[E0624]: method `add_rr` is private
    --> src\rust\backend\isa\stubs.rs:1723:9
     |
1723 |     enc.add_rr(X86Reg::RAX, X86Reg::RDX);
     |         ^^^^^^ private method
     |
    ::: src\rust\backend\isa\encoder.rs:84:5
     |
  84 |     fn add_rr(&mut self, dst: X86Reg, src: X86Reg) {
     |     ---------------------------------------------- private method defined here

error[E0624]: method `emit` is private
    --> src\rust\backend\isa\stubs.rs:1724:9
     |
1724 |     enc.emit(&[0x44, 0x0F, 0xB6, 0x04, 0x06]); // MOVZX R8D, [RSI+RAX]
     |         ^^^^ private method
     |
    ::: src\rust\backend\isa\encoder.rs:37:5
     |
  37 |     fn emit(&mut self, bytes: &[u8]) {
     |     -------------------------------- private method defined here

error[E0624]: method `emit` is private
    --> src\rust\backend\isa\stubs.rs:1725:9
     |
1725 |     enc.emit(&[0x0F, 0xB6, 0x04, 0x17]);   // MOVZX EAX, [RDI+RDX]
     |         ^^^^ private method
     |
    ::: src\rust\backend\isa\encoder.rs:37:5
     |
  37 |     fn emit(&mut self, bytes: &[u8]) {
     |     -------------------------------- private method defined here

error[E0624]: method `emit` is private
    --> src\rust\backend\isa\stubs.rs:1726:9
     |
1726 |     enc.emit(&[0x44, 0x38, 0xC0]);          // CMP AL, R8B
     |         ^^^^ private method
     |
    ::: src\rust\backend\isa\encoder.rs:37:5
     |
  37 |     fn emit(&mut self, bytes: &[u8]) {
     |     -------------------------------- private method defined here

error[E0624]: method `jcc` is private
    --> src\rust\backend\isa\stubs.rs:1727:9
     |
1727 |     enc.jcc(0x85, &sew_no);
     |         ^^^ private method
     |
    ::: src\rust\backend\isa\encoder.rs:139:5
     |
 139 |     fn jcc(&mut self, cc: u8, lbl: &str) {
     |     ------------------------------------ private method defined here

error[E0624]: method `rex_w` is private
    --> src\rust\backend\isa\stubs.rs:1728:9
     |
1728 |     enc.rex_w(); enc.emit(&[0xFF, 0xC2]);   // INC RDX
     |         ^^^^^ private method
     |
    ::: src\rust\backend\isa\encoder.rs:51:5
     |
  51 |     fn rex_w(&mut self) { self.emit_u8(0x48); }
     |     ------------------- private method defined here

error[E0624]: method `emit` is private
    --> src\rust\backend\isa\stubs.rs:1728:22
     |
1728 |     enc.rex_w(); enc.emit(&[0xFF, 0xC2]);   // INC RDX
     |                      ^^^^ private method
     |
    ::: src\rust\backend\isa\encoder.rs:37:5
     |
  37 |     fn emit(&mut self, bytes: &[u8]) {
     |     -------------------------------- private method defined here

error[E0624]: method `jmp` is private
    --> src\rust\backend\isa\stubs.rs:1729:9
     |
1729 |     enc.jmp(&sew_lp);
     |         ^^^ private method
     |
    ::: src\rust\backend\isa\encoder.rs:133:5
     |
 133 |     fn jmp(&mut self, lbl: &str) {
     |     ---------------------------- private method defined here

error[E0624]: method `label` is private
    --> src\rust\backend\isa\stubs.rs:1730:9
     |
1730 |     enc.label(&sew_ok);
     |         ^^^^^ private method
     |
    ::: src\rust\backend\isa\encoder.rs:129:5
     |
 129 |     fn label(&mut self, name: &str) {
     |     ------------------------------- private method defined here

error[E0624]: method `mov_imm64` is private
    --> src\rust\backend\isa\stubs.rs:1731:9
     |
1731 |     enc.mov_imm64(X86Reg::RAX, 1);
     |         ^^^^^^^^^ private method
     |
    ::: src\rust\backend\isa\encoder.rs:70:5
     |
  70 |     fn mov_imm64(&mut self, reg: X86Reg, val: i64) {
     |     ---------------------------------------------- private method defined here

error[E0624]: method `pos` is private
    --> src\rust\backend\isa\stubs.rs:1732:44
     |
1732 |     let sew_dn = format!("__sew_d_{}", enc.pos());
     |                                            ^^^ private method
     |
    ::: src\rust\backend\isa\encoder.rs:35:5
     |
  35 |     fn pos(&self) -> u32 { self.code.len() as u32 }
     |     -------------------- private method defined here

error[E0624]: method `jmp` is private
    --> src\rust\backend\isa\stubs.rs:1733:9
     |
1733 |     enc.jmp(&sew_dn);
     |         ^^^ private method
     |
    ::: src\rust\backend\isa\encoder.rs:133:5
     |
 133 |     fn jmp(&mut self, lbl: &str) {
     |     ---------------------------- private method defined here

error[E0624]: method `label` is private
    --> src\rust\backend\isa\stubs.rs:1734:9
     |
1734 |     enc.label(&sew_no);
     |         ^^^^^ private method
     |
    ::: src\rust\backend\isa\encoder.rs:129:5
     |
 129 |     fn label(&mut self, name: &str) {
     |     ------------------------------- private method defined here

error[E0624]: method `xor_rr` is private
    --> src\rust\backend\isa\stubs.rs:1735:9
     |
1735 |     enc.xor_rr(X86Reg::RAX);
     |         ^^^^^^ private method
     |
    ::: src\rust\backend\isa\encoder.rs:109:5
     |
 109 |     fn xor_rr(&mut self, reg: X86Reg) {
     |     --------------------------------- private method defined here

error[E0624]: method `label` is private
    --> src\rust\backend\isa\stubs.rs:1736:9
     |
1736 |     enc.label(&sew_dn);
     |         ^^^^^ private method
     |
    ::: src\rust\backend\isa\encoder.rs:129:5
     |
 129 |     fn label(&mut self, name: &str) {
     |     ------------------------------- private method defined here

error[E0624]: method `add_rsp` is private
    --> src\rust\backend\isa\stubs.rs:1737:9
     |
1737 |     enc.add_rsp(32);
     |         ^^^^^^^ private method
     |
    ::: src\rust\backend\isa\encoder.rs:126:5
     |
 126 |     fn add_rsp(&mut self, val: u8) { self.rex_w(); self.emit(&[0x83, 0xC4, val]); }
     |     ------------------------------ private method defined here

error[E0624]: method `pop` is private
    --> src\rust\backend\isa\stubs.rs:1738:9
     |
1738 |     enc.pop(X86Reg::R12);
     |         ^^^ private method
     |
    ::: src\rust\backend\isa\encoder.rs:120:5
     |
 120 |     fn pop(&mut self, reg: X86Reg) {
     |     ------------------------------ private method defined here

error[E0624]: method `pop` is private
    --> src\rust\backend\isa\stubs.rs:1739:9
     |
1739 |     enc.pop(X86Reg::RDI);
     |         ^^^ private method
     |
    ::: src\rust\backend\isa\encoder.rs:120:5
     |
 120 |     fn pop(&mut self, reg: X86Reg) {
     |     ------------------------------ private method defined here

error[E0624]: method `pop` is private
    --> src\rust\backend\isa\stubs.rs:1740:9
     |
1740 |     enc.pop(X86Reg::RSI);
     |         ^^^ private method
     |
    ::: src\rust\backend\isa\encoder.rs:120:5
     |
 120 |     fn pop(&mut self, reg: X86Reg) {
     |     ------------------------------ private method defined here

error[E0624]: method `pop` is private
    --> src\rust\backend\isa\stubs.rs:1741:9
     |
1741 |     enc.pop(X86Reg::RBX);
     |         ^^^ private method
     |
    ::: src\rust\backend\isa\encoder.rs:120:5
     |
 120 |     fn pop(&mut self, reg: X86Reg) {
     |     ------------------------------ private method defined here

error[E0624]: method `ret` is private
    --> src\rust\backend\isa\stubs.rs:1742:9
     |
1742 |     enc.ret();
     |         ^^^ private method
     |
    ::: src\rust\backend\isa\encoder.rs:127:5
     |
 127 |     fn ret(&mut self) { self.emit_u8(0xC3); }
     |     ----------------- private method defined here

error[E0624]: method `label` is private
    --> src\rust\backend\isa\stubs.rs:1745:9
     |
1745 |     enc.label("__pyb_str_slice");
     |         ^^^^^ private method
     |
    ::: src\rust\backend\isa\encoder.rs:129:5
     |
 129 |     fn label(&mut self, name: &str) {
     |     ------------------------------- private method defined here

error[E0624]: method `push` is private
    --> src\rust\backend\isa\stubs.rs:1746:9
     |
1746 |     enc.push(X86Reg::RBX);
     |         ^^^^ private method
     |
    ::: src\rust\backend\isa\encoder.rs:115:5
     |
 115 |     fn push(&mut self, reg: X86Reg) {
     |     ------------------------------- private method defined here

error[E0624]: method `push` is private
    --> src\rust\backend\isa\stubs.rs:1747:9
     |
1747 |     enc.push(X86Reg::RSI);
     |         ^^^^ private method
     |
    ::: src\rust\backend\isa\encoder.rs:115:5
     |
 115 |     fn push(&mut self, reg: X86Reg) {
     |     ------------------------------- private method defined here

error[E0624]: method `push` is private
    --> src\rust\backend\isa\stubs.rs:1748:9
     |
1748 |     enc.push(X86Reg::RDI);
     |         ^^^^ private method
     |
    ::: src\rust\backend\isa\encoder.rs:115:5
     |
 115 |     fn push(&mut self, reg: X86Reg) {
     |     ------------------------------- private method defined here

error[E0624]: method `push` is private
    --> src\rust\backend\isa\stubs.rs:1749:9
     |
1749 |     enc.push(X86Reg::R12);
     |         ^^^^ private method
     |
    ::: src\rust\backend\isa\encoder.rs:115:5
     |
 115 |     fn push(&mut self, reg: X86Reg) {
     |     ------------------------------- private method defined here

error[E0624]: method `sub_rsp` is private
    --> src\rust\backend\isa\stubs.rs:1750:9
     |
1750 |     enc.sub_rsp(32);
     |         ^^^^^^^ private method
     |
    ::: src\rust\backend\isa\encoder.rs:125:5
     |
 125 |     fn sub_rsp(&mut self, val: u8) { self.rex_w(); self.emit(&[0x83, 0xEC, val]); }
     |     ------------------------------ private method defined here

error[E0624]: method `mov_rr` is private
    --> src\rust\backend\isa\stubs.rs:1751:9
     |
1751 |     enc.mov_rr(X86Reg::RSI, X86Reg::RCX);  // str
     |         ^^^^^^ private method
     |
    ::: src\rust\backend\isa\encoder.rs:79:5
     |
  79 |     fn mov_rr(&mut self, dst: X86Reg, src: X86Reg) {
     |     ---------------------------------------------- private method defined here

error[E0624]: method `mov_rr` is private
    --> src\rust\backend\isa\stubs.rs:1752:9
     |
1752 |     enc.mov_rr(X86Reg::RDI, X86Reg::RDX);  // start
     |         ^^^^^^ private method
     |
    ::: src\rust\backend\isa\encoder.rs:79:5
     |
  79 |     fn mov_rr(&mut self, dst: X86Reg, src: X86Reg) {
     |     ---------------------------------------------- private method defined here

error[E0624]: method `mov_rr` is private
    --> src\rust\backend\isa\stubs.rs:1753:9
     |
1753 |     enc.mov_rr(X86Reg::R12, X86Reg::R8);   // end
     |         ^^^^^^ private method
     |
    ::: src\rust\backend\isa\encoder.rs:79:5
     |
  79 |     fn mov_rr(&mut self, dst: X86Reg, src: X86Reg) {
     |     ---------------------------------------------- private method defined here

error[E0624]: method `call_label` is private
    --> src\rust\backend\isa\stubs.rs:1755:9
     |
1755 |     enc.call_label("__pyb_str_len");
     |         ^^^^^^^^^^ private method
     |
    ::: src\rust\backend\isa\encoder.rs:145:5
     |
 145 |     fn call_label(&mut self, lbl: &str) {
     |     ----------------------------------- private method defined here

error[E0624]: method `mov_rr` is private
    --> src\rust\backend\isa\stubs.rs:1756:9
     |
1756 |     enc.mov_rr(X86Reg::RBX, X86Reg::RAX);  // RBX = str_len
     |         ^^^^^^ private method
     |
    ::: src\rust\backend\isa\encoder.rs:79:5
     |
  79 |     fn mov_rr(&mut self, dst: X86Reg, src: X86Reg) {
     |     ---------------------------------------------- private method defined here

error[E0624]: method `rex_w` is private
    --> src\rust\backend\isa\stubs.rs:1758:9
     |
1758 |     enc.rex_w(); enc.emit(&[0x85, 0xFF]);   // TEST RDI, RDI
     |         ^^^^^ private method
     |
    ::: src\rust\backend\isa\encoder.rs:51:5
     |
  51 |     fn rex_w(&mut self) { self.emit_u8(0x48); }
     |     ------------------- private method defined here

error[E0624]: method `emit` is private
    --> src\rust\backend\isa\stubs.rs:1758:22
     |
1758 |     enc.rex_w(); enc.emit(&[0x85, 0xFF]);   // TEST RDI, RDI
     |                      ^^^^ private method
     |
    ::: src\rust\backend\isa\encoder.rs:37:5
     |
  37 |     fn emit(&mut self, bytes: &[u8]) {
     |     -------------------------------- private method defined here

error[E0624]: method `pos` is private
    --> src\rust\backend\isa\stubs.rs:1759:45
     |
1759 |     let ssl_sp = format!("__ssl_sp_{}", enc.pos());
     |                                             ^^^ private method
     |
    ::: src\rust\backend\isa\encoder.rs:35:5
     |
  35 |     fn pos(&self) -> u32 { self.code.len() as u32 }
     |     -------------------- private method defined here

error[E0624]: method `jcc` is private
    --> src\rust\backend\isa\stubs.rs:1760:9
     |
1760 |     enc.jcc(0x89, &ssl_sp);                // JNS ÔåÆ start positive
     |         ^^^ private method
     |
    ::: src\rust\backend\isa\encoder.rs:139:5
     |
 139 |     fn jcc(&mut self, cc: u8, lbl: &str) {
     |     ------------------------------------ private method defined here

error[E0624]: method `add_rr` is private
    --> src\rust\backend\isa\stubs.rs:1761:9
     |
1761 |     enc.add_rr(X86Reg::RDI, X86Reg::RBX);  // start += len
     |         ^^^^^^ private method
     |
    ::: src\rust\backend\isa\encoder.rs:84:5
     |
  84 |     fn add_rr(&mut self, dst: X86Reg, src: X86Reg) {
     |     ---------------------------------------------- private method defined here

error[E0624]: method `rex_w` is private
    --> src\rust\backend\isa\stubs.rs:1763:9
     |
1763 |     enc.rex_w(); enc.emit(&[0x85, 0xFF]);
     |         ^^^^^ private method
     |
    ::: src\rust\backend\isa\encoder.rs:51:5
     |
  51 |     fn rex_w(&mut self) { self.emit_u8(0x48); }
     |     ------------------- private method defined here

error[E0624]: method `emit` is private
    --> src\rust\backend\isa\stubs.rs:1763:22
     |
1763 |     enc.rex_w(); enc.emit(&[0x85, 0xFF]);
     |                      ^^^^ private method
     |
    ::: src\rust\backend\isa\encoder.rs:37:5
     |
  37 |     fn emit(&mut self, bytes: &[u8]) {
     |     -------------------------------- private method defined here

error[E0624]: method `pos` is private
    --> src\rust\backend\isa\stubs.rs:1764:45
     |
1764 |     let ssl_s0 = format!("__ssl_s0_{}", enc.pos());
     |                                             ^^^ private method
     |
    ::: src\rust\backend\isa\encoder.rs:35:5
     |
  35 |     fn pos(&self) -> u32 { self.code.len() as u32 }
     |     -------------------- private method defined here

error[E0624]: method `jcc` is private
    --> src\rust\backend\isa\stubs.rs:1765:9
     |
1765 |     enc.jcc(0x89, &ssl_s0);
     |         ^^^ private method
     |
    ::: src\rust\backend\isa\encoder.rs:139:5
     |
 139 |     fn jcc(&mut self, cc: u8, lbl: &str) {
     |     ------------------------------------ private method defined here

error[E0624]: method `xor_rr` is private
    --> src\rust\backend\isa\stubs.rs:1766:9
     |
1766 |     enc.xor_rr(X86Reg::RDI);
     |         ^^^^^^ private method
     |
    ::: src\rust\backend\isa\encoder.rs:109:5
     |
 109 |     fn xor_rr(&mut self, reg: X86Reg) {
     |     --------------------------------- private method defined here

error[E0624]: method `label` is private
    --> src\rust\backend\isa\stubs.rs:1767:9
     |
1767 |     enc.label(&ssl_s0);
     |         ^^^^^ private method
     |
    ::: src\rust\backend\isa\encoder.rs:129:5
     |
 129 |     fn label(&mut self, name: &str) {
     |     ------------------------------- private method defined here

error[E0624]: method `label` is private
    --> src\rust\backend\isa\stubs.rs:1768:9
     |
1768 |     enc.label(&ssl_sp);
     |         ^^^^^ private method
     |
    ::: src\rust\backend\isa\encoder.rs:129:5
     |
 129 |     fn label(&mut self, name: &str) {
     |     ------------------------------- private method defined here

error[E0624]: method `rex_w` is private
    --> src\rust\backend\isa\stubs.rs:1770:9
     |
1770 |     enc.rex_w(); enc.emit(&[0x4D, 0x85, 0xE4]); // TEST R12, R12
     |         ^^^^^ private method
     |
    ::: src\rust\backend\isa\encoder.rs:51:5
     |
  51 |     fn rex_w(&mut self) { self.emit_u8(0x48); }
     |     ------------------- private method defined here

error[E0624]: method `emit` is private
    --> src\rust\backend\isa\stubs.rs:1770:22
     |
1770 |     enc.rex_w(); enc.emit(&[0x4D, 0x85, 0xE4]); // TEST R12, R12
     |                      ^^^^ private method
     |
    ::: src\rust\backend\isa\encoder.rs:37:5
     |
  37 |     fn emit(&mut self, bytes: &[u8]) {
     |     -------------------------------- private method defined here

error[E0624]: method `pos` is private
    --> src\rust\backend\isa\stubs.rs:1771:45
     |
1771 |     let ssl_ep = format!("__ssl_ep_{}", enc.pos());
     |                                             ^^^ private method
     |
    ::: src\rust\backend\isa\encoder.rs:35:5
     |
  35 |     fn pos(&self) -> u32 { self.code.len() as u32 }
     |     -------------------- private method defined here

error[E0624]: method `jcc` is private
    --> src\rust\backend\isa\stubs.rs:1772:9
     |
1772 |     enc.jcc(0x89, &ssl_ep);
     |         ^^^ private method
     |
    ::: src\rust\backend\isa\encoder.rs:139:5
     |
 139 |     fn jcc(&mut self, cc: u8, lbl: &str) {
     |     ------------------------------------ private method defined here

error[E0624]: method `emit` is private
    --> src\rust\backend\isa\stubs.rs:1773:9
     |
1773 |     enc.emit(&[0x4C, 0x01, 0xE3]); // ADD RBX to R12 won't work. use mov
     |         ^^^^ private method
     |
    ::: src\rust\backend\isa\encoder.rs:37:5
     |
  37 |     fn emit(&mut self, bytes: &[u8]) {
     |     -------------------------------- private method defined here

error[E0624]: method `mov_rr` is private
    --> src\rust\backend\isa\stubs.rs:1774:9
     |
1774 |     enc.mov_rr(X86Reg::RAX, X86Reg::RBX);
     |         ^^^^^^ private method
     |
    ::: src\rust\backend\isa\encoder.rs:79:5
     |
  79 |     fn mov_rr(&mut self, dst: X86Reg, src: X86Reg) {
     |     ---------------------------------------------- private method defined here

error[E0624]: method `emit` is private
    --> src\rust\backend\isa\stubs.rs:1775:9
     |
1775 |     enc.emit(&[0x49, 0x01, 0xC4]);          // ADD R12, RAX
     |         ^^^^ private method
     |
    ::: src\rust\backend\isa\encoder.rs:37:5
     |
  37 |     fn emit(&mut self, bytes: &[u8]) {
     |     -------------------------------- private method defined here

error[E0624]: method `label` is private
    --> src\rust\backend\isa\stubs.rs:1776:9
     |
1776 |     enc.label(&ssl_ep);
     |         ^^^^^ private method
     |
    ::: src\rust\backend\isa\encoder.rs:129:5
     |
 129 |     fn label(&mut self, name: &str) {
     |     ------------------------------- private method defined here

error[E0624]: method `emit` is private
    --> src\rust\backend\isa\stubs.rs:1778:9
     |
1778 |     enc.emit(&[0x4C, 0x39, 0xE3]);          // CMP RBX, R12
     |         ^^^^ private method
     |
    ::: src\rust\backend\isa\encoder.rs:37:5
     |
  37 |     fn emit(&mut self, bytes: &[u8]) {
     |     -------------------------------- private method defined here

error[E0624]: method `pos` is private
    --> src\rust\backend\isa\stubs.rs:1779:45
     |
1779 |     let ssl_ec = format!("__ssl_ec_{}", enc.pos());
     |                                             ^^^ private method
     |
    ::: src\rust\backend\isa\encoder.rs:35:5
     |
  35 |     fn pos(&self) -> u32 { self.code.len() as u32 }
     |     -------------------- private method defined here

error[E0624]: method `jcc` is private
    --> src\rust\backend\isa\stubs.rs:1780:9
     |
1780 |     enc.jcc(0x8D, &ssl_ec);                // JGE ÔåÆ end <= len, ok
     |         ^^^ private method
     |
    ::: src\rust\backend\isa\encoder.rs:139:5
     |
 139 |     fn jcc(&mut self, cc: u8, lbl: &str) {
     |     ------------------------------------ private method defined here

error[E0624]: method `mov_rr` is private
    --> src\rust\backend\isa\stubs.rs:1781:9
     |
1781 |     enc.mov_rr(X86Reg::R12, X86Reg::RBX);
     |         ^^^^^^ private method
     |
    ::: src\rust\backend\isa\encoder.rs:79:5
     |
  79 |     fn mov_rr(&mut self, dst: X86Reg, src: X86Reg) {
     |     ---------------------------------------------- private method defined here

error[E0624]: method `label` is private
    --> src\rust\backend\isa\stubs.rs:1782:9
     |
1782 |     enc.label(&ssl_ec);
     |         ^^^^^ private method
     |
    ::: src\rust\backend\isa\encoder.rs:129:5
     |
 129 |     fn label(&mut self, name: &str) {
     |     ------------------------------- private method defined here

error[E0624]: method `mov_rr` is private
    --> src\rust\backend\isa\stubs.rs:1784:9
     |
1784 |     enc.mov_rr(X86Reg::RCX, X86Reg::R12);
     |         ^^^^^^ private method
     |
    ::: src\rust\backend\isa\encoder.rs:79:5
     |
  79 |     fn mov_rr(&mut self, dst: X86Reg, src: X86Reg) {
     |     ---------------------------------------------- private method defined here

error[E0624]: method `sub_rr` is private
    --> src\rust\backend\isa\stubs.rs:1785:9
     |
1785 |     enc.sub_rr(X86Reg::RCX, X86Reg::RDI);  // RCX = slice_len
     |         ^^^^^^ private method
     |
    ::: src\rust\backend\isa\encoder.rs:89:5
     |
  89 |     fn sub_rr(&mut self, dst: X86Reg, src: X86Reg) {
     |     ---------------------------------------------- private method defined here

error[E0624]: method `rex_w` is private
    --> src\rust\backend\isa\stubs.rs:1787:9
     |
1787 |     enc.rex_w(); enc.emit(&[0x85, 0xC9]);
     |         ^^^^^ private method
     |
    ::: src\rust\backend\isa\encoder.rs:51:5
     |
  51 |     fn rex_w(&mut self) { self.emit_u8(0x48); }
     |     ------------------- private method defined here

error[E0624]: method `emit` is private
    --> src\rust\backend\isa\stubs.rs:1787:22
     |
1787 |     enc.rex_w(); enc.emit(&[0x85, 0xC9]);
     |                      ^^^^ private method
     |
    ::: src\rust\backend\isa\encoder.rs:37:5
     |
  37 |     fn emit(&mut self, bytes: &[u8]) {
     |     -------------------------------- private method defined here

error[E0624]: method `pos` is private
    --> src\rust\backend\isa\stubs.rs:1788:46
     |
1788 |     let ssl_emp = format!("__ssl_em_{}", enc.pos());
     |                                              ^^^ private method
     |
    ::: src\rust\backend\isa\encoder.rs:35:5
     |
  35 |     fn pos(&self) -> u32 { self.code.len() as u32 }
     |     -------------------- private method defined here

error[E0624]: method `jcc` is private
    --> src\rust\backend\isa\stubs.rs:1789:9
     |
1789 |     enc.jcc(0x8E, &ssl_emp);               // JLE ÔåÆ empty
     |         ^^^ private method
     |
    ::: src\rust\backend\isa\encoder.rs:139:5
     |
 139 |     fn jcc(&mut self, cc: u8, lbl: &str) {
     |     ------------------------------------ private method defined here

error[E0624]: method `push` is private
    --> src\rust\backend\isa\stubs.rs:1791:9
     |
1791 |     enc.push(X86Reg::RCX);                 // save slice_len
     |         ^^^^ private method
     |
    ::: src\rust\backend\isa\encoder.rs:115:5
     |
 115 |     fn push(&mut self, reg: X86Reg) {
     |     ------------------------------- private method defined here

error[E0624]: method `rex_w` is private
    --> src\rust\backend\isa\stubs.rs:1792:9
     |
1792 |     enc.rex_w(); enc.emit(&[0xFF, 0xC1]);   // INC RCX
     |         ^^^^^ private method
     |
    ::: src\rust\backend\isa\encoder.rs:51:5
     |
  51 |     fn rex_w(&mut self) { self.emit_u8(0x48); }
     |     ------------------- private method defined here

error[E0624]: method `emit` is private
    --> src\rust\backend\isa\stubs.rs:1792:22
     |
1792 |     enc.rex_w(); enc.emit(&[0xFF, 0xC1]);   // INC RCX
     |                      ^^^^ private method
     |
    ::: src\rust\backend\isa\encoder.rs:37:5
     |
  37 |     fn emit(&mut self, bytes: &[u8]) {
     |     -------------------------------- private method defined here

error[E0624]: method `call_label` is private
    --> src\rust\backend\isa\stubs.rs:1793:9
     |
1793 |     enc.call_label("__pyb_heap_alloc");
     |         ^^^^^^^^^^ private method
     |
    ::: src\rust\backend\isa\encoder.rs:145:5
     |
 145 |     fn call_label(&mut self, lbl: &str) {
     |     ----------------------------------- private method defined here

error[E0624]: method `mov_rr` is private
    --> src\rust\backend\isa\stubs.rs:1794:9
     |
1794 |     enc.mov_rr(X86Reg::RBX, X86Reg::RAX);  // RBX = result
     |         ^^^^^^ private method
     |
    ::: src\rust\backend\isa\encoder.rs:79:5
     |
  79 |     fn mov_rr(&mut self, dst: X86Reg, src: X86Reg) {
     |     ---------------------------------------------- private method defined here

error[E0624]: method `pop` is private
    --> src\rust\backend\isa\stubs.rs:1795:9
     |
1795 |     enc.pop(X86Reg::RCX);                  // restore slice_len
     |         ^^^ private method
     |
    ::: src\rust\backend\isa\encoder.rs:120:5
     |
 120 |     fn pop(&mut self, reg: X86Reg) {
     |     ------------------------------ private method defined here

error[E0624]: method `xor_rr` is private
    --> src\rust\backend\isa\stubs.rs:1797:9
     |
1797 |     enc.xor_rr(X86Reg::RDX);
     |         ^^^^^^ private method
     |
    ::: src\rust\backend\isa\encoder.rs:109:5
     |
 109 |     fn xor_rr(&mut self, reg: X86Reg) {
     |     --------------------------------- private method defined here

error[E0624]: method `pos` is private
    --> src\rust\backend\isa\stubs.rs:1798:45
     |
1798 |     let ssl_cl = format!("__ssl_cl_{}", enc.pos());
     |                                             ^^^ private method
     |
    ::: src\rust\backend\isa\encoder.rs:35:5
     |
  35 |     fn pos(&self) -> u32 { self.code.len() as u32 }
     |     -------------------- private method defined here

error[E0624]: method `pos` is private
    --> src\rust\backend\isa\stubs.rs:1799:45
     |
1799 |     let ssl_cd = format!("__ssl_cd_{}", enc.pos());
     |                                             ^^^ private method
     |
    ::: src\rust\backend\isa\encoder.rs:35:5
     |
  35 |     fn pos(&self) -> u32 { self.code.len() as u32 }
     |     -------------------- private method defined here

error[E0624]: method `label` is private
    --> src\rust\backend\isa\stubs.rs:1800:9
     |
1800 |     enc.label(&ssl_cl);
     |         ^^^^^ private method
     |
    ::: src\rust\backend\isa\encoder.rs:129:5
     |
 129 |     fn label(&mut self, name: &str) {
     |     ------------------------------- private method defined here

error[E0624]: method `cmp_rr` is private
    --> src\rust\backend\isa\stubs.rs:1801:9
     |
1801 |     enc.cmp_rr(X86Reg::RDX, X86Reg::RCX);
     |         ^^^^^^ private method
     |
    ::: src\rust\backend\isa\encoder.rs:104:5
     |
 104 |     fn cmp_rr(&mut self, a: X86Reg, b: X86Reg) {
     |     ------------------------------------------ private method defined here

error[E0624]: method `jcc` is private
    --> src\rust\backend\isa\stubs.rs:1802:9
     |
1802 |     enc.jcc(0x8D, &ssl_cd);
     |         ^^^ private method
     |
    ::: src\rust\backend\isa\encoder.rs:139:5
     |
 139 |     fn jcc(&mut self, cc: u8, lbl: &str) {
     |     ------------------------------------ private method defined here

error[E0624]: method `mov_rr` is private
    --> src\rust\backend\isa\stubs.rs:1803:9
     |
1803 |     enc.mov_rr(X86Reg::RAX, X86Reg::RDI);
     |         ^^^^^^ private method
     |
    ::: src\rust\backend\isa\encoder.rs:79:5
     |
  79 |     fn mov_rr(&mut self, dst: X86Reg, src: X86Reg) {
     |     ---------------------------------------------- private method defined here

error[E0624]: method `add_rr` is private
    --> src\rust\backend\isa\stubs.rs:1804:9
     |
1804 |     enc.add_rr(X86Reg::RAX, X86Reg::RDX);
     |         ^^^^^^ private method
     |
    ::: src\rust\backend\isa\encoder.rs:84:5
     |
  84 |     fn add_rr(&mut self, dst: X86Reg, src: X86Reg) {
     |     ---------------------------------------------- private method defined here

error[E0624]: method `emit` is private
    --> src\rust\backend\isa\stubs.rs:1805:9
     |
1805 |     enc.emit(&[0x0F, 0xB6, 0x04, 0x06]);   // MOVZX EAX, [RSI+RAX]
     |         ^^^^ private method
     |
    ::: src\rust\backend\isa\encoder.rs:37:5
     |
  37 |     fn emit(&mut self, bytes: &[u8]) {
     |     -------------------------------- private method defined here

error[E0624]: method `emit` is private
    --> src\rust\backend\isa\stubs.rs:1806:9
     |
1806 |     enc.emit(&[0x88, 0x04, 0x13]);          // MOV [RBX+RDX], AL
     |         ^^^^ private method
     |
    ::: src\rust\backend\isa\encoder.rs:37:5
     |
  37 |     fn emit(&mut self, bytes: &[u8]) {
     |     -------------------------------- private method defined here

error[E0624]: method `rex_w` is private
    --> src\rust\backend\isa\stubs.rs:1807:9
     |
1807 |     enc.rex_w(); enc.emit(&[0xFF, 0xC2]);
     |         ^^^^^ private method
     |
    ::: src\rust\backend\isa\encoder.rs:51:5
     |
  51 |     fn rex_w(&mut self) { self.emit_u8(0x48); }
     |     ------------------- private method defined here

error[E0624]: method `emit` is private
    --> src\rust\backend\isa\stubs.rs:1807:22
     |
1807 |     enc.rex_w(); enc.emit(&[0xFF, 0xC2]);
     |                      ^^^^ private method
     |
    ::: src\rust\backend\isa\encoder.rs:37:5
     |
  37 |     fn emit(&mut self, bytes: &[u8]) {
     |     -------------------------------- private method defined here

error[E0624]: method `jmp` is private
    --> src\rust\backend\isa\stubs.rs:1808:9
     |
1808 |     enc.jmp(&ssl_cl);
     |         ^^^ private method
     |
    ::: src\rust\backend\isa\encoder.rs:133:5
     |
 133 |     fn jmp(&mut self, lbl: &str) {
     |     ---------------------------- private method defined here

error[E0624]: method `label` is private
    --> src\rust\backend\isa\stubs.rs:1809:9
     |
1809 |     enc.label(&ssl_cd);
     |         ^^^^^ private method
     |
    ::: src\rust\backend\isa\encoder.rs:129:5
     |
 129 |     fn label(&mut self, name: &str) {
     |     ------------------------------- private method defined here

error[E0624]: method `emit` is private
    --> src\rust\backend\isa\stubs.rs:1811:9
     |
1811 |     enc.emit(&[0xC6, 0x04, 0x0B, 0x00]);   // MOV byte [RBX+RCX], 0
     |         ^^^^ private method
     |
    ::: src\rust\backend\isa\encoder.rs:37:5
     |
  37 |     fn emit(&mut self, bytes: &[u8]) {
     |     -------------------------------- private method defined here

error[E0624]: method `mov_rr` is private
    --> src\rust\backend\isa\stubs.rs:1812:9
     |
1812 |     enc.mov_rr(X86Reg::RAX, X86Reg::RBX);
     |         ^^^^^^ private method
     |
    ::: src\rust\backend\isa\encoder.rs:79:5
     |
  79 |     fn mov_rr(&mut self, dst: X86Reg, src: X86Reg) {
     |     ---------------------------------------------- private method defined here

error[E0624]: method `pos` is private
    --> src\rust\backend\isa\stubs.rs:1813:45
     |
1813 |     let ssl_dn = format!("__ssl_dn_{}", enc.pos());
     |                                             ^^^ private method
     |
    ::: src\rust\backend\isa\encoder.rs:35:5
     |
  35 |     fn pos(&self) -> u32 { self.code.len() as u32 }
     |     -------------------- private method defined here

error[E0624]: method `jmp` is private
    --> src\rust\backend\isa\stubs.rs:1814:9
     |
1814 |     enc.jmp(&ssl_dn);
     |         ^^^ private method
     |
    ::: src\rust\backend\isa\encoder.rs:133:5
     |
 133 |     fn jmp(&mut self, lbl: &str) {
     |     ---------------------------- private method defined here

error[E0624]: method `label` is private
    --> src\rust\backend\isa\stubs.rs:1815:9
     |
1815 |     enc.label(&ssl_emp);
     |         ^^^^^ private method
     |
    ::: src\rust\backend\isa\encoder.rs:129:5
     |
 129 |     fn label(&mut self, name: &str) {
     |     ------------------------------- private method defined here

error[E0624]: method `mov_imm64` is private
    --> src\rust\backend\isa\stubs.rs:1817:9
     |
1817 |     enc.mov_imm64(X86Reg::RCX, 1);
     |         ^^^^^^^^^ private method
     |
    ::: src\rust\backend\isa\encoder.rs:70:5
     |
  70 |     fn mov_imm64(&mut self, reg: X86Reg, val: i64) {
     |     ---------------------------------------------- private method defined here

error[E0624]: method `call_label` is private
    --> src\rust\backend\isa\stubs.rs:1818:9
     |
1818 |     enc.call_label("__pyb_heap_alloc");
     |         ^^^^^^^^^^ private method
     |
    ::: src\rust\backend\isa\encoder.rs:145:5
     |
 145 |     fn call_label(&mut self, lbl: &str) {
     |     ----------------------------------- private method defined here

error[E0624]: method `emit` is private
    --> src\rust\backend\isa\stubs.rs:1819:9
     |
1819 |     enc.emit(&[0xC6, 0x00, 0x00]);          // MOV byte [RAX], 0
     |         ^^^^ private method
     |
    ::: src\rust\backend\isa\encoder.rs:37:5
     |
  37 |     fn emit(&mut self, bytes: &[u8]) {
     |     -------------------------------- private method defined here

error[E0624]: method `label` is private
    --> src\rust\backend\isa\stubs.rs:1820:9
     |
1820 |     enc.label(&ssl_dn);
     |         ^^^^^ private method
     |
    ::: src\rust\backend\isa\encoder.rs:129:5
     |
 129 |     fn label(&mut self, name: &str) {
     |     ------------------------------- private method defined here

error[E0624]: method `add_rsp` is private
    --> src\rust\backend\isa\stubs.rs:1821:9
     |
1821 |     enc.add_rsp(32);
     |         ^^^^^^^ private method
     |
    ::: src\rust\backend\isa\encoder.rs:126:5
     |
 126 |     fn add_rsp(&mut self, val: u8) { self.rex_w(); self.emit(&[0x83, 0xC4, val]); }
     |     ------------------------------ private method defined here

error[E0624]: method `pop` is private
    --> src\rust\backend\isa\stubs.rs:1822:9
     |
1822 |     enc.pop(X86Reg::R12);
     |         ^^^ private method
     |
    ::: src\rust\backend\isa\encoder.rs:120:5
     |
 120 |     fn pop(&mut self, reg: X86Reg) {
     |     ------------------------------ private method defined here

error[E0624]: method `pop` is private
    --> src\rust\backend\isa\stubs.rs:1823:9
     |
1823 |     enc.pop(X86Reg::RDI);
     |         ^^^ private method
     |
    ::: src\rust\backend\isa\encoder.rs:120:5
     |
 120 |     fn pop(&mut self, reg: X86Reg) {
     |     ------------------------------ private method defined here

error[E0624]: method `pop` is private
    --> src\rust\backend\isa\stubs.rs:1824:9
     |
1824 |     enc.pop(X86Reg::RSI);
     |         ^^^ private method
     |
    ::: src\rust\backend\isa\encoder.rs:120:5
     |
 120 |     fn pop(&mut self, reg: X86Reg) {
     |     ------------------------------ private method defined here

error[E0624]: method `pop` is private
    --> src\rust\backend\isa\stubs.rs:1825:9
     |
1825 |     enc.pop(X86Reg::RBX);
     |         ^^^ private method
     |
    ::: src\rust\backend\isa\encoder.rs:120:5
     |
 120 |     fn pop(&mut self, reg: X86Reg) {
     |     ------------------------------ private method defined here

error[E0624]: method `ret` is private
    --> src\rust\backend\isa\stubs.rs:1826:9
     |
1826 |     enc.ret();
     |         ^^^ private method
     |
    ::: src\rust\backend\isa\encoder.rs:127:5
     |
 127 |     fn ret(&mut self) { self.emit_u8(0xC3); }
     |     ----------------- private method defined here

error[E0624]: method `label` is private
    --> src\rust\backend\isa\stubs.rs:1829:9
     |
1829 |     enc.label("__pyb_str_index");
     |         ^^^^^ private method
     |
    ::: src\rust\backend\isa\encoder.rs:129:5
     |
 129 |     fn label(&mut self, name: &str) {
     |     ------------------------------- private method defined here

error[E0624]: method `push` is private
    --> src\rust\backend\isa\stubs.rs:1830:9
     |
1830 |     enc.push(X86Reg::RBX);
     |         ^^^^ private method
     |
    ::: src\rust\backend\isa\encoder.rs:115:5
     |
 115 |     fn push(&mut self, reg: X86Reg) {
     |     ------------------------------- private method defined here

error[E0624]: method `push` is private
    --> src\rust\backend\isa\stubs.rs:1831:9
     |
1831 |     enc.push(X86Reg::RSI);
     |         ^^^^ private method
     |
    ::: src\rust\backend\isa\encoder.rs:115:5
     |
 115 |     fn push(&mut self, reg: X86Reg) {
     |     ------------------------------- private method defined here

error[E0624]: method `sub_rsp` is private
    --> src\rust\backend\isa\stubs.rs:1832:9
     |
1832 |     enc.sub_rsp(32);
     |         ^^^^^^^ private method
     |
    ::: src\rust\backend\isa\encoder.rs:125:5
     |
 125 |     fn sub_rsp(&mut self, val: u8) { self.rex_w(); self.emit(&[0x83, 0xEC, val]); }
     |     ------------------------------ private method defined here

error[E0624]: method `mov_rr` is private
    --> src\rust\backend\isa\stubs.rs:1833:9
     |
1833 |     enc.mov_rr(X86Reg::RSI, X86Reg::RCX);
     |         ^^^^^^ private method
     |
    ::: src\rust\backend\isa\encoder.rs:79:5
     |
  79 |     fn mov_rr(&mut self, dst: X86Reg, src: X86Reg) {
     |     ---------------------------------------------- private method defined here

error[E0624]: method `mov_rr` is private
    --> src\rust\backend\isa\stubs.rs:1834:9
     |
1834 |     enc.mov_rr(X86Reg::RBX, X86Reg::RDX);
     |         ^^^^^^ private method
     |
    ::: src\rust\backend\isa\encoder.rs:79:5
     |
  79 |     fn mov_rr(&mut self, dst: X86Reg, src: X86Reg) {
     |     ---------------------------------------------- private method defined here

error[E0624]: method `rex_w` is private
    --> src\rust\backend\isa\stubs.rs:1836:9
     |
1836 |     enc.rex_w(); enc.emit(&[0x85, 0xDB]);   // TEST RBX, RBX
     |         ^^^^^ private method
     |
    ::: src\rust\backend\isa\encoder.rs:51:5
     |
  51 |     fn rex_w(&mut self) { self.emit_u8(0x48); }
     |     ------------------- private method defined here

error[E0624]: method `emit` is private
    --> src\rust\backend\isa\stubs.rs:1836:22
     |
1836 |     enc.rex_w(); enc.emit(&[0x85, 0xDB]);   // TEST RBX, RBX
     |                      ^^^^ private method
     |
    ::: src\rust\backend\isa\encoder.rs:37:5
     |
  37 |     fn emit(&mut self, bytes: &[u8]) {
     |     -------------------------------- private method defined here

error[E0624]: method `pos` is private
    --> src\rust\backend\isa\stubs.rs:1837:43
     |
1837 |     let si_pos = format!("__si_p_{}", enc.pos());
     |                                           ^^^ private method
     |
    ::: src\rust\backend\isa\encoder.rs:35:5
     |
  35 |     fn pos(&self) -> u32 { self.code.len() as u32 }
     |     -------------------- private method defined here

error[E0624]: method `jcc` is private
    --> src\rust\backend\isa\stubs.rs:1838:9
     |
1838 |     enc.jcc(0x89, &si_pos);
     |         ^^^ private method
     |
    ::: src\rust\backend\isa\encoder.rs:139:5
     |
 139 |     fn jcc(&mut self, cc: u8, lbl: &str) {
     |     ------------------------------------ private method defined here

error[E0624]: method `mov_rr` is private
    --> src\rust\backend\isa\stubs.rs:1839:9
     |
1839 |     enc.mov_rr(X86Reg::RCX, X86Reg::RSI);
     |         ^^^^^^ private method
     |
    ::: src\rust\backend\isa\encoder.rs:79:5
     |
  79 |     fn mov_rr(&mut self, dst: X86Reg, src: X86Reg) {
     |     ---------------------------------------------- private method defined here

error[E0624]: method `call_label` is private
    --> src\rust\backend\isa\stubs.rs:1840:9
     |
1840 |     enc.call_label("__pyb_str_len");
     |         ^^^^^^^^^^ private method
     |
    ::: src\rust\backend\isa\encoder.rs:145:5
     |
 145 |     fn call_label(&mut self, lbl: &str) {
     |     ----------------------------------- private method defined here

error[E0624]: method `add_rr` is private
    --> src\rust\backend\isa\stubs.rs:1841:9
     |
1841 |     enc.add_rr(X86Reg::RBX, X86Reg::RAX);  // index += len
     |         ^^^^^^ private method
     |
    ::: src\rust\backend\isa\encoder.rs:84:5
     |
  84 |     fn add_rr(&mut self, dst: X86Reg, src: X86Reg) {
     |     ---------------------------------------------- private method defined here

error[E0624]: method `label` is private
    --> src\rust\backend\isa\stubs.rs:1842:9
     |
1842 |     enc.label(&si_pos);
     |         ^^^^^ private method
     |
    ::: src\rust\backend\isa\encoder.rs:129:5
     |
 129 |     fn label(&mut self, name: &str) {
     |     ------------------------------- private method defined here

error[E0624]: method `mov_imm64` is private
    --> src\rust\backend\isa\stubs.rs:1844:9
     |
1844 |     enc.mov_imm64(X86Reg::RCX, 2);
     |         ^^^^^^^^^ private method
     |
    ::: src\rust\backend\isa\encoder.rs:70:5
     |
  70 |     fn mov_imm64(&mut self, reg: X86Reg, val: i64) {
     |     ---------------------------------------------- private method defined here

error[E0624]: method `call_label` is private
    --> src\rust\backend\isa\stubs.rs:1845:9
     |
1845 |     enc.call_label("__pyb_heap_alloc");
     |         ^^^^^^^^^^ private method
     |
    ::: src\rust\backend\isa\encoder.rs:145:5
     |
 145 |     fn call_label(&mut self, lbl: &str) {
     |     ----------------------------------- private method defined here

error[E0624]: method `emit` is private
    --> src\rust\backend\isa\stubs.rs:1847:9
     |
1847 |     enc.emit(&[0x0F, 0xB6, 0x0C, 0x1E]);   // MOVZX ECX, [RSI+RBX]
     |         ^^^^ private method
     |
    ::: src\rust\backend\isa\encoder.rs:37:5
     |
  37 |     fn emit(&mut self, bytes: &[u8]) {
     |     -------------------------------- private method defined here

error[E0624]: method `emit` is private
    --> src\rust\backend\isa\stubs.rs:1848:9
     |
1848 |     enc.emit(&[0x88, 0x08]);                // MOV [RAX], CL
     |         ^^^^ private method
     |
    ::: src\rust\backend\isa\encoder.rs:37:5
     |
  37 |     fn emit(&mut self, bytes: &[u8]) {
     |     -------------------------------- private method defined here

error[E0624]: method `emit` is private
    --> src\rust\backend\isa\stubs.rs:1849:9
     |
1849 |     enc.emit(&[0xC6, 0x40, 0x01, 0x00]);   // MOV byte [RAX+1], 0
     |         ^^^^ private method
     |
    ::: src\rust\backend\isa\encoder.rs:37:5
     |
  37 |     fn emit(&mut self, bytes: &[u8]) {
     |     -------------------------------- private method defined here

error[E0624]: method `add_rsp` is private
    --> src\rust\backend\isa\stubs.rs:1850:9
     |
1850 |     enc.add_rsp(32);
     |         ^^^^^^^ private method
     |
    ::: src\rust\backend\isa\encoder.rs:126:5
     |
 126 |     fn add_rsp(&mut self, val: u8) { self.rex_w(); self.emit(&[0x83, 0xC4, val]); }
     |     ------------------------------ private method defined here

error[E0624]: method `pop` is private
    --> src\rust\backend\isa\stubs.rs:1851:9
     |
1851 |     enc.pop(X86Reg::RSI);
     |         ^^^ private method
     |
    ::: src\rust\backend\isa\encoder.rs:120:5
     |
 120 |     fn pop(&mut self, reg: X86Reg) {
     |     ------------------------------ private method defined here

error[E0624]: method `pop` is private
    --> src\rust\backend\isa\stubs.rs:1852:9
     |
1852 |     enc.pop(X86Reg::RBX);
     |         ^^^ private method
     |
    ::: src\rust\backend\isa\encoder.rs:120:5
     |
 120 |     fn pop(&mut self, reg: X86Reg) {
     |     ------------------------------ private method defined here

error[E0624]: method `ret` is private
    --> src\rust\backend\isa\stubs.rs:1853:9
     |
1853 |     enc.ret();
     |         ^^^ private method
     |
    ::: src\rust\backend\isa\encoder.rs:127:5
     |
 127 |     fn ret(&mut self) { self.emit_u8(0xC3); }
     |     ----------------- private method defined here

error[E0624]: method `label` is private
    --> src\rust\backend\isa\stubs.rs:1856:9
     |
1856 |     enc.label("__pyb_int_to_str");
     |         ^^^^^ private method
     |
    ::: src\rust\backend\isa\encoder.rs:129:5
     |
 129 |     fn label(&mut self, name: &str) {
     |     ------------------------------- private method defined here

error[E0624]: method `push` is private
    --> src\rust\backend\isa\stubs.rs:1857:9
     |
1857 |     enc.push(X86Reg::RBX);
     |         ^^^^ private method
     |
    ::: src\rust\backend\isa\encoder.rs:115:5
     |
 115 |     fn push(&mut self, reg: X86Reg) {
     |     ------------------------------- private method defined here

error[E0624]: method `push` is private
    --> src\rust\backend\isa\stubs.rs:1858:9
     |
1858 |     enc.push(X86Reg::RSI);
     |         ^^^^ private method
     |
    ::: src\rust\backend\isa\encoder.rs:115:5
     |
 115 |     fn push(&mut self, reg: X86Reg) {
     |     ------------------------------- private method defined here

error[E0624]: method `push` is private
    --> src\rust\backend\isa\stubs.rs:1859:9
     |
1859 |     enc.push(X86Reg::RDI);
     |         ^^^^ private method
     |
    ::: src\rust\backend\isa\encoder.rs:115:5
     |
 115 |     fn push(&mut self, reg: X86Reg) {
     |     ------------------------------- private method defined here

error[E0624]: method `sub_rsp` is private
    --> src\rust\backend\isa\stubs.rs:1860:9
     |
1860 |     enc.sub_rsp(96);
     |         ^^^^^^^ private method
     |
    ::: src\rust\backend\isa\encoder.rs:125:5
     |
 125 |     fn sub_rsp(&mut self, val: u8) { self.rex_w(); self.emit(&[0x83, 0xEC, val]); }
     |     ------------------------------ private method defined here

error[E0624]: method `mov_rr` is private
    --> src\rust\backend\isa\stubs.rs:1861:9
     |
1861 |     enc.mov_rr(X86Reg::RSI, X86Reg::RAX);  // save number
     |         ^^^^^^ private method
     |
    ::: src\rust\backend\isa\encoder.rs:79:5
     |
  79 |     fn mov_rr(&mut self, dst: X86Reg, src: X86Reg) {
     |     ---------------------------------------------- private method defined here

error[E0624]: method `mov_imm64` is private
    --> src\rust\backend\isa\stubs.rs:1863:9
     |
1863 |     enc.mov_imm64(X86Reg::RCX, 24);
     |         ^^^^^^^^^ private method
     |
    ::: src\rust\backend\isa\encoder.rs:70:5
     |
  70 |     fn mov_imm64(&mut self, reg: X86Reg, val: i64) {
     |     ---------------------------------------------- private method defined here

error[E0624]: method `call_label` is private
    --> src\rust\backend\isa\stubs.rs:1864:9
     |
1864 |     enc.call_label("__pyb_heap_alloc");
     |         ^^^^^^^^^^ private method
     |
    ::: src\rust\backend\isa\encoder.rs:145:5
     |
 145 |     fn call_label(&mut self, lbl: &str) {
     |     ----------------------------------- private method defined here

error[E0624]: method `mov_rr` is private
    --> src\rust\backend\isa\stubs.rs:1865:9
     |
1865 |     enc.mov_rr(X86Reg::RBX, X86Reg::RAX);  // RBX = result buffer
     |         ^^^^^^ private method
     |
    ::: src\rust\backend\isa\encoder.rs:79:5
     |
  79 |     fn mov_rr(&mut self, dst: X86Reg, src: X86Reg) {
     |     ---------------------------------------------- private method defined here

error[E0624]: method `mov_rr` is private
    --> src\rust\backend\isa\stubs.rs:1866:9
     |
1866 |     enc.mov_rr(X86Reg::RAX, X86Reg::RSI);  // restore number
     |         ^^^^^^ private method
     |
    ::: src\rust\backend\isa\encoder.rs:79:5
     |
  79 |     fn mov_rr(&mut self, dst: X86Reg, src: X86Reg) {
     |     ---------------------------------------------- private method defined here

error[E0624]: method `xor_rr` is private
    --> src\rust\backend\isa\stubs.rs:1868:9
     |
1868 |     enc.xor_rr(X86Reg::RDI);               // RDI = write index = 0
     |         ^^^^^^ private method
     |
    ::: src\rust\backend\isa\encoder.rs:109:5
     |
 109 |     fn xor_rr(&mut self, reg: X86Reg) {
     |     --------------------------------- private method defined here

error[E0624]: method `rex_w` is private
    --> src\rust\backend\isa\stubs.rs:1869:9
     |
1869 |     enc.rex_w(); enc.emit(&[0x85, 0xC0]);
     |         ^^^^^ private method
     |
    ::: src\rust\backend\isa\encoder.rs:51:5
     |
  51 |     fn rex_w(&mut self) { self.emit_u8(0x48); }
     |     ------------------- private method defined here

error[E0624]: method `emit` is private
    --> src\rust\backend\isa\stubs.rs:1869:22
     |
1869 |     enc.rex_w(); enc.emit(&[0x85, 0xC0]);
     |                      ^^^^ private method
     |
    ::: src\rust\backend\isa\encoder.rs:37:5
     |
  37 |     fn emit(&mut self, bytes: &[u8]) {
     |     -------------------------------- private method defined here

error[E0624]: method `pos` is private
    --> src\rust\backend\isa\stubs.rs:1870:45
     |
1870 |     let its_pos = format!("__its_p_{}", enc.pos());
     |                                             ^^^ private method
     |
    ::: src\rust\backend\isa\encoder.rs:35:5
     |
  35 |     fn pos(&self) -> u32 { self.code.len() as u32 }
     |     -------------------- private method defined here

error[E0624]: method `jcc` is private
    --> src\rust\backend\isa\stubs.rs:1871:9
     |
1871 |     enc.jcc(0x89, &its_pos);               // JNS
     |         ^^^ private method
     |
    ::: src\rust\backend\isa\encoder.rs:139:5
     |
 139 |     fn jcc(&mut self, cc: u8, lbl: &str) {
     |     ------------------------------------ private method defined here

error[E0624]: method `emit` is private
    --> src\rust\backend\isa\stubs.rs:1873:9
     |
1873 |     enc.emit(&[0xC6, 0x03, 0x2D]);          // MOV byte [RBX], '-'
     |         ^^^^ private method
     |
    ::: src\rust\backend\isa\encoder.rs:37:5
     |
  37 |     fn emit(&mut self, bytes: &[u8]) {
     |     -------------------------------- private method defined here

error[E0624]: method `mov_imm64` is private
    --> src\rust\backend\isa\stubs.rs:1874:9
     |
1874 |     enc.mov_imm64(X86Reg::RDI, 1);
     |         ^^^^^^^^^ private method
     |
    ::: src\rust\backend\isa\encoder.rs:70:5
     |
  70 |     fn mov_imm64(&mut self, reg: X86Reg, val: i64) {
     |     ---------------------------------------------- private method defined here

error[E0624]: method `rex_w` is private
    --> src\rust\backend\isa\stubs.rs:1875:9
     |
1875 |     enc.rex_w(); enc.emit(&[0xF7, 0xD8]);   // NEG RAX
     |         ^^^^^ private method
     |
    ::: src\rust\backend\isa\encoder.rs:51:5
     |
  51 |     fn rex_w(&mut self) { self.emit_u8(0x48); }
     |     ------------------- private method defined here

error[E0624]: method `emit` is private
    --> src\rust\backend\isa\stubs.rs:1875:22
     |
1875 |     enc.rex_w(); enc.emit(&[0xF7, 0xD8]);   // NEG RAX
     |                      ^^^^ private method
     |
    ::: src\rust\backend\isa\encoder.rs:37:5
     |
  37 |     fn emit(&mut self, bytes: &[u8]) {
     |     -------------------------------- private method defined here

error[E0624]: method `label` is private
    --> src\rust\backend\isa\stubs.rs:1876:9
     |
1876 |     enc.label(&its_pos);
     |         ^^^^^ private method
     |
    ::: src\rust\backend\isa\encoder.rs:129:5
     |
 129 |     fn label(&mut self, name: &str) {
     |     ------------------------------- private method defined here

error[E0624]: method `rex_w` is private
    --> src\rust\backend\isa\stubs.rs:1878:9
     |
1878 |     enc.rex_w(); enc.emit(&[0x85, 0xC0]);
     |         ^^^^^ private method
     |
    ::: src\rust\backend\isa\encoder.rs:51:5
     |
  51 |     fn rex_w(&mut self) { self.emit_u8(0x48); }
     |     ------------------- private method defined here

error[E0624]: method `emit` is private
    --> src\rust\backend\isa\stubs.rs:1878:22
     |
1878 |     enc.rex_w(); enc.emit(&[0x85, 0xC0]);
     |                      ^^^^ private method
     |
    ::: src\rust\backend\isa\encoder.rs:37:5
     |
  37 |     fn emit(&mut self, bytes: &[u8]) {
     |     -------------------------------- private method defined here

error[E0624]: method `pos` is private
    --> src\rust\backend\isa\stubs.rs:1879:45
     |
1879 |     let its_nz = format!("__its_nz_{}", enc.pos());
     |                                             ^^^ private method
     |
    ::: src\rust\backend\isa\encoder.rs:35:5
     |
  35 |     fn pos(&self) -> u32 { self.code.len() as u32 }
     |     -------------------- private method defined here

error[E0624]: method `jcc` is private
    --> src\rust\backend\isa\stubs.rs:1880:9
     |
1880 |     enc.jcc(0x85, &its_nz);
     |         ^^^ private method
     |
    ::: src\rust\backend\isa\encoder.rs:139:5
     |
 139 |     fn jcc(&mut self, cc: u8, lbl: &str) {
     |     ------------------------------------ private method defined here

error[E0624]: method `emit` is private
    --> src\rust\backend\isa\stubs.rs:1881:9
     |
1881 |     enc.emit(&[0xC6, 0x04, 0x3B, 0x30]);   // MOV byte [RBX+RDI], '0'
     |         ^^^^ private method
     |
    ::: src\rust\backend\isa\encoder.rs:37:5
     |
  37 |     fn emit(&mut self, bytes: &[u8]) {
     |     -------------------------------- private method defined here

error[E0624]: method `rex_w` is private
    --> src\rust\backend\isa\stubs.rs:1882:9
     |
1882 |     enc.rex_w(); enc.emit(&[0xFF, 0xC7]);
     |         ^^^^^ private method
     |
    ::: src\rust\backend\isa\encoder.rs:51:5
     |
  51 |     fn rex_w(&mut self) { self.emit_u8(0x48); }
     |     ------------------- private method defined here

error[E0624]: method `emit` is private
    --> src\rust\backend\isa\stubs.rs:1882:22
     |
1882 |     enc.rex_w(); enc.emit(&[0xFF, 0xC7]);
     |                      ^^^^ private method
     |
    ::: src\rust\backend\isa\encoder.rs:37:5
     |
  37 |     fn emit(&mut self, bytes: &[u8]) {
     |     -------------------------------- private method defined here

error[E0624]: method `emit` is private
    --> src\rust\backend\isa\stubs.rs:1883:9
     |
1883 |     enc.emit(&[0xC6, 0x04, 0x3B, 0x00]);   // MOV byte [RBX+RDI], 0
     |         ^^^^ private method
     |
    ::: src\rust\backend\isa\encoder.rs:37:5
     |
  37 |     fn emit(&mut self, bytes: &[u8]) {
     |     -------------------------------- private method defined here

error[E0624]: method `mov_rr` is private
    --> src\rust\backend\isa\stubs.rs:1884:9
     |
1884 |     enc.mov_rr(X86Reg::RAX, X86Reg::RBX);
     |         ^^^^^^ private method
     |
    ::: src\rust\backend\isa\encoder.rs:79:5
     |
  79 |     fn mov_rr(&mut self, dst: X86Reg, src: X86Reg) {
     |     ---------------------------------------------- private method defined here

error[E0624]: method `pos` is private
    --> src\rust\backend\isa\stubs.rs:1885:45
     |
1885 |     let its_dn = format!("__its_dn_{}", enc.pos());
     |                                             ^^^ private method
     |
    ::: src\rust\backend\isa\encoder.rs:35:5
     |
  35 |     fn pos(&self) -> u32 { self.code.len() as u32 }
     |     -------------------- private method defined here

error[E0624]: method `jmp` is private
    --> src\rust\backend\isa\stubs.rs:1886:9
     |
1886 |     enc.jmp(&its_dn);
     |         ^^^ private method
     |
    ::: src\rust\backend\isa\encoder.rs:133:5
     |
 133 |     fn jmp(&mut self, lbl: &str) {
     |     ---------------------------- private method defined here

error[E0624]: method `label` is private
    --> src\rust\backend\isa\stubs.rs:1887:9
     |
1887 |     enc.label(&its_nz);
     |         ^^^^^ private method
     |
    ::: src\rust\backend\isa\encoder.rs:129:5
     |
 129 |     fn label(&mut self, name: &str) {
     |     ------------------------------- private method defined here

error[E0624]: method `emit` is private
    --> src\rust\backend\isa\stubs.rs:1890:9
     |
1890 |     enc.emit(&[0x48, 0x8D, 0x74, 0x24, 0x34]); // LEA RSI, [RSP+52]
     |         ^^^^ private method
     |
    ::: src\rust\backend\isa\encoder.rs:37:5
     |
  37 |     fn emit(&mut self, bytes: &[u8]) {
     |     -------------------------------- private method defined here

error[E0624]: method `xor_rr` is private
    --> src\rust\backend\isa\stubs.rs:1891:9
     |
1891 |     enc.xor_rr(X86Reg::RCX);               // digit count
     |         ^^^^^^ private method
     |
    ::: src\rust\backend\isa\encoder.rs:109:5
     |
 109 |     fn xor_rr(&mut self, reg: X86Reg) {
     |     --------------------------------- private method defined here

error[E0624]: method `pos` is private
    --> src\rust\backend\isa\stubs.rs:1892:45
     |
1892 |     let its_lp = format!("__its_lp_{}", enc.pos());
     |                                             ^^^ private method
     |
    ::: src\rust\backend\isa\encoder.rs:35:5
     |
  35 |     fn pos(&self) -> u32 { self.code.len() as u32 }
     |     -------------------- private method defined here

error[E0624]: method `pos` is private
    --> src\rust\backend\isa\stubs.rs:1893:45
     |
1893 |     let its_ld = format!("__its_ld_{}", enc.pos());
     |                                             ^^^ private method
     |
    ::: src\rust\backend\isa\encoder.rs:35:5
     |
  35 |     fn pos(&self) -> u32 { self.code.len() as u32 }
     |     -------------------- private method defined here

error[E0624]: method `label` is private
    --> src\rust\backend\isa\stubs.rs:1894:9
     |
1894 |     enc.label(&its_lp);
     |         ^^^^^ private method
     |
    ::: src\rust\backend\isa\encoder.rs:129:5
     |
 129 |     fn label(&mut self, name: &str) {
     |     ------------------------------- private method defined here

error[E0624]: method `rex_w` is private
    --> src\rust\backend\isa\stubs.rs:1895:9
     |
1895 |     enc.rex_w(); enc.emit(&[0x85, 0xC0]);
     |         ^^^^^ private method
     |
    ::: src\rust\backend\isa\encoder.rs:51:5
     |
  51 |     fn rex_w(&mut self) { self.emit_u8(0x48); }
     |     ------------------- private method defined here

error[E0624]: method `emit` is private
    --> src\rust\backend\isa\stubs.rs:1895:22
     |
1895 |     enc.rex_w(); enc.emit(&[0x85, 0xC0]);
     |                      ^^^^ private method
     |
    ::: src\rust\backend\isa\encoder.rs:37:5
     |
  37 |     fn emit(&mut self, bytes: &[u8]) {
     |     -------------------------------- private method defined here

error[E0624]: method `jcc` is private
    --> src\rust\backend\isa\stubs.rs:1896:9
     |
1896 |     enc.jcc(0x84, &its_ld);                // JE ÔåÆ done
     |         ^^^ private method
     |
    ::: src\rust\backend\isa\encoder.rs:139:5
     |
 139 |     fn jcc(&mut self, cc: u8, lbl: &str) {
     |     ------------------------------------ private method defined here

error[E0624]: method `push` is private
    --> src\rust\backend\isa\stubs.rs:1897:9
     |
1897 |     enc.push(X86Reg::RCX);
     |         ^^^^ private method
     |
    ::: src\rust\backend\isa\encoder.rs:115:5
     |
 115 |     fn push(&mut self, reg: X86Reg) {
     |     ------------------------------- private method defined here

error[E0624]: method `xor_rr` is private
    --> src\rust\backend\isa\stubs.rs:1898:9
     |
1898 |     enc.xor_rr(X86Reg::RDX);
     |         ^^^^^^ private method
     |
    ::: src\rust\backend\isa\encoder.rs:109:5
     |
 109 |     fn xor_rr(&mut self, reg: X86Reg) {
     |     --------------------------------- private method defined here

error[E0624]: method `mov_imm64` is private
    --> src\rust\backend\isa\stubs.rs:1899:9
     |
1899 |     enc.mov_imm64(X86Reg::RCX, 10);
     |         ^^^^^^^^^ private method
     |
    ::: src\rust\backend\isa\encoder.rs:70:5
     |
  70 |     fn mov_imm64(&mut self, reg: X86Reg, val: i64) {
     |     ---------------------------------------------- private method defined here

error[E0624]: method `rex_w` is private
    --> src\rust\backend\isa\stubs.rs:1900:9
     |
1900 |     enc.rex_w(); enc.emit(&[0xF7, 0xF1]);   // DIV RCX
     |         ^^^^^ private method
     |
    ::: src\rust\backend\isa\encoder.rs:51:5
     |
  51 |     fn rex_w(&mut self) { self.emit_u8(0x48); }
     |     ------------------- private method defined here

error[E0624]: method `emit` is private
    --> src\rust\backend\isa\stubs.rs:1900:22
     |
1900 |     enc.rex_w(); enc.emit(&[0xF7, 0xF1]);   // DIV RCX
     |                      ^^^^ private method
     |
    ::: src\rust\backend\isa\encoder.rs:37:5
     |
  37 |     fn emit(&mut self, bytes: &[u8]) {
     |     -------------------------------- private method defined here

error[E0624]: method `rex_w` is private
    --> src\rust\backend\isa\stubs.rs:1901:9
     |
1901 |     enc.rex_w(); enc.emit(&[0x83, 0xC2, 0x30]); // ADD RDX, '0'
     |         ^^^^^ private method
     |
    ::: src\rust\backend\isa\encoder.rs:51:5
     |
  51 |     fn rex_w(&mut self) { self.emit_u8(0x48); }
     |     ------------------- private method defined here

error[E0624]: method `emit` is private
    --> src\rust\backend\isa\stubs.rs:1901:22
     |
1901 |     enc.rex_w(); enc.emit(&[0x83, 0xC2, 0x30]); // ADD RDX, '0'
     |                      ^^^^ private method
     |
    ::: src\rust\backend\isa\encoder.rs:37:5
     |
  37 |     fn emit(&mut self, bytes: &[u8]) {
     |     -------------------------------- private method defined here

error[E0624]: method `rex_w` is private
    --> src\rust\backend\isa\stubs.rs:1902:9
     |
1902 |     enc.rex_w(); enc.emit(&[0xFF, 0xCE]);   // DEC RSI
     |         ^^^^^ private method
     |
    ::: src\rust\backend\isa\encoder.rs:51:5
     |
  51 |     fn rex_w(&mut self) { self.emit_u8(0x48); }
     |     ------------------- private method defined here

error[E0624]: method `emit` is private
    --> src\rust\backend\isa\stubs.rs:1902:22
     |
1902 |     enc.rex_w(); enc.emit(&[0xFF, 0xCE]);   // DEC RSI
     |                      ^^^^ private method
     |
    ::: src\rust\backend\isa\encoder.rs:37:5
     |
  37 |     fn emit(&mut self, bytes: &[u8]) {
     |     -------------------------------- private method defined here

error[E0624]: method `emit` is private
    --> src\rust\backend\isa\stubs.rs:1903:9
     |
1903 |     enc.emit(&[0x88, 0x16]);                // MOV [RSI], DL
     |         ^^^^ private method
     |
    ::: src\rust\backend\isa\encoder.rs:37:5
     |
  37 |     fn emit(&mut self, bytes: &[u8]) {
     |     -------------------------------- private method defined here

error[E0624]: method `pop` is private
    --> src\rust\backend\isa\stubs.rs:1904:9
     |
1904 |     enc.pop(X86Reg::RCX);
     |         ^^^ private method
     |
    ::: src\rust\backend\isa\encoder.rs:120:5
     |
 120 |     fn pop(&mut self, reg: X86Reg) {
     |     ------------------------------ private method defined here

error[E0624]: method `rex_w` is private
    --> src\rust\backend\isa\stubs.rs:1905:9
     |
1905 |     enc.rex_w(); enc.emit(&[0xFF, 0xC1]);   // INC RCX
     |         ^^^^^ private method
     |
    ::: src\rust\backend\isa\encoder.rs:51:5
     |
  51 |     fn rex_w(&mut self) { self.emit_u8(0x48); }
     |     ------------------- private method defined here

error[E0624]: method `emit` is private
    --> src\rust\backend\isa\stubs.rs:1905:22
     |
1905 |     enc.rex_w(); enc.emit(&[0xFF, 0xC1]);   // INC RCX
     |                      ^^^^ private method
     |
    ::: src\rust\backend\isa\encoder.rs:37:5
     |
  37 |     fn emit(&mut self, bytes: &[u8]) {
     |     -------------------------------- private method defined here

error[E0624]: method `jmp` is private
    --> src\rust\backend\isa\stubs.rs:1906:9
     |
1906 |     enc.jmp(&its_lp);
     |         ^^^ private method
     |
    ::: src\rust\backend\isa\encoder.rs:133:5
     |
 133 |     fn jmp(&mut self, lbl: &str) {
     |     ---------------------------- private method defined here

error[E0624]: method `label` is private
    --> src\rust\backend\isa\stubs.rs:1907:9
     |
1907 |     enc.label(&its_ld);
     |         ^^^^^ private method
     |
    ::: src\rust\backend\isa\encoder.rs:129:5
     |
 129 |     fn label(&mut self, name: &str) {
     |     ------------------------------- private method defined here

error[E0624]: method `xor_rr` is private
    --> src\rust\backend\isa\stubs.rs:1909:9
     |
1909 |     enc.xor_rr(X86Reg::RDX);
     |         ^^^^^^ private method
     |
    ::: src\rust\backend\isa\encoder.rs:109:5
     |
 109 |     fn xor_rr(&mut self, reg: X86Reg) {
     |     --------------------------------- private method defined here

error[E0624]: method `pos` is private
    --> src\rust\backend\isa\stubs.rs:1910:45
     |
1910 |     let its_cp = format!("__its_cp_{}", enc.pos());
     |                                             ^^^ private method
     |
    ::: src\rust\backend\isa\encoder.rs:35:5
     |
  35 |     fn pos(&self) -> u32 { self.code.len() as u32 }
     |     -------------------- private method defined here

error[E0624]: method `pos` is private
    --> src\rust\backend\isa\stubs.rs:1911:45
     |
1911 |     let its_ce = format!("__its_ce_{}", enc.pos());
     |                                             ^^^ private method
     |
    ::: src\rust\backend\isa\encoder.rs:35:5
     |
  35 |     fn pos(&self) -> u32 { self.code.len() as u32 }
     |     -------------------- private method defined here

error[E0624]: method `label` is private
    --> src\rust\backend\isa\stubs.rs:1912:9
     |
1912 |     enc.label(&its_cp);
     |         ^^^^^ private method
     |
    ::: src\rust\backend\isa\encoder.rs:129:5
     |
 129 |     fn label(&mut self, name: &str) {
     |     ------------------------------- private method defined here

error[E0624]: method `cmp_rr` is private
    --> src\rust\backend\isa\stubs.rs:1913:9
     |
1913 |     enc.cmp_rr(X86Reg::RDX, X86Reg::RCX);
     |         ^^^^^^ private method
     |
    ::: src\rust\backend\isa\encoder.rs:104:5
     |
 104 |     fn cmp_rr(&mut self, a: X86Reg, b: X86Reg) {
     |     ------------------------------------------ private method defined here

error[E0624]: method `jcc` is private
    --> src\rust\backend\isa\stubs.rs:1914:9
     |
1914 |     enc.jcc(0x8D, &its_ce);
     |         ^^^ private method
     |
    ::: src\rust\backend\isa\encoder.rs:139:5
     |
 139 |     fn jcc(&mut self, cc: u8, lbl: &str) {
     |     ------------------------------------ private method defined here

error[E0624]: method `emit` is private
    --> src\rust\backend\isa\stubs.rs:1915:9
     |
1915 |     enc.emit(&[0x0F, 0xB6, 0x04, 0x16]);   // MOVZX EAX, [RSI+RDX]
     |         ^^^^ private method
     |
    ::: src\rust\backend\isa\encoder.rs:37:5
     |
  37 |     fn emit(&mut self, bytes: &[u8]) {
     |     -------------------------------- private method defined here

error[E0624]: method `mov_rr` is private
    --> src\rust\backend\isa\stubs.rs:1916:9
     |
1916 |     enc.mov_rr(X86Reg::RAX, X86Reg::RDI);
     |         ^^^^^^ private method
     |
    ::: src\rust\backend\isa\encoder.rs:79:5
     |
  79 |     fn mov_rr(&mut self, dst: X86Reg, src: X86Reg) {
     |     ---------------------------------------------- private method defined here

error[E0624]: method `add_rr` is private
    --> src\rust\backend\isa\stubs.rs:1917:9
     |
1917 |     enc.add_rr(X86Reg::RAX, X86Reg::RDX);
     |         ^^^^^^ private method
     |
    ::: src\rust\backend\isa\encoder.rs:84:5
     |
  84 |     fn add_rr(&mut self, dst: X86Reg, src: X86Reg) {
     |     ---------------------------------------------- private method defined here

error[E0624]: method `emit` is private
    --> src\rust\backend\isa\stubs.rs:1919:9
     |
1919 |     enc.emit(&[0x44, 0x0F, 0xB6, 0x04, 0x16]); // MOVZX R8D, [RSI+RDX]
     |         ^^^^ private method
     |
    ::: src\rust\backend\isa\encoder.rs:37:5
     |
  37 |     fn emit(&mut self, bytes: &[u8]) {
     |     -------------------------------- private method defined here

error[E0624]: method `emit` is private
    --> src\rust\backend\isa\stubs.rs:1920:9
     |
1920 |     enc.emit(&[0x44, 0x88, 0x04, 0x03]);    // MOV [RBX+RAX], R8B
     |         ^^^^ private method
     |
    ::: src\rust\backend\isa\encoder.rs:37:5
     |
  37 |     fn emit(&mut self, bytes: &[u8]) {
     |     -------------------------------- private method defined here

error[E0624]: method `rex_w` is private
    --> src\rust\backend\isa\stubs.rs:1921:9
     |
1921 |     enc.rex_w(); enc.emit(&[0xFF, 0xC2]);
     |         ^^^^^ private method
     |
    ::: src\rust\backend\isa\encoder.rs:51:5
     |
  51 |     fn rex_w(&mut self) { self.emit_u8(0x48); }
     |     ------------------- private method defined here

error[E0624]: method `emit` is private
    --> src\rust\backend\isa\stubs.rs:1921:22
     |
1921 |     enc.rex_w(); enc.emit(&[0xFF, 0xC2]);
     |                      ^^^^ private method
     |
    ::: src\rust\backend\isa\encoder.rs:37:5
     |
  37 |     fn emit(&mut self, bytes: &[u8]) {
     |     -------------------------------- private method defined here

error[E0624]: method `jmp` is private
    --> src\rust\backend\isa\stubs.rs:1922:9
     |
1922 |     enc.jmp(&its_cp);
     |         ^^^ private method
     |
    ::: src\rust\backend\isa\encoder.rs:133:5
     |
 133 |     fn jmp(&mut self, lbl: &str) {
     |     ---------------------------- private method defined here

error[E0624]: method `label` is private
    --> src\rust\backend\isa\stubs.rs:1923:9
     |
1923 |     enc.label(&its_ce);
     |         ^^^^^ private method
     |
    ::: src\rust\backend\isa\encoder.rs:129:5
     |
 129 |     fn label(&mut self, name: &str) {
     |     ------------------------------- private method defined here

error[E0624]: method `add_rr` is private
    --> src\rust\backend\isa\stubs.rs:1925:9
     |
1925 |     enc.add_rr(X86Reg::RDI, X86Reg::RCX);
     |         ^^^^^^ private method
     |
    ::: src\rust\backend\isa\encoder.rs:84:5
     |
  84 |     fn add_rr(&mut self, dst: X86Reg, src: X86Reg) {
     |     ---------------------------------------------- private method defined here

error[E0624]: method `emit` is private
    --> src\rust\backend\isa\stubs.rs:1926:9
     |
1926 |     enc.emit(&[0xC6, 0x04, 0x3B, 0x00]);   // MOV byte [RBX+RDI], 0
     |         ^^^^ private method
     |
    ::: src\rust\backend\isa\encoder.rs:37:5
     |
  37 |     fn emit(&mut self, bytes: &[u8]) {
     |     -------------------------------- private method defined here

error[E0624]: method `mov_rr` is private
    --> src\rust\backend\isa\stubs.rs:1927:9
     |
1927 |     enc.mov_rr(X86Reg::RAX, X86Reg::RBX);
     |         ^^^^^^ private method
     |
    ::: src\rust\backend\isa\encoder.rs:79:5
     |
  79 |     fn mov_rr(&mut self, dst: X86Reg, src: X86Reg) {
     |     ---------------------------------------------- private method defined here

error[E0624]: method `label` is private
    --> src\rust\backend\isa\stubs.rs:1928:9
     |
1928 |     enc.label(&its_dn);
     |         ^^^^^ private method
     |
    ::: src\rust\backend\isa\encoder.rs:129:5
     |
 129 |     fn label(&mut self, name: &str) {
     |     ------------------------------- private method defined here

error[E0624]: method `add_rsp` is private
    --> src\rust\backend\isa\stubs.rs:1929:9
     |
1929 |     enc.add_rsp(96);
     |         ^^^^^^^ private method
     |
    ::: src\rust\backend\isa\encoder.rs:126:5
     |
 126 |     fn add_rsp(&mut self, val: u8) { self.rex_w(); self.emit(&[0x83, 0xC4, val]); }
     |     ------------------------------ private method defined here

error[E0624]: method `pop` is private
    --> src\rust\backend\isa\stubs.rs:1930:9
     |
1930 |     enc.pop(X86Reg::RDI);
     |         ^^^ private method
     |
    ::: src\rust\backend\isa\encoder.rs:120:5
     |
 120 |     fn pop(&mut self, reg: X86Reg) {
     |     ------------------------------ private method defined here

error[E0624]: method `pop` is private
    --> src\rust\backend\isa\stubs.rs:1931:9
     |
1931 |     enc.pop(X86Reg::RSI);
     |         ^^^ private method
     |
    ::: src\rust\backend\isa\encoder.rs:120:5
     |
 120 |     fn pop(&mut self, reg: X86Reg) {
     |     ------------------------------ private method defined here

error[E0624]: method `pop` is private
    --> src\rust\backend\isa\stubs.rs:1932:9
     |
1932 |     enc.pop(X86Reg::RBX);
     |         ^^^ private method
     |
    ::: src\rust\backend\isa\encoder.rs:120:5
     |
 120 |     fn pop(&mut self, reg: X86Reg) {
     |     ------------------------------ private method defined here

error[E0624]: method `ret` is private
    --> src\rust\backend\isa\stubs.rs:1933:9
     |
1933 |     enc.ret();
     |         ^^^ private method
     |
    ::: src\rust\backend\isa\encoder.rs:127:5
     |
 127 |     fn ret(&mut self) { self.emit_u8(0xC3); }
     |     ----------------- private method defined here

error[E0624]: method `label` is private
    --> src\rust\backend\isa\stubs.rs:1940:9
     |
1940 |     enc.label("__pyb_list_pop");
     |         ^^^^^ private method
     |
    ::: src\rust\backend\isa\encoder.rs:129:5
     |
 129 |     fn label(&mut self, name: &str) {
     |     ------------------------------- private method defined here

error[E0624]: method `emit` is private
    --> src\rust\backend\isa\stubs.rs:1942:9
     |
1942 |     enc.emit(&[0x48, 0x8B, 0x41, 0x08]);   // MOV RAX, [RCX+8] (len)
     |         ^^^^ private method
     |
    ::: src\rust\backend\isa\encoder.rs:37:5
     |
  37 |     fn emit(&mut self, bytes: &[u8]) {
     |     -------------------------------- private method defined here

error[E0624]: method `rex_w` is private
    --> src\rust\backend\isa\stubs.rs:1943:9
     |
1943 |     enc.rex_w(); enc.emit(&[0x85, 0xC0]);
     |         ^^^^^ private method
     |
    ::: src\rust\backend\isa\encoder.rs:51:5
     |
  51 |     fn rex_w(&mut self) { self.emit_u8(0x48); }
     |     ------------------- private method defined here

error[E0624]: method `emit` is private
    --> src\rust\backend\isa\stubs.rs:1943:22
     |
1943 |     enc.rex_w(); enc.emit(&[0x85, 0xC0]);
     |                      ^^^^ private method
     |
    ::: src\rust\backend\isa\encoder.rs:37:5
     |
  37 |     fn emit(&mut self, bytes: &[u8]) {
     |     -------------------------------- private method defined here

error[E0624]: method `pos` is private
    --> src\rust\backend\isa\stubs.rs:1944:46
     |
1944 |     let lp_empty = format!("__lp_em_{}", enc.pos());
     |                                              ^^^ private method
     |
    ::: src\rust\backend\isa\encoder.rs:35:5
     |
  35 |     fn pos(&self) -> u32 { self.code.len() as u32 }
     |     -------------------- private method defined here

error[E0624]: method `jcc` is private
    --> src\rust\backend\isa\stubs.rs:1945:9
     |
1945 |     enc.jcc(0x84, &lp_empty);              // JE ÔåÆ empty
     |         ^^^ private method
     |
    ::: src\rust\backend\isa\encoder.rs:139:5
     |
 139 |     fn jcc(&mut self, cc: u8, lbl: &str) {
     |     ------------------------------------ private method defined here

error[E0624]: method `rex_w` is private
    --> src\rust\backend\isa\stubs.rs:1947:9
     |
1947 |     enc.rex_w(); enc.emit(&[0xFF, 0xC8]);   // DEC RAX
     |         ^^^^^ private method
     |
    ::: src\rust\backend\isa\encoder.rs:51:5
     |
  51 |     fn rex_w(&mut self) { self.emit_u8(0x48); }
     |     ------------------- private method defined here

error[E0624]: method `emit` is private
    --> src\rust\backend\isa\stubs.rs:1947:22
     |
1947 |     enc.rex_w(); enc.emit(&[0xFF, 0xC8]);   // DEC RAX
     |                      ^^^^ private method
     |
    ::: src\rust\backend\isa\encoder.rs:37:5
     |
  37 |     fn emit(&mut self, bytes: &[u8]) {
     |     -------------------------------- private method defined here

error[E0624]: method `emit` is private
    --> src\rust\backend\isa\stubs.rs:1948:9
     |
1948 |     enc.emit(&[0x48, 0x89, 0x41, 0x08]);   // MOV [RCX+8], RAX (new len)
     |         ^^^^ private method
     |
    ::: src\rust\backend\isa\encoder.rs:37:5
     |
  37 |     fn emit(&mut self, bytes: &[u8]) {
     |     -------------------------------- private method defined here

error[E0624]: method `mov_rr` is private
    --> src\rust\backend\isa\stubs.rs:1950:9
     |
1950 |     enc.mov_rr(X86Reg::RDX, X86Reg::RAX);  // index = new len
     |         ^^^^^^ private method
     |
    ::: src\rust\backend\isa\encoder.rs:79:5
     |
  79 |     fn mov_rr(&mut self, dst: X86Reg, src: X86Reg) {
     |     ---------------------------------------------- private method defined here

error[E0624]: method `emit` is private
    --> src\rust\backend\isa\stubs.rs:1951:9
     |
1951 |     enc.emit(&[0x48, 0x8B, 0x01]);          // MOV RAX, [RCX] (data_ptr)
     |         ^^^^ private method
     |
    ::: src\rust\backend\isa\encoder.rs:37:5
     |
  37 |     fn emit(&mut self, bytes: &[u8]) {
     |     -------------------------------- private method defined here

error[E0624]: method `emit` is private
    --> src\rust\backend\isa\stubs.rs:1952:9
     |
1952 |     enc.emit(&[0x48, 0x8B, 0x04, 0xD0]);   // MOV RAX, [RAX+RDX*8]
     |         ^^^^ private method
     |
    ::: src\rust\backend\isa\encoder.rs:37:5
     |
  37 |     fn emit(&mut self, bytes: &[u8]) {
     |     -------------------------------- private method defined here

error[E0624]: method `pos` is private
    --> src\rust\backend\isa\stubs.rs:1953:43
     |
1953 |     let lp_dn = format!("__lp_dn_{}", enc.pos());
     |                                           ^^^ private method
     |
    ::: src\rust\backend\isa\encoder.rs:35:5
     |
  35 |     fn pos(&self) -> u32 { self.code.len() as u32 }
     |     -------------------- private method defined here

error[E0624]: method `jmp` is private
    --> src\rust\backend\isa\stubs.rs:1954:9
     |
1954 |     enc.jmp(&lp_dn);
     |         ^^^ private method
     |
    ::: src\rust\backend\isa\encoder.rs:133:5
     |
 133 |     fn jmp(&mut self, lbl: &str) {
     |     ---------------------------- private method defined here

error[E0624]: method `label` is private
    --> src\rust\backend\isa\stubs.rs:1955:9
     |
1955 |     enc.label(&lp_empty);
     |         ^^^^^ private method
     |
    ::: src\rust\backend\isa\encoder.rs:129:5
     |
 129 |     fn label(&mut self, name: &str) {
     |     ------------------------------- private method defined here

error[E0624]: method `xor_rr` is private
    --> src\rust\backend\isa\stubs.rs:1956:9
     |
1956 |     enc.xor_rr(X86Reg::RAX);
     |         ^^^^^^ private method
     |
    ::: src\rust\backend\isa\encoder.rs:109:5
     |
 109 |     fn xor_rr(&mut self, reg: X86Reg) {
     |     --------------------------------- private method defined here

error[E0624]: method `label` is private
    --> src\rust\backend\isa\stubs.rs:1957:9
     |
1957 |     enc.label(&lp_dn);
     |         ^^^^^ private method
     |
    ::: src\rust\backend\isa\encoder.rs:129:5
     |
 129 |     fn label(&mut self, name: &str) {
     |     ------------------------------- private method defined here

error[E0624]: method `ret` is private
    --> src\rust\backend\isa\stubs.rs:1958:9
     |
1958 |     enc.ret();
     |         ^^^ private method
     |
    ::: src\rust\backend\isa\encoder.rs:127:5
     |
 127 |     fn ret(&mut self) { self.emit_u8(0xC3); }
     |     ----------------- private method defined here

error[E0624]: method `label` is private
    --> src\rust\backend\isa\stubs.rs:1961:9
     |
1961 |     enc.label("__pyb_list_reverse");
     |         ^^^^^ private method
     |
    ::: src\rust\backend\isa\encoder.rs:129:5
     |
 129 |     fn label(&mut self, name: &str) {
     |     ------------------------------- private method defined here

error[E0624]: method `push` is private
    --> src\rust\backend\isa\stubs.rs:1962:9
     |
1962 |     enc.push(X86Reg::RBX);
     |         ^^^^ private method
     |
    ::: src\rust\backend\isa\encoder.rs:115:5
     |
 115 |     fn push(&mut self, reg: X86Reg) {
     |     ------------------------------- private method defined here

error[E0624]: method `push` is private
    --> src\rust\backend\isa\stubs.rs:1963:9
     |
1963 |     enc.push(X86Reg::RSI);
     |         ^^^^ private method
     |
    ::: src\rust\backend\isa\encoder.rs:115:5
     |
 115 |     fn push(&mut self, reg: X86Reg) {
     |     ------------------------------- private method defined here

error[E0624]: method `push` is private
    --> src\rust\backend\isa\stubs.rs:1964:9
     |
1964 |     enc.push(X86Reg::RDI);
     |         ^^^^ private method
     |
    ::: src\rust\backend\isa\encoder.rs:115:5
     |
 115 |     fn push(&mut self, reg: X86Reg) {
     |     ------------------------------- private method defined here

error[E0624]: method `mov_rr` is private
    --> src\rust\backend\isa\stubs.rs:1965:9
     |
1965 |     enc.mov_rr(X86Reg::RBX, X86Reg::RCX);
     |         ^^^^^^ private method
     |
    ::: src\rust\backend\isa\encoder.rs:79:5
     |
  79 |     fn mov_rr(&mut self, dst: X86Reg, src: X86Reg) {
     |     ---------------------------------------------- private method defined here

error[E0624]: method `emit` is private
    --> src\rust\backend\isa\stubs.rs:1966:9
     |
1966 |     enc.emit(&[0x48, 0x8B, 0x03]);          // MOV RAX, [RBX] (data_ptr)
     |         ^^^^ private method
     |
    ::: src\rust\backend\isa\encoder.rs:37:5
     |
  37 |     fn emit(&mut self, bytes: &[u8]) {
     |     -------------------------------- private method defined here

error[E0624]: method `mov_rr` is private
    --> src\rust\backend\isa\stubs.rs:1967:9
     |
1967 |     enc.mov_rr(X86Reg::RSI, X86Reg::RAX);   // RSI = data_ptr
     |         ^^^^^^ private method
     |
    ::: src\rust\backend\isa\encoder.rs:79:5
     |
  79 |     fn mov_rr(&mut self, dst: X86Reg, src: X86Reg) {
     |     ---------------------------------------------- private method defined here

error[E0624]: method `emit` is private
    --> src\rust\backend\isa\stubs.rs:1968:9
     |
1968 |     enc.emit(&[0x48, 0x8B, 0x43, 0x08]);    // MOV RAX, [RBX+8] (len)
     |         ^^^^ private method
     |
    ::: src\rust\backend\isa\encoder.rs:37:5
     |
  37 |     fn emit(&mut self, bytes: &[u8]) {
     |     -------------------------------- private method defined here

error[E0624]: method `rex_w` is private
    --> src\rust\backend\isa\stubs.rs:1969:9
     |
1969 |     enc.rex_w(); enc.emit(&[0xFF, 0xC8]);    // DEC RAX
     |         ^^^^^ private method
     |
    ::: src\rust\backend\isa\encoder.rs:51:5
     |
  51 |     fn rex_w(&mut self) { self.emit_u8(0x48); }
     |     ------------------- private method defined here

error[E0624]: method `emit` is private
    --> src\rust\backend\isa\stubs.rs:1969:22
     |
1969 |     enc.rex_w(); enc.emit(&[0xFF, 0xC8]);    // DEC RAX
     |                      ^^^^ private method
     |
    ::: src\rust\backend\isa\encoder.rs:37:5
     |
  37 |     fn emit(&mut self, bytes: &[u8]) {
     |     -------------------------------- private method defined here

error[E0624]: method `mov_rr` is private
    --> src\rust\backend\isa\stubs.rs:1970:9
     |
1970 |     enc.mov_rr(X86Reg::RDI, X86Reg::RAX);   // RDI = right = len-1
     |         ^^^^^^ private method
     |
    ::: src\rust\backend\isa\encoder.rs:79:5
     |
  79 |     fn mov_rr(&mut self, dst: X86Reg, src: X86Reg) {
     |     ---------------------------------------------- private method defined here

error[E0624]: method `xor_rr` is private
    --> src\rust\backend\isa\stubs.rs:1971:9
     |
1971 |     enc.xor_rr(X86Reg::RCX);                // RCX = left = 0
     |         ^^^^^^ private method
     |
    ::: src\rust\backend\isa\encoder.rs:109:5
     |
 109 |     fn xor_rr(&mut self, reg: X86Reg) {
     |     --------------------------------- private method defined here

error[E0624]: method `pos` is private
    --> src\rust\backend\isa\stubs.rs:1972:43
     |
1972 |     let lr_lp = format!("__lr_lp_{}", enc.pos());
     |                                           ^^^ private method
     |
    ::: src\rust\backend\isa\encoder.rs:35:5
     |
  35 |     fn pos(&self) -> u32 { self.code.len() as u32 }
     |     -------------------- private method defined here

error[E0624]: method `pos` is private
    --> src\rust\backend\isa\stubs.rs:1973:43
     |
1973 |     let lr_dn = format!("__lr_dn_{}", enc.pos());
     |                                           ^^^ private method
     |
    ::: src\rust\backend\isa\encoder.rs:35:5
     |
  35 |     fn pos(&self) -> u32 { self.code.len() as u32 }
     |     -------------------- private method defined here

error[E0624]: method `label` is private
    --> src\rust\backend\isa\stubs.rs:1974:9
     |
1974 |     enc.label(&lr_lp);
     |         ^^^^^ private method
     |
    ::: src\rust\backend\isa\encoder.rs:129:5
     |
 129 |     fn label(&mut self, name: &str) {
     |     ------------------------------- private method defined here

error[E0624]: method `cmp_rr` is private
    --> src\rust\backend\isa\stubs.rs:1975:9
     |
1975 |     enc.cmp_rr(X86Reg::RCX, X86Reg::RDI);
     |         ^^^^^^ private method
     |
    ::: src\rust\backend\isa\encoder.rs:104:5
     |
 104 |     fn cmp_rr(&mut self, a: X86Reg, b: X86Reg) {
     |     ------------------------------------------ private method defined here

error[E0624]: method `jcc` is private
    --> src\rust\backend\isa\stubs.rs:1976:9
     |
1976 |     enc.jcc(0x8D, &lr_dn);                  // JGE ÔåÆ done
     |         ^^^ private method
     |
    ::: src\rust\backend\isa\encoder.rs:139:5
     |
 139 |     fn jcc(&mut self, cc: u8, lbl: &str) {
     |     ------------------------------------ private method defined here

error[E0624]: method `emit` is private
    --> src\rust\backend\isa\stubs.rs:1978:9
     |
1978 |     enc.emit(&[0x48, 0x8B, 0x04, 0xCE]);    // MOV RAX, [RSI+RCX*8]
     |         ^^^^ private method
     |
    ::: src\rust\backend\isa\encoder.rs:37:5
     |
  37 |     fn emit(&mut self, bytes: &[u8]) {
     |     -------------------------------- private method defined here

error[E0624]: method `emit` is private
    --> src\rust\backend\isa\stubs.rs:1979:9
     |
1979 |     enc.emit(&[0x48, 0x8B, 0x14, 0xFE]);    // MOV RDX, [RSI+RDI*8]
     |         ^^^^ private method
     |
    ::: src\rust\backend\isa\encoder.rs:37:5
     |
  37 |     fn emit(&mut self, bytes: &[u8]) {
     |     -------------------------------- private method defined here

error[E0624]: method `emit` is private
    --> src\rust\backend\isa\stubs.rs:1980:9
     |
1980 |     enc.emit(&[0x48, 0x89, 0x14, 0xCE]);    // MOV [RSI+RCX*8], RDX
     |         ^^^^ private method
     |
    ::: src\rust\backend\isa\encoder.rs:37:5
     |
  37 |     fn emit(&mut self, bytes: &[u8]) {
     |     -------------------------------- private method defined here

error[E0624]: method `emit` is private
    --> src\rust\backend\isa\stubs.rs:1981:9
     |
1981 |     enc.emit(&[0x48, 0x89, 0x04, 0xFE]);    // MOV [RSI+RDI*8], RAX
     |         ^^^^ private method
     |
    ::: src\rust\backend\isa\encoder.rs:37:5
     |
  37 |     fn emit(&mut self, bytes: &[u8]) {
     |     -------------------------------- private method defined here

error[E0624]: method `rex_w` is private
    --> src\rust\backend\isa\stubs.rs:1982:9
     |
1982 |     enc.rex_w(); enc.emit(&[0xFF, 0xC1]);    // INC RCX
     |         ^^^^^ private method
     |
    ::: src\rust\backend\isa\encoder.rs:51:5
     |
  51 |     fn rex_w(&mut self) { self.emit_u8(0x48); }
     |     ------------------- private method defined here

error[E0624]: method `emit` is private
    --> src\rust\backend\isa\stubs.rs:1982:22
     |
1982 |     enc.rex_w(); enc.emit(&[0xFF, 0xC1]);    // INC RCX
     |                      ^^^^ private method
     |
    ::: src\rust\backend\isa\encoder.rs:37:5
     |
  37 |     fn emit(&mut self, bytes: &[u8]) {
     |     -------------------------------- private method defined here

error[E0624]: method `rex_w` is private
    --> src\rust\backend\isa\stubs.rs:1983:9
     |
1983 |     enc.rex_w(); enc.emit(&[0xFF, 0xCF]);    // DEC RDI
     |         ^^^^^ private method
     |
    ::: src\rust\backend\isa\encoder.rs:51:5
     |
  51 |     fn rex_w(&mut self) { self.emit_u8(0x48); }
     |     ------------------- private method defined here

error[E0624]: method `emit` is private
    --> src\rust\backend\isa\stubs.rs:1983:22
     |
1983 |     enc.rex_w(); enc.emit(&[0xFF, 0xCF]);    // DEC RDI
     |                      ^^^^ private method
     |
    ::: src\rust\backend\isa\encoder.rs:37:5
     |
  37 |     fn emit(&mut self, bytes: &[u8]) {
     |     -------------------------------- private method defined here

error[E0624]: method `jmp` is private
    --> src\rust\backend\isa\stubs.rs:1984:9
     |
1984 |     enc.jmp(&lr_lp);
     |         ^^^ private method
     |
    ::: src\rust\backend\isa\encoder.rs:133:5
     |
 133 |     fn jmp(&mut self, lbl: &str) {
     |     ---------------------------- private method defined here

error[E0624]: method `label` is private
    --> src\rust\backend\isa\stubs.rs:1985:9
     |
1985 |     enc.label(&lr_dn);
     |         ^^^^^ private method
     |
    ::: src\rust\backend\isa\encoder.rs:129:5
     |
 129 |     fn label(&mut self, name: &str) {
     |     ------------------------------- private method defined here

error[E0624]: method `pop` is private
    --> src\rust\backend\isa\stubs.rs:1986:9
     |
1986 |     enc.pop(X86Reg::RDI);
     |         ^^^ private method
     |
    ::: src\rust\backend\isa\encoder.rs:120:5
     |
 120 |     fn pop(&mut self, reg: X86Reg) {
     |     ------------------------------ private method defined here

error[E0624]: method `pop` is private
    --> src\rust\backend\isa\stubs.rs:1987:9
     |
1987 |     enc.pop(X86Reg::RSI);
     |         ^^^ private method
     |
    ::: src\rust\backend\isa\encoder.rs:120:5
     |
 120 |     fn pop(&mut self, reg: X86Reg) {
     |     ------------------------------ private method defined here

error[E0624]: method `pop` is private
    --> src\rust\backend\isa\stubs.rs:1988:9
     |
1988 |     enc.pop(X86Reg::RBX);
     |         ^^^ private method
     |
    ::: src\rust\backend\isa\encoder.rs:120:5
     |
 120 |     fn pop(&mut self, reg: X86Reg) {
     |     ------------------------------ private method defined here

error[E0624]: method `ret` is private
    --> src\rust\backend\isa\stubs.rs:1989:9
     |
1989 |     enc.ret();
     |         ^^^ private method
     |
    ::: src\rust\backend\isa\encoder.rs:127:5
     |
 127 |     fn ret(&mut self) { self.emit_u8(0xC3); }
     |     ----------------- private method defined here

error[E0624]: method `label` is private
    --> src\rust\backend\isa\stubs.rs:1992:9
     |
1992 |     enc.label("__pyb_list_sort");
     |         ^^^^^ private method
     |
    ::: src\rust\backend\isa\encoder.rs:129:5
     |
 129 |     fn label(&mut self, name: &str) {
     |     ------------------------------- private method defined here

error[E0624]: method `push` is private
    --> src\rust\backend\isa\stubs.rs:1993:9
     |
1993 |     enc.push(X86Reg::RBX);
     |         ^^^^ private method
     |
    ::: src\rust\backend\isa\encoder.rs:115:5
     |
 115 |     fn push(&mut self, reg: X86Reg) {
     |     ------------------------------- private method defined here

error[E0624]: method `push` is private
    --> src\rust\backend\isa\stubs.rs:1994:9
     |
1994 |     enc.push(X86Reg::RSI);
     |         ^^^^ private method
     |
    ::: src\rust\backend\isa\encoder.rs:115:5
     |
 115 |     fn push(&mut self, reg: X86Reg) {
     |     ------------------------------- private method defined here

error[E0624]: method `push` is private
    --> src\rust\backend\isa\stubs.rs:1995:9
     |
1995 |     enc.push(X86Reg::RDI);
     |         ^^^^ private method
     |
    ::: src\rust\backend\isa\encoder.rs:115:5
     |
 115 |     fn push(&mut self, reg: X86Reg) {
     |     ------------------------------- private method defined here

error[E0624]: method `push` is private
    --> src\rust\backend\isa\stubs.rs:1996:9
     |
1996 |     enc.push(X86Reg::R12);
     |         ^^^^ private method
     |
    ::: src\rust\backend\isa\encoder.rs:115:5
     |
 115 |     fn push(&mut self, reg: X86Reg) {
     |     ------------------------------- private method defined here

error[E0624]: method `push` is private
    --> src\rust\backend\isa\stubs.rs:1997:9
     |
1997 |     enc.push(X86Reg::R13);
     |         ^^^^ private method
     |
    ::: src\rust\backend\isa\encoder.rs:115:5
     |
 115 |     fn push(&mut self, reg: X86Reg) {
     |     ------------------------------- private method defined here

error[E0624]: method `mov_rr` is private
    --> src\rust\backend\isa\stubs.rs:1998:9
     |
1998 |     enc.mov_rr(X86Reg::RBX, X86Reg::RCX);
     |         ^^^^^^ private method
     |
    ::: src\rust\backend\isa\encoder.rs:79:5
     |
  79 |     fn mov_rr(&mut self, dst: X86Reg, src: X86Reg) {
     |     ---------------------------------------------- private method defined here

error[E0624]: method `emit` is private
    --> src\rust\backend\isa\stubs.rs:1999:9
     |
1999 |     enc.emit(&[0x48, 0x8B, 0x33]);          // MOV RSI, [RBX] (data_ptr)
     |         ^^^^ private method
     |
    ::: src\rust\backend\isa\encoder.rs:37:5
     |
  37 |     fn emit(&mut self, bytes: &[u8]) {
     |     -------------------------------- private method defined here

error[E0624]: method `emit` is private
    --> src\rust\backend\isa\stubs.rs:2000:9
     |
2000 |     enc.emit(&[0x48, 0x8B, 0x7B, 0x08]);    // MOV RDI, [RBX+8] (len)
     |         ^^^^ private method
     |
    ::: src\rust\backend\isa\encoder.rs:37:5
     |
  37 |     fn emit(&mut self, bytes: &[u8]) {
     |     -------------------------------- private method defined here

error[E0624]: method `mov_imm64` is private
    --> src\rust\backend\isa\stubs.rs:2001:9
     |
2001 |     enc.mov_imm64(X86Reg::R12, 1);          // i = 1
     |         ^^^^^^^^^ private method
     |
    ::: src\rust\backend\isa\encoder.rs:70:5
     |
  70 |     fn mov_imm64(&mut self, reg: X86Reg, val: i64) {
     |     ---------------------------------------------- private method defined here

error[E0624]: method `pos` is private
    --> src\rust\backend\isa\stubs.rs:2002:43
     |
2002 |     let ls_out = format!("__ls_o_{}", enc.pos());
     |                                           ^^^ private method
     |
    ::: src\rust\backend\isa\encoder.rs:35:5
     |
  35 |     fn pos(&self) -> u32 { self.code.len() as u32 }
     |     -------------------- private method defined here

error[E0624]: method `pos` is private
    --> src\rust\backend\isa\stubs.rs:2003:44
     |
2003 |     let ls_odn = format!("__ls_od_{}", enc.pos());
     |                                            ^^^ private method
     |
    ::: src\rust\backend\isa\encoder.rs:35:5
     |
  35 |     fn pos(&self) -> u32 { self.code.len() as u32 }
     |     -------------------- private method defined here

error[E0624]: method `label` is private
    --> src\rust\backend\isa\stubs.rs:2004:9
     |
2004 |     enc.label(&ls_out);
     |         ^^^^^ private method
     |
    ::: src\rust\backend\isa\encoder.rs:129:5
     |
 129 |     fn label(&mut self, name: &str) {
     |     ------------------------------- private method defined here

error[E0624]: method `cmp_rr` is private
    --> src\rust\backend\isa\stubs.rs:2005:9
     |
2005 |     enc.cmp_rr(X86Reg::R12, X86Reg::RDI);
     |         ^^^^^^ private method
     |
    ::: src\rust\backend\isa\encoder.rs:104:5
     |
 104 |     fn cmp_rr(&mut self, a: X86Reg, b: X86Reg) {
     |     ------------------------------------------ private method defined here

error[E0624]: method `jcc` is private
    --> src\rust\backend\isa\stubs.rs:2006:9
     |
2006 |     enc.jcc(0x8D, &ls_odn);                 // JGE ÔåÆ done
     |         ^^^ private method
     |
    ::: src\rust\backend\isa\encoder.rs:139:5
     |
 139 |     fn jcc(&mut self, cc: u8, lbl: &str) {
     |     ------------------------------------ private method defined here

error[E0624]: method `emit` is private
    --> src\rust\backend\isa\stubs.rs:2008:9
     |
2008 |     enc.emit(&[0x4E, 0x8B, 0x2C, 0xE6]);    // MOV R13, [RSI+R12*8]  (key)
     |         ^^^^ private method
     |
    ::: src\rust\backend\isa\encoder.rs:37:5
     |
  37 |     fn emit(&mut self, bytes: &[u8]) {
     |     -------------------------------- private method defined here

error[E0624]: method `mov_rr` is private
    --> src\rust\backend\isa\stubs.rs:2010:9
     |
2010 |     enc.mov_rr(X86Reg::RCX, X86Reg::R12);
     |         ^^^^^^ private method
     |
    ::: src\rust\backend\isa\encoder.rs:79:5
     |
  79 |     fn mov_rr(&mut self, dst: X86Reg, src: X86Reg) {
     |     ---------------------------------------------- private method defined here

error[E0624]: method `rex_w` is private
    --> src\rust\backend\isa\stubs.rs:2011:9
     |
2011 |     enc.rex_w(); enc.emit(&[0xFF, 0xC9]);    // DEC RCX (j = i-1)
     |         ^^^^^ private method
     |
    ::: src\rust\backend\isa\encoder.rs:51:5
     |
  51 |     fn rex_w(&mut self) { self.emit_u8(0x48); }
     |     ------------------- private method defined here

error[E0624]: method `emit` is private
    --> src\rust\backend\isa\stubs.rs:2011:22
     |
2011 |     enc.rex_w(); enc.emit(&[0xFF, 0xC9]);    // DEC RCX (j = i-1)
     |                      ^^^^ private method
     |
    ::: src\rust\backend\isa\encoder.rs:37:5
     |
  37 |     fn emit(&mut self, bytes: &[u8]) {
     |     -------------------------------- private method defined here

error[E0624]: method `pos` is private
    --> src\rust\backend\isa\stubs.rs:2012:42
     |
2012 |     let ls_in = format!("__ls_i_{}", enc.pos());
     |                                          ^^^ private method
     |
    ::: src\rust\backend\isa\encoder.rs:35:5
     |
  35 |     fn pos(&self) -> u32 { self.code.len() as u32 }
     |     -------------------- private method defined here

error[E0624]: method `pos` is private
    --> src\rust\backend\isa\stubs.rs:2013:44
     |
2013 |     let ls_idn = format!("__ls_id_{}", enc.pos());
     |                                            ^^^ private method
     |
    ::: src\rust\backend\isa\encoder.rs:35:5
     |
  35 |     fn pos(&self) -> u32 { self.code.len() as u32 }
     |     -------------------- private method defined here

error[E0624]: method `label` is private
    --> src\rust\backend\isa\stubs.rs:2014:9
     |
2014 |     enc.label(&ls_in);
     |         ^^^^^ private method
     |
    ::: src\rust\backend\isa\encoder.rs:129:5
     |
 129 |     fn label(&mut self, name: &str) {
     |     ------------------------------- private method defined here

error[E0624]: method `rex_w` is private
    --> src\rust\backend\isa\stubs.rs:2016:9
     |
2016 |     enc.rex_w(); enc.emit(&[0x83, 0xF9, 0x00]); // CMP RCX, 0
     |         ^^^^^ private method
     |
    ::: src\rust\backend\isa\encoder.rs:51:5
     |
  51 |     fn rex_w(&mut self) { self.emit_u8(0x48); }
     |     ------------------- private method defined here

error[E0624]: method `emit` is private
    --> src\rust\backend\isa\stubs.rs:2016:22
     |
2016 |     enc.rex_w(); enc.emit(&[0x83, 0xF9, 0x00]); // CMP RCX, 0
     |                      ^^^^ private method
     |
    ::: src\rust\backend\isa\encoder.rs:37:5
     |
  37 |     fn emit(&mut self, bytes: &[u8]) {
     |     -------------------------------- private method defined here

error[E0624]: method `jcc` is private
    --> src\rust\backend\isa\stubs.rs:2017:9
     |
2017 |     enc.jcc(0x8C, &ls_idn);                 // JL ÔåÆ done inner
     |         ^^^ private method
     |
    ::: src\rust\backend\isa\encoder.rs:139:5
     |
 139 |     fn jcc(&mut self, cc: u8, lbl: &str) {
     |     ------------------------------------ private method defined here

error[E0624]: method `emit` is private
    --> src\rust\backend\isa\stubs.rs:2018:9
     |
2018 |     enc.emit(&[0x48, 0x8B, 0x04, 0xCE]);    // MOV RAX, [RSI+RCX*8]
     |         ^^^^ private method
     |
    ::: src\rust\backend\isa\encoder.rs:37:5
     |
  37 |     fn emit(&mut self, bytes: &[u8]) {
     |     -------------------------------- private method defined here

error[E0624]: method `emit` is private
    --> src\rust\backend\isa\stubs.rs:2019:9
     |
2019 |     enc.emit(&[0x4C, 0x39, 0xE8]);          // CMP RAX, R13
     |         ^^^^ private method
     |
    ::: src\rust\backend\isa\encoder.rs:37:5
     |
  37 |     fn emit(&mut self, bytes: &[u8]) {
     |     -------------------------------- private method defined here

error[E0624]: method `jcc` is private
    --> src\rust\backend\isa\stubs.rs:2020:9
     |
2020 |     enc.jcc(0x8E, &ls_idn);                 // JLE ÔåÆ data[j] <= key, done
     |         ^^^ private method
     |
    ::: src\rust\backend\isa\encoder.rs:139:5
     |
 139 |     fn jcc(&mut self, cc: u8, lbl: &str) {
     |     ------------------------------------ private method defined here

error[E0624]: method `mov_rr` is private
    --> src\rust\backend\isa\stubs.rs:2022:9
     |
2022 |     enc.mov_rr(X86Reg::RDX, X86Reg::RCX);
     |         ^^^^^^ private method
     |
    ::: src\rust\backend\isa\encoder.rs:79:5
     |
  79 |     fn mov_rr(&mut self, dst: X86Reg, src: X86Reg) {
     |     ---------------------------------------------- private method defined here

error[E0624]: method `rex_w` is private
    --> src\rust\backend\isa\stubs.rs:2023:9
     |
2023 |     enc.rex_w(); enc.emit(&[0xFF, 0xC2]);    // INC RDX
     |         ^^^^^ private method
     |
    ::: src\rust\backend\isa\encoder.rs:51:5
     |
  51 |     fn rex_w(&mut self) { self.emit_u8(0x48); }
     |     ------------------- private method defined here

error[E0624]: method `emit` is private
    --> src\rust\backend\isa\stubs.rs:2023:22
     |
2023 |     enc.rex_w(); enc.emit(&[0xFF, 0xC2]);    // INC RDX
     |                      ^^^^ private method
     |
    ::: src\rust\backend\isa\encoder.rs:37:5
     |
  37 |     fn emit(&mut self, bytes: &[u8]) {
     |     -------------------------------- private method defined here

error[E0624]: method `emit` is private
    --> src\rust\backend\isa\stubs.rs:2024:9
     |
2024 |     enc.emit(&[0x48, 0x89, 0x04, 0xD6]);    // MOV [RSI+RDX*8], RAX
     |         ^^^^ private method
     |
    ::: src\rust\backend\isa\encoder.rs:37:5
     |
  37 |     fn emit(&mut self, bytes: &[u8]) {
     |     -------------------------------- private method defined here

error[E0624]: method `rex_w` is private
    --> src\rust\backend\isa\stubs.rs:2025:9
     |
2025 |     enc.rex_w(); enc.emit(&[0xFF, 0xC9]);    // DEC RCX
     |         ^^^^^ private method
     |
    ::: src\rust\backend\isa\encoder.rs:51:5
     |
  51 |     fn rex_w(&mut self) { self.emit_u8(0x48); }
     |     ------------------- private method defined here

error[E0624]: method `emit` is private
    --> src\rust\backend\isa\stubs.rs:2025:22
     |
2025 |     enc.rex_w(); enc.emit(&[0xFF, 0xC9]);    // DEC RCX
     |                      ^^^^ private method
     |
    ::: src\rust\backend\isa\encoder.rs:37:5
     |
  37 |     fn emit(&mut self, bytes: &[u8]) {
     |     -------------------------------- private method defined here

error[E0624]: method `jmp` is private
    --> src\rust\backend\isa\stubs.rs:2026:9
     |
2026 |     enc.jmp(&ls_in);
     |         ^^^ private method
     |
    ::: src\rust\backend\isa\encoder.rs:133:5
     |
 133 |     fn jmp(&mut self, lbl: &str) {
     |     ---------------------------- private method defined here

error[E0624]: method `label` is private
    --> src\rust\backend\isa\stubs.rs:2027:9
     |
2027 |     enc.label(&ls_idn);
     |         ^^^^^ private method
     |
    ::: src\rust\backend\isa\encoder.rs:129:5
     |
 129 |     fn label(&mut self, name: &str) {
     |     ------------------------------- private method defined here

error[E0624]: method `mov_rr` is private
    --> src\rust\backend\isa\stubs.rs:2029:9
     |
2029 |     enc.mov_rr(X86Reg::RDX, X86Reg::RCX);
     |         ^^^^^^ private method
     |
    ::: src\rust\backend\isa\encoder.rs:79:5
     |
  79 |     fn mov_rr(&mut self, dst: X86Reg, src: X86Reg) {
     |     ---------------------------------------------- private method defined here

error[E0624]: method `rex_w` is private
    --> src\rust\backend\isa\stubs.rs:2030:9
     |
2030 |     enc.rex_w(); enc.emit(&[0xFF, 0xC2]);    // INC RDX
     |         ^^^^^ private method
     |
    ::: src\rust\backend\isa\encoder.rs:51:5
     |
  51 |     fn rex_w(&mut self) { self.emit_u8(0x48); }
     |     ------------------- private method defined here

error[E0624]: method `emit` is private
    --> src\rust\backend\isa\stubs.rs:2030:22
     |
2030 |     enc.rex_w(); enc.emit(&[0xFF, 0xC2]);    // INC RDX
     |                      ^^^^ private method
     |
    ::: src\rust\backend\isa\encoder.rs:37:5
     |
  37 |     fn emit(&mut self, bytes: &[u8]) {
     |     -------------------------------- private method defined here

error[E0624]: method `emit` is private
    --> src\rust\backend\isa\stubs.rs:2031:9
     |
2031 |     enc.emit(&[0x4C, 0x89, 0x2C, 0xD6]);    // MOV [RSI+RDX*8], R13
     |         ^^^^ private method
     |
    ::: src\rust\backend\isa\encoder.rs:37:5
     |
  37 |     fn emit(&mut self, bytes: &[u8]) {
     |     -------------------------------- private method defined here

error[E0624]: method `emit` is private
    --> src\rust\backend\isa\stubs.rs:2032:9
     |
2032 |     enc.emit(&[0x49, 0xFF, 0xC4]);           // INC R12
     |         ^^^^ private method
     |
    ::: src\rust\backend\isa\encoder.rs:37:5
     |
  37 |     fn emit(&mut self, bytes: &[u8]) {
     |     -------------------------------- private method defined here

error[E0624]: method `jmp` is private
    --> src\rust\backend\isa\stubs.rs:2033:9
     |
2033 |     enc.jmp(&ls_out);
     |         ^^^ private method
     |
    ::: src\rust\backend\isa\encoder.rs:133:5
     |
 133 |     fn jmp(&mut self, lbl: &str) {
     |     ---------------------------- private method defined here

error[E0624]: method `label` is private
    --> src\rust\backend\isa\stubs.rs:2034:9
     |
2034 |     enc.label(&ls_odn);
     |         ^^^^^ private method
     |
    ::: src\rust\backend\isa\encoder.rs:129:5
     |
 129 |     fn label(&mut self, name: &str) {
     |     ------------------------------- private method defined here

error[E0624]: method `pop` is private
    --> src\rust\backend\isa\stubs.rs:2035:9
     |
2035 |     enc.pop(X86Reg::R13);
     |         ^^^ private method
     |
    ::: src\rust\backend\isa\encoder.rs:120:5
     |
 120 |     fn pop(&mut self, reg: X86Reg) {
     |     ------------------------------ private method defined here

error[E0624]: method `pop` is private
    --> src\rust\backend\isa\stubs.rs:2036:9
     |
2036 |     enc.pop(X86Reg::R12);
     |         ^^^ private method
     |
    ::: src\rust\backend\isa\encoder.rs:120:5
     |
 120 |     fn pop(&mut self, reg: X86Reg) {
     |     ------------------------------ private method defined here

error[E0624]: method `pop` is private
    --> src\rust\backend\isa\stubs.rs:2037:9
     |
2037 |     enc.pop(X86Reg::RDI);
     |         ^^^ private method
     |
    ::: src\rust\backend\isa\encoder.rs:120:5
     |
 120 |     fn pop(&mut self, reg: X86Reg) {
     |     ------------------------------ private method defined here

error[E0624]: method `pop` is private
    --> src\rust\backend\isa\stubs.rs:2038:9
     |
2038 |     enc.pop(X86Reg::RSI);
     |         ^^^ private method
     |
    ::: src\rust\backend\isa\encoder.rs:120:5
     |
 120 |     fn pop(&mut self, reg: X86Reg) {
     |     ------------------------------ private method defined here

error[E0624]: method `pop` is private
    --> src\rust\backend\isa\stubs.rs:2039:9
     |
2039 |     enc.pop(X86Reg::RBX);
     |         ^^^ private method
     |
    ::: src\rust\backend\isa\encoder.rs:120:5
     |
 120 |     fn pop(&mut self, reg: X86Reg) {
     |     ------------------------------ private method defined here

error[E0624]: method `ret` is private
    --> src\rust\backend\isa\stubs.rs:2040:9
     |
2040 |     enc.ret();
     |         ^^^ private method
     |
    ::: src\rust\backend\isa\encoder.rs:127:5
     |
 127 |     fn ret(&mut self) { self.emit_u8(0xC3); }
     |     ----------------- private method defined here

error[E0624]: method `label` is private
    --> src\rust\backend\isa\stubs.rs:2043:9
     |
2043 |     enc.label("__pyb_list_contains");
     |         ^^^^^ private method
     |
    ::: src\rust\backend\isa\encoder.rs:129:5
     |
 129 |     fn label(&mut self, name: &str) {
     |     ------------------------------- private method defined here

error[E0624]: method `push` is private
    --> src\rust\backend\isa\stubs.rs:2044:9
     |
2044 |     enc.push(X86Reg::RBX);
     |         ^^^^ private method
     |
    ::: src\rust\backend\isa\encoder.rs:115:5
     |
 115 |     fn push(&mut self, reg: X86Reg) {
     |     ------------------------------- private method defined here

error[E0624]: method `push` is private
    --> src\rust\backend\isa\stubs.rs:2045:9
     |
2045 |     enc.push(X86Reg::RSI);
     |         ^^^^ private method
     |
    ::: src\rust\backend\isa\encoder.rs:115:5
     |
 115 |     fn push(&mut self, reg: X86Reg) {
     |     ------------------------------- private method defined here

error[E0624]: method `push` is private
    --> src\rust\backend\isa\stubs.rs:2046:9
     |
2046 |     enc.push(X86Reg::RDI);
     |         ^^^^ private method
     |
    ::: src\rust\backend\isa\encoder.rs:115:5
     |
 115 |     fn push(&mut self, reg: X86Reg) {
     |     ------------------------------- private method defined here

error[E0624]: method `mov_rr` is private
    --> src\rust\backend\isa\stubs.rs:2047:9
     |
2047 |     enc.mov_rr(X86Reg::RBX, X86Reg::RCX);
     |         ^^^^^^ private method
     |
    ::: src\rust\backend\isa\encoder.rs:79:5
     |
  79 |     fn mov_rr(&mut self, dst: X86Reg, src: X86Reg) {
     |     ---------------------------------------------- private method defined here

error[E0624]: method `mov_rr` is private
    --> src\rust\backend\isa\stubs.rs:2048:9
     |
2048 |     enc.mov_rr(X86Reg::RSI, X86Reg::RDX);  // value to find
     |         ^^^^^^ private method
     |
    ::: src\rust\backend\isa\encoder.rs:79:5
     |
  79 |     fn mov_rr(&mut self, dst: X86Reg, src: X86Reg) {
     |     ---------------------------------------------- private method defined here

error[E0624]: method `emit` is private
    --> src\rust\backend\isa\stubs.rs:2049:9
     |
2049 |     enc.emit(&[0x48, 0x8B, 0x7B, 0x08]);    // MOV RDI, [RBX+8] (len)
     |         ^^^^ private method
     |
    ::: src\rust\backend\isa\encoder.rs:37:5
     |
  37 |     fn emit(&mut self, bytes: &[u8]) {
     |     -------------------------------- private method defined here

error[E0624]: method `emit` is private
    --> src\rust\backend\isa\stubs.rs:2050:9
     |
2050 |     enc.emit(&[0x48, 0x8B, 0x03]);           // MOV RAX, [RBX] (data_ptr)
     |         ^^^^ private method
     |
    ::: src\rust\backend\isa\encoder.rs:37:5
     |
  37 |     fn emit(&mut self, bytes: &[u8]) {
     |     -------------------------------- private method defined here

error[E0624]: method `mov_rr` is private
    --> src\rust\backend\isa\stubs.rs:2051:9
     |
2051 |     enc.mov_rr(X86Reg::RBX, X86Reg::RAX);
     |         ^^^^^^ private method
     |
    ::: src\rust\backend\isa\encoder.rs:79:5
     |
  79 |     fn mov_rr(&mut self, dst: X86Reg, src: X86Reg) {
     |     ---------------------------------------------- private method defined here

error[E0624]: method `xor_rr` is private
    --> src\rust\backend\isa\stubs.rs:2052:9
     |
2052 |     enc.xor_rr(X86Reg::RCX);                // i = 0
     |         ^^^^^^ private method
     |
    ::: src\rust\backend\isa\encoder.rs:109:5
     |
 109 |     fn xor_rr(&mut self, reg: X86Reg) {
     |     --------------------------------- private method defined here

error[E0624]: method `pos` is private
    --> src\rust\backend\isa\stubs.rs:2053:45
     |
2053 |     let lcon_lp = format!("__lc_lp_{}", enc.pos());
     |                                             ^^^ private method
     |
    ::: src\rust\backend\isa\encoder.rs:35:5
     |
  35 |     fn pos(&self) -> u32 { self.code.len() as u32 }
     |     -------------------- private method defined here

error[E0624]: method `pos` is private
    --> src\rust\backend\isa\stubs.rs:2054:45
     |
2054 |     let lcon_fo = format!("__lc_fo_{}", enc.pos());
     |                                             ^^^ private method
     |
    ::: src\rust\backend\isa\encoder.rs:35:5
     |
  35 |     fn pos(&self) -> u32 { self.code.len() as u32 }
     |     -------------------- private method defined here

error[E0624]: method `pos` is private
    --> src\rust\backend\isa\stubs.rs:2055:45
     |
2055 |     let lcon_nf = format!("__lc_nf_{}", enc.pos());
     |                                             ^^^ private method
     |
    ::: src\rust\backend\isa\encoder.rs:35:5
     |
  35 |     fn pos(&self) -> u32 { self.code.len() as u32 }
     |     -------------------- private method defined here

error[E0624]: method `label` is private
    --> src\rust\backend\isa\stubs.rs:2056:9
     |
2056 |     enc.label(&lcon_lp);
     |         ^^^^^ private method
     |
    ::: src\rust\backend\isa\encoder.rs:129:5
     |
 129 |     fn label(&mut self, name: &str) {
     |     ------------------------------- private method defined here

error[E0624]: method `cmp_rr` is private
    --> src\rust\backend\isa\stubs.rs:2057:9
     |
2057 |     enc.cmp_rr(X86Reg::RCX, X86Reg::RDI);
     |         ^^^^^^ private method
     |
    ::: src\rust\backend\isa\encoder.rs:104:5
     |
 104 |     fn cmp_rr(&mut self, a: X86Reg, b: X86Reg) {
     |     ------------------------------------------ private method defined here

error[E0624]: method `jcc` is private
    --> src\rust\backend\isa\stubs.rs:2058:9
     |
2058 |     enc.jcc(0x8D, &lcon_nf);
     |         ^^^ private method
     |
    ::: src\rust\backend\isa\encoder.rs:139:5
     |
 139 |     fn jcc(&mut self, cc: u8, lbl: &str) {
     |     ------------------------------------ private method defined here

error[E0624]: method `emit` is private
    --> src\rust\backend\isa\stubs.rs:2059:9
     |
2059 |     enc.emit(&[0x48, 0x8B, 0x04, 0xCB]);    // MOV RAX, [RBX+RCX*8]
     |         ^^^^ private method
     |
    ::: src\rust\backend\isa\encoder.rs:37:5
     |
  37 |     fn emit(&mut self, bytes: &[u8]) {
     |     -------------------------------- private method defined here

error[E0624]: method `cmp_rr` is private
    --> src\rust\backend\isa\stubs.rs:2060:9
     |
2060 |     enc.cmp_rr(X86Reg::RAX, X86Reg::RSI);
     |         ^^^^^^ private method
     |
    ::: src\rust\backend\isa\encoder.rs:104:5
     |
 104 |     fn cmp_rr(&mut self, a: X86Reg, b: X86Reg) {
     |     ------------------------------------------ private method defined here

error[E0624]: method `jcc` is private
    --> src\rust\backend\isa\stubs.rs:2061:9
     |
2061 |     enc.jcc(0x84, &lcon_fo);                 // JE ÔåÆ found
     |         ^^^ private method
     |
    ::: src\rust\backend\isa\encoder.rs:139:5
     |
 139 |     fn jcc(&mut self, cc: u8, lbl: &str) {
     |     ------------------------------------ private method defined here

error[E0624]: method `rex_w` is private
    --> src\rust\backend\isa\stubs.rs:2062:9
     |
2062 |     enc.rex_w(); enc.emit(&[0xFF, 0xC1]);
     |         ^^^^^ private method
     |
    ::: src\rust\backend\isa\encoder.rs:51:5
     |
  51 |     fn rex_w(&mut self) { self.emit_u8(0x48); }
     |     ------------------- private method defined here

error[E0624]: method `emit` is private
    --> src\rust\backend\isa\stubs.rs:2062:22
     |
2062 |     enc.rex_w(); enc.emit(&[0xFF, 0xC1]);
     |                      ^^^^ private method
     |
    ::: src\rust\backend\isa\encoder.rs:37:5
     |
  37 |     fn emit(&mut self, bytes: &[u8]) {
     |     -------------------------------- private method defined here

error[E0624]: method `jmp` is private
    --> src\rust\backend\isa\stubs.rs:2063:9
     |
2063 |     enc.jmp(&lcon_lp);
     |         ^^^ private method
     |
    ::: src\rust\backend\isa\encoder.rs:133:5
     |
 133 |     fn jmp(&mut self, lbl: &str) {
     |     ---------------------------- private method defined here

error[E0624]: method `label` is private
    --> src\rust\backend\isa\stubs.rs:2064:9
     |
2064 |     enc.label(&lcon_fo);
     |         ^^^^^ private method
     |
    ::: src\rust\backend\isa\encoder.rs:129:5
     |
 129 |     fn label(&mut self, name: &str) {
     |     ------------------------------- private method defined here

error[E0624]: method `mov_imm64` is private
    --> src\rust\backend\isa\stubs.rs:2065:9
     |
2065 |     enc.mov_imm64(X86Reg::RAX, 1);
     |         ^^^^^^^^^ private method
     |
    ::: src\rust\backend\isa\encoder.rs:70:5
     |
  70 |     fn mov_imm64(&mut self, reg: X86Reg, val: i64) {
     |     ---------------------------------------------- private method defined here

error[E0624]: method `pos` is private
    --> src\rust\backend\isa\stubs.rs:2066:45
     |
2066 |     let lcon_dn = format!("__lc_dn_{}", enc.pos());
     |                                             ^^^ private method
     |
    ::: src\rust\backend\isa\encoder.rs:35:5
     |
  35 |     fn pos(&self) -> u32 { self.code.len() as u32 }
     |     -------------------- private method defined here

error[E0624]: method `jmp` is private
    --> src\rust\backend\isa\stubs.rs:2067:9
     |
2067 |     enc.jmp(&lcon_dn);
     |         ^^^ private method
     |
    ::: src\rust\backend\isa\encoder.rs:133:5
     |
 133 |     fn jmp(&mut self, lbl: &str) {
     |     ---------------------------- private method defined here

error[E0624]: method `label` is private
    --> src\rust\backend\isa\stubs.rs:2068:9
     |
2068 |     enc.label(&lcon_nf);
     |         ^^^^^ private method
     |
    ::: src\rust\backend\isa\encoder.rs:129:5
     |
 129 |     fn label(&mut self, name: &str) {
     |     ------------------------------- private method defined here

error[E0624]: method `xor_rr` is private
    --> src\rust\backend\isa\stubs.rs:2069:9
     |
2069 |     enc.xor_rr(X86Reg::RAX);
     |         ^^^^^^ private method
     |
    ::: src\rust\backend\isa\encoder.rs:109:5
     |
 109 |     fn xor_rr(&mut self, reg: X86Reg) {
     |     --------------------------------- private method defined here

error[E0624]: method `label` is private
    --> src\rust\backend\isa\stubs.rs:2070:9
     |
2070 |     enc.label(&lcon_dn);
     |         ^^^^^ private method
     |
    ::: src\rust\backend\isa\encoder.rs:129:5
     |
 129 |     fn label(&mut self, name: &str) {
     |     ------------------------------- private method defined here

error[E0624]: method `pop` is private
    --> src\rust\backend\isa\stubs.rs:2071:9
     |
2071 |     enc.pop(X86Reg::RDI);
     |         ^^^ private method
     |
    ::: src\rust\backend\isa\encoder.rs:120:5
     |
 120 |     fn pop(&mut self, reg: X86Reg) {
     |     ------------------------------ private method defined here

error[E0624]: method `pop` is private
    --> src\rust\backend\isa\stubs.rs:2072:9
     |
2072 |     enc.pop(X86Reg::RSI);
     |         ^^^ private method
     |
    ::: src\rust\backend\isa\encoder.rs:120:5
     |
 120 |     fn pop(&mut self, reg: X86Reg) {
     |     ------------------------------ private method defined here

error[E0624]: method `pop` is private
    --> src\rust\backend\isa\stubs.rs:2073:9
     |
2073 |     enc.pop(X86Reg::RBX);
     |         ^^^ private method
     |
    ::: src\rust\backend\isa\encoder.rs:120:5
     |
 120 |     fn pop(&mut self, reg: X86Reg) {
     |     ------------------------------ private method defined here

error[E0624]: method `ret` is private
    --> src\rust\backend\isa\stubs.rs:2074:9
     |
2074 |     enc.ret();
     |         ^^^ private method
     |
    ::: src\rust\backend\isa\encoder.rs:127:5
     |
 127 |     fn ret(&mut self) { self.emit_u8(0xC3); }
     |     ----------------- private method defined here

error[E0624]: method `label` is private
    --> src\rust\backend\isa\stubs.rs:2077:9
     |
2077 |     enc.label("__pyb_list_print");
     |         ^^^^^ private method
     |
    ::: src\rust\backend\isa\encoder.rs:129:5
     |
 129 |     fn label(&mut self, name: &str) {
     |     ------------------------------- private method defined here

error[E0624]: method `push` is private
    --> src\rust\backend\isa\stubs.rs:2078:9
     |
2078 |     enc.push(X86Reg::RBX);
     |         ^^^^ private method
     |
    ::: src\rust\backend\isa\encoder.rs:115:5
     |
 115 |     fn push(&mut self, reg: X86Reg) {
     |     ------------------------------- private method defined here

error[E0624]: method `push` is private
    --> src\rust\backend\isa\stubs.rs:2079:9
     |
2079 |     enc.push(X86Reg::RSI);
     |         ^^^^ private method
     |
    ::: src\rust\backend\isa\encoder.rs:115:5
     |
 115 |     fn push(&mut self, reg: X86Reg) {
     |     ------------------------------- private method defined here

error[E0624]: method `push` is private
    --> src\rust\backend\isa\stubs.rs:2080:9
     |
2080 |     enc.push(X86Reg::RDI);
     |         ^^^^ private method
     |
    ::: src\rust\backend\isa\encoder.rs:115:5
     |
 115 |     fn push(&mut self, reg: X86Reg) {
     |     ------------------------------- private method defined here

error[E0624]: method `sub_rsp` is private
    --> src\rust\backend\isa\stubs.rs:2081:9
     |
2081 |     enc.sub_rsp(32);
     |         ^^^^^^^ private method
     |
    ::: src\rust\backend\isa\encoder.rs:125:5
     |
 125 |     fn sub_rsp(&mut self, val: u8) { self.rex_w(); self.emit(&[0x83, 0xEC, val]); }
     |     ------------------------------ private method defined here

error[E0624]: method `mov_rr` is private
    --> src\rust\backend\isa\stubs.rs:2082:9
     |
2082 |     enc.mov_rr(X86Reg::RBX, X86Reg::RCX);
     |         ^^^^^^ private method
     |
    ::: src\rust\backend\isa\encoder.rs:79:5
     |
  79 |     fn mov_rr(&mut self, dst: X86Reg, src: X86Reg) {
     |     ---------------------------------------------- private method defined here

error[E0624]: method `add_data_string` is private
    --> src\rust\backend\isa\stubs.rs:2084:9
     |
2084 |     enc.add_data_string("__v45_lbracket", "[");
     |         ^^^^^^^^^^^^^^^ private method
     |
    ::: src\rust\backend\isa\encoder.rs:182:5
     |
 182 |     fn add_data_string(&mut self, label: &str, s: &str) {
     |     --------------------------------------------------- private method defined here

error[E0624]: method `lea_rax_data` is private
    --> src\rust\backend\isa\stubs.rs:2085:9
     |
2085 |     enc.lea_rax_data("__v45_lbracket");
     |         ^^^^^^^^^^^^ private method
     |
    ::: src\rust\backend\isa\encoder.rs:161:5
     |
 161 |     fn lea_rax_data(&mut self, data_label: &str) {
     |     -------------------------------------------- private method defined here

error[E0624]: method `mov_rr` is private
    --> src\rust\backend\isa\stubs.rs:2086:9
     |
2086 |     enc.mov_rr(X86Reg::RCX, X86Reg::RAX);
     |         ^^^^^^ private method
     |
    ::: src\rust\backend\isa\encoder.rs:79:5
     |
  79 |     fn mov_rr(&mut self, dst: X86Reg, src: X86Reg) {
     |     ---------------------------------------------- private method defined here

error[E0624]: method `mov_imm64` is private
    --> src\rust\backend\isa\stubs.rs:2087:9
     |
2087 |     enc.mov_imm64(X86Reg::RDX, 1);
     |         ^^^^^^^^^ private method
     |
    ::: src\rust\backend\isa\encoder.rs:70:5
     |
  70 |     fn mov_imm64(&mut self, reg: X86Reg, val: i64) {
     |     ---------------------------------------------- private method defined here

error[E0624]: method `call_label` is private
    --> src\rust\backend\isa\stubs.rs:2088:9
     |
2088 |     enc.call_label("__pyb_print_str");
     |         ^^^^^^^^^^ private method
     |
    ::: src\rust\backend\isa\encoder.rs:145:5
     |
 145 |     fn call_label(&mut self, lbl: &str) {
     |     ----------------------------------- private method defined here

error[E0624]: method `emit` is private
    --> src\rust\backend\isa\stubs.rs:2090:9
     |
2090 |     enc.emit(&[0x48, 0x8B, 0x7B, 0x08]);    // MOV RDI, [RBX+8] (len)
     |         ^^^^ private method
     |
    ::: src\rust\backend\isa\encoder.rs:37:5
     |
  37 |     fn emit(&mut self, bytes: &[u8]) {
     |     -------------------------------- private method defined here

error[E0624]: method `xor_rr` is private
    --> src\rust\backend\isa\stubs.rs:2091:9
     |
2091 |     enc.xor_rr(X86Reg::RSI);                // i = 0
     |         ^^^^^^ private method
     |
    ::: src\rust\backend\isa\encoder.rs:109:5
     |
 109 |     fn xor_rr(&mut self, reg: X86Reg) {
     |     --------------------------------- private method defined here

error[E0624]: method `pos` is private
    --> src\rust\backend\isa\stubs.rs:2092:44
     |
2092 |     let lpr_lp = format!("__lpr_l_{}", enc.pos());
     |                                            ^^^ private method
     |
    ::: src\rust\backend\isa\encoder.rs:35:5
     |
  35 |     fn pos(&self) -> u32 { self.code.len() as u32 }
     |     -------------------- private method defined here

error[E0624]: method `pos` is private
    --> src\rust\backend\isa\stubs.rs:2093:44
     |
2093 |     let lpr_dn = format!("__lpr_d_{}", enc.pos());
     |                                            ^^^ private method
     |
    ::: src\rust\backend\isa\encoder.rs:35:5
     |
  35 |     fn pos(&self) -> u32 { self.code.len() as u32 }
     |     -------------------- private method defined here

error[E0624]: method `label` is private
    --> src\rust\backend\isa\stubs.rs:2094:9
     |
2094 |     enc.label(&lpr_lp);
     |         ^^^^^ private method
     |
    ::: src\rust\backend\isa\encoder.rs:129:5
     |
 129 |     fn label(&mut self, name: &str) {
     |     ------------------------------- private method defined here

error[E0624]: method `cmp_rr` is private
    --> src\rust\backend\isa\stubs.rs:2095:9
     |
2095 |     enc.cmp_rr(X86Reg::RSI, X86Reg::RDI);
     |         ^^^^^^ private method
     |
    ::: src\rust\backend\isa\encoder.rs:104:5
     |
 104 |     fn cmp_rr(&mut self, a: X86Reg, b: X86Reg) {
     |     ------------------------------------------ private method defined here

error[E0624]: method `jcc` is private
    --> src\rust\backend\isa\stubs.rs:2096:9
     |
2096 |     enc.jcc(0x8D, &lpr_dn);
     |         ^^^ private method
     |
    ::: src\rust\backend\isa\encoder.rs:139:5
     |
 139 |     fn jcc(&mut self, cc: u8, lbl: &str) {
     |     ------------------------------------ private method defined here

error[E0624]: method `rex_w` is private
    --> src\rust\backend\isa\stubs.rs:2098:9
     |
2098 |     enc.rex_w(); enc.emit(&[0x85, 0xF6]);    // TEST RSI, RSI
     |         ^^^^^ private method
     |
    ::: src\rust\backend\isa\encoder.rs:51:5
     |
  51 |     fn rex_w(&mut self) { self.emit_u8(0x48); }
     |     ------------------- private method defined here

error[E0624]: method `emit` is private
    --> src\rust\backend\isa\stubs.rs:2098:22
     |
2098 |     enc.rex_w(); enc.emit(&[0x85, 0xF6]);    // TEST RSI, RSI
     |                      ^^^^ private method
     |
    ::: src\rust\backend\isa\encoder.rs:37:5
     |
  37 |     fn emit(&mut self, bytes: &[u8]) {
     |     -------------------------------- private method defined here

error[E0624]: method `pos` is private
    --> src\rust\backend\isa\stubs.rs:2099:46
     |
2099 |     let lpr_noc = format!("__lpr_nc_{}", enc.pos());
     |                                              ^^^ private method
     |
    ::: src\rust\backend\isa\encoder.rs:35:5
     |
  35 |     fn pos(&self) -> u32 { self.code.len() as u32 }
     |     -------------------- private method defined here

error[E0624]: method `jcc` is private
    --> src\rust\backend\isa\stubs.rs:2100:9
     |
2100 |     enc.jcc(0x84, &lpr_noc);                // JE ÔåÆ first, no comma
     |         ^^^ private method
     |
    ::: src\rust\backend\isa\encoder.rs:139:5
     |
 139 |     fn jcc(&mut self, cc: u8, lbl: &str) {
     |     ------------------------------------ private method defined here

error[E0624]: method `add_data_string` is private
    --> src\rust\backend\isa\stubs.rs:2101:9
     |
2101 |     enc.add_data_string("__v45_comma", ", ");
     |         ^^^^^^^^^^^^^^^ private method
     |
    ::: src\rust\backend\isa\encoder.rs:182:5
     |
 182 |     fn add_data_string(&mut self, label: &str, s: &str) {
     |     --------------------------------------------------- private method defined here

error[E0624]: method `lea_rax_data` is private
    --> src\rust\backend\isa\stubs.rs:2102:9
     |
2102 |     enc.lea_rax_data("__v45_comma");
     |         ^^^^^^^^^^^^ private method
     |
    ::: src\rust\backend\isa\encoder.rs:161:5
     |
 161 |     fn lea_rax_data(&mut self, data_label: &str) {
     |     -------------------------------------------- private method defined here

error[E0624]: method `mov_rr` is private
    --> src\rust\backend\isa\stubs.rs:2103:9
     |
2103 |     enc.mov_rr(X86Reg::RCX, X86Reg::RAX);
     |         ^^^^^^ private method
     |
    ::: src\rust\backend\isa\encoder.rs:79:5
     |
  79 |     fn mov_rr(&mut self, dst: X86Reg, src: X86Reg) {
     |     ---------------------------------------------- private method defined here

error[E0624]: method `mov_imm64` is private
    --> src\rust\backend\isa\stubs.rs:2104:9
     |
2104 |     enc.mov_imm64(X86Reg::RDX, 2);
     |         ^^^^^^^^^ private method
     |
    ::: src\rust\backend\isa\encoder.rs:70:5
     |
  70 |     fn mov_imm64(&mut self, reg: X86Reg, val: i64) {
     |     ---------------------------------------------- private method defined here

error[E0624]: method `call_label` is private
    --> src\rust\backend\isa\stubs.rs:2105:9
     |
2105 |     enc.call_label("__pyb_print_str");
     |         ^^^^^^^^^^ private method
     |
    ::: src\rust\backend\isa\encoder.rs:145:5
     |
 145 |     fn call_label(&mut self, lbl: &str) {
     |     ----------------------------------- private method defined here

error[E0624]: method `label` is private
    --> src\rust\backend\isa\stubs.rs:2106:9
     |
2106 |     enc.label(&lpr_noc);
     |         ^^^^^ private method
     |
    ::: src\rust\backend\isa\encoder.rs:129:5
     |
 129 |     fn label(&mut self, name: &str) {
     |     ------------------------------- private method defined here

error[E0624]: method `emit` is private
    --> src\rust\backend\isa\stubs.rs:2108:9
     |
2108 |     enc.emit(&[0x48, 0x8B, 0x03]);          // MOV RAX, [RBX] (data_ptr)
     |         ^^^^ private method
     |
    ::: src\rust\backend\isa\encoder.rs:37:5
     |
  37 |     fn emit(&mut self, bytes: &[u8]) {
     |     -------------------------------- private method defined here

error[E0624]: method `emit` is private
    --> src\rust\backend\isa\stubs.rs:2109:9
     |
2109 |     enc.emit(&[0x48, 0x8B, 0x04, 0xF0]);    // MOV RAX, [RAX+RSI*8]
     |         ^^^^ private method
     |
    ::: src\rust\backend\isa\encoder.rs:37:5
     |
  37 |     fn emit(&mut self, bytes: &[u8]) {
     |     -------------------------------- private method defined here

error[E0624]: method `call_label` is private
    --> src\rust\backend\isa\stubs.rs:2110:9
     |
2110 |     enc.call_label("__pyb_itoa");
     |         ^^^^^^^^^^ private method
     |
    ::: src\rust\backend\isa\encoder.rs:145:5
     |
 145 |     fn call_label(&mut self, lbl: &str) {
     |     ----------------------------------- private method defined here

error[E0624]: method `rex_w` is private
    --> src\rust\backend\isa\stubs.rs:2111:9
     |
2111 |     enc.rex_w(); enc.emit(&[0xFF, 0xC6]);    // INC RSI
     |         ^^^^^ private method
     |
    ::: src\rust\backend\isa\encoder.rs:51:5
     |
  51 |     fn rex_w(&mut self) { self.emit_u8(0x48); }
     |     ------------------- private method defined here

error[E0624]: method `emit` is private
    --> src\rust\backend\isa\stubs.rs:2111:22
     |
2111 |     enc.rex_w(); enc.emit(&[0xFF, 0xC6]);    // INC RSI
     |                      ^^^^ private method
     |
    ::: src\rust\backend\isa\encoder.rs:37:5
     |
  37 |     fn emit(&mut self, bytes: &[u8]) {
     |     -------------------------------- private method defined here

error[E0624]: method `jmp` is private
    --> src\rust\backend\isa\stubs.rs:2112:9
     |
2112 |     enc.jmp(&lpr_lp);
     |         ^^^ private method
     |
    ::: src\rust\backend\isa\encoder.rs:133:5
     |
 133 |     fn jmp(&mut self, lbl: &str) {
     |     ---------------------------- private method defined here

error[E0624]: method `label` is private
    --> src\rust\backend\isa\stubs.rs:2113:9
     |
2113 |     enc.label(&lpr_dn);
     |         ^^^^^ private method
     |
    ::: src\rust\backend\isa\encoder.rs:129:5
     |
 129 |     fn label(&mut self, name: &str) {
     |     ------------------------------- private method defined here

error[E0624]: method `add_data_string` is private
    --> src\rust\backend\isa\stubs.rs:2115:9
     |
2115 |     enc.add_data_string("__v45_rbracket", "]");
     |         ^^^^^^^^^^^^^^^ private method
     |
    ::: src\rust\backend\isa\encoder.rs:182:5
     |
 182 |     fn add_data_string(&mut self, label: &str, s: &str) {
     |     --------------------------------------------------- private method defined here

error[E0624]: method `lea_rax_data` is private
    --> src\rust\backend\isa\stubs.rs:2116:9
     |
2116 |     enc.lea_rax_data("__v45_rbracket");
     |         ^^^^^^^^^^^^ private method
     |
    ::: src\rust\backend\isa\encoder.rs:161:5
     |
 161 |     fn lea_rax_data(&mut self, data_label: &str) {
     |     -------------------------------------------- private method defined here

error[E0624]: method `mov_rr` is private
    --> src\rust\backend\isa\stubs.rs:2117:9
     |
2117 |     enc.mov_rr(X86Reg::RCX, X86Reg::RAX);
     |         ^^^^^^ private method
     |
    ::: src\rust\backend\isa\encoder.rs:79:5
     |
  79 |     fn mov_rr(&mut self, dst: X86Reg, src: X86Reg) {
     |     ---------------------------------------------- private method defined here

error[E0624]: method `mov_imm64` is private
    --> src\rust\backend\isa\stubs.rs:2118:9
     |
2118 |     enc.mov_imm64(X86Reg::RDX, 1);
     |         ^^^^^^^^^ private method
     |
    ::: src\rust\backend\isa\encoder.rs:70:5
     |
  70 |     fn mov_imm64(&mut self, reg: X86Reg, val: i64) {
     |     ---------------------------------------------- private method defined here

error[E0624]: method `call_label` is private
    --> src\rust\backend\isa\stubs.rs:2119:9
     |
2119 |     enc.call_label("__pyb_print_str");
     |         ^^^^^^^^^^ private method
     |
    ::: src\rust\backend\isa\encoder.rs:145:5
     |
 145 |     fn call_label(&mut self, lbl: &str) {
     |     ----------------------------------- private method defined here

error[E0624]: method `add_rsp` is private
    --> src\rust\backend\isa\stubs.rs:2120:9
     |
2120 |     enc.add_rsp(32);
     |         ^^^^^^^ private method
     |
    ::: src\rust\backend\isa\encoder.rs:126:5
     |
 126 |     fn add_rsp(&mut self, val: u8) { self.rex_w(); self.emit(&[0x83, 0xC4, val]); }
     |     ------------------------------ private method defined here

error[E0624]: method `pop` is private
    --> src\rust\backend\isa\stubs.rs:2121:9
     |
2121 |     enc.pop(X86Reg::RDI);
     |         ^^^ private method
     |
    ::: src\rust\backend\isa\encoder.rs:120:5
     |
 120 |     fn pop(&mut self, reg: X86Reg) {
     |     ------------------------------ private method defined here

error[E0624]: method `pop` is private
    --> src\rust\backend\isa\stubs.rs:2122:9
     |
2122 |     enc.pop(X86Reg::RSI);
     |         ^^^ private method
     |
    ::: src\rust\backend\isa\encoder.rs:120:5
     |
 120 |     fn pop(&mut self, reg: X86Reg) {
     |     ------------------------------ private method defined here

error[E0624]: method `pop` is private
    --> src\rust\backend\isa\stubs.rs:2123:9
     |
2123 |     enc.pop(X86Reg::RBX);
     |         ^^^ private method
     |
    ::: src\rust\backend\isa\encoder.rs:120:5
     |
 120 |     fn pop(&mut self, reg: X86Reg) {
     |     ------------------------------ private method defined here

error[E0624]: method `ret` is private
    --> src\rust\backend\isa\stubs.rs:2124:9
     |
2124 |     enc.ret();
     |         ^^^ private method
     |
    ::: src\rust\backend\isa\encoder.rs:127:5
     |
 127 |     fn ret(&mut self) { self.emit_u8(0xC3); }
     |     ----------------- private method defined here

error[E0624]: method `label` is private
    --> src\rust\backend\isa\stubs.rs:2127:9
     |
2127 |     enc.label("__pyb_dict_contains");
     |         ^^^^^ private method
     |
    ::: src\rust\backend\isa\encoder.rs:129:5
     |
 129 |     fn label(&mut self, name: &str) {
     |     ------------------------------- private method defined here

error[E0624]: method `push` is private
    --> src\rust\backend\isa\stubs.rs:2128:9
     |
2128 |     enc.push(X86Reg::RBX);
     |         ^^^^ private method
     |
    ::: src\rust\backend\isa\encoder.rs:115:5
     |
 115 |     fn push(&mut self, reg: X86Reg) {
     |     ------------------------------- private method defined here

error[E0624]: method `sub_rsp` is private
    --> src\rust\backend\isa\stubs.rs:2129:9
     |
2129 |     enc.sub_rsp(32);
     |         ^^^^^^^ private method
     |
    ::: src\rust\backend\isa\encoder.rs:125:5
     |
 125 |     fn sub_rsp(&mut self, val: u8) { self.rex_w(); self.emit(&[0x83, 0xEC, val]); }
     |     ------------------------------ private method defined here

error[E0624]: method `call_label` is private
    --> src\rust\backend\isa\stubs.rs:2130:9
     |
2130 |     enc.call_label("__pyb_dict_get");
     |         ^^^^^^^^^^ private method
     |
    ::: src\rust\backend\isa\encoder.rs:145:5
     |
 145 |     fn call_label(&mut self, lbl: &str) {
     |     ----------------------------------- private method defined here

error[E0624]: method `rex_w` is private
    --> src\rust\backend\isa\stubs.rs:2133:9
     |
2133 |     enc.rex_w(); enc.emit(&[0x85, 0xC0]);
     |         ^^^^^ private method
     |
    ::: src\rust\backend\isa\encoder.rs:51:5
     |
  51 |     fn rex_w(&mut self) { self.emit_u8(0x48); }
     |     ------------------- private method defined here

error[E0624]: method `emit` is private
    --> src\rust\backend\isa\stubs.rs:2133:22
     |
2133 |     enc.rex_w(); enc.emit(&[0x85, 0xC0]);
     |                      ^^^^ private method
     |
    ::: src\rust\backend\isa\encoder.rs:37:5
     |
  37 |     fn emit(&mut self, bytes: &[u8]) {
     |     -------------------------------- private method defined here

error[E0624]: method `pos` is private
    --> src\rust\backend\isa\stubs.rs:2134:43
     |
2134 |     let dc_yes = format!("__dc_y_{}", enc.pos());
     |                                           ^^^ private method
     |
    ::: src\rust\backend\isa\encoder.rs:35:5
     |
  35 |     fn pos(&self) -> u32 { self.code.len() as u32 }
     |     -------------------- private method defined here

error[E0624]: method `pos` is private
    --> src\rust\backend\isa\stubs.rs:2135:42
     |
2135 |     let dc_dn = format!("__dc_d_{}", enc.pos());
     |                                          ^^^ private method
     |
    ::: src\rust\backend\isa\encoder.rs:35:5
     |
  35 |     fn pos(&self) -> u32 { self.code.len() as u32 }
     |     -------------------- private method defined here

error[E0624]: method `jcc` is private
    --> src\rust\backend\isa\stubs.rs:2136:9
     |
2136 |     enc.jcc(0x85, &dc_yes);                 // JNE ÔåÆ found
     |         ^^^ private method
     |
    ::: src\rust\backend\isa\encoder.rs:139:5
     |
 139 |     fn jcc(&mut self, cc: u8, lbl: &str) {
     |     ------------------------------------ private method defined here

error[E0624]: method `xor_rr` is private
    --> src\rust\backend\isa\stubs.rs:2137:9
     |
2137 |     enc.xor_rr(X86Reg::RAX);
     |         ^^^^^^ private method
     |
    ::: src\rust\backend\isa\encoder.rs:109:5
     |
 109 |     fn xor_rr(&mut self, reg: X86Reg) {
     |     --------------------------------- private method defined here

error[E0624]: method `jmp` is private
    --> src\rust\backend\isa\stubs.rs:2138:9
     |
2138 |     enc.jmp(&dc_dn);
     |         ^^^ private method
     |
    ::: src\rust\backend\isa\encoder.rs:133:5
     |
 133 |     fn jmp(&mut self, lbl: &str) {
     |     ---------------------------- private method defined here

error[E0624]: method `label` is private
    --> src\rust\backend\isa\stubs.rs:2139:9
     |
2139 |     enc.label(&dc_yes);
     |         ^^^^^ private method
     |
    ::: src\rust\backend\isa\encoder.rs:129:5
     |
 129 |     fn label(&mut self, name: &str) {
     |     ------------------------------- private method defined here

error[E0624]: method `mov_imm64` is private
    --> src\rust\backend\isa\stubs.rs:2140:9
     |
2140 |     enc.mov_imm64(X86Reg::RAX, 1);
     |         ^^^^^^^^^ private method
     |
    ::: src\rust\backend\isa\encoder.rs:70:5
     |
  70 |     fn mov_imm64(&mut self, reg: X86Reg, val: i64) {
     |     ---------------------------------------------- private method defined here

error[E0624]: method `label` is private
    --> src\rust\backend\isa\stubs.rs:2141:9
     |
2141 |     enc.label(&dc_dn);
     |         ^^^^^ private method
     |
    ::: src\rust\backend\isa\encoder.rs:129:5
     |
 129 |     fn label(&mut self, name: &str) {
     |     ------------------------------- private method defined here

error[E0624]: method `add_rsp` is private
    --> src\rust\backend\isa\stubs.rs:2142:9
     |
2142 |     enc.add_rsp(32);
     |         ^^^^^^^ private method
     |
    ::: src\rust\backend\isa\encoder.rs:126:5
     |
 126 |     fn add_rsp(&mut self, val: u8) { self.rex_w(); self.emit(&[0x83, 0xC4, val]); }
     |     ------------------------------ private method defined here

error[E0624]: method `pop` is private
    --> src\rust\backend\isa\stubs.rs:2143:9
     |
2143 |     enc.pop(X86Reg::RBX);
     |         ^^^ private method
     |
    ::: src\rust\backend\isa\encoder.rs:120:5
     |
 120 |     fn pop(&mut self, reg: X86Reg) {
     |     ------------------------------ private method defined here

error[E0624]: method `ret` is private
    --> src\rust\backend\isa\stubs.rs:2144:9
     |
2144 |     enc.ret();
     |         ^^^ private method
     |
    ::: src\rust\backend\isa\encoder.rs:127:5
     |
 127 |     fn ret(&mut self) { self.emit_u8(0xC3); }
     |     ----------------- private method defined here

error[E0624]: method `label` is private
    --> src\rust\backend\isa\stubs.rs:2148:9
     |
2148 |     enc.label("__pyb_str_strip");
     |         ^^^^^ private method
     |
    ::: src\rust\backend\isa\encoder.rs:129:5
     |
 129 |     fn label(&mut self, name: &str) {
     |     ------------------------------- private method defined here

error[E0624]: method `push` is private
    --> src\rust\backend\isa\stubs.rs:2149:9
     |
2149 |     enc.push(X86Reg::RBX);
     |         ^^^^ private method
     |
    ::: src\rust\backend\isa\encoder.rs:115:5
     |
 115 |     fn push(&mut self, reg: X86Reg) {
     |     ------------------------------- private method defined here

error[E0624]: method `push` is private
    --> src\rust\backend\isa\stubs.rs:2150:9
     |
2150 |     enc.push(X86Reg::RSI);
     |         ^^^^ private method
     |
    ::: src\rust\backend\isa\encoder.rs:115:5
     |
 115 |     fn push(&mut self, reg: X86Reg) {
     |     ------------------------------- private method defined here

error[E0624]: method `push` is private
    --> src\rust\backend\isa\stubs.rs:2151:9
     |
2151 |     enc.push(X86Reg::RDI);
     |         ^^^^ private method
     |
    ::: src\rust\backend\isa\encoder.rs:115:5
     |
 115 |     fn push(&mut self, reg: X86Reg) {
     |     ------------------------------- private method defined here

error[E0624]: method `push` is private
    --> src\rust\backend\isa\stubs.rs:2152:9
     |
2152 |     enc.push(X86Reg::R12);
     |         ^^^^ private method
     |
    ::: src\rust\backend\isa\encoder.rs:115:5
     |
 115 |     fn push(&mut self, reg: X86Reg) {
     |     ------------------------------- private method defined here

error[E0624]: method `push` is private
    --> src\rust\backend\isa\stubs.rs:2153:9
     |
2153 |     enc.push(X86Reg::R13);
     |         ^^^^ private method
     |
    ::: src\rust\backend\isa\encoder.rs:115:5
     |
 115 |     fn push(&mut self, reg: X86Reg) {
     |     ------------------------------- private method defined here

error[E0624]: method `sub_rsp` is private
    --> src\rust\backend\isa\stubs.rs:2154:9
     |
2154 |     enc.sub_rsp(32);
     |         ^^^^^^^ private method
     |
    ::: src\rust\backend\isa\encoder.rs:125:5
     |
 125 |     fn sub_rsp(&mut self, val: u8) { self.rex_w(); self.emit(&[0x83, 0xEC, val]); }
     |     ------------------------------ private method defined here

error[E0624]: method `mov_rr` is private
    --> src\rust\backend\isa\stubs.rs:2155:9
     |
2155 |     enc.mov_rr(X86Reg::RSI, X86Reg::RCX);   // RSI = src
     |         ^^^^^^ private method
     |
    ::: src\rust\backend\isa\encoder.rs:79:5
     |
  79 |     fn mov_rr(&mut self, dst: X86Reg, src: X86Reg) {
     |     ---------------------------------------------- private method defined here

error[E0624]: method `call_label` is private
    --> src\rust\backend\isa\stubs.rs:2157:9
     |
2157 |     enc.call_label("__pyb_str_len");
     |         ^^^^^^^^^^ private method
     |
    ::: src\rust\backend\isa\encoder.rs:145:5
     |
 145 |     fn call_label(&mut self, lbl: &str) {
     |     ----------------------------------- private method defined here

error[E0624]: method `mov_rr` is private
    --> src\rust\backend\isa\stubs.rs:2158:9
     |
2158 |     enc.mov_rr(X86Reg::R12, X86Reg::RAX);   // R12 = len
     |         ^^^^^^ private method
     |
    ::: src\rust\backend\isa\encoder.rs:79:5
     |
  79 |     fn mov_rr(&mut self, dst: X86Reg, src: X86Reg) {
     |     ---------------------------------------------- private method defined here

error[E0624]: method `xor_rr` is private
    --> src\rust\backend\isa\stubs.rs:2160:9
     |
2160 |     enc.xor_rr(X86Reg::RBX);
     |         ^^^^^^ private method
     |
    ::: src\rust\backend\isa\encoder.rs:109:5
     |
 109 |     fn xor_rr(&mut self, reg: X86Reg) {
     |     --------------------------------- private method defined here

error[E0624]: method `pos` is private
    --> src\rust\backend\isa\stubs.rs:2161:46
     |
2161 |     let st_ls = format!("__strip_ls_{}", enc.pos());
     |                                              ^^^ private method
     |
    ::: src\rust\backend\isa\encoder.rs:35:5
     |
  35 |     fn pos(&self) -> u32 { self.code.len() as u32 }
     |     -------------------- private method defined here

error[E0624]: method `pos` is private
    --> src\rust\backend\isa\stubs.rs:2162:51
     |
2162 |     let st_lsdone = format!("__strip_lsd_{}", enc.pos());
     |                                                   ^^^ private method
     |
    ::: src\rust\backend\isa\encoder.rs:35:5
     |
  35 |     fn pos(&self) -> u32 { self.code.len() as u32 }
     |     -------------------- private method defined here

error[E0624]: method `label` is private
    --> src\rust\backend\isa\stubs.rs:2163:9
     |
2163 |     enc.label(&st_ls);
     |         ^^^^^ private method
     |
    ::: src\rust\backend\isa\encoder.rs:129:5
     |
 129 |     fn label(&mut self, name: &str) {
     |     ------------------------------- private method defined here

error[E0624]: method `cmp_rr` is private
    --> src\rust\backend\isa\stubs.rs:2164:9
     |
2164 |     enc.cmp_rr(X86Reg::RBX, X86Reg::R12);
     |         ^^^^^^ private method
     |
    ::: src\rust\backend\isa\encoder.rs:104:5
     |
 104 |     fn cmp_rr(&mut self, a: X86Reg, b: X86Reg) {
     |     ------------------------------------------ private method defined here

error[E0624]: method `jcc` is private
    --> src\rust\backend\isa\stubs.rs:2165:9
     |
2165 |     enc.jcc(0x8D, &st_lsdone);   // jge ÔåÆ all space
     |         ^^^ private method
     |
    ::: src\rust\backend\isa\encoder.rs:139:5
     |
 139 |     fn jcc(&mut self, cc: u8, lbl: &str) {
     |     ------------------------------------ private method defined here

error[E0624]: method `emit` is private
    --> src\rust\backend\isa\stubs.rs:2166:9
     |
2166 |     enc.emit(&[0x0F, 0xB6, 0x04, 0x1E]); // movzx eax, [rsi+rbx]
     |         ^^^^ private method
     |
    ::: src\rust\backend\isa\encoder.rs:37:5
     |
  37 |     fn emit(&mut self, bytes: &[u8]) {
     |     -------------------------------- private method defined here

error[E0624]: method `emit` is private
    --> src\rust\backend\isa\stubs.rs:2167:9
     |
2167 |     enc.emit(&[0x83, 0xF8, 0x20]);          // cmp eax, 0x20
     |         ^^^^ private method
     |
    ::: src\rust\backend\isa\encoder.rs:37:5
     |
  37 |     fn emit(&mut self, bytes: &[u8]) {
     |     -------------------------------- private method defined here

error[E0624]: method `pos` is private
    --> src\rust\backend\isa\stubs.rs:2168:48
     |
2168 |     let st_nosp = format!("__strip_ns_{}", enc.pos());
     |                                                ^^^ private method
     |
    ::: src\rust\backend\isa\encoder.rs:35:5
     |
  35 |     fn pos(&self) -> u32 { self.code.len() as u32 }
     |     -------------------- private method defined here

error[E0624]: method `jcc` is private
    --> src\rust\backend\isa\stubs.rs:2169:9
     |
2169 |     enc.jcc(0x85, &st_nosp);    // jne ÔåÆ not a space
     |         ^^^ private method
     |
    ::: src\rust\backend\isa\encoder.rs:139:5
     |
 139 |     fn jcc(&mut self, cc: u8, lbl: &str) {
     |     ------------------------------------ private method defined here

error[E0624]: method `rex_w` is private
    --> src\rust\backend\isa\stubs.rs:2170:9
     |
2170 |     enc.rex_w(); enc.emit(&[0xFF, 0xC3]);    // inc rbx
     |         ^^^^^ private method
     |
    ::: src\rust\backend\isa\encoder.rs:51:5
     |
  51 |     fn rex_w(&mut self) { self.emit_u8(0x48); }
     |     ------------------- private method defined here

error[E0624]: method `emit` is private
    --> src\rust\backend\isa\stubs.rs:2170:22
     |
2170 |     enc.rex_w(); enc.emit(&[0xFF, 0xC3]);    // inc rbx
     |                      ^^^^ private method
     |
    ::: src\rust\backend\isa\encoder.rs:37:5
     |
  37 |     fn emit(&mut self, bytes: &[u8]) {
     |     -------------------------------- private method defined here

error[E0624]: method `jmp` is private
    --> src\rust\backend\isa\stubs.rs:2171:9
     |
2171 |     enc.jmp(&st_ls);
     |         ^^^ private method
     |
    ::: src\rust\backend\isa\encoder.rs:133:5
     |
 133 |     fn jmp(&mut self, lbl: &str) {
     |     ---------------------------- private method defined here

error[E0624]: method `label` is private
    --> src\rust\backend\isa\stubs.rs:2172:9
     |
2172 |     enc.label(&st_nosp);
     |         ^^^^^ private method
     |
    ::: src\rust\backend\isa\encoder.rs:129:5
     |
 129 |     fn label(&mut self, name: &str) {
     |     ------------------------------- private method defined here

error[E0624]: method `label` is private
    --> src\rust\backend\isa\stubs.rs:2173:9
     |
2173 |     enc.label(&st_lsdone);
     |         ^^^^^ private method
     |
    ::: src\rust\backend\isa\encoder.rs:129:5
     |
 129 |     fn label(&mut self, name: &str) {
     |     ------------------------------- private method defined here

error[E0624]: method `mov_rr` is private
    --> src\rust\backend\isa\stubs.rs:2174:9
     |
2174 |     enc.mov_rr(X86Reg::RDI, X86Reg::RBX);  // RDI = start
     |         ^^^^^^ private method
     |
    ::: src\rust\backend\isa\encoder.rs:79:5
     |
  79 |     fn mov_rr(&mut self, dst: X86Reg, src: X86Reg) {
     |     ---------------------------------------------- private method defined here

error[E0624]: method `mov_rr` is private
    --> src\rust\backend\isa\stubs.rs:2176:9
     |
2176 |     enc.mov_rr(X86Reg::R13, X86Reg::R12);
     |         ^^^^^^ private method
     |
    ::: src\rust\backend\isa\encoder.rs:79:5
     |
  79 |     fn mov_rr(&mut self, dst: X86Reg, src: X86Reg) {
     |     ---------------------------------------------- private method defined here

error[E0624]: method `pos` is private
    --> src\rust\backend\isa\stubs.rs:2177:46
     |
2177 |     let st_ts = format!("__strip_ts_{}", enc.pos());
     |                                              ^^^ private method
     |
    ::: src\rust\backend\isa\encoder.rs:35:5
     |
  35 |     fn pos(&self) -> u32 { self.code.len() as u32 }
     |     -------------------- private method defined here

error[E0624]: method `pos` is private
    --> src\rust\backend\isa\stubs.rs:2178:51
     |
2178 |     let st_tsdone = format!("__strip_tsd_{}", enc.pos());
     |                                                   ^^^ private method
     |
    ::: src\rust\backend\isa\encoder.rs:35:5
     |
  35 |     fn pos(&self) -> u32 { self.code.len() as u32 }
     |     -------------------- private method defined here

error[E0624]: method `label` is private
    --> src\rust\backend\isa\stubs.rs:2179:9
     |
2179 |     enc.label(&st_ts);
     |         ^^^^^ private method
     |
    ::: src\rust\backend\isa\encoder.rs:129:5
     |
 129 |     fn label(&mut self, name: &str) {
     |     ------------------------------- private method defined here

error[E0624]: method `cmp_rr` is private
    --> src\rust\backend\isa\stubs.rs:2180:9
     |
2180 |     enc.cmp_rr(X86Reg::R13, X86Reg::RDI);
     |         ^^^^^^ private method
     |
    ::: src\rust\backend\isa\encoder.rs:104:5
     |
 104 |     fn cmp_rr(&mut self, a: X86Reg, b: X86Reg) {
     |     ------------------------------------------ private method defined here

error[E0624]: method `jcc` is private
    --> src\rust\backend\isa\stubs.rs:2181:9
     |
2181 |     enc.jcc(0x8E, &st_tsdone);  // jle ÔåÆ nothing left
     |         ^^^ private method
     |
    ::: src\rust\backend\isa\encoder.rs:139:5
     |
 139 |     fn jcc(&mut self, cc: u8, lbl: &str) {
     |     ------------------------------------ private method defined here

error[E0624]: method `mov_rr` is private
    --> src\rust\backend\isa\stubs.rs:2182:9
     |
2182 |     enc.mov_rr(X86Reg::RAX, X86Reg::R13);
     |         ^^^^^^ private method
     |
    ::: src\rust\backend\isa\encoder.rs:79:5
     |
  79 |     fn mov_rr(&mut self, dst: X86Reg, src: X86Reg) {
     |     ---------------------------------------------- private method defined here

error[E0624]: method `rex_w` is private
    --> src\rust\backend\isa\stubs.rs:2183:9
     |
2183 |     enc.rex_w(); enc.emit(&[0xFF, 0xC8]);    // dec rax
     |         ^^^^^ private method
     |
    ::: src\rust\backend\isa\encoder.rs:51:5
     |
  51 |     fn rex_w(&mut self) { self.emit_u8(0x48); }
     |     ------------------- private method defined here

error[E0624]: method `emit` is private
    --> src\rust\backend\isa\stubs.rs:2183:22
     |
2183 |     enc.rex_w(); enc.emit(&[0xFF, 0xC8]);    // dec rax
     |                      ^^^^ private method
     |
    ::: src\rust\backend\isa\encoder.rs:37:5
     |
  37 |     fn emit(&mut self, bytes: &[u8]) {
     |     -------------------------------- private method defined here

error[E0624]: method `emit` is private
    --> src\rust\backend\isa\stubs.rs:2184:9
     |
2184 |     enc.emit(&[0x0F, 0xB6, 0x04, 0x06]);   // movzx eax, [rsi+rax]
     |         ^^^^ private method
     |
    ::: src\rust\backend\isa\encoder.rs:37:5
     |
  37 |     fn emit(&mut self, bytes: &[u8]) {
     |     -------------------------------- private method defined here

error[E0624]: method `emit` is private
    --> src\rust\backend\isa\stubs.rs:2185:9
     |
2185 |     enc.emit(&[0x83, 0xF8, 0x20]);          // cmp eax, 0x20
     |         ^^^^ private method
     |
    ::: src\rust\backend\isa\encoder.rs:37:5
     |
  37 |     fn emit(&mut self, bytes: &[u8]) {
     |     -------------------------------- private method defined here

error[E0624]: method `pos` is private
    --> src\rust\backend\isa\stubs.rs:2186:50
     |
2186 |     let st_tnosp = format!("__strip_tns_{}", enc.pos());
     |                                                  ^^^ private method
     |
    ::: src\rust\backend\isa\encoder.rs:35:5
     |
  35 |     fn pos(&self) -> u32 { self.code.len() as u32 }
     |     -------------------- private method defined here

error[E0624]: method `jcc` is private
    --> src\rust\backend\isa\stubs.rs:2187:9
     |
2187 |     enc.jcc(0x85, &st_tnosp);   // jne ÔåÆ not a space
     |         ^^^ private method
     |
    ::: src\rust\backend\isa\encoder.rs:139:5
     |
 139 |     fn jcc(&mut self, cc: u8, lbl: &str) {
     |     ------------------------------------ private method defined here

error[E0624]: method `rex_w` is private
    --> src\rust\backend\isa\stubs.rs:2188:9
     |
2188 |     enc.rex_w(); enc.emit(&[0xFF, 0xCD]);    // dec r13
     |         ^^^^^ private method
     |
    ::: src\rust\backend\isa\encoder.rs:51:5
     |
  51 |     fn rex_w(&mut self) { self.emit_u8(0x48); }
     |     ------------------- private method defined here

error[E0624]: method `emit` is private
    --> src\rust\backend\isa\stubs.rs:2188:22
     |
2188 |     enc.rex_w(); enc.emit(&[0xFF, 0xCD]);    // dec r13
     |                      ^^^^ private method
     |
    ::: src\rust\backend\isa\encoder.rs:37:5
     |
  37 |     fn emit(&mut self, bytes: &[u8]) {
     |     -------------------------------- private method defined here

error[E0624]: method `jmp` is private
    --> src\rust\backend\isa\stubs.rs:2189:9
     |
2189 |     enc.jmp(&st_ts);
     |         ^^^ private method
     |
    ::: src\rust\backend\isa\encoder.rs:133:5
     |
 133 |     fn jmp(&mut self, lbl: &str) {
     |     ---------------------------- private method defined here

error[E0624]: method `label` is private
    --> src\rust\backend\isa\stubs.rs:2190:9
     |
2190 |     enc.label(&st_tnosp);
     |         ^^^^^ private method
     |
    ::: src\rust\backend\isa\encoder.rs:129:5
     |
 129 |     fn label(&mut self, name: &str) {
     |     ------------------------------- private method defined here

error[E0624]: method `label` is private
    --> src\rust\backend\isa\stubs.rs:2191:9
     |
2191 |     enc.label(&st_tsdone);
     |         ^^^^^ private method
     |
    ::: src\rust\backend\isa\encoder.rs:129:5
     |
 129 |     fn label(&mut self, name: &str) {
     |     ------------------------------- private method defined here

error[E0624]: method `mov_rr` is private
    --> src\rust\backend\isa\stubs.rs:2193:9
     |
2193 |     enc.mov_rr(X86Reg::RCX, X86Reg::R13);
     |         ^^^^^^ private method
     |
    ::: src\rust\backend\isa\encoder.rs:79:5
     |
  79 |     fn mov_rr(&mut self, dst: X86Reg, src: X86Reg) {
     |     ---------------------------------------------- private method defined here

error[E0624]: method `sub_rr` is private
    --> src\rust\backend\isa\stubs.rs:2194:9
     |
2194 |     enc.sub_rr(X86Reg::RCX, X86Reg::RDI);
     |         ^^^^^^ private method
     |
    ::: src\rust\backend\isa\encoder.rs:89:5
     |
  89 |     fn sub_rr(&mut self, dst: X86Reg, src: X86Reg) {
     |     ---------------------------------------------- private method defined here

error[E0624]: method `rex_w` is private
    --> src\rust\backend\isa\stubs.rs:2196:9
     |
2196 |     enc.rex_w(); enc.emit(&[0x85, 0xC9]);
     |         ^^^^^ private method
     |
    ::: src\rust\backend\isa\encoder.rs:51:5
     |
  51 |     fn rex_w(&mut self) { self.emit_u8(0x48); }
     |     ------------------- private method defined here

error[E0624]: method `emit` is private
    --> src\rust\backend\isa\stubs.rs:2196:22
     |
2196 |     enc.rex_w(); enc.emit(&[0x85, 0xC9]);
     |                      ^^^^ private method
     |
    ::: src\rust\backend\isa\encoder.rs:37:5
     |
  37 |     fn emit(&mut self, bytes: &[u8]) {
     |     -------------------------------- private method defined here

error[E0624]: method `pos` is private
    --> src\rust\backend\isa\stubs.rs:2197:49
     |
2197 |     let st_empty = format!("__strip_em_{}", enc.pos());
     |                                                 ^^^ private method
     |
    ::: src\rust\backend\isa\encoder.rs:35:5
     |
  35 |     fn pos(&self) -> u32 { self.code.len() as u32 }
     |     -------------------- private method defined here

error[E0624]: method `pos` is private
    --> src\rust\backend\isa\stubs.rs:2198:48
     |
2198 |     let st_done = format!("__strip_dn_{}", enc.pos());
     |                                                ^^^ private method
     |
    ::: src\rust\backend\isa\encoder.rs:35:5
     |
  35 |     fn pos(&self) -> u32 { self.code.len() as u32 }
     |     -------------------- private method defined here

error[E0624]: method `jcc` is private
    --> src\rust\backend\isa\stubs.rs:2199:9
     |
2199 |     enc.jcc(0x8E, &st_empty);
     |         ^^^ private method
     |
    ::: src\rust\backend\isa\encoder.rs:139:5
     |
 139 |     fn jcc(&mut self, cc: u8, lbl: &str) {
     |     ------------------------------------ private method defined here

error[E0624]: method `push` is private
    --> src\rust\backend\isa\stubs.rs:2201:9
     |
2201 |     enc.push(X86Reg::RCX);
     |         ^^^^ private method
     |
    ::: src\rust\backend\isa\encoder.rs:115:5
     |
 115 |     fn push(&mut self, reg: X86Reg) {
     |     ------------------------------- private method defined here

error[E0624]: method `push` is private
    --> src\rust\backend\isa\stubs.rs:2202:9
     |
2202 |     enc.push(X86Reg::RDI);
     |         ^^^^ private method
     |
    ::: src\rust\backend\isa\encoder.rs:115:5
     |
 115 |     fn push(&mut self, reg: X86Reg) {
     |     ------------------------------- private method defined here

error[E0624]: method `mov_rr` is private
    --> src\rust\backend\isa\stubs.rs:2203:9
     |
2203 |     enc.mov_rr(X86Reg::RCX, X86Reg::RCX);
     |         ^^^^^^ private method
     |
    ::: src\rust\backend\isa\encoder.rs:79:5
     |
  79 |     fn mov_rr(&mut self, dst: X86Reg, src: X86Reg) {
     |     ---------------------------------------------- private method defined here

error[E0624]: method `rex_w` is private
    --> src\rust\backend\isa\stubs.rs:2204:9
     |
2204 |     enc.rex_w(); enc.emit(&[0xFF, 0xC1]);    // inc rcx
     |         ^^^^^ private method
     |
    ::: src\rust\backend\isa\encoder.rs:51:5
     |
  51 |     fn rex_w(&mut self) { self.emit_u8(0x48); }
     |     ------------------- private method defined here

error[E0624]: method `emit` is private
    --> src\rust\backend\isa\stubs.rs:2204:22
     |
2204 |     enc.rex_w(); enc.emit(&[0xFF, 0xC1]);    // inc rcx
     |                      ^^^^ private method
     |
    ::: src\rust\backend\isa\encoder.rs:37:5
     |
  37 |     fn emit(&mut self, bytes: &[u8]) {
     |     -------------------------------- private method defined here

error[E0624]: method `call_label` is private
    --> src\rust\backend\isa\stubs.rs:2205:9
     |
2205 |     enc.call_label("__pyb_heap_alloc");
     |         ^^^^^^^^^^ private method
     |
    ::: src\rust\backend\isa\encoder.rs:145:5
     |
 145 |     fn call_label(&mut self, lbl: &str) {
     |     ----------------------------------- private method defined here

error[E0624]: method `mov_rr` is private
    --> src\rust\backend\isa\stubs.rs:2206:9
     |
2206 |     enc.mov_rr(X86Reg::RBX, X86Reg::RAX);   // RBX = result dst
     |         ^^^^^^ private method
     |
    ::: src\rust\backend\isa\encoder.rs:79:5
     |
  79 |     fn mov_rr(&mut self, dst: X86Reg, src: X86Reg) {
     |     ---------------------------------------------- private method defined here

error[E0624]: method `pop` is private
    --> src\rust\backend\isa\stubs.rs:2207:9
     |
2207 |     enc.pop(X86Reg::RDI);
     |         ^^^ private method
     |
    ::: src\rust\backend\isa\encoder.rs:120:5
     |
 120 |     fn pop(&mut self, reg: X86Reg) {
     |     ------------------------------ private method defined here

error[E0624]: method `pop` is private
    --> src\rust\backend\isa\stubs.rs:2208:9
     |
2208 |     enc.pop(X86Reg::RCX);
     |         ^^^ private method
     |
    ::: src\rust\backend\isa\encoder.rs:120:5
     |
 120 |     fn pop(&mut self, reg: X86Reg) {
     |     ------------------------------ private method defined here

error[E0624]: method `xor_rr` is private
    --> src\rust\backend\isa\stubs.rs:2210:9
     |
2210 |     enc.xor_rr(X86Reg::RDX);                // RDX = i=0
     |         ^^^^^^ private method
     |
    ::: src\rust\backend\isa\encoder.rs:109:5
     |
 109 |     fn xor_rr(&mut self, reg: X86Reg) {
     |     --------------------------------- private method defined here

error[E0624]: method `pos` is private
    --> src\rust\backend\isa\stubs.rs:2211:46
     |
2211 |     let st_cl = format!("__strip_cl_{}", enc.pos());
     |                                              ^^^ private method
     |
    ::: src\rust\backend\isa\encoder.rs:35:5
     |
  35 |     fn pos(&self) -> u32 { self.code.len() as u32 }
     |     -------------------- private method defined here

error[E0624]: method `pos` is private
    --> src\rust\backend\isa\stubs.rs:2212:46
     |
2212 |     let st_cd = format!("__strip_cd_{}", enc.pos());
     |                                              ^^^ private method
     |
    ::: src\rust\backend\isa\encoder.rs:35:5
     |
  35 |     fn pos(&self) -> u32 { self.code.len() as u32 }
     |     -------------------- private method defined here

error[E0624]: method `label` is private
    --> src\rust\backend\isa\stubs.rs:2213:9
     |
2213 |     enc.label(&st_cl);
     |         ^^^^^ private method
     |
    ::: src\rust\backend\isa\encoder.rs:129:5
     |
 129 |     fn label(&mut self, name: &str) {
     |     ------------------------------- private method defined here

error[E0624]: method `cmp_rr` is private
    --> src\rust\backend\isa\stubs.rs:2214:9
     |
2214 |     enc.cmp_rr(X86Reg::RDX, X86Reg::RCX);
     |         ^^^^^^ private method
     |
    ::: src\rust\backend\isa\encoder.rs:104:5
     |
 104 |     fn cmp_rr(&mut self, a: X86Reg, b: X86Reg) {
     |     ------------------------------------------ private method defined here

error[E0624]: method `jcc` is private
    --> src\rust\backend\isa\stubs.rs:2215:9
     |
2215 |     enc.jcc(0x8D, &st_cd);
     |         ^^^ private method
     |
    ::: src\rust\backend\isa\encoder.rs:139:5
     |
 139 |     fn jcc(&mut self, cc: u8, lbl: &str) {
     |     ------------------------------------ private method defined here

error[E0624]: method `mov_rr` is private
    --> src\rust\backend\isa\stubs.rs:2216:9
     |
2216 |     enc.mov_rr(X86Reg::RAX, X86Reg::RDI);
     |         ^^^^^^ private method
     |
    ::: src\rust\backend\isa\encoder.rs:79:5
     |
  79 |     fn mov_rr(&mut self, dst: X86Reg, src: X86Reg) {
     |     ---------------------------------------------- private method defined here

error[E0624]: method `add_rr` is private
    --> src\rust\backend\isa\stubs.rs:2217:9
     |
2217 |     enc.add_rr(X86Reg::RAX, X86Reg::RDX);
     |         ^^^^^^ private method
     |
    ::: src\rust\backend\isa\encoder.rs:84:5
     |
  84 |     fn add_rr(&mut self, dst: X86Reg, src: X86Reg) {
     |     ---------------------------------------------- private method defined here

error[E0624]: method `emit` is private
    --> src\rust\backend\isa\stubs.rs:2218:9
     |
2218 |     enc.emit(&[0x44, 0x0F, 0xB6, 0x04, 0x06]); // movzx r8d, [rsi+rax]
     |         ^^^^ private method
     |
    ::: src\rust\backend\isa\encoder.rs:37:5
     |
  37 |     fn emit(&mut self, bytes: &[u8]) {
     |     -------------------------------- private method defined here

error[E0624]: method `emit` is private
    --> src\rust\backend\isa\stubs.rs:2219:9
     |
2219 |     enc.emit(&[0x44, 0x88, 0x04, 0x13]);   // mov [rbx+rdx], r8b
     |         ^^^^ private method
     |
    ::: src\rust\backend\isa\encoder.rs:37:5
     |
  37 |     fn emit(&mut self, bytes: &[u8]) {
     |     -------------------------------- private method defined here

error[E0624]: method `rex_w` is private
    --> src\rust\backend\isa\stubs.rs:2220:9
     |
2220 |     enc.rex_w(); enc.emit(&[0xFF, 0xC2]);
     |         ^^^^^ private method
     |
    ::: src\rust\backend\isa\encoder.rs:51:5
     |
  51 |     fn rex_w(&mut self) { self.emit_u8(0x48); }
     |     ------------------- private method defined here

error[E0624]: method `emit` is private
    --> src\rust\backend\isa\stubs.rs:2220:22
     |
2220 |     enc.rex_w(); enc.emit(&[0xFF, 0xC2]);
     |                      ^^^^ private method
     |
    ::: src\rust\backend\isa\encoder.rs:37:5
     |
  37 |     fn emit(&mut self, bytes: &[u8]) {
     |     -------------------------------- private method defined here

error[E0624]: method `jmp` is private
    --> src\rust\backend\isa\stubs.rs:2221:9
     |
2221 |     enc.jmp(&st_cl);
     |         ^^^ private method
     |
    ::: src\rust\backend\isa\encoder.rs:133:5
     |
 133 |     fn jmp(&mut self, lbl: &str) {
     |     ---------------------------- private method defined here

error[E0624]: method `label` is private
    --> src\rust\backend\isa\stubs.rs:2222:9
     |
2222 |     enc.label(&st_cd);
     |         ^^^^^ private method
     |
    ::: src\rust\backend\isa\encoder.rs:129:5
     |
 129 |     fn label(&mut self, name: &str) {
     |     ------------------------------- private method defined here

error[E0624]: method `emit` is private
    --> src\rust\backend\isa\stubs.rs:2223:9
     |
2223 |     enc.emit(&[0xC6, 0x04, 0x0B, 0x00]);   // mov byte [rbx+rcx], 0
     |         ^^^^ private method
     |
    ::: src\rust\backend\isa\encoder.rs:37:5
     |
  37 |     fn emit(&mut self, bytes: &[u8]) {
     |     -------------------------------- private method defined here

error[E0624]: method `mov_rr` is private
    --> src\rust\backend\isa\stubs.rs:2224:9
     |
2224 |     enc.mov_rr(X86Reg::RAX, X86Reg::RBX);
     |         ^^^^^^ private method
     |
    ::: src\rust\backend\isa\encoder.rs:79:5
     |
  79 |     fn mov_rr(&mut self, dst: X86Reg, src: X86Reg) {
     |     ---------------------------------------------- private method defined here

error[E0624]: method `jmp` is private
    --> src\rust\backend\isa\stubs.rs:2225:9
     |
2225 |     enc.jmp(&st_done);
     |         ^^^ private method
     |
    ::: src\rust\backend\isa\encoder.rs:133:5
     |
 133 |     fn jmp(&mut self, lbl: &str) {
     |     ---------------------------- private method defined here

error[E0624]: method `label` is private
    --> src\rust\backend\isa\stubs.rs:2226:9
     |
2226 |     enc.label(&st_empty);
     |         ^^^^^ private method
     |
    ::: src\rust\backend\isa\encoder.rs:129:5
     |
 129 |     fn label(&mut self, name: &str) {
     |     ------------------------------- private method defined here

error[E0624]: method `mov_imm64` is private
    --> src\rust\backend\isa\stubs.rs:2227:9
     |
2227 |     enc.mov_imm64(X86Reg::RCX, 1);
     |         ^^^^^^^^^ private method
     |
    ::: src\rust\backend\isa\encoder.rs:70:5
     |
  70 |     fn mov_imm64(&mut self, reg: X86Reg, val: i64) {
     |     ---------------------------------------------- private method defined here

error[E0624]: method `call_label` is private
    --> src\rust\backend\isa\stubs.rs:2228:9
     |
2228 |     enc.call_label("__pyb_heap_alloc");
     |         ^^^^^^^^^^ private method
     |
    ::: src\rust\backend\isa\encoder.rs:145:5
     |
 145 |     fn call_label(&mut self, lbl: &str) {
     |     ----------------------------------- private method defined here

error[E0624]: method `emit` is private
    --> src\rust\backend\isa\stubs.rs:2229:9
     |
2229 |     enc.emit(&[0xC6, 0x00, 0x00]);
     |         ^^^^ private method
     |
    ::: src\rust\backend\isa\encoder.rs:37:5
     |
  37 |     fn emit(&mut self, bytes: &[u8]) {
     |     -------------------------------- private method defined here

error[E0624]: method `label` is private
    --> src\rust\backend\isa\stubs.rs:2230:9
     |
2230 |     enc.label(&st_done);
     |         ^^^^^ private method
     |
    ::: src\rust\backend\isa\encoder.rs:129:5
     |
 129 |     fn label(&mut self, name: &str) {
     |     ------------------------------- private method defined here

error[E0624]: method `add_rsp` is private
    --> src\rust\backend\isa\stubs.rs:2231:9
     |
2231 |     enc.add_rsp(32);
     |         ^^^^^^^ private method
     |
    ::: src\rust\backend\isa\encoder.rs:126:5
     |
 126 |     fn add_rsp(&mut self, val: u8) { self.rex_w(); self.emit(&[0x83, 0xC4, val]); }
     |     ------------------------------ private method defined here

error[E0624]: method `pop` is private
    --> src\rust\backend\isa\stubs.rs:2232:9
     |
2232 |     enc.pop(X86Reg::R13);
     |         ^^^ private method
     |
    ::: src\rust\backend\isa\encoder.rs:120:5
     |
 120 |     fn pop(&mut self, reg: X86Reg) {
     |     ------------------------------ private method defined here

error[E0624]: method `pop` is private
    --> src\rust\backend\isa\stubs.rs:2233:9
     |
2233 |     enc.pop(X86Reg::R12);
     |         ^^^ private method
     |
    ::: src\rust\backend\isa\encoder.rs:120:5
     |
 120 |     fn pop(&mut self, reg: X86Reg) {
     |     ------------------------------ private method defined here

error[E0624]: method `pop` is private
    --> src\rust\backend\isa\stubs.rs:2234:9
     |
2234 |     enc.pop(X86Reg::RDI);
     |         ^^^ private method
     |
    ::: src\rust\backend\isa\encoder.rs:120:5
     |
 120 |     fn pop(&mut self, reg: X86Reg) {
     |     ------------------------------ private method defined here

error[E0624]: method `pop` is private
    --> src\rust\backend\isa\stubs.rs:2235:9
     |
2235 |     enc.pop(X86Reg::RSI);
     |         ^^^ private method
     |
    ::: src\rust\backend\isa\encoder.rs:120:5
     |
 120 |     fn pop(&mut self, reg: X86Reg) {
     |     ------------------------------ private method defined here

error[E0624]: method `pop` is private
    --> src\rust\backend\isa\stubs.rs:2236:9
     |
2236 |     enc.pop(X86Reg::RBX);
     |         ^^^ private method
     |
    ::: src\rust\backend\isa\encoder.rs:120:5
     |
 120 |     fn pop(&mut self, reg: X86Reg) {
     |     ------------------------------ private method defined here

error[E0624]: method `ret` is private
    --> src\rust\backend\isa\stubs.rs:2237:9
     |
2237 |     enc.ret();
     |         ^^^ private method
     |
    ::: src\rust\backend\isa\encoder.rs:127:5
     |
 127 |     fn ret(&mut self) { self.emit_u8(0xC3); }
     |     ----------------- private method defined here

error[E0624]: method `label` is private
    --> src\rust\backend\isa\stubs.rs:2240:9
     |
2240 |     enc.label("__pyb_str_split");
     |         ^^^^^ private method
     |
    ::: src\rust\backend\isa\encoder.rs:129:5
     |
 129 |     fn label(&mut self, name: &str) {
     |     ------------------------------- private method defined here

error[E0624]: method `push` is private
    --> src\rust\backend\isa\stubs.rs:2241:9
     |
2241 |     enc.push(X86Reg::RBX);
     |         ^^^^ private method
     |
    ::: src\rust\backend\isa\encoder.rs:115:5
     |
 115 |     fn push(&mut self, reg: X86Reg) {
     |     ------------------------------- private method defined here

error[E0624]: method `push` is private
    --> src\rust\backend\isa\stubs.rs:2242:9
     |
2242 |     enc.push(X86Reg::RSI);
     |         ^^^^ private method
     |
    ::: src\rust\backend\isa\encoder.rs:115:5
     |
 115 |     fn push(&mut self, reg: X86Reg) {
     |     ------------------------------- private method defined here

error[E0624]: method `push` is private
    --> src\rust\backend\isa\stubs.rs:2243:9
     |
2243 |     enc.push(X86Reg::RDI);
     |         ^^^^ private method
     |
    ::: src\rust\backend\isa\encoder.rs:115:5
     |
 115 |     fn push(&mut self, reg: X86Reg) {
     |     ------------------------------- private method defined here

error[E0624]: method `push` is private
    --> src\rust\backend\isa\stubs.rs:2244:9
     |
2244 |     enc.push(X86Reg::R12);
     |         ^^^^ private method
     |
    ::: src\rust\backend\isa\encoder.rs:115:5
     |
 115 |     fn push(&mut self, reg: X86Reg) {
     |     ------------------------------- private method defined here

error[E0624]: method `push` is private
    --> src\rust\backend\isa\stubs.rs:2245:9
     |
2245 |     enc.push(X86Reg::R13);
     |         ^^^^ private method
     |
    ::: src\rust\backend\isa\encoder.rs:115:5
     |
 115 |     fn push(&mut self, reg: X86Reg) {
     |     ------------------------------- private method defined here

error[E0624]: method `push` is private
    --> src\rust\backend\isa\stubs.rs:2246:9
     |
2246 |     enc.push(X86Reg::R14);
     |         ^^^^ private method
     |
    ::: src\rust\backend\isa\encoder.rs:115:5
     |
 115 |     fn push(&mut self, reg: X86Reg) {
     |     ------------------------------- private method defined here

error[E0624]: method `sub_rsp` is private
    --> src\rust\backend\isa\stubs.rs:2247:9
     |
2247 |     enc.sub_rsp(48);
     |         ^^^^^^^ private method
     |
    ::: src\rust\backend\isa\encoder.rs:125:5
     |
 125 |     fn sub_rsp(&mut self, val: u8) { self.rex_w(); self.emit(&[0x83, 0xEC, val]); }
     |     ------------------------------ private method defined here

error[E0624]: method `mov_rr` is private
    --> src\rust\backend\isa\stubs.rs:2248:9
     |
2248 |     enc.mov_rr(X86Reg::RSI, X86Reg::RCX);  // RSI = str
     |         ^^^^^^ private method
     |
    ::: src\rust\backend\isa\encoder.rs:79:5
     |
  79 |     fn mov_rr(&mut self, dst: X86Reg, src: X86Reg) {
     |     ---------------------------------------------- private method defined here

error[E0624]: method `mov_rr` is private
    --> src\rust\backend\isa\stubs.rs:2249:9
     |
2249 |     enc.mov_rr(X86Reg::RDI, X86Reg::RDX);  // RDI = sep
     |         ^^^^^^ private method
     |
    ::: src\rust\backend\isa\encoder.rs:79:5
     |
  79 |     fn mov_rr(&mut self, dst: X86Reg, src: X86Reg) {
     |     ---------------------------------------------- private method defined here

error[E0624]: method `mov_rr` is private
    --> src\rust\backend\isa\stubs.rs:2251:9
     |
2251 |     enc.mov_rr(X86Reg::RCX, X86Reg::RDI);
     |         ^^^^^^ private method
     |
    ::: src\rust\backend\isa\encoder.rs:79:5
     |
  79 |     fn mov_rr(&mut self, dst: X86Reg, src: X86Reg) {
     |     ---------------------------------------------- private method defined here

error[E0624]: method `call_label` is private
    --> src\rust\backend\isa\stubs.rs:2252:9
     |
2252 |     enc.call_label("__pyb_str_len");
     |         ^^^^^^^^^^ private method
     |
    ::: src\rust\backend\isa\encoder.rs:145:5
     |
 145 |     fn call_label(&mut self, lbl: &str) {
     |     ----------------------------------- private method defined here

error[E0624]: method `mov_rr` is private
    --> src\rust\backend\isa\stubs.rs:2253:9
     |
2253 |     enc.mov_rr(X86Reg::R14, X86Reg::RAX);  // R14 = sep_len
     |         ^^^^^^ private method
     |
    ::: src\rust\backend\isa\encoder.rs:79:5
     |
  79 |     fn mov_rr(&mut self, dst: X86Reg, src: X86Reg) {
     |     ---------------------------------------------- private method defined here

error[E0624]: method `call_label` is private
    --> src\rust\backend\isa\stubs.rs:2255:9
     |
2255 |     enc.call_label("__pyb_list_new");
     |         ^^^^^^^^^^ private method
     |
    ::: src\rust\backend\isa\encoder.rs:145:5
     |
 145 |     fn call_label(&mut self, lbl: &str) {
     |     ----------------------------------- private method defined here

error[E0624]: method `mov_rr` is private
    --> src\rust\backend\isa\stubs.rs:2256:9
     |
2256 |     enc.mov_rr(X86Reg::R12, X86Reg::RAX);  // R12 = result list
     |         ^^^^^^ private method
     |
    ::: src\rust\backend\isa\encoder.rs:79:5
     |
  79 |     fn mov_rr(&mut self, dst: X86Reg, src: X86Reg) {
     |     ---------------------------------------------- private method defined here

error[E0624]: method `xor_rr` is private
    --> src\rust\backend\isa\stubs.rs:2257:9
     |
2257 |     enc.xor_rr(X86Reg::R13);               // R13 = start = 0 (current token start)
     |         ^^^^^^ private method
     |
    ::: src\rust\backend\isa\encoder.rs:109:5
     |
 109 |     fn xor_rr(&mut self, reg: X86Reg) {
     |     --------------------------------- private method defined here

error[E0624]: method `xor_rr` is private
    --> src\rust\backend\isa\stubs.rs:2258:9
     |
2258 |     enc.xor_rr(X86Reg::RBX);               // RBX = i = 0 (scan position)
     |         ^^^^^^ private method
     |
    ::: src\rust\backend\isa\encoder.rs:109:5
     |
 109 |     fn xor_rr(&mut self, reg: X86Reg) {
     |     --------------------------------- private method defined here

error[E0624]: method `mov_rr` is private
    --> src\rust\backend\isa\stubs.rs:2260:9
     |
2260 |     enc.mov_rr(X86Reg::RCX, X86Reg::RSI);
     |         ^^^^^^ private method
     |
    ::: src\rust\backend\isa\encoder.rs:79:5
     |
  79 |     fn mov_rr(&mut self, dst: X86Reg, src: X86Reg) {
     |     ---------------------------------------------- private method defined here

error[E0624]: method `call_label` is private
    --> src\rust\backend\isa\stubs.rs:2261:9
     |
2261 |     enc.call_label("__pyb_str_len");
     |         ^^^^^^^^^^ private method
     |
    ::: src\rust\backend\isa\encoder.rs:145:5
     |
 145 |     fn call_label(&mut self, lbl: &str) {
     |     ----------------------------------- private method defined here

error[E0624]: method `emit` is private
    --> src\rust\backend\isa\stubs.rs:2262:9
     |
2262 |     enc.emit(&[0x48, 0x89, 0x44, 0x24, 0x20]); // MOV [RSP+32], RAX = str_len
     |         ^^^^ private method
     |
    ::: src\rust\backend\isa\encoder.rs:37:5
     |
  37 |     fn emit(&mut self, bytes: &[u8]) {
     |     -------------------------------- private method defined here

error[E0624]: method `pos` is private
    --> src\rust\backend\isa\stubs.rs:2264:49
     |
2264 |     let spl_loop = format!("__spl_loop_{}", enc.pos());
     |                                                 ^^^ private method
     |
    ::: src\rust\backend\isa\encoder.rs:35:5
     |
  35 |     fn pos(&self) -> u32 { self.code.len() as u32 }
     |     -------------------- private method defined here

error[E0624]: method `pos` is private
    --> src\rust\backend\isa\stubs.rs:2265:49
     |
2265 |     let spl_done = format!("__spl_done_{}", enc.pos());
     |                                                 ^^^ private method
     |
    ::: src\rust\backend\isa\encoder.rs:35:5
     |
  35 |     fn pos(&self) -> u32 { self.code.len() as u32 }
     |     -------------------- private method defined here

error[E0624]: method `pos` is private
    --> src\rust\backend\isa\stubs.rs:2266:55
     |
2266 |     let spl_nomatch = format!("__spl_nomatch_{}", enc.pos());
     |                                                       ^^^ private method
     |
    ::: src\rust\backend\isa\encoder.rs:35:5
     |
  35 |     fn pos(&self) -> u32 { self.code.len() as u32 }
     |     -------------------- private method defined here

error[E0624]: method `label` is private
    --> src\rust\backend\isa\stubs.rs:2267:9
     |
2267 |     enc.label(&spl_loop);
     |         ^^^^^ private method
     |
    ::: src\rust\backend\isa\encoder.rs:129:5
     |
 129 |     fn label(&mut self, name: &str) {
     |     ------------------------------- private method defined here

error[E0624]: method `emit` is private
    --> src\rust\backend\isa\stubs.rs:2269:9
     |
2269 |     enc.emit(&[0x48, 0x8B, 0x44, 0x24, 0x20]); // MOV RAX, [RSP+32] = str_len
     |         ^^^^ private method
     |
    ::: src\rust\backend\isa\encoder.rs:37:5
     |
  37 |     fn emit(&mut self, bytes: &[u8]) {
     |     -------------------------------- private method defined here

error[E0624]: method `sub_rr` is private
    --> src\rust\backend\isa\stubs.rs:2270:9
     |
2270 |     enc.sub_rr(X86Reg::RAX, X86Reg::R14);       // RAX = str_len - sep_len
     |         ^^^^^^ private method
     |
    ::: src\rust\backend\isa\encoder.rs:89:5
     |
  89 |     fn sub_rr(&mut self, dst: X86Reg, src: X86Reg) {
     |     ---------------------------------------------- private method defined here

error[E0624]: method `cmp_rr` is private
    --> src\rust\backend\isa\stubs.rs:2271:9
     |
2271 |     enc.cmp_rr(X86Reg::RBX, X86Reg::RAX);
     |         ^^^^^^ private method
     |
    ::: src\rust\backend\isa\encoder.rs:104:5
     |
 104 |     fn cmp_rr(&mut self, a: X86Reg, b: X86Reg) {
     |     ------------------------------------------ private method defined here

error[E0624]: method `jcc` is private
    --> src\rust\backend\isa\stubs.rs:2272:9
     |
2272 |     enc.jcc(0x8F, &spl_done);                    // JG ÔåÆ done scanning
     |         ^^^ private method
     |
    ::: src\rust\backend\isa\encoder.rs:139:5
     |
 139 |     fn jcc(&mut self, cc: u8, lbl: &str) {
     |     ------------------------------------ private method defined here

error[E0624]: method `xor_rr` is private
    --> src\rust\backend\isa\stubs.rs:2275:9
     |
2275 |     enc.xor_rr(X86Reg::RCX);                    // j = 0
     |         ^^^^^^ private method
     |
    ::: src\rust\backend\isa\encoder.rs:109:5
     |
 109 |     fn xor_rr(&mut self, reg: X86Reg) {
     |     --------------------------------- private method defined here

error[E0624]: method `pos` is private
    --> src\rust\backend\isa\stubs.rs:2276:47
     |
2276 |     let spl_cmp = format!("__spl_cmp_{}", enc.pos());
     |                                               ^^^ private method
     |
    ::: src\rust\backend\isa\encoder.rs:35:5
     |
  35 |     fn pos(&self) -> u32 { self.code.len() as u32 }
     |     -------------------- private method defined here

error[E0624]: method `pos` is private
    --> src\rust\backend\isa\stubs.rs:2277:51
     |
2277 |     let spl_match = format!("__spl_match_{}", enc.pos());
     |                                                   ^^^ private method
     |
    ::: src\rust\backend\isa\encoder.rs:35:5
     |
  35 |     fn pos(&self) -> u32 { self.code.len() as u32 }
     |     -------------------- private method defined here

error[E0624]: method `label` is private
    --> src\rust\backend\isa\stubs.rs:2278:9
     |
2278 |     enc.label(&spl_cmp);
     |         ^^^^^ private method
     |
    ::: src\rust\backend\isa\encoder.rs:129:5
     |
 129 |     fn label(&mut self, name: &str) {
     |     ------------------------------- private method defined here

error[E0624]: method `cmp_rr` is private
    --> src\rust\backend\isa\stubs.rs:2279:9
     |
2279 |     enc.cmp_rr(X86Reg::RCX, X86Reg::R14);
     |         ^^^^^^ private method
     |
    ::: src\rust\backend\isa\encoder.rs:104:5
     |
 104 |     fn cmp_rr(&mut self, a: X86Reg, b: X86Reg) {
     |     ------------------------------------------ private method defined here

error[E0624]: method `jcc` is private
    --> src\rust\backend\isa\stubs.rs:2280:9
     |
2280 |     enc.jcc(0x8D, &spl_match);                   // JGE ÔåÆ full match
     |         ^^^ private method
     |
    ::: src\rust\backend\isa\encoder.rs:139:5
     |
 139 |     fn jcc(&mut self, cc: u8, lbl: &str) {
     |     ------------------------------------ private method defined here

error[E0624]: method `mov_rr` is private
    --> src\rust\backend\isa\stubs.rs:2281:9
     |
2281 |     enc.mov_rr(X86Reg::RAX, X86Reg::RBX);
     |         ^^^^^^ private method
     |
    ::: src\rust\backend\isa\encoder.rs:79:5
     |
  79 |     fn mov_rr(&mut self, dst: X86Reg, src: X86Reg) {
     |     ---------------------------------------------- private method defined here

error[E0624]: method `add_rr` is private
    --> src\rust\backend\isa\stubs.rs:2282:9
     |
2282 |     enc.add_rr(X86Reg::RAX, X86Reg::RCX);
     |         ^^^^^^ private method
     |
    ::: src\rust\backend\isa\encoder.rs:84:5
     |
  84 |     fn add_rr(&mut self, dst: X86Reg, src: X86Reg) {
     |     ---------------------------------------------- private method defined here

error[E0624]: method `emit` is private
    --> src\rust\backend\isa\stubs.rs:2283:9
     |
2283 |     enc.emit(&[0x0F, 0xB6, 0x14, 0x06]);         // MOVZX EDX, [RSI+RAX]
     |         ^^^^ private method
     |
    ::: src\rust\backend\isa\encoder.rs:37:5
     |
  37 |     fn emit(&mut self, bytes: &[u8]) {
     |     -------------------------------- private method defined here

error[E0624]: method `emit` is private
    --> src\rust\backend\isa\stubs.rs:2284:9
     |
2284 |     enc.emit(&[0x0F, 0xB6, 0x04, 0x0F]);         // MOVZX EAX, [RDI+RCX]
     |         ^^^^ private method
     |
    ::: src\rust\backend\isa\encoder.rs:37:5
     |
  37 |     fn emit(&mut self, bytes: &[u8]) {
     |     -------------------------------- private method defined here

error[E0624]: method `emit` is private
    --> src\rust\backend\isa\stubs.rs:2285:9
     |
2285 |     enc.emit(&[0x39, 0xC2]);                     // CMP EDX, EAX
     |         ^^^^ private method
     |
    ::: src\rust\backend\isa\encoder.rs:37:5
     |
  37 |     fn emit(&mut self, bytes: &[u8]) {
     |     -------------------------------- private method defined here

error[E0624]: method `jcc` is private
    --> src\rust\backend\isa\stubs.rs:2286:9
     |
2286 |     enc.jcc(0x85, &spl_nomatch);                  // JNE ÔåÆ no match
     |         ^^^ private method
     |
    ::: src\rust\backend\isa\encoder.rs:139:5
     |
 139 |     fn jcc(&mut self, cc: u8, lbl: &str) {
     |     ------------------------------------ private method defined here

error[E0624]: method `rex_w` is private
    --> src\rust\backend\isa\stubs.rs:2287:9
     |
2287 |     enc.rex_w(); enc.emit(&[0xFF, 0xC1]);         // INC RCX
     |         ^^^^^ private method
     |
    ::: src\rust\backend\isa\encoder.rs:51:5
     |
  51 |     fn rex_w(&mut self) { self.emit_u8(0x48); }
     |     ------------------- private method defined here

error[E0624]: method `emit` is private
    --> src\rust\backend\isa\stubs.rs:2287:22
     |
2287 |     enc.rex_w(); enc.emit(&[0xFF, 0xC1]);         // INC RCX
     |                      ^^^^ private method
     |
    ::: src\rust\backend\isa\encoder.rs:37:5
     |
  37 |     fn emit(&mut self, bytes: &[u8]) {
     |     -------------------------------- private method defined here

error[E0624]: method `jmp` is private
    --> src\rust\backend\isa\stubs.rs:2288:9
     |
2288 |     enc.jmp(&spl_cmp);
     |         ^^^ private method
     |
    ::: src\rust\backend\isa\encoder.rs:133:5
     |
 133 |     fn jmp(&mut self, lbl: &str) {
     |     ---------------------------- private method defined here

error[E0624]: method `label` is private
    --> src\rust\backend\isa\stubs.rs:2290:9
     |
2290 |     enc.label(&spl_match);
     |         ^^^^^ private method
     |
    ::: src\rust\backend\isa\encoder.rs:129:5
     |
 129 |     fn label(&mut self, name: &str) {
     |     ------------------------------- private method defined here

error[E0624]: method `mov_rr` is private
    --> src\rust\backend\isa\stubs.rs:2293:9
     |
2293 |     enc.mov_rr(X86Reg::RCX, X86Reg::RBX);
     |         ^^^^^^ private method
     |
    ::: src\rust\backend\isa\encoder.rs:79:5
     |
  79 |     fn mov_rr(&mut self, dst: X86Reg, src: X86Reg) {
     |     ---------------------------------------------- private method defined here

error[E0624]: method `sub_rr` is private
    --> src\rust\backend\isa\stubs.rs:2294:9
     |
2294 |     enc.sub_rr(X86Reg::RCX, X86Reg::R13);       // RCX = token_len
     |         ^^^^^^ private method
     |
    ::: src\rust\backend\isa\encoder.rs:89:5
     |
  89 |     fn sub_rr(&mut self, dst: X86Reg, src: X86Reg) {
     |     ---------------------------------------------- private method defined here

error[E0624]: method `push` is private
    --> src\rust\backend\isa\stubs.rs:2295:9
     |
2295 |     enc.push(X86Reg::RBX);
     |         ^^^^ private method
     |
    ::: src\rust\backend\isa\encoder.rs:115:5
     |
 115 |     fn push(&mut self, reg: X86Reg) {
     |     ------------------------------- private method defined here

error[E0624]: method `push` is private
    --> src\rust\backend\isa\stubs.rs:2296:9
     |
2296 |     enc.push(X86Reg::RCX);
     |         ^^^^ private method
     |
    ::: src\rust\backend\isa\encoder.rs:115:5
     |
 115 |     fn push(&mut self, reg: X86Reg) {
     |     ------------------------------- private method defined here

error[E0624]: method `rex_w` is private
    --> src\rust\backend\isa\stubs.rs:2298:9
     |
2298 |     enc.rex_w(); enc.emit(&[0xFF, 0xC1]);         // INC RCX
     |         ^^^^^ private method
     |
    ::: src\rust\backend\isa\encoder.rs:51:5
     |
  51 |     fn rex_w(&mut self) { self.emit_u8(0x48); }
     |     ------------------- private method defined here

error[E0624]: method `emit` is private
    --> src\rust\backend\isa\stubs.rs:2298:22
     |
2298 |     enc.rex_w(); enc.emit(&[0xFF, 0xC1]);         // INC RCX
     |                      ^^^^ private method
     |
    ::: src\rust\backend\isa\encoder.rs:37:5
     |
  37 |     fn emit(&mut self, bytes: &[u8]) {
     |     -------------------------------- private method defined here

error[E0624]: method `call_label` is private
    --> src\rust\backend\isa\stubs.rs:2299:9
     |
2299 |     enc.call_label("__pyb_heap_alloc");
     |         ^^^^^^^^^^ private method
     |
    ::: src\rust\backend\isa\encoder.rs:145:5
     |
 145 |     fn call_label(&mut self, lbl: &str) {
     |     ----------------------------------- private method defined here

error[E0624]: method `pop` is private
    --> src\rust\backend\isa\stubs.rs:2300:9
     |
2300 |     enc.pop(X86Reg::RCX);
     |         ^^^ private method
     |
    ::: src\rust\backend\isa\encoder.rs:120:5
     |
 120 |     fn pop(&mut self, reg: X86Reg) {
     |     ------------------------------ private method defined here

error[E0624]: method `pop` is private
    --> src\rust\backend\isa\stubs.rs:2301:9
     |
2301 |     enc.pop(X86Reg::RBX);
     |         ^^^ private method
     |
    ::: src\rust\backend\isa\encoder.rs:120:5
     |
 120 |     fn pop(&mut self, reg: X86Reg) {
     |     ------------------------------ private method defined here

error[E0624]: method `push` is private
    --> src\rust\backend\isa\stubs.rs:2303:9
     |
2303 |     enc.push(X86Reg::RBX);
     |         ^^^^ private method
     |
    ::: src\rust\backend\isa\encoder.rs:115:5
     |
 115 |     fn push(&mut self, reg: X86Reg) {
     |     ------------------------------- private method defined here

error[E0624]: method `push` is private
    --> src\rust\backend\isa\stubs.rs:2304:9
     |
2304 |     enc.push(X86Reg::RCX);
     |         ^^^^ private method
     |
    ::: src\rust\backend\isa\encoder.rs:115:5
     |
 115 |     fn push(&mut self, reg: X86Reg) {
     |     ------------------------------- private method defined here

error[E0624]: method `mov_rr` is private
    --> src\rust\backend\isa\stubs.rs:2305:9
     |
2305 |     enc.mov_rr(X86Reg::RDX, X86Reg::RAX);        // RDX = dest
     |         ^^^^^^ private method
     |
    ::: src\rust\backend\isa\encoder.rs:79:5
     |
  79 |     fn mov_rr(&mut self, dst: X86Reg, src: X86Reg) {
     |     ---------------------------------------------- private method defined here

error[E0624]: method `xor_rr` is private
    --> src\rust\backend\isa\stubs.rs:2306:9
     |
2306 |     enc.xor_rr(X86Reg::RAX);                     // k = 0
     |         ^^^^^^ private method
     |
    ::: src\rust\backend\isa\encoder.rs:109:5
     |
 109 |     fn xor_rr(&mut self, reg: X86Reg) {
     |     --------------------------------- private method defined here

error[E0624]: method `pos` is private
    --> src\rust\backend\isa\stubs.rs:2307:47
     |
2307 |     let spl_cpy = format!("__spl_cpy_{}", enc.pos());
     |                                               ^^^ private method
     |
    ::: src\rust\backend\isa\encoder.rs:35:5
     |
  35 |     fn pos(&self) -> u32 { self.code.len() as u32 }
     |     -------------------- private method defined here

error[E0624]: method `pos` is private
    --> src\rust\backend\isa\stubs.rs:2308:47
     |
2308 |     let spl_cpd = format!("__spl_cpd_{}", enc.pos());
     |                                               ^^^ private method
     |
    ::: src\rust\backend\isa\encoder.rs:35:5
     |
  35 |     fn pos(&self) -> u32 { self.code.len() as u32 }
     |     -------------------- private method defined here

error[E0624]: method `label` is private
    --> src\rust\backend\isa\stubs.rs:2309:9
     |
2309 |     enc.label(&spl_cpy);
     |         ^^^^^ private method
     |
    ::: src\rust\backend\isa\encoder.rs:129:5
     |
 129 |     fn label(&mut self, name: &str) {
     |     ------------------------------- private method defined here

error[E0624]: method `cmp_rr` is private
    --> src\rust\backend\isa\stubs.rs:2310:9
     |
2310 |     enc.cmp_rr(X86Reg::RAX, X86Reg::RCX);
     |         ^^^^^^ private method
     |
    ::: src\rust\backend\isa\encoder.rs:104:5
     |
 104 |     fn cmp_rr(&mut self, a: X86Reg, b: X86Reg) {
     |     ------------------------------------------ private method defined here

error[E0624]: method `jcc` is private
    --> src\rust\backend\isa\stubs.rs:2311:9
     |
2311 |     enc.jcc(0x8D, &spl_cpd);
     |         ^^^ private method
     |
    ::: src\rust\backend\isa\encoder.rs:139:5
     |
 139 |     fn jcc(&mut self, cc: u8, lbl: &str) {
     |     ------------------------------------ private method defined here

error[E0624]: method `push` is private
    --> src\rust\backend\isa\stubs.rs:2312:9
     |
2312 |     enc.push(X86Reg::RAX);
     |         ^^^^ private method
     |
    ::: src\rust\backend\isa\encoder.rs:115:5
     |
 115 |     fn push(&mut self, reg: X86Reg) {
     |     ------------------------------- private method defined here

error[E0624]: method `add_rr` is private
    --> src\rust\backend\isa\stubs.rs:2313:9
     |
2313 |     enc.add_rr(X86Reg::RAX, X86Reg::R13);
     |         ^^^^^^ private method
     |
    ::: src\rust\backend\isa\encoder.rs:84:5
     |
  84 |     fn add_rr(&mut self, dst: X86Reg, src: X86Reg) {
     |     ---------------------------------------------- private method defined here

error[E0624]: method `emit` is private
    --> src\rust\backend\isa\stubs.rs:2314:9
     |
2314 |     enc.emit(&[0x44, 0x0F, 0xB6, 0x04, 0x06]); // MOVZX R8D, [RSI+RAX]
     |         ^^^^ private method
     |
    ::: src\rust\backend\isa\encoder.rs:37:5
     |
  37 |     fn emit(&mut self, bytes: &[u8]) {
     |     -------------------------------- private method defined here

error[E0624]: method `pop` is private
    --> src\rust\backend\isa\stubs.rs:2315:9
     |
2315 |     enc.pop(X86Reg::RAX);
     |         ^^^ private method
     |
    ::: src\rust\backend\isa\encoder.rs:120:5
     |
 120 |     fn pop(&mut self, reg: X86Reg) {
     |     ------------------------------ private method defined here

error[E0624]: method `emit` is private
    --> src\rust\backend\isa\stubs.rs:2316:9
     |
2316 |     enc.emit(&[0x44, 0x88, 0x04, 0x02]);         // MOV [RDX+RAX], R8B
     |         ^^^^ private method
     |
    ::: src\rust\backend\isa\encoder.rs:37:5
     |
  37 |     fn emit(&mut self, bytes: &[u8]) {
     |     -------------------------------- private method defined here

error[E0624]: method `rex_w` is private
    --> src\rust\backend\isa\stubs.rs:2317:9
     |
2317 |     enc.rex_w(); enc.emit(&[0xFF, 0xC0]);
     |         ^^^^^ private method
     |
    ::: src\rust\backend\isa\encoder.rs:51:5
     |
  51 |     fn rex_w(&mut self) { self.emit_u8(0x48); }
     |     ------------------- private method defined here

error[E0624]: method `emit` is private
    --> src\rust\backend\isa\stubs.rs:2317:22
     |
2317 |     enc.rex_w(); enc.emit(&[0xFF, 0xC0]);
     |                      ^^^^ private method
     |
    ::: src\rust\backend\isa\encoder.rs:37:5
     |
  37 |     fn emit(&mut self, bytes: &[u8]) {
     |     -------------------------------- private method defined here

error[E0624]: method `jmp` is private
    --> src\rust\backend\isa\stubs.rs:2318:9
     |
2318 |     enc.jmp(&spl_cpy);
     |         ^^^ private method
     |
    ::: src\rust\backend\isa\encoder.rs:133:5
     |
 133 |     fn jmp(&mut self, lbl: &str) {
     |     ---------------------------- private method defined here

error[E0624]: method `label` is private
    --> src\rust\backend\isa\stubs.rs:2319:9
     |
2319 |     enc.label(&spl_cpd);
     |         ^^^^^ private method
     |
    ::: src\rust\backend\isa\encoder.rs:129:5
     |
 129 |     fn label(&mut self, name: &str) {
     |     ------------------------------- private method defined here

error[E0624]: method `emit` is private
    --> src\rust\backend\isa\stubs.rs:2321:9
     |
2321 |     enc.emit(&[0xC6, 0x04, 0x0A, 0x00]);         // MOV byte [RDX+RCX], 0
     |         ^^^^ private method
     |
    ::: src\rust\backend\isa\encoder.rs:37:5
     |
  37 |     fn emit(&mut self, bytes: &[u8]) {
     |     -------------------------------- private method defined here

error[E0624]: method `mov_rr` is private
    --> src\rust\backend\isa\stubs.rs:2323:9
     |
2323 |     enc.mov_rr(X86Reg::RCX, X86Reg::R12);
     |         ^^^^^^ private method
     |
    ::: src\rust\backend\isa\encoder.rs:79:5
     |
  79 |     fn mov_rr(&mut self, dst: X86Reg, src: X86Reg) {
     |     ---------------------------------------------- private method defined here

error[E0624]: method `call_label` is private
    --> src\rust\backend\isa\stubs.rs:2325:9
     |
2325 |     enc.call_label("__pyb_list_append");
     |         ^^^^^^^^^^ private method
     |
    ::: src\rust\backend\isa\encoder.rs:145:5
     |
 145 |     fn call_label(&mut self, lbl: &str) {
     |     ----------------------------------- private method defined here

error[E0624]: method `pop` is private
    --> src\rust\backend\isa\stubs.rs:2326:9
     |
2326 |     enc.pop(X86Reg::RCX);
     |         ^^^ private method
     |
    ::: src\rust\backend\isa\encoder.rs:120:5
     |
 120 |     fn pop(&mut self, reg: X86Reg) {
     |     ------------------------------ private method defined here

error[E0624]: method `pop` is private
    --> src\rust\backend\isa\stubs.rs:2327:9
     |
2327 |     enc.pop(X86Reg::RBX);
     |         ^^^ private method
     |
    ::: src\rust\backend\isa\encoder.rs:120:5
     |
 120 |     fn pop(&mut self, reg: X86Reg) {
     |     ------------------------------ private method defined here

error[E0624]: method `mov_rr` is private
    --> src\rust\backend\isa\stubs.rs:2329:9
     |
2329 |     enc.mov_rr(X86Reg::R13, X86Reg::RBX);
     |         ^^^^^^ private method
     |
    ::: src\rust\backend\isa\encoder.rs:79:5
     |
  79 |     fn mov_rr(&mut self, dst: X86Reg, src: X86Reg) {
     |     ---------------------------------------------- private method defined here

error[E0624]: method `add_rr` is private
    --> src\rust\backend\isa\stubs.rs:2330:9
     |
2330 |     enc.add_rr(X86Reg::R13, X86Reg::R14);        // start = i + sep_len
     |         ^^^^^^ private method
     |
    ::: src\rust\backend\isa\encoder.rs:84:5
     |
  84 |     fn add_rr(&mut self, dst: X86Reg, src: X86Reg) {
     |     ---------------------------------------------- private method defined here

error[E0624]: method `mov_rr` is private
    --> src\rust\backend\isa\stubs.rs:2331:9
     |
2331 |     enc.mov_rr(X86Reg::RBX, X86Reg::R13);         // i = start
     |         ^^^^^^ private method
     |
    ::: src\rust\backend\isa\encoder.rs:79:5
     |
  79 |     fn mov_rr(&mut self, dst: X86Reg, src: X86Reg) {
     |     ---------------------------------------------- private method defined here

error[E0624]: method `jmp` is private
    --> src\rust\backend\isa\stubs.rs:2332:9
     |
2332 |     enc.jmp(&spl_loop);
     |         ^^^ private method
     |
    ::: src\rust\backend\isa\encoder.rs:133:5
     |
 133 |     fn jmp(&mut self, lbl: &str) {
     |     ---------------------------- private method defined here

error[E0624]: method `label` is private
    --> src\rust\backend\isa\stubs.rs:2334:9
     |
2334 |     enc.label(&spl_nomatch);
     |         ^^^^^ private method
     |
    ::: src\rust\backend\isa\encoder.rs:129:5
     |
 129 |     fn label(&mut self, name: &str) {
     |     ------------------------------- private method defined here

error[E0624]: method `rex_w` is private
    --> src\rust\backend\isa\stubs.rs:2335:9
     |
2335 |     enc.rex_w(); enc.emit(&[0xFF, 0xC3]);         // INC RBX (i++)
     |         ^^^^^ private method
     |
    ::: src\rust\backend\isa\encoder.rs:51:5
     |
  51 |     fn rex_w(&mut self) { self.emit_u8(0x48); }
     |     ------------------- private method defined here

error[E0624]: method `emit` is private
    --> src\rust\backend\isa\stubs.rs:2335:22
     |
2335 |     enc.rex_w(); enc.emit(&[0xFF, 0xC3]);         // INC RBX (i++)
     |                      ^^^^ private method
     |
    ::: src\rust\backend\isa\encoder.rs:37:5
     |
  37 |     fn emit(&mut self, bytes: &[u8]) {
     |     -------------------------------- private method defined here

error[E0624]: method `jmp` is private
    --> src\rust\backend\isa\stubs.rs:2336:9
     |
2336 |     enc.jmp(&spl_loop);
     |         ^^^ private method
     |
    ::: src\rust\backend\isa\encoder.rs:133:5
     |
 133 |     fn jmp(&mut self, lbl: &str) {
     |     ---------------------------- private method defined here

error[E0624]: method `label` is private
    --> src\rust\backend\isa\stubs.rs:2338:9
     |
2338 |     enc.label(&spl_done);
     |         ^^^^^ private method
     |
    ::: src\rust\backend\isa\encoder.rs:129:5
     |
 129 |     fn label(&mut self, name: &str) {
     |     ------------------------------- private method defined here

error[E0624]: method `emit` is private
    --> src\rust\backend\isa\stubs.rs:2340:9
     |
2340 |     enc.emit(&[0x48, 0x8B, 0x44, 0x24, 0x20]);   // MOV RAX, [RSP+32] = str_len
     |         ^^^^ private method
     |
    ::: src\rust\backend\isa\encoder.rs:37:5
     |
  37 |     fn emit(&mut self, bytes: &[u8]) {
     |     -------------------------------- private method defined here

error[E0624]: method `mov_rr` is private
    --> src\rust\backend\isa\stubs.rs:2341:9
     |
2341 |     enc.mov_rr(X86Reg::RCX, X86Reg::RAX);
     |         ^^^^^^ private method
     |
    ::: src\rust\backend\isa\encoder.rs:79:5
     |
  79 |     fn mov_rr(&mut self, dst: X86Reg, src: X86Reg) {
     |     ---------------------------------------------- private method defined here

error[E0624]: method `sub_rr` is private
    --> src\rust\backend\isa\stubs.rs:2342:9
     |
2342 |     enc.sub_rr(X86Reg::RCX, X86Reg::R13);        // RCX = remaining_len
     |         ^^^^^^ private method
     |
    ::: src\rust\backend\isa\encoder.rs:89:5
     |
  89 |     fn sub_rr(&mut self, dst: X86Reg, src: X86Reg) {
     |     ---------------------------------------------- private method defined here

error[E0624]: method `push` is private
    --> src\rust\backend\isa\stubs.rs:2343:9
     |
2343 |     enc.push(X86Reg::RCX);
     |         ^^^^ private method
     |
    ::: src\rust\backend\isa\encoder.rs:115:5
     |
 115 |     fn push(&mut self, reg: X86Reg) {
     |     ------------------------------- private method defined here

error[E0624]: method `rex_w` is private
    --> src\rust\backend\isa\stubs.rs:2344:9
     |
2344 |     enc.rex_w(); enc.emit(&[0xFF, 0xC1]);
     |         ^^^^^ private method
     |
    ::: src\rust\backend\isa\encoder.rs:51:5
     |
  51 |     fn rex_w(&mut self) { self.emit_u8(0x48); }
     |     ------------------- private method defined here

error[E0624]: method `emit` is private
    --> src\rust\backend\isa\stubs.rs:2344:22
     |
2344 |     enc.rex_w(); enc.emit(&[0xFF, 0xC1]);
     |                      ^^^^ private method
     |
    ::: src\rust\backend\isa\encoder.rs:37:5
     |
  37 |     fn emit(&mut self, bytes: &[u8]) {
     |     -------------------------------- private method defined here

error[E0624]: method `call_label` is private
    --> src\rust\backend\isa\stubs.rs:2345:9
     |
2345 |     enc.call_label("__pyb_heap_alloc");
     |         ^^^^^^^^^^ private method
     |
    ::: src\rust\backend\isa\encoder.rs:145:5
     |
 145 |     fn call_label(&mut self, lbl: &str) {
     |     ----------------------------------- private method defined here

error[E0624]: method `pop` is private
    --> src\rust\backend\isa\stubs.rs:2346:9
     |
2346 |     enc.pop(X86Reg::RCX);
     |         ^^^ private method
     |
    ::: src\rust\backend\isa\encoder.rs:120:5
     |
 120 |     fn pop(&mut self, reg: X86Reg) {
     |     ------------------------------ private method defined here

error[E0624]: method `mov_rr` is private
    --> src\rust\backend\isa\stubs.rs:2347:9
     |
2347 |     enc.mov_rr(X86Reg::RDX, X86Reg::RAX);
     |         ^^^^^^ private method
     |
    ::: src\rust\backend\isa\encoder.rs:79:5
     |
  79 |     fn mov_rr(&mut self, dst: X86Reg, src: X86Reg) {
     |     ---------------------------------------------- private method defined here

error[E0624]: method `xor_rr` is private
    --> src\rust\backend\isa\stubs.rs:2348:9
     |
2348 |     enc.xor_rr(X86Reg::RAX);
     |         ^^^^^^ private method
     |
    ::: src\rust\backend\isa\encoder.rs:109:5
     |
 109 |     fn xor_rr(&mut self, reg: X86Reg) {
     |     --------------------------------- private method defined here

error[E0624]: method `pos` is private
    --> src\rust\backend\isa\stubs.rs:2349:45
     |
2349 |     let spl_lc = format!("__spl_lc_{}", enc.pos());
     |                                             ^^^ private method
     |
    ::: src\rust\backend\isa\encoder.rs:35:5
     |
  35 |     fn pos(&self) -> u32 { self.code.len() as u32 }
     |     -------------------- private method defined here

error[E0624]: method `pos` is private
    --> src\rust\backend\isa\stubs.rs:2350:45
     |
2350 |     let spl_ld = format!("__spl_ld_{}", enc.pos());
     |                                             ^^^ private method
     |
    ::: src\rust\backend\isa\encoder.rs:35:5
     |
  35 |     fn pos(&self) -> u32 { self.code.len() as u32 }
     |     -------------------- private method defined here

error[E0624]: method `label` is private
    --> src\rust\backend\isa\stubs.rs:2351:9
     |
2351 |     enc.label(&spl_lc);
     |         ^^^^^ private method
     |
    ::: src\rust\backend\isa\encoder.rs:129:5
     |
 129 |     fn label(&mut self, name: &str) {
     |     ------------------------------- private method defined here

error[E0624]: method `cmp_rr` is private
    --> src\rust\backend\isa\stubs.rs:2352:9
     |
2352 |     enc.cmp_rr(X86Reg::RAX, X86Reg::RCX);
     |         ^^^^^^ private method
     |
    ::: src\rust\backend\isa\encoder.rs:104:5
     |
 104 |     fn cmp_rr(&mut self, a: X86Reg, b: X86Reg) {
     |     ------------------------------------------ private method defined here

error[E0624]: method `jcc` is private
    --> src\rust\backend\isa\stubs.rs:2353:9
     |
2353 |     enc.jcc(0x8D, &spl_ld);
     |         ^^^ private method
     |
    ::: src\rust\backend\isa\encoder.rs:139:5
     |
 139 |     fn jcc(&mut self, cc: u8, lbl: &str) {
     |     ------------------------------------ private method defined here

error[E0624]: method `push` is private
    --> src\rust\backend\isa\stubs.rs:2354:9
     |
2354 |     enc.push(X86Reg::RAX);
     |         ^^^^ private method
     |
    ::: src\rust\backend\isa\encoder.rs:115:5
     |
 115 |     fn push(&mut self, reg: X86Reg) {
     |     ------------------------------- private method defined here

error[E0624]: method `add_rr` is private
    --> src\rust\backend\isa\stubs.rs:2355:9
     |
2355 |     enc.add_rr(X86Reg::RAX, X86Reg::R13);
     |         ^^^^^^ private method
     |
    ::: src\rust\backend\isa\encoder.rs:84:5
     |
  84 |     fn add_rr(&mut self, dst: X86Reg, src: X86Reg) {
     |     ---------------------------------------------- private method defined here

error[E0624]: method `emit` is private
    --> src\rust\backend\isa\stubs.rs:2356:9
     |
2356 |     enc.emit(&[0x44, 0x0F, 0xB6, 0x04, 0x06]);
     |         ^^^^ private method
     |
    ::: src\rust\backend\isa\encoder.rs:37:5
     |
  37 |     fn emit(&mut self, bytes: &[u8]) {
     |     -------------------------------- private method defined here

error[E0624]: method `pop` is private
    --> src\rust\backend\isa\stubs.rs:2357:9
     |
2357 |     enc.pop(X86Reg::RAX);
     |         ^^^ private method
     |
    ::: src\rust\backend\isa\encoder.rs:120:5
     |
 120 |     fn pop(&mut self, reg: X86Reg) {
     |     ------------------------------ private method defined here

error[E0624]: method `emit` is private
    --> src\rust\backend\isa\stubs.rs:2358:9
     |
2358 |     enc.emit(&[0x44, 0x88, 0x04, 0x02]);
     |         ^^^^ private method
     |
    ::: src\rust\backend\isa\encoder.rs:37:5
     |
  37 |     fn emit(&mut self, bytes: &[u8]) {
     |     -------------------------------- private method defined here

error[E0624]: method `rex_w` is private
    --> src\rust\backend\isa\stubs.rs:2359:9
     |
2359 |     enc.rex_w(); enc.emit(&[0xFF, 0xC0]);
     |         ^^^^^ private method
     |
    ::: src\rust\backend\isa\encoder.rs:51:5
     |
  51 |     fn rex_w(&mut self) { self.emit_u8(0x48); }
     |     ------------------- private method defined here

error[E0624]: method `emit` is private
    --> src\rust\backend\isa\stubs.rs:2359:22
     |
2359 |     enc.rex_w(); enc.emit(&[0xFF, 0xC0]);
     |                      ^^^^ private method
     |
    ::: src\rust\backend\isa\encoder.rs:37:5
     |
  37 |     fn emit(&mut self, bytes: &[u8]) {
     |     -------------------------------- private method defined here

error[E0624]: method `jmp` is private
    --> src\rust\backend\isa\stubs.rs:2360:9
     |
2360 |     enc.jmp(&spl_lc);
     |         ^^^ private method
     |
    ::: src\rust\backend\isa\encoder.rs:133:5
     |
 133 |     fn jmp(&mut self, lbl: &str) {
     |     ---------------------------- private method defined here

error[E0624]: method `label` is private
    --> src\rust\backend\isa\stubs.rs:2361:9
     |
2361 |     enc.label(&spl_ld);
     |         ^^^^^ private method
     |
    ::: src\rust\backend\isa\encoder.rs:129:5
     |
 129 |     fn label(&mut self, name: &str) {
     |     ------------------------------- private method defined here

error[E0624]: method `emit` is private
    --> src\rust\backend\isa\stubs.rs:2362:9
     |
2362 |     enc.emit(&[0xC6, 0x04, 0x0A, 0x00]);
     |         ^^^^ private method
     |
    ::: src\rust\backend\isa\encoder.rs:37:5
     |
  37 |     fn emit(&mut self, bytes: &[u8]) {
     |     -------------------------------- private method defined here

error[E0624]: method `mov_rr` is private
    --> src\rust\backend\isa\stubs.rs:2363:9
     |
2363 |     enc.mov_rr(X86Reg::RCX, X86Reg::R12);
     |         ^^^^^^ private method
     |
    ::: src\rust\backend\isa\encoder.rs:79:5
     |
  79 |     fn mov_rr(&mut self, dst: X86Reg, src: X86Reg) {
     |     ---------------------------------------------- private method defined here

error[E0624]: method `call_label` is private
    --> src\rust\backend\isa\stubs.rs:2364:9
     |
2364 |     enc.call_label("__pyb_list_append");
     |         ^^^^^^^^^^ private method
     |
    ::: src\rust\backend\isa\encoder.rs:145:5
     |
 145 |     fn call_label(&mut self, lbl: &str) {
     |     ----------------------------------- private method defined here

error[E0624]: method `mov_rr` is private
    --> src\rust\backend\isa\stubs.rs:2365:9
     |
2365 |     enc.mov_rr(X86Reg::RAX, X86Reg::R12);        // return list ptr
     |         ^^^^^^ private method
     |
    ::: src\rust\backend\isa\encoder.rs:79:5
     |
  79 |     fn mov_rr(&mut self, dst: X86Reg, src: X86Reg) {
     |     ---------------------------------------------- private method defined here

error[E0624]: method `add_rsp` is private
    --> src\rust\backend\isa\stubs.rs:2366:9
     |
2366 |     enc.add_rsp(48);
     |         ^^^^^^^ private method
     |
    ::: src\rust\backend\isa\encoder.rs:126:5
     |
 126 |     fn add_rsp(&mut self, val: u8) { self.rex_w(); self.emit(&[0x83, 0xC4, val]); }
     |     ------------------------------ private method defined here

error[E0624]: method `pop` is private
    --> src\rust\backend\isa\stubs.rs:2367:9
     |
2367 |     enc.pop(X86Reg::R14);
     |         ^^^ private method
     |
    ::: src\rust\backend\isa\encoder.rs:120:5
     |
 120 |     fn pop(&mut self, reg: X86Reg) {
     |     ------------------------------ private method defined here

error[E0624]: method `pop` is private
    --> src\rust\backend\isa\stubs.rs:2368:9
     |
2368 |     enc.pop(X86Reg::R13);
     |         ^^^ private method
     |
    ::: src\rust\backend\isa\encoder.rs:120:5
     |
 120 |     fn pop(&mut self, reg: X86Reg) {
     |     ------------------------------ private method defined here

error[E0624]: method `pop` is private
    --> src\rust\backend\isa\stubs.rs:2369:9
     |
2369 |     enc.pop(X86Reg::R12);
     |         ^^^ private method
     |
    ::: src\rust\backend\isa\encoder.rs:120:5
     |
 120 |     fn pop(&mut self, reg: X86Reg) {
     |     ------------------------------ private method defined here

error[E0624]: method `pop` is private
    --> src\rust\backend\isa\stubs.rs:2370:9
     |
2370 |     enc.pop(X86Reg::RDI);
     |         ^^^ private method
     |
    ::: src\rust\backend\isa\encoder.rs:120:5
     |
 120 |     fn pop(&mut self, reg: X86Reg) {
     |     ------------------------------ private method defined here

error[E0624]: method `pop` is private
    --> src\rust\backend\isa\stubs.rs:2371:9
     |
2371 |     enc.pop(X86Reg::RSI);
     |         ^^^ private method
     |
    ::: src\rust\backend\isa\encoder.rs:120:5
     |
 120 |     fn pop(&mut self, reg: X86Reg) {
     |     ------------------------------ private method defined here

error[E0624]: method `pop` is private
    --> src\rust\backend\isa\stubs.rs:2372:9
     |
2372 |     enc.pop(X86Reg::RBX);
     |         ^^^ private method
     |
    ::: src\rust\backend\isa\encoder.rs:120:5
     |
 120 |     fn pop(&mut self, reg: X86Reg) {
     |     ------------------------------ private method defined here

error[E0624]: method `ret` is private
    --> src\rust\backend\isa\stubs.rs:2373:9
     |
2373 |     enc.ret();
     |         ^^^ private method
     |
    ::: src\rust\backend\isa\encoder.rs:127:5
     |
 127 |     fn ret(&mut self) { self.emit_u8(0xC3); }
     |     ----------------- private method defined here

error[E0624]: associated function `new` is private
  --> src\rust\backend\isa\compiler.rs:11:28
   |
11 |     let mut enc = Encoder::new();
   |                            ^^^ private associated function
   |
  ::: src\rust\backend\isa\encoder.rs:22:5
   |
22 |     fn new() -> Self {
   |     ---------------- private associated function defined here

error[E0624]: method `add_data_string` is private
   --> src\rust\backend\isa\compiler.rs:15:13
    |
 15 |         enc.add_data_string(label, content);
    |             ^^^^^^^^^^^^^^^ private method
    |
   ::: src\rust\backend\isa\encoder.rs:182:5
    |
182 |     fn add_data_string(&mut self, label: &str, s: &str) {
    |     --------------------------------------------------- private method defined here

error[E0624]: method `add_data_string` is private
   --> src\rust\backend\isa\compiler.rs:18:9
    |
 18 |     enc.add_data_string("__newline", "\r\n");
    |         ^^^^^^^^^^^^^^^ private method
    |
   ::: src\rust\backend\isa\encoder.rs:182:5
    |
182 |     fn add_data_string(&mut self, label: &str, s: &str) {
    |     --------------------------------------------------- private method defined here

error[E0624]: method `add_data_f64` is private
   --> src\rust\backend\isa\compiler.rs:20:9
    |
 20 |     enc.add_data_f64("__f64_1e6", 1_000_000.0);
    |         ^^^^^^^^^^^^ private method
    |
   ::: src\rust\backend\isa\encoder.rs:189:5
    |
189 |     fn add_data_f64(&mut self, label: &str, val: f64) {
    |     ------------------------------------------------- private method defined here

error[E0624]: method `add_data_f64` is private
   --> src\rust\backend\isa\compiler.rs:21:9
    |
 21 |     enc.add_data_f64("__f64_10", 10.0);
    |         ^^^^^^^^^^^^ private method
    |
   ::: src\rust\backend\isa\encoder.rs:189:5
    |
189 |     fn add_data_f64(&mut self, label: &str, val: f64) {
    |     ------------------------------------------------- private method defined here

error[E0624]: method `add_data_f64` is private
   --> src\rust\backend\isa\compiler.rs:22:9
    |
 22 |     enc.add_data_f64("__f64_0", 0.0);
    |         ^^^^^^^^^^^^ private method
    |
   ::: src\rust\backend\isa\encoder.rs:189:5
    |
189 |     fn add_data_f64(&mut self, label: &str, val: f64) {
    |     ------------------------------------------------- private method defined here

error[E0624]: method `add_data_f64` is private
   --> src\rust\backend\isa\compiler.rs:24:9
    |
 24 |     enc.add_data_f64("__f64_abs_mask", f64::from_bits(0x7FFF_FFFF_FFFF_FFFF));
    |         ^^^^^^^^^^^^ private method
    |
   ::: src\rust\backend\isa\encoder.rs:189:5
    |
189 |     fn add_data_f64(&mut self, label: &str, val: f64) {
    |     ------------------------------------------------- private method defined here

error[E0624]: method `add_data_f64` is private
   --> src\rust\backend\isa\compiler.rs:26:9
    |
 26 |     enc.add_data_f64("__f64_log2e_inv", std::f64::consts::LN_2);
    |         ^^^^^^^^^^^^ private method
    |
   ::: src\rust\backend\isa\encoder.rs:189:5
    |
189 |     fn add_data_f64(&mut self, label: &str, val: f64) {
    |     ------------------------------------------------- private method defined here

error[E0624]: method `pos` is private
  --> src\rust\backend\isa\compiler.rs:34:26
   |
34 |         let offset = enc.pos();
   |                          ^^^ private method
   |
  ::: src\rust\backend\isa\encoder.rs:35:5
   |
35 |     fn pos(&self) -> u32 { self.code.len() as u32 }
   |     -------------------- private method defined here

error[E0624]: method `pos` is private
  --> src\rust\backend\isa\compiler.rs:36:24
   |
36 |         let size = enc.pos() - offset;
   |                        ^^^ private method
   |
  ::: src\rust\backend\isa\encoder.rs:35:5
   |
35 |     fn pos(&self) -> u32 { self.code.len() as u32 }
   |     -------------------- private method defined here

error[E0616]: field `stats` of struct `encoder::Encoder` is private
  --> src\rust\backend\isa\compiler.rs:40:13
   |
40 |         enc.stats.functions_compiled += 1;
   |             ^^^^^ private field

error[E0624]: method `pos` is private
  --> src\rust\backend\isa\compiler.rs:44:28
   |
44 |     let entry_offset = enc.pos();
   |                            ^^^ private method
   |
  ::: src\rust\backend\isa\encoder.rs:35:5
   |
35 |     fn pos(&self) -> u32 { self.code.len() as u32 }
   |     -------------------- private method defined here

error[E0624]: method `label` is private
   --> src\rust\backend\isa\compiler.rs:45:9
    |
 45 |     enc.label("_start");
    |         ^^^^^ private method
    |
   ::: src\rust\backend\isa\encoder.rs:129:5
    |
129 |     fn label(&mut self, name: &str) {
    |     ------------------------------- private method defined here

error[E0624]: method `push` is private
   --> src\rust\backend\isa\compiler.rs:46:9
    |
 46 |     enc.push(X86Reg::RBX);
    |         ^^^^ private method
    |
   ::: src\rust\backend\isa\encoder.rs:115:5
    |
115 |     fn push(&mut self, reg: X86Reg) {
    |     ------------------------------- private method defined here

error[E0624]: method `sub_rsp` is private
   --> src\rust\backend\isa\compiler.rs:47:9
    |
 47 |     enc.sub_rsp(40);
    |         ^^^^^^^ private method
    |
   ::: src\rust\backend\isa\encoder.rs:125:5
    |
125 |     fn sub_rsp(&mut self, val: u8) { self.rex_w(); self.emit(&[0x83, 0xEC, val]); }
    |     ------------------------------ private method defined here

error[E0624]: method `call_label` is private
   --> src\rust\backend\isa\compiler.rs:52:13
    |
 52 |         enc.call_label("__main__");
    |             ^^^^^^^^^^ private method
    |
   ::: src\rust\backend\isa\encoder.rs:145:5
    |
145 |     fn call_label(&mut self, lbl: &str) {
    |     ----------------------------------- private method defined here

error[E0624]: method `call_label` is private
   --> src\rust\backend\isa\compiler.rs:54:13
    |
 54 |         enc.call_label("main");
    |             ^^^^^^^^^^ private method
    |
   ::: src\rust\backend\isa\encoder.rs:145:5
    |
145 |     fn call_label(&mut self, lbl: &str) {
    |     ----------------------------------- private method defined here

error[E0624]: method `add_rsp` is private
   --> src\rust\backend\isa\compiler.rs:62:17
    |
 62 |             enc.add_rsp(40);
    |                 ^^^^^^^ private method
    |
   ::: src\rust\backend\isa\encoder.rs:126:5
    |
126 |     fn add_rsp(&mut self, val: u8) { self.rex_w(); self.emit(&[0x83, 0xC4, val]); }
    |     ------------------------------ private method defined here

error[E0624]: method `pop` is private
   --> src\rust\backend\isa\compiler.rs:63:17
    |
 63 |             enc.pop(X86Reg::RBX);
    |                 ^^^ private method
    |
   ::: src\rust\backend\isa\encoder.rs:120:5
    |
120 |     fn pop(&mut self, reg: X86Reg) {
    |     ------------------------------ private method defined here

error[E0624]: method `xor_rr` is private
   --> src\rust\backend\isa\compiler.rs:64:17
    |
 64 |             enc.xor_rr(X86Reg::RAX); // exit code 0
    |                 ^^^^^^ private method
    |
   ::: src\rust\backend\isa\encoder.rs:109:5
    |
109 |     fn xor_rr(&mut self, reg: X86Reg) {
    |     --------------------------------- private method defined here

error[E0624]: method `ret` is private
   --> src\rust\backend\isa\compiler.rs:65:17
    |
 65 |             enc.ret();
    |                 ^^^ private method
    |
   ::: src\rust\backend\isa\encoder.rs:127:5
    |
127 |     fn ret(&mut self) { self.emit_u8(0xC3); }
    |     ----------------- private method defined here

error[E0624]: method `mov_rr` is private
  --> src\rust\backend\isa\compiler.rs:68:17
   |
68 |             enc.mov_rr(X86Reg::RDI, X86Reg::RAX);
   |                 ^^^^^^ private method
   |
  ::: src\rust\backend\isa\encoder.rs:79:5
   |
79 |     fn mov_rr(&mut self, dst: X86Reg, src: X86Reg) {
   |     ---------------------------------------------- private method defined here

error[E0624]: method `mov_imm64` is private
  --> src\rust\backend\isa\compiler.rs:69:17
   |
69 |             enc.mov_imm64(X86Reg::RAX, 60);
   |                 ^^^^^^^^^ private method
   |
  ::: src\rust\backend\isa\encoder.rs:70:5
   |
70 |     fn mov_imm64(&mut self, reg: X86Reg, val: i64) {
   |     ---------------------------------------------- private method defined here

error[E0624]: method `emit` is private
  --> src\rust\backend\isa\compiler.rs:70:17
   |
70 |             enc.emit(&[0x0F, 0x05]); // syscall
   |                 ^^^^ private method
   |
  ::: src\rust\backend\isa\encoder.rs:37:5
   |
37 |     fn emit(&mut self, bytes: &[u8]) {
   |     -------------------------------- private method defined here

error[E0624]: method `add_rsp` is private
   --> src\rust\backend\isa\compiler.rs:73:17
    |
 73 |             enc.add_rsp(40);
    |                 ^^^^^^^ private method
    |
   ::: src\rust\backend\isa\encoder.rs:126:5
    |
126 |     fn add_rsp(&mut self, val: u8) { self.rex_w(); self.emit(&[0x83, 0xC4, val]); }
    |     ------------------------------ private method defined here

error[E0624]: method `pop` is private
   --> src\rust\backend\isa\compiler.rs:74:17
    |
 74 |             enc.pop(X86Reg::RBX);
    |                 ^^^ private method
    |
   ::: src\rust\backend\isa\encoder.rs:120:5
    |
120 |     fn pop(&mut self, reg: X86Reg) {
    |     ------------------------------ private method defined here

error[E0624]: method `ret` is private
   --> src\rust\backend\isa\compiler.rs:75:17
    |
 75 |             enc.ret();
    |                 ^^^ private method
    |
   ::: src\rust\backend\isa\encoder.rs:127:5
    |
127 |     fn ret(&mut self) { self.emit_u8(0xC3); }
    |     ----------------- private method defined here

error[E0624]: method `resolve_label_fixups` is private
   --> src\rust\backend\isa\compiler.rs:79:9
    |
 79 |     enc.resolve_label_fixups();
    |         ^^^^^^^^^^^^^^^^^^^^ private method
    |
   ::: src\rust\backend\isa\encoder.rs:270:5
    |
270 |     fn resolve_label_fixups(&mut self) {
    |     ---------------------------------- private method defined here

error[E0616]: field `code` of struct `encoder::Encoder` is private
  --> src\rust\backend\isa\compiler.rs:81:21
   |
81 |     let total = enc.code.len();
   |                     ^^^^ private field

error[E0616]: field `stats` of struct `encoder::Encoder` is private
  --> src\rust\backend\isa\compiler.rs:82:9
   |
82 |     enc.stats.total_bytes = total;
   |         ^^^^^ private field

error[E0616]: field `code` of struct `encoder::Encoder` is private
  --> src\rust\backend\isa\compiler.rs:85:19
   |
85 |         text: enc.code,
   |                   ^^^^ private field

error[E0616]: field `data` of struct `encoder::Encoder` is private
  --> src\rust\backend\isa\compiler.rs:86:19
   |
86 |         data: enc.data,
   |                   ^^^^ private field

error[E0616]: field `data_labels` of struct `encoder::Encoder` is private
  --> src\rust\backend\isa\compiler.rs:87:26
   |
87 |         data_labels: enc.data_labels,
   |                          ^^^^^^^^^^^ private field

error[E0616]: field `iat_fixups` of struct `encoder::Encoder` is private
  --> src\rust\backend\isa\compiler.rs:91:25
   |
91 |         iat_fixups: enc.iat_fixups,
   |                         ^^^^^^^^^^ private field

error[E0616]: field `data_fixups` of struct `encoder::Encoder` is private
  --> src\rust\backend\isa\compiler.rs:92:26
   |
92 |         data_fixups: enc.data_fixups,
   |                          ^^^^^^^^^^^ private field

error[E0616]: field `stats` of struct `encoder::Encoder` is private
  --> src\rust\backend\isa\compiler.rs:93:20
   |
93 |         stats: enc.stats,
   |                    ^^^^^ private field

error[E0624]: method `add_rsp` is private
   --> src\rust\backend\isa\compiler.rs:111:13
    |
111 |         enc.add_rsp(stack_size as u8);
    |             ^^^^^^^ private method
    |
   ::: src\rust\backend\isa\encoder.rs:126:5
    |
126 |     fn add_rsp(&mut self, val: u8) { self.rex_w(); self.emit(&[0x83, 0xC4, val]); }
    |     ------------------------------ private method defined here

error[E0624]: method `pop` is private
   --> src\rust\backend\isa\compiler.rs:115:13
    |
115 |         enc.pop(*reg);
    |             ^^^ private method
    |
   ::: src\rust\backend\isa\encoder.rs:120:5
    |
120 |     fn pop(&mut self, reg: X86Reg) {
    |     ------------------------------ private method defined here

error[E0624]: method `ret` is private
   --> src\rust\backend\isa\compiler.rs:117:9
    |
117 |     enc.ret();
    |         ^^^ private method
    |
   ::: src\rust\backend\isa\encoder.rs:127:5
    |
127 |     fn ret(&mut self) { self.emit_u8(0xC3); }
    |     ----------------- private method defined here

error[E0624]: method `label` is private
   --> src\rust\backend\isa\compiler.rs:122:9
    |
122 |     enc.label(&func.name);
    |         ^^^^^ private method
    |
   ::: src\rust\backend\isa\encoder.rs:129:5
    |
129 |     fn label(&mut self, name: &str) {
    |     ------------------------------- private method defined here

error[E0624]: method `push` is private
   --> src\rust\backend\isa\compiler.rs:128:13
    |
128 |         enc.push(reg);
    |             ^^^^ private method
    |
   ::: src\rust\backend\isa\encoder.rs:115:5
    |
115 |     fn push(&mut self, reg: X86Reg) {
    |     ------------------------------- private method defined here

error[E0624]: method `sub_rsp` is private
   --> src\rust\backend\isa\compiler.rs:141:13
    |
141 |         enc.sub_rsp(stack as u8);
    |             ^^^^^^^ private method
    |
   ::: src\rust\backend\isa\encoder.rs:125:5
    |
125 |     fn sub_rsp(&mut self, val: u8) { self.rex_w(); self.emit(&[0x83, 0xEC, val]); }
    |     ------------------------------ private method defined here

error[E0624]: method `mov_rr` is private
   --> src\rust\backend\isa\compiler.rs:146:13
    |
146 |         enc.mov_rr(dst, src);
    |             ^^^^^^ private method
    |
   ::: src\rust\backend\isa\encoder.rs:79:5
    |
 79 |     fn mov_rr(&mut self, dst: X86Reg, src: X86Reg) {
    |     ---------------------------------------------- private method defined here

error[E0624]: method `mov_imm64` is private
  --> src\rust\backend\isa\instructions.rs:14:45
   |
14 |                 IRConstValue::Int(n) => enc.mov_imm64(X86Reg::RAX, *n),
   |                                             ^^^^^^^^^ private method
   |
  ::: src\rust\backend\isa\encoder.rs:70:5
   |
70 |     fn mov_imm64(&mut self, reg: X86Reg, val: i64) {
   |     ---------------------------------------------- private method defined here

error[E0624]: method `mov_imm64` is private
  --> src\rust\backend\isa\instructions.rs:17:25
   |
17 |                     enc.mov_imm64(X86Reg::RAX, f.to_bits() as i64);
   |                         ^^^^^^^^^ private method
   |
  ::: src\rust\backend\isa\encoder.rs:70:5
   |
70 |     fn mov_imm64(&mut self, reg: X86Reg, val: i64) {
   |     ---------------------------------------------- private method defined here

error[E0624]: method `movq_xmm0_rax` is private
   --> src\rust\backend\isa\instructions.rs:18:25
    |
 18 |                     enc.movq_xmm0_rax();
    |                         ^^^^^^^^^^^^^ private method
    |
   ::: src\rust\backend\isa\encoder.rs:250:5
    |
250 |     fn movq_xmm0_rax(&mut self) {
    |     --------------------------- private method defined here

error[E0624]: method `mov_imm64` is private
  --> src\rust\backend\isa\instructions.rs:21:33
   |
21 |                     if *b { enc.mov_imm64(X86Reg::RAX, 1); }
   |                                 ^^^^^^^^^ private method
   |
  ::: src\rust\backend\isa\encoder.rs:70:5
   |
70 |     fn mov_imm64(&mut self, reg: X86Reg, val: i64) {
   |     ---------------------------------------------- private method defined here

error[E0624]: method `xor_rr` is private
   --> src\rust\backend\isa\instructions.rs:22:32
    |
 22 |                     else { enc.xor_rr(X86Reg::RAX); }
    |                                ^^^^^^ private method
    |
   ::: src\rust\backend\isa\encoder.rs:109:5
    |
109 |     fn xor_rr(&mut self, reg: X86Reg) {
    |     --------------------------------- private method defined here

error[E0624]: method `xor_rr` is private
   --> src\rust\backend\isa\instructions.rs:24:43
    |
 24 |                 IRConstValue::None => enc.xor_rr(X86Reg::RAX),
    |                                           ^^^^^^ private method
    |
   ::: src\rust\backend\isa\encoder.rs:109:5
    |
109 |     fn xor_rr(&mut self, reg: X86Reg) {
    |     --------------------------------- private method defined here

error[E0624]: method `push` is private
   --> src\rust\backend\isa\instructions.rs:29:17
    |
 29 |             enc.push(X86Reg::RAX);
    |                 ^^^^ private method
    |
   ::: src\rust\backend\isa\encoder.rs:115:5
    |
115 |     fn push(&mut self, reg: X86Reg) {
    |     ------------------------------- private method defined here

error[E0624]: method `mov_rr` is private
  --> src\rust\backend\isa\instructions.rs:31:17
   |
31 |             enc.mov_rr(X86Reg::RCX, X86Reg::RAX);
   |                 ^^^^^^ private method
   |
  ::: src\rust\backend\isa\encoder.rs:79:5
   |
79 |     fn mov_rr(&mut self, dst: X86Reg, src: X86Reg) {
   |     ---------------------------------------------- private method defined here

error[E0624]: method `pop` is private
   --> src\rust\backend\isa\instructions.rs:32:17
    |
 32 |             enc.pop(X86Reg::RAX);
    |                 ^^^ private method
    |
   ::: src\rust\backend\isa\encoder.rs:120:5
    |
120 |     fn pop(&mut self, reg: X86Reg) {
    |     ------------------------------ private method defined here

error[E0624]: method `add_rr` is private
  --> src\rust\backend\isa\instructions.rs:34:34
   |
34 |                 IROp::Add => enc.add_rr(X86Reg::RAX, X86Reg::RCX),
   |                                  ^^^^^^ private method
   |
  ::: src\rust\backend\isa\encoder.rs:84:5
   |
84 |     fn add_rr(&mut self, dst: X86Reg, src: X86Reg) {
   |     ---------------------------------------------- private method defined here

error[E0624]: method `sub_rr` is private
  --> src\rust\backend\isa\instructions.rs:35:34
   |
35 |                 IROp::Sub => enc.sub_rr(X86Reg::RAX, X86Reg::RCX),
   |                                  ^^^^^^ private method
   |
  ::: src\rust\backend\isa\encoder.rs:89:5
   |
89 |     fn sub_rr(&mut self, dst: X86Reg, src: X86Reg) {
   |     ---------------------------------------------- private method defined here

error[E0624]: method `imul_rr` is private
  --> src\rust\backend\isa\instructions.rs:36:34
   |
36 |                 IROp::Mul => enc.imul_rr(X86Reg::RAX, X86Reg::RCX),
   |                                  ^^^^^^^ private method
   |
  ::: src\rust\backend\isa\encoder.rs:94:5
   |
94 |     fn imul_rr(&mut self, dst: X86Reg, src: X86Reg) {
   |     ----------------------------------------------- private method defined here

error[E0624]: method `idiv_r` is private
  --> src\rust\backend\isa\instructions.rs:37:51
   |
37 |                 IROp::Div | IROp::FloorDiv => enc.idiv_r(X86Reg::RCX),
   |                                                   ^^^^^^ private method
   |
  ::: src\rust\backend\isa\encoder.rs:99:5
   |
99 |     fn idiv_r(&mut self, src: X86Reg) {
   |     --------------------------------- private method defined here

error[E0624]: method `idiv_r` is private
  --> src\rust\backend\isa\instructions.rs:39:25
   |
39 |                     enc.idiv_r(X86Reg::RCX);
   |                         ^^^^^^ private method
   |
  ::: src\rust\backend\isa\encoder.rs:99:5
   |
99 |     fn idiv_r(&mut self, src: X86Reg) {
   |     --------------------------------- private method defined here

error[E0624]: method `mov_rr` is private
  --> src\rust\backend\isa\instructions.rs:40:25
   |
40 |                     enc.mov_rr(X86Reg::RAX, X86Reg::RDX);
   |                         ^^^^^^ private method
   |
  ::: src\rust\backend\isa\encoder.rs:79:5
   |
79 |     fn mov_rr(&mut self, dst: X86Reg, src: X86Reg) {
   |     ---------------------------------------------- private method defined here

error[E0624]: method `call_label` is private
   --> src\rust\backend\isa\instructions.rs:44:25
    |
 44 |                     enc.call_label("__pyb_pow");
    |                         ^^^^^^^^^^ private method
    |
   ::: src\rust\backend\isa\encoder.rs:145:5
    |
145 |     fn call_label(&mut self, lbl: &str) {
    |     ----------------------------------- private method defined here

error[E0624]: method `rex_w` is private
  --> src\rust\backend\isa\instructions.rs:46:36
   |
46 |                 IROp::Shl => { enc.rex_w(); enc.emit(&[0xD3, 0xE0]); }
   |                                    ^^^^^ private method
   |
  ::: src\rust\backend\isa\encoder.rs:51:5
   |
51 |     fn rex_w(&mut self) { self.emit_u8(0x48); }
   |     ------------------- private method defined here

error[E0624]: method `emit` is private
  --> src\rust\backend\isa\instructions.rs:46:49
   |
46 |                 IROp::Shl => { enc.rex_w(); enc.emit(&[0xD3, 0xE0]); }
   |                                                 ^^^^ private method
   |
  ::: src\rust\backend\isa\encoder.rs:37:5
   |
37 |     fn emit(&mut self, bytes: &[u8]) {
   |     -------------------------------- private method defined here

error[E0624]: method `rex_w` is private
  --> src\rust\backend\isa\instructions.rs:47:36
   |
47 |                 IROp::Shr => { enc.rex_w(); enc.emit(&[0xD3, 0xF8]); }
   |                                    ^^^^^ private method
   |
  ::: src\rust\backend\isa\encoder.rs:51:5
   |
51 |     fn rex_w(&mut self) { self.emit_u8(0x48); }
   |     ------------------- private method defined here

error[E0624]: method `emit` is private
  --> src\rust\backend\isa\instructions.rs:47:49
   |
47 |                 IROp::Shr => { enc.rex_w(); enc.emit(&[0xD3, 0xF8]); }
   |                                                 ^^^^ private method
   |
  ::: src\rust\backend\isa\encoder.rs:37:5
   |
37 |     fn emit(&mut self, bytes: &[u8]) {
   |     -------------------------------- private method defined here

error[E0624]: method `rex_w` is private
  --> src\rust\backend\isa\instructions.rs:48:36
   |
48 |                 IROp::And => { enc.rex_w(); enc.emit(&[0x21, 0xC8]); }
   |                                    ^^^^^ private method
   |
  ::: src\rust\backend\isa\encoder.rs:51:5
   |
51 |     fn rex_w(&mut self) { self.emit_u8(0x48); }
   |     ------------------- private method defined here

error[E0624]: method `emit` is private
  --> src\rust\backend\isa\instructions.rs:48:49
   |
48 |                 IROp::And => { enc.rex_w(); enc.emit(&[0x21, 0xC8]); }
   |                                                 ^^^^ private method
   |
  ::: src\rust\backend\isa\encoder.rs:37:5
   |
37 |     fn emit(&mut self, bytes: &[u8]) {
   |     -------------------------------- private method defined here

error[E0624]: method `rex_w` is private
  --> src\rust\backend\isa\instructions.rs:49:36
   |
49 |                 IROp::Or  => { enc.rex_w(); enc.emit(&[0x09, 0xC8]); }
   |                                    ^^^^^ private method
   |
  ::: src\rust\backend\isa\encoder.rs:51:5
   |
51 |     fn rex_w(&mut self) { self.emit_u8(0x48); }
   |     ------------------- private method defined here

error[E0624]: method `emit` is private
  --> src\rust\backend\isa\instructions.rs:49:49
   |
49 |                 IROp::Or  => { enc.rex_w(); enc.emit(&[0x09, 0xC8]); }
   |                                                 ^^^^ private method
   |
  ::: src\rust\backend\isa\encoder.rs:37:5
   |
37 |     fn emit(&mut self, bytes: &[u8]) {
   |     -------------------------------- private method defined here

error[E0624]: method `rex_w` is private
  --> src\rust\backend\isa\instructions.rs:50:36
   |
50 |                 IROp::Xor => { enc.rex_w(); enc.emit(&[0x31, 0xC8]); }
   |                                    ^^^^^ private method
   |
  ::: src\rust\backend\isa\encoder.rs:51:5
   |
51 |     fn rex_w(&mut self) { self.emit_u8(0x48); }
   |     ------------------- private method defined here

error[E0624]: method `emit` is private
  --> src\rust\backend\isa\instructions.rs:50:49
   |
50 |                 IROp::Xor => { enc.rex_w(); enc.emit(&[0x31, 0xC8]); }
   |                                                 ^^^^ private method
   |
  ::: src\rust\backend\isa\encoder.rs:37:5
   |
37 |     fn emit(&mut self, bytes: &[u8]) {
   |     -------------------------------- private method defined here

error[E0624]: method `push` is private
   --> src\rust\backend\isa\instructions.rs:56:17
    |
 56 |             enc.push(X86Reg::RAX);
    |                 ^^^^ private method
    |
   ::: src\rust\backend\isa\encoder.rs:115:5
    |
115 |     fn push(&mut self, reg: X86Reg) {
    |     ------------------------------- private method defined here

error[E0624]: method `mov_rr` is private
  --> src\rust\backend\isa\instructions.rs:58:17
   |
58 |             enc.mov_rr(X86Reg::RCX, X86Reg::RAX);
   |                 ^^^^^^ private method
   |
  ::: src\rust\backend\isa\encoder.rs:79:5
   |
79 |     fn mov_rr(&mut self, dst: X86Reg, src: X86Reg) {
   |     ---------------------------------------------- private method defined here

error[E0624]: method `pop` is private
   --> src\rust\backend\isa\instructions.rs:59:17
    |
 59 |             enc.pop(X86Reg::RAX);
    |                 ^^^ private method
    |
   ::: src\rust\backend\isa\encoder.rs:120:5
    |
120 |     fn pop(&mut self, reg: X86Reg) {
    |     ------------------------------ private method defined here

error[E0624]: method `cmp_rr` is private
   --> src\rust\backend\isa\instructions.rs:60:17
    |
 60 |             enc.cmp_rr(X86Reg::RAX, X86Reg::RCX);
    |                 ^^^^^^ private method
    |
   ::: src\rust\backend\isa\encoder.rs:104:5
    |
104 |     fn cmp_rr(&mut self, a: X86Reg, b: X86Reg) {
    |     ------------------------------------------ private method defined here

error[E0624]: method `emit` is private
  --> src\rust\backend\isa\instructions.rs:67:17
   |
67 |             enc.emit(&[0x0F, cc, 0xC0]);
   |                 ^^^^ private method
   |
  ::: src\rust\backend\isa\encoder.rs:37:5
   |
37 |     fn emit(&mut self, bytes: &[u8]) {
   |     -------------------------------- private method defined here

error[E0624]: method `rex_w` is private
  --> src\rust\backend\isa\instructions.rs:68:17
   |
68 |             enc.rex_w(); enc.emit(&[0x0F, 0xB6, 0xC0]);
   |                 ^^^^^ private method
   |
  ::: src\rust\backend\isa\encoder.rs:51:5
   |
51 |     fn rex_w(&mut self) { self.emit_u8(0x48); }
   |     ------------------- private method defined here

error[E0624]: method `emit` is private
  --> src\rust\backend\isa\instructions.rs:68:30
   |
68 |             enc.rex_w(); enc.emit(&[0x0F, 0xB6, 0xC0]);
   |                              ^^^^ private method
   |
  ::: src\rust\backend\isa\encoder.rs:37:5
   |
37 |     fn emit(&mut self, bytes: &[u8]) {
   |     -------------------------------- private method defined here

error[E0624]: method `label` is private
   --> src\rust\backend\isa\instructions.rs:70:43
    |
 70 |         IRInstruction::Label(name) => enc.label(name),
    |                                           ^^^^^ private method
    |
   ::: src\rust\backend\isa\encoder.rs:129:5
    |
129 |     fn label(&mut self, name: &str) {
    |     ------------------------------- private method defined here

error[E0624]: method `jmp` is private
   --> src\rust\backend\isa\instructions.rs:71:41
    |
 71 |         IRInstruction::Jump(lbl) => enc.jmp(lbl),
    |                                         ^^^ private method
    |
   ::: src\rust\backend\isa\encoder.rs:133:5
    |
133 |     fn jmp(&mut self, lbl: &str) {
    |     ---------------------------- private method defined here

error[E0624]: method `rex_w` is private
  --> src\rust\backend\isa\instructions.rs:73:17
   |
73 |             enc.rex_w(); enc.emit(&[0x85, 0xC0]); // TEST RAX, RAX
   |                 ^^^^^ private method
   |
  ::: src\rust\backend\isa\encoder.rs:51:5
   |
51 |     fn rex_w(&mut self) { self.emit_u8(0x48); }
   |     ------------------- private method defined here

error[E0624]: method `emit` is private
  --> src\rust\backend\isa\instructions.rs:73:30
   |
73 |             enc.rex_w(); enc.emit(&[0x85, 0xC0]); // TEST RAX, RAX
   |                              ^^^^ private method
   |
  ::: src\rust\backend\isa\encoder.rs:37:5
   |
37 |     fn emit(&mut self, bytes: &[u8]) {
   |     -------------------------------- private method defined here

error[E0624]: method `jcc` is private
   --> src\rust\backend\isa\instructions.rs:74:17
    |
 74 |             enc.jcc(0x84, lbl); // JE
    |                 ^^^ private method
    |
   ::: src\rust\backend\isa\encoder.rs:139:5
    |
139 |     fn jcc(&mut self, cc: u8, lbl: &str) {
    |     ------------------------------------ private method defined here

error[E0624]: method `xor_rr` is private
   --> src\rust\backend\isa\instructions.rs:80:17
    |
 80 |             enc.xor_rr(X86Reg::RAX);
    |                 ^^^^^^ private method
    |
   ::: src\rust\backend\isa\encoder.rs:109:5
    |
109 |     fn xor_rr(&mut self, reg: X86Reg) {
    |     --------------------------------- private method defined here

error[E0624]: method `mov_rr` is private
  --> src\rust\backend\isa\instructions.rs:85:21
   |
85 |                 enc.mov_rr(X86Reg::RAX, *reg);
   |                     ^^^^^^ private method
   |
  ::: src\rust\backend\isa\encoder.rs:79:5
   |
79 |     fn mov_rr(&mut self, dst: X86Reg, src: X86Reg) {
   |     ---------------------------------------------- private method defined here

error[E0624]: method `mov_rr` is private
  --> src\rust\backend\isa\instructions.rs:90:21
   |
90 |                 enc.mov_rr(*reg, X86Reg::RAX);
   |                     ^^^^^^ private method
   |
  ::: src\rust\backend\isa\encoder.rs:79:5
   |
79 |     fn mov_rr(&mut self, dst: X86Reg, src: X86Reg) {
   |     ---------------------------------------------- private method defined here

error[E0624]: method `ensure_data_label` is private
   --> src\rust\backend\isa\instructions.rs:97:17
    |
 97 |             enc.ensure_data_label(&label, 0i64);
    |                 ^^^^^^^^^^^^^^^^^ private method
    |
   ::: src\rust\backend\isa\encoder.rs:170:5
    |
170 |     fn ensure_data_label(&mut self, label: &str, init_val: i64) {
    |     ----------------------------------------------------------- private method defined here

error[E0624]: method `lea_rax_data` is private
   --> src\rust\backend\isa\instructions.rs:98:17
    |
 98 |             enc.lea_rax_data(&label);
    |                 ^^^^^^^^^^^^ private method
    |
   ::: src\rust\backend\isa\encoder.rs:161:5
    |
161 |     fn lea_rax_data(&mut self, data_label: &str) {
    |     -------------------------------------------- private method defined here

error[E0616]: field `code` of struct `encoder::Encoder` is private
   --> src\rust\backend\isa\instructions.rs:100:17
    |
100 |             enc.code.extend_from_slice(&[0x48, 0x8B, 0x00]); // MOV RAX, [RAX]
    |                 ^^^^ private field

error[E0624]: method `ensure_data_label` is private
   --> src\rust\backend\isa\instructions.rs:105:17
    |
105 |             enc.ensure_data_label(&label, 0i64);
    |                 ^^^^^^^^^^^^^^^^^ private method
    |
   ::: src\rust\backend\isa\encoder.rs:170:5
    |
170 |     fn ensure_data_label(&mut self, label: &str, init_val: i64) {
    |     ----------------------------------------------------------- private method defined here

error[E0624]: method `mov_rr` is private
   --> src\rust\backend\isa\instructions.rs:107:17
    |
107 |             enc.mov_rr(X86Reg::RCX, X86Reg::RAX); // RCX = value
    |                 ^^^^^^ private method
    |
   ::: src\rust\backend\isa\encoder.rs:79:5
    |
 79 |     fn mov_rr(&mut self, dst: X86Reg, src: X86Reg) {
    |     ---------------------------------------------- private method defined here

error[E0624]: method `lea_rax_data` is private
   --> src\rust\backend\isa\instructions.rs:108:17
    |
108 |             enc.lea_rax_data(&label);              // RAX = &global
    |                 ^^^^^^^^^^^^ private method
    |
   ::: src\rust\backend\isa\encoder.rs:161:5
    |
161 |     fn lea_rax_data(&mut self, data_label: &str) {
    |     -------------------------------------------- private method defined here

error[E0616]: field `code` of struct `encoder::Encoder` is private
   --> src\rust\backend\isa\instructions.rs:110:17
    |
110 |             enc.code.extend_from_slice(&[0x48, 0x89, 0x08]); // MOV [RAX], RCX
    |                 ^^^^ private field

error[E0624]: method `mov_rr` is private
   --> src\rust\backend\isa\instructions.rs:120:25
    |
120 |                     enc.mov_rr(X86Reg::RCX, X86Reg::RAX);
    |                         ^^^^^^ private method
    |
   ::: src\rust\backend\isa\encoder.rs:79:5
    |
 79 |     fn mov_rr(&mut self, dst: X86Reg, src: X86Reg) {
    |     ---------------------------------------------- private method defined here

error[E0624]: method `sub_rsp` is private
   --> src\rust\backend\isa\instructions.rs:122:21
    |
122 |                 enc.sub_rsp(32);
    |                     ^^^^^^^ private method
    |
   ::: src\rust\backend\isa\encoder.rs:125:5
    |
125 |     fn sub_rsp(&mut self, val: u8) { self.rex_w(); self.emit(&[0x83, 0xEC, val]); }
    |     ------------------------------ private method defined here

error[E0624]: method `call_label` is private
   --> src\rust\backend\isa\instructions.rs:123:21
    |
123 |                 enc.call_label("__pyb_heap_alloc");
    |                     ^^^^^^^^^^ private method
    |
   ::: src\rust\backend\isa\encoder.rs:145:5
    |
145 |     fn call_label(&mut self, lbl: &str) {
    |     ----------------------------------- private method defined here

error[E0624]: method `add_rsp` is private
   --> src\rust\backend\isa\instructions.rs:124:21
    |
124 |                 enc.add_rsp(32);
    |                     ^^^^^^^ private method
    |
   ::: src\rust\backend\isa\encoder.rs:126:5
    |
126 |     fn add_rsp(&mut self, val: u8) { self.rex_w(); self.emit(&[0x83, 0xC4, val]); }
    |     ------------------------------ private method defined here

error[E0624]: method `push` is private
   --> src\rust\backend\isa\instructions.rs:126:21
    |
126 |                 enc.push(X86Reg::RAX); // save obj ptr on stack
    |                     ^^^^ private method
    |
   ::: src\rust\backend\isa\encoder.rs:115:5
    |
115 |     fn push(&mut self, reg: X86Reg) {
    |     ------------------------------- private method defined here

error[E0624]: method `push` is private
   --> src\rust\backend\isa\instructions.rs:131:25
    |
131 |                     enc.push(X86Reg::RAX); // push each arg
    |                         ^^^^ private method
    |
   ::: src\rust\backend\isa\encoder.rs:115:5
    |
115 |     fn push(&mut self, reg: X86Reg) {
    |     ------------------------------- private method defined here

error[E0624]: method `pop` is private
   --> src\rust\backend\isa\instructions.rs:139:29
    |
139 |                         enc.pop(abi[i + 1]); // +1 because slot 0 is self
    |                             ^^^ private method
    |
   ::: src\rust\backend\isa\encoder.rs:120:5
    |
120 |     fn pop(&mut self, reg: X86Reg) {
    |     ------------------------------ private method defined here

error[E0624]: method `pop` is private
   --> src\rust\backend\isa\instructions.rs:142:29
    |
142 |                         enc.pop(X86Reg::RAX); // discard into RAX (simplified)
    |                             ^^^ private method
    |
   ::: src\rust\backend\isa\encoder.rs:120:5
    |
120 |     fn pop(&mut self, reg: X86Reg) {
    |     ------------------------------ private method defined here

error[E0624]: method `pop` is private
   --> src\rust\backend\isa\instructions.rs:146:21
    |
146 |                 enc.pop(X86Reg::RCX); // self = new obj ptr
    |                     ^^^ private method
    |
   ::: src\rust\backend\isa\encoder.rs:120:5
    |
120 |     fn pop(&mut self, reg: X86Reg) {
    |     ------------------------------ private method defined here

error[E0624]: method `push` is private
   --> src\rust\backend\isa\instructions.rs:147:21
    |
147 |                 enc.push(X86Reg::RCX); // re-save for return
    |                     ^^^^ private method
    |
   ::: src\rust\backend\isa\encoder.rs:115:5
    |
115 |     fn push(&mut self, reg: X86Reg) {
    |     ------------------------------- private method defined here

error[E0624]: method `sub_rsp` is private
   --> src\rust\backend\isa\instructions.rs:148:21
    |
148 |                 enc.sub_rsp(32);
    |                     ^^^^^^^ private method
    |
   ::: src\rust\backend\isa\encoder.rs:125:5
    |
125 |     fn sub_rsp(&mut self, val: u8) { self.rex_w(); self.emit(&[0x83, 0xEC, val]); }
    |     ------------------------------ private method defined here

error[E0624]: method `call_label` is private
   --> src\rust\backend\isa\instructions.rs:149:21
    |
149 |                 enc.call_label(init_func);
    |                     ^^^^^^^^^^ private method
    |
   ::: src\rust\backend\isa\encoder.rs:145:5
    |
145 |     fn call_label(&mut self, lbl: &str) {
    |     ----------------------------------- private method defined here

error[E0624]: method `add_rsp` is private
   --> src\rust\backend\isa\instructions.rs:150:21
    |
150 |                 enc.add_rsp(32);
    |                     ^^^^^^^ private method
    |
   ::: src\rust\backend\isa\encoder.rs:126:5
    |
126 |     fn add_rsp(&mut self, val: u8) { self.rex_w(); self.emit(&[0x83, 0xC4, val]); }
    |     ------------------------------ private method defined here

error[E0624]: method `pop` is private
   --> src\rust\backend\isa\instructions.rs:152:21
    |
152 |                 enc.pop(X86Reg::RAX); // restore obj ptr
    |                     ^^^ private method
    |
   ::: src\rust\backend\isa\encoder.rs:120:5
    |
120 |     fn pop(&mut self, reg: X86Reg) {
    |     ------------------------------ private method defined here

error[E0624]: method `mov_rr` is private
   --> src\rust\backend\isa\instructions.rs:155:21
    |
155 |                 enc.mov_rr(X86Reg::RCX, X86Reg::RAX);
    |                     ^^^^^^ private method
    |
   ::: src\rust\backend\isa\encoder.rs:79:5
    |
 79 |     fn mov_rr(&mut self, dst: X86Reg, src: X86Reg) {
    |     ---------------------------------------------- private method defined here

error[E0624]: method `sub_rsp` is private
   --> src\rust\backend\isa\instructions.rs:156:21
    |
156 |                 enc.sub_rsp(32);
    |                     ^^^^^^^ private method
    |
   ::: src\rust\backend\isa\encoder.rs:125:5
    |
125 |     fn sub_rsp(&mut self, val: u8) { self.rex_w(); self.emit(&[0x83, 0xEC, val]); }
    |     ------------------------------ private method defined here

error[E0624]: method `call_label` is private
   --> src\rust\backend\isa\instructions.rs:157:21
    |
157 |                 enc.call_label(callee);
    |                     ^^^^^^^^^^ private method
    |
   ::: src\rust\backend\isa\encoder.rs:145:5
    |
145 |     fn call_label(&mut self, lbl: &str) {
    |     ----------------------------------- private method defined here

error[E0624]: method `add_rsp` is private
   --> src\rust\backend\isa\instructions.rs:158:21
    |
158 |                 enc.add_rsp(32);
    |                     ^^^^^^^ private method
    |
   ::: src\rust\backend\isa\encoder.rs:126:5
    |
126 |     fn add_rsp(&mut self, val: u8) { self.rex_w(); self.emit(&[0x83, 0xC4, val]); }
    |     ------------------------------ private method defined here

error[E0624]: method `push` is private
   --> src\rust\backend\isa\instructions.rs:169:25
    |
169 |                     enc.push(X86Reg::RAX);
    |                         ^^^^ private method
    |
   ::: src\rust\backend\isa\encoder.rs:115:5
    |
115 |     fn push(&mut self, reg: X86Reg) {
    |     ------------------------------- private method defined here

error[E0624]: method `pop` is private
   --> src\rust\backend\isa\instructions.rs:174:25
    |
174 |                     enc.pop(abi[i]);
    |                         ^^^ private method
    |
   ::: src\rust\backend\isa\encoder.rs:120:5
    |
120 |     fn pop(&mut self, reg: X86Reg) {
    |     ------------------------------ private method defined here

error[E0624]: method `sub_rsp` is private
   --> src\rust\backend\isa\instructions.rs:177:21
    |
177 |                 enc.sub_rsp(32);
    |                     ^^^^^^^ private method
    |
   ::: src\rust\backend\isa\encoder.rs:125:5
    |
125 |     fn sub_rsp(&mut self, val: u8) { self.rex_w(); self.emit(&[0x83, 0xEC, val]); }
    |     ------------------------------ private method defined here

error[E0624]: method `call_label` is private
   --> src\rust\backend\isa\instructions.rs:178:21
    |
178 |                 enc.call_label(callee);
    |                     ^^^^^^^^^^ private method
    |
   ::: src\rust\backend\isa\encoder.rs:145:5
    |
145 |     fn call_label(&mut self, lbl: &str) {
    |     ----------------------------------- private method defined here

error[E0624]: method `add_rsp` is private
   --> src\rust\backend\isa\instructions.rs:179:21
    |
179 |                 enc.add_rsp(32);
    |                     ^^^^^^^ private method
    |
   ::: src\rust\backend\isa\encoder.rs:126:5
    |
126 |     fn add_rsp(&mut self, val: u8) { self.rex_w(); self.emit(&[0x83, 0xC4, val]); }
    |     ------------------------------ private method defined here

error[E0624]: method `lea_rax_data` is private
   --> src\rust\backend\isa\instructions.rs:184:17
    |
184 |             enc.lea_rax_data(label);
    |                 ^^^^^^^^^^^^ private method
    |
   ::: src\rust\backend\isa\encoder.rs:161:5
    |
161 |     fn lea_rax_data(&mut self, data_label: &str) {
    |     -------------------------------------------- private method defined here

error[E0616]: field `data_labels` of struct `encoder::Encoder` is private
   --> src\rust\backend\isa\instructions.rs:200:31
    |
200 |             let str_len = enc.data_labels.iter()
    |                               ^^^^^^^^^^^ private field

error[E0616]: field `data` of struct `encoder::Encoder` is private
   --> src\rust\backend\isa\instructions.rs:204:35
    |
204 |                     let end = enc.data[start..].iter().position(|&b| b == 0).unwrap_or(0);
    |                                   ^^^^ private field

error[E0624]: method `sub_rsp` is private
   --> src\rust\backend\isa\instructions.rs:209:17
    |
209 |             enc.sub_rsp(32);
    |                 ^^^^^^^ private method
    |
   ::: src\rust\backend\isa\encoder.rs:125:5
    |
125 |     fn sub_rsp(&mut self, val: u8) { self.rex_w(); self.emit(&[0x83, 0xEC, val]); }
    |     ------------------------------ private method defined here

error[E0624]: method `lea_rax_data` is private
   --> src\rust\backend\isa\instructions.rs:210:17
    |
210 |             enc.lea_rax_data(label);
    |                 ^^^^^^^^^^^^ private method
    |
   ::: src\rust\backend\isa\encoder.rs:161:5
    |
161 |     fn lea_rax_data(&mut self, data_label: &str) {
    |     -------------------------------------------- private method defined here

error[E0624]: method `mov_rr` is private
   --> src\rust\backend\isa\instructions.rs:211:17
    |
211 |             enc.mov_rr(X86Reg::RCX, X86Reg::RAX);
    |                 ^^^^^^ private method
    |
   ::: src\rust\backend\isa\encoder.rs:79:5
    |
 79 |     fn mov_rr(&mut self, dst: X86Reg, src: X86Reg) {
    |     ---------------------------------------------- private method defined here

error[E0624]: method `mov_imm64` is private
   --> src\rust\backend\isa\instructions.rs:212:17
    |
212 |             enc.mov_imm64(X86Reg::RDX, str_len);
    |                 ^^^^^^^^^ private method
    |
   ::: src\rust\backend\isa\encoder.rs:70:5
    |
 70 |     fn mov_imm64(&mut self, reg: X86Reg, val: i64) {
    |     ---------------------------------------------- private method defined here

error[E0624]: method `call_label` is private
   --> src\rust\backend\isa\instructions.rs:213:17
    |
213 |             enc.call_label("__pyb_print_str");
    |                 ^^^^^^^^^^ private method
    |
   ::: src\rust\backend\isa\encoder.rs:145:5
    |
145 |     fn call_label(&mut self, lbl: &str) {
    |     ----------------------------------- private method defined here

error[E0624]: method `add_rsp` is private
   --> src\rust\backend\isa\instructions.rs:214:17
    |
214 |             enc.add_rsp(32);
    |                 ^^^^^^^ private method
    |
   ::: src\rust\backend\isa\encoder.rs:126:5
    |
126 |     fn add_rsp(&mut self, val: u8) { self.rex_w(); self.emit(&[0x83, 0xC4, val]); }
    |     ------------------------------ private method defined here

error[E0624]: method `sub_rsp` is private
   --> src\rust\backend\isa\instructions.rs:218:17
    |
218 |             enc.sub_rsp(32);
    |                 ^^^^^^^ private method
    |
   ::: src\rust\backend\isa\encoder.rs:125:5
    |
125 |     fn sub_rsp(&mut self, val: u8) { self.rex_w(); self.emit(&[0x83, 0xEC, val]); }
    |     ------------------------------ private method defined here

error[E0624]: method `call_label` is private
   --> src\rust\backend\isa\instructions.rs:219:17
    |
219 |             enc.call_label("__pyb_itoa");
    |                 ^^^^^^^^^^ private method
    |
   ::: src\rust\backend\isa\encoder.rs:145:5
    |
145 |     fn call_label(&mut self, lbl: &str) {
    |     ----------------------------------- private method defined here

error[E0624]: method `add_rsp` is private
   --> src\rust\backend\isa\instructions.rs:220:17
    |
220 |             enc.add_rsp(32);
    |                 ^^^^^^^ private method
    |
   ::: src\rust\backend\isa\encoder.rs:126:5
    |
126 |     fn add_rsp(&mut self, val: u8) { self.rex_w(); self.emit(&[0x83, 0xC4, val]); }
    |     ------------------------------ private method defined here

error[E0624]: method `sub_rsp` is private
   --> src\rust\backend\isa\instructions.rs:223:17
    |
223 |             enc.sub_rsp(32);
    |                 ^^^^^^^ private method
    |
   ::: src\rust\backend\isa\encoder.rs:125:5
    |
125 |     fn sub_rsp(&mut self, val: u8) { self.rex_w(); self.emit(&[0x83, 0xEC, val]); }
    |     ------------------------------ private method defined here

error[E0624]: method `call_label` is private
   --> src\rust\backend\isa\instructions.rs:224:17
    |
224 |             enc.call_label("__pyb_print_nl");
    |                 ^^^^^^^^^^ private method
    |
   ::: src\rust\backend\isa\encoder.rs:145:5
    |
145 |     fn call_label(&mut self, lbl: &str) {
    |     ----------------------------------- private method defined here

error[E0624]: method `add_rsp` is private
   --> src\rust\backend\isa\instructions.rs:225:17
    |
225 |             enc.add_rsp(32);
    |                 ^^^^^^^ private method
    |
   ::: src\rust\backend\isa\encoder.rs:126:5
    |
126 |     fn add_rsp(&mut self, val: u8) { self.rex_w(); self.emit(&[0x83, 0xC4, val]); }
    |     ------------------------------ private method defined here

error[E0624]: method `movq_xmm0_rax` is private
   --> src\rust\backend\isa\instructions.rs:229:17
    |
229 |             enc.movq_xmm0_rax();
    |                 ^^^^^^^^^^^^^ private method
    |
   ::: src\rust\backend\isa\encoder.rs:250:5
    |
250 |     fn movq_xmm0_rax(&mut self) {
    |     --------------------------- private method defined here

error[E0624]: method `sub_rsp` is private
   --> src\rust\backend\isa\instructions.rs:230:17
    |
230 |             enc.sub_rsp(32);
    |                 ^^^^^^^ private method
    |
   ::: src\rust\backend\isa\encoder.rs:125:5
    |
125 |     fn sub_rsp(&mut self, val: u8) { self.rex_w(); self.emit(&[0x83, 0xEC, val]); }
    |     ------------------------------ private method defined here

error[E0624]: method `call_label` is private
   --> src\rust\backend\isa\instructions.rs:231:17
    |
231 |             enc.call_label("__pyb_ftoa");
    |                 ^^^^^^^^^^ private method
    |
   ::: src\rust\backend\isa\encoder.rs:145:5
    |
145 |     fn call_label(&mut self, lbl: &str) {
    |     ----------------------------------- private method defined here

error[E0624]: method `add_rsp` is private
   --> src\rust\backend\isa\instructions.rs:232:17
    |
232 |             enc.add_rsp(32);
    |                 ^^^^^^^ private method
    |
   ::: src\rust\backend\isa\encoder.rs:126:5
    |
126 |     fn add_rsp(&mut self, val: u8) { self.rex_w(); self.emit(&[0x83, 0xC4, val]); }
    |     ------------------------------ private method defined here

error[E0624]: method `sub_rsp` is private
   --> src\rust\backend\isa\instructions.rs:237:17
    |
237 |             enc.sub_rsp(32);
    |                 ^^^^^^^ private method
    |
   ::: src\rust\backend\isa\encoder.rs:125:5
    |
125 |     fn sub_rsp(&mut self, val: u8) { self.rex_w(); self.emit(&[0x83, 0xEC, val]); }
    |     ------------------------------ private method defined here

error[E0624]: method `emit` is private
   --> src\rust\backend\isa\instructions.rs:238:17
    |
238 |             enc.emit(&[0x88, 0x04, 0x24]); // MOV [RSP], AL
    |                 ^^^^ private method
    |
   ::: src\rust\backend\isa\encoder.rs:37:5
    |
 37 |     fn emit(&mut self, bytes: &[u8]) {
    |     -------------------------------- private method defined here

error[E0624]: method `emit` is private
   --> src\rust\backend\isa\instructions.rs:240:17
    |
240 |             enc.emit(&[0x48, 0x8D, 0x0C, 0x24]);
    |                 ^^^^ private method
    |
   ::: src\rust\backend\isa\encoder.rs:37:5
    |
 37 |     fn emit(&mut self, bytes: &[u8]) {
    |     -------------------------------- private method defined here

error[E0624]: method `mov_imm64` is private
   --> src\rust\backend\isa\instructions.rs:241:17
    |
241 |             enc.mov_imm64(X86Reg::RDX, 1);
    |                 ^^^^^^^^^ private method
    |
   ::: src\rust\backend\isa\encoder.rs:70:5
    |
 70 |     fn mov_imm64(&mut self, reg: X86Reg, val: i64) {
    |     ---------------------------------------------- private method defined here

error[E0624]: method `call_label` is private
   --> src\rust\backend\isa\instructions.rs:242:17
    |
242 |             enc.call_label("__pyb_print_str");
    |                 ^^^^^^^^^^ private method
    |
   ::: src\rust\backend\isa\encoder.rs:145:5
    |
145 |     fn call_label(&mut self, lbl: &str) {
    |     ----------------------------------- private method defined here

error[E0624]: method `add_rsp` is private
   --> src\rust\backend\isa\instructions.rs:243:17
    |
243 |             enc.add_rsp(32);
    |                 ^^^^^^^ private method
    |
   ::: src\rust\backend\isa\encoder.rs:126:5
    |
126 |     fn add_rsp(&mut self, val: u8) { self.rex_w(); self.emit(&[0x83, 0xC4, val]); }
    |     ------------------------------ private method defined here

error[E0624]: method `mov_rr` is private
   --> src\rust\backend\isa\instructions.rs:246:17
    |
246 |             enc.mov_rr(X86Reg::RCX, X86Reg::RAX);
    |                 ^^^^^^ private method
    |
   ::: src\rust\backend\isa\encoder.rs:79:5
    |
 79 |     fn mov_rr(&mut self, dst: X86Reg, src: X86Reg) {
    |     ---------------------------------------------- private method defined here

error[E0624]: method `call_iat` is private
   --> src\rust\backend\isa\instructions.rs:247:17
    |
247 |             enc.call_iat(IAT_EXIT_PROCESS);
    |                 ^^^^^^^^ private method
    |
   ::: src\rust\backend\isa\encoder.rs:152:5
    |
152 |     fn call_iat(&mut self, slot: usize) {
    |     ----------------------------------- private method defined here

error[E0624]: method `mov_rr` is private
   --> src\rust\backend\isa\instructions.rs:256:21
    |
256 |                 enc.mov_rr(X86Reg::RAX, *reg);
    |                     ^^^^^^ private method
    |
   ::: src\rust\backend\isa\encoder.rs:79:5
    |
 79 |     fn mov_rr(&mut self, dst: X86Reg, src: X86Reg) {
    |     ---------------------------------------------- private method defined here

error[E0624]: method `lea_rax_data` is private
   --> src\rust\backend\isa\instructions.rs:270:17
    |
270 |             enc.lea_rax_data("__pyb_error_state");
    |                 ^^^^^^^^^^^^ private method
    |
   ::: src\rust\backend\isa\encoder.rs:161:5
    |
161 |     fn lea_rax_data(&mut self, data_label: &str) {
    |     -------------------------------------------- private method defined here

error[E0624]: method `emit` is private
   --> src\rust\backend\isa\instructions.rs:271:17
    |
271 |             enc.emit(&[0x48, 0xC7, 0x00, 0x00, 0x00, 0x00, 0x00]); // MOV QWORD [RAX], 0
    |                 ^^^^ private method
    |
   ::: src\rust\backend\isa\encoder.rs:37:5
    |
 37 |     fn emit(&mut self, bytes: &[u8]) {
    |     -------------------------------- private method defined here

error[E0624]: method `lea_rax_data` is private
   --> src\rust\backend\isa\instructions.rs:277:17
    |
277 |             enc.lea_rax_data("__pyb_error_state");
    |                 ^^^^^^^^^^^^ private method
    |
   ::: src\rust\backend\isa\encoder.rs:161:5
    |
161 |     fn lea_rax_data(&mut self, data_label: &str) {
    |     -------------------------------------------- private method defined here

error[E0624]: method `emit` is private
   --> src\rust\backend\isa\instructions.rs:278:17
    |
278 |             enc.emit(&[0x48, 0xC7, 0x00, 0x00, 0x00, 0x00, 0x00]); // MOV QWORD [RAX], 0
    |                 ^^^^ private method
    |
   ::: src\rust\backend\isa\encoder.rs:37:5
    |
 37 |     fn emit(&mut self, bytes: &[u8]) {
    |     -------------------------------- private method defined here

error[E0624]: method `lea_rax_data` is private
   --> src\rust\backend\isa\instructions.rs:282:17
    |
282 |             enc.lea_rax_data("__pyb_error_state");
    |                 ^^^^^^^^^^^^ private method
    |
   ::: src\rust\backend\isa\encoder.rs:161:5
    |
161 |     fn lea_rax_data(&mut self, data_label: &str) {
    |     -------------------------------------------- private method defined here

error[E0624]: method `emit` is private
   --> src\rust\backend\isa\instructions.rs:283:17
    |
283 |             enc.emit(&[0x48, 0x83, 0x38, 0x00]); // CMP QWORD [RAX], 0
    |                 ^^^^ private method
    |
   ::: src\rust\backend\isa\encoder.rs:37:5
    |
 37 |     fn emit(&mut self, bytes: &[u8]) {
    |     -------------------------------- private method defined here

error[E0624]: method `jcc` is private
   --> src\rust\backend\isa\instructions.rs:284:17
    |
284 |             enc.jcc(0x84, label); // JE label (no error ÔåÆ skip handler)
    |                 ^^^ private method
    |
   ::: src\rust\backend\isa\encoder.rs:139:5
    |
139 |     fn jcc(&mut self, cc: u8, lbl: &str) {
    |     ------------------------------------ private method defined here

error[E0624]: method `lea_rax_data` is private
   --> src\rust\backend\isa\instructions.rs:288:17
    |
288 |             enc.lea_rax_data("__pyb_error_state");
    |                 ^^^^^^^^^^^^ private method
    |
   ::: src\rust\backend\isa\encoder.rs:161:5
    |
161 |     fn lea_rax_data(&mut self, data_label: &str) {
    |     -------------------------------------------- private method defined here

error[E0624]: method `emit` is private
   --> src\rust\backend\isa\instructions.rs:289:17
    |
289 |             enc.emit(&[0x48, 0xC7, 0x00, 0x01, 0x00, 0x00, 0x00]); // MOV QWORD [RAX], 1
    |                 ^^^^ private method
    |
   ::: src\rust\backend\isa\encoder.rs:37:5
    |
 37 |     fn emit(&mut self, bytes: &[u8]) {
    |     -------------------------------- private method defined here

error[E0624]: method `sub_rsp` is private
   --> src\rust\backend\isa\instructions.rs:302:17
    |
302 |             enc.sub_rsp(32);
    |                 ^^^^^^^ private method
    |
   ::: src\rust\backend\isa\encoder.rs:125:5
    |
125 |     fn sub_rsp(&mut self, val: u8) { self.rex_w(); self.emit(&[0x83, 0xEC, val]); }
    |     ------------------------------ private method defined here

error[E0624]: method `mov_imm64` is private
   --> src\rust\backend\isa\instructions.rs:303:17
    |
303 |             enc.mov_imm64(X86Reg::RCX, 16);
    |                 ^^^^^^^^^ private method
    |
   ::: src\rust\backend\isa\encoder.rs:70:5
    |
 70 |     fn mov_imm64(&mut self, reg: X86Reg, val: i64) {
    |     ---------------------------------------------- private method defined here

error[E0624]: method `call_label` is private
   --> src\rust\backend\isa\instructions.rs:304:17
    |
304 |             enc.call_label("__pyb_heap_alloc");
    |                 ^^^^^^^^^^ private method
    |
   ::: src\rust\backend\isa\encoder.rs:145:5
    |
145 |     fn call_label(&mut self, lbl: &str) {
    |     ----------------------------------- private method defined here

error[E0624]: method `emit` is private
   --> src\rust\backend\isa\instructions.rs:306:17
    |
306 |             enc.emit(&[0x48, 0xC7, 0x00, 0x00, 0x00, 0x00, 0x00]); // MOV QWORD [RAX], 0 (state=0)
    |                 ^^^^ private method
    |
   ::: src\rust\backend\isa\encoder.rs:37:5
    |
 37 |     fn emit(&mut self, bytes: &[u8]) {
    |     -------------------------------- private method defined here

error[E0624]: method `emit` is private
   --> src\rust\backend\isa\instructions.rs:307:17
    |
307 |             enc.emit(&[0x48, 0xC7, 0x40, 0x08, 0x00, 0x00, 0x00, 0x00]); // MOV QWORD [RAX+8], 0 (result=0)
    |                 ^^^^ private method
    |
   ::: src\rust\backend\isa\encoder.rs:37:5
    |
 37 |     fn emit(&mut self, bytes: &[u8]) {
    |     -------------------------------- private method defined here

error[E0624]: method `add_rsp` is private
   --> src\rust\backend\isa\instructions.rs:308:17
    |
308 |             enc.add_rsp(32);
    |                 ^^^^^^^ private method
    |
   ::: src\rust\backend\isa\encoder.rs:126:5
    |
126 |     fn add_rsp(&mut self, val: u8) { self.rex_w(); self.emit(&[0x83, 0xC4, val]); }
    |     ------------------------------ private method defined here

error[E0624]: method `sub_rsp` is private
   --> src\rust\backend\isa\instructions.rs:322:17
    |
322 |             enc.sub_rsp(32);
    |                 ^^^^^^^ private method
    |
   ::: src\rust\backend\isa\encoder.rs:125:5
    |
125 |     fn sub_rsp(&mut self, val: u8) { self.rex_w(); self.emit(&[0x83, 0xEC, val]); }
    |     ------------------------------ private method defined here

error[E0624]: method `mov_imm64` is private
   --> src\rust\backend\isa\instructions.rs:323:17
    |
323 |             enc.mov_imm64(X86Reg::RCX, 24);
    |                 ^^^^^^^^^ private method
    |
   ::: src\rust\backend\isa\encoder.rs:70:5
    |
 70 |     fn mov_imm64(&mut self, reg: X86Reg, val: i64) {
    |     ---------------------------------------------- private method defined here

error[E0624]: method `call_label` is private
   --> src\rust\backend\isa\instructions.rs:324:17
    |
324 |             enc.call_label("__pyb_heap_alloc");
    |                 ^^^^^^^^^^ private method
    |
   ::: src\rust\backend\isa\encoder.rs:145:5
    |
145 |     fn call_label(&mut self, lbl: &str) {
    |     ----------------------------------- private method defined here

error[E0624]: method `emit` is private
   --> src\rust\backend\isa\instructions.rs:325:17
    |
325 |             enc.emit(&[0x48, 0xC7, 0x00, 0x00, 0x00, 0x00, 0x00]); // state=0
    |                 ^^^^ private method
    |
   ::: src\rust\backend\isa\encoder.rs:37:5
    |
 37 |     fn emit(&mut self, bytes: &[u8]) {
    |     -------------------------------- private method defined here

error[E0624]: method `emit` is private
   --> src\rust\backend\isa\instructions.rs:326:17
    |
326 |             enc.emit(&[0x48, 0xC7, 0x40, 0x08, 0x00, 0x00, 0x00, 0x00]); // current=0
    |                 ^^^^ private method
    |
   ::: src\rust\backend\isa\encoder.rs:37:5
    |
 37 |     fn emit(&mut self, bytes: &[u8]) {
    |     -------------------------------- private method defined here

error[E0624]: method `emit` is private
   --> src\rust\backend\isa\instructions.rs:327:17
    |
327 |             enc.emit(&[0x48, 0xC7, 0x40, 0x10, 0x00, 0x00, 0x00, 0x00]); // end=0
    |                 ^^^^ private method
    |
   ::: src\rust\backend\isa\encoder.rs:37:5
    |
 37 |     fn emit(&mut self, bytes: &[u8]) {
    |     -------------------------------- private method defined here

error[E0624]: method `add_rsp` is private
   --> src\rust\backend\isa\instructions.rs:328:17
    |
328 |             enc.add_rsp(32);
    |                 ^^^^^^^ private method
    |
   ::: src\rust\backend\isa\encoder.rs:126:5
    |
126 |     fn add_rsp(&mut self, val: u8) { self.rex_w(); self.emit(&[0x83, 0xC4, val]); }
    |     ------------------------------ private method defined here

error[E0624]: method `emit` is private
   --> src\rust\backend\isa\instructions.rs:333:17
    |
333 |             enc.emit(&[0x48, 0x8B, 0x48, 0x08]);
    |                 ^^^^ private method
    |
   ::: src\rust\backend\isa\encoder.rs:37:5
    |
 37 |     fn emit(&mut self, bytes: &[u8]) {
    |     -------------------------------- private method defined here

error[E0624]: method `emit` is private
   --> src\rust\backend\isa\instructions.rs:335:17
    |
335 |             enc.emit(&[0x48, 0xFF, 0x40, 0x08]);
    |                 ^^^^ private method
    |
   ::: src\rust\backend\isa\encoder.rs:37:5
    |
 37 |     fn emit(&mut self, bytes: &[u8]) {
    |     -------------------------------- private method defined here

error[E0624]: method `mov_rr` is private
   --> src\rust\backend\isa\instructions.rs:337:17
    |
337 |             enc.mov_rr(X86Reg::RAX, X86Reg::RCX);
    |                 ^^^^^^ private method
    |
   ::: src\rust\backend\isa\encoder.rs:79:5
    |
 79 |     fn mov_rr(&mut self, dst: X86Reg, src: X86Reg) {
    |     ---------------------------------------------- private method defined here

error[E0624]: method `mov_rr` is private
   --> src\rust\backend\isa\instructions.rs:348:21
    |
348 |                 enc.mov_rr(X86Reg::RCX, *reg);
    |                     ^^^^^^ private method
    |
   ::: src\rust\backend\isa\encoder.rs:79:5
    |
 79 |     fn mov_rr(&mut self, dst: X86Reg, src: X86Reg) {
    |     ---------------------------------------------- private method defined here

error[E0624]: method `mov_rr` is private
   --> src\rust\backend\isa\instructions.rs:354:21
    |
354 |                 enc.mov_rr(X86Reg::RCX, *reg);
    |                     ^^^^^^ private method
    |
   ::: src\rust\backend\isa\encoder.rs:79:5
    |
 79 |     fn mov_rr(&mut self, dst: X86Reg, src: X86Reg) {
    |     ---------------------------------------------- private method defined here

error[E0624]: method `emit` is private
   --> src\rust\backend\isa\instructions.rs:373:17
    |
373 |             enc.emit(&[0xC5, 0xFC, 0x28, 0x05]); // VMOVAPS ymm0, [rip+disp32]
    |                 ^^^^ private method
    |
   ::: src\rust\backend\isa\encoder.rs:37:5
    |
 37 |     fn emit(&mut self, bytes: &[u8]) {
    |     -------------------------------- private method defined here

error[E0624]: method `pos` is private
   --> src\rust\backend\isa\instructions.rs:374:33
    |
374 |             let fixup_pos = enc.pos();
    |                                 ^^^ private method
    |
   ::: src\rust\backend\isa\encoder.rs:35:5
    |
 35 |     fn pos(&self) -> u32 { self.code.len() as u32 }
    |     -------------------- private method defined here

error[E0624]: method `emit_u32_le` is private
   --> src\rust\backend\isa\instructions.rs:375:17
    |
375 |             enc.emit_u32_le(0);
    |                 ^^^^^^^^^^^ private method
    |
   ::: src\rust\backend\isa\encoder.rs:44:5
    |
 44 |     fn emit_u32_le(&mut self, v: u32) { self.code.extend_from_slice(&v.to_le_bytes()); }
    |     --------------------------------- private method defined here

error[E0616]: field `data_fixups` of struct `encoder::Encoder` is private
   --> src\rust\backend\isa\instructions.rs:376:17
    |
376 |             enc.data_fixups.push((fixup_pos, label.clone()));
    |                 ^^^^^^^^^^^ private field

error[E0624]: method `emit` is private
   --> src\rust\backend\isa\instructions.rs:382:25
    |
382 |                     enc.emit(&[0xC5, 0xFC, 0x58, 0xC1]);
    |                         ^^^^ private method
    |
   ::: src\rust\backend\isa\encoder.rs:37:5
    |
 37 |     fn emit(&mut self, bytes: &[u8]) {
    |     -------------------------------- private method defined here

error[E0624]: method `emit` is private
   --> src\rust\backend\isa\instructions.rs:386:25
    |
386 |                     enc.emit(&[0xC5, 0xFC, 0x59, 0xC1]);
    |                         ^^^^ private method
    |
   ::: src\rust\backend\isa\encoder.rs:37:5
    |
 37 |     fn emit(&mut self, bytes: &[u8]) {
    |     -------------------------------- private method defined here

error[E0624]: method `emit` is private
   --> src\rust\backend\isa\instructions.rs:390:25
    |
390 |                     enc.emit(&[0xC5, 0xFC, 0x5C, 0xC1]);
    |                         ^^^^ private method
    |
   ::: src\rust\backend\isa\encoder.rs:37:5
    |
 37 |     fn emit(&mut self, bytes: &[u8]) {
    |     -------------------------------- private method defined here

error[E0624]: method `emit` is private
   --> src\rust\backend\isa\instructions.rs:394:25
    |
394 |                     enc.emit(&[0xC5, 0xFC, 0x5E, 0xC1]);
    |                         ^^^^ private method
    |
   ::: src\rust\backend\isa\encoder.rs:37:5
    |
 37 |     fn emit(&mut self, bytes: &[u8]) {
    |     -------------------------------- private method defined here

error[E0624]: method `emit` is private
   --> src\rust\backend\isa\instructions.rs:401:17
    |
401 |             enc.emit(&[0xC5, 0xFC, 0x29, 0x05]); // VMOVAPS [rip+disp32], ymm0
    |                 ^^^^ private method
    |
   ::: src\rust\backend\isa\encoder.rs:37:5
    |
 37 |     fn emit(&mut self, bytes: &[u8]) {
    |     -------------------------------- private method defined here

error[E0624]: method `pos` is private
   --> src\rust\backend\isa\instructions.rs:402:33
    |
402 |             let fixup_pos = enc.pos();
    |                                 ^^^ private method
    |
   ::: src\rust\backend\isa\encoder.rs:35:5
    |
 35 |     fn pos(&self) -> u32 { self.code.len() as u32 }
    |     -------------------- private method defined here

error[E0624]: method `emit_u32_le` is private
   --> src\rust\backend\isa\instructions.rs:403:17
    |
403 |             enc.emit_u32_le(0);
    |                 ^^^^^^^^^^^ private method
    |
   ::: src\rust\backend\isa\encoder.rs:44:5
    |
 44 |     fn emit_u32_le(&mut self, v: u32) { self.code.extend_from_slice(&v.to_le_bytes()); }
    |     --------------------------------- private method defined here

error[E0616]: field `data_fixups` of struct `encoder::Encoder` is private
   --> src\rust\backend\isa\instructions.rs:404:17
    |
404 |             enc.data_fixups.push((fixup_pos, label.clone()));
    |                 ^^^^^^^^^^^ private field

error[E0624]: method `emit` is private
   --> src\rust\backend\isa\instructions.rs:409:17
    |
409 |             enc.emit(&[0xC4, 0xE3, 0x7D, 0x19, 0xC1, 0x01]);
    |                 ^^^^ private method
    |
   ::: src\rust\backend\isa\encoder.rs:37:5
    |
 37 |     fn emit(&mut self, bytes: &[u8]) {
    |     -------------------------------- private method defined here

error[E0624]: method `emit` is private
   --> src\rust\backend\isa\instructions.rs:413:25
    |
413 |                     enc.emit(&[0xC5, 0xF8, 0x58, 0xC1]);
    |                         ^^^^ private method
    |
   ::: src\rust\backend\isa\encoder.rs:37:5
    |
 37 |     fn emit(&mut self, bytes: &[u8]) {
    |     -------------------------------- private method defined here

error[E0624]: method `emit` is private
   --> src\rust\backend\isa\instructions.rs:415:25
    |
415 |                     enc.emit(&[0xC5, 0xFB, 0x7C, 0xC0]);
    |                         ^^^^ private method
    |
   ::: src\rust\backend\isa\encoder.rs:37:5
    |
 37 |     fn emit(&mut self, bytes: &[u8]) {
    |     -------------------------------- private method defined here

error[E0624]: method `emit` is private
   --> src\rust\backend\isa\instructions.rs:416:25
    |
416 |                     enc.emit(&[0xC5, 0xFB, 0x7C, 0xC0]);
    |                         ^^^^ private method
    |
   ::: src\rust\backend\isa\encoder.rs:37:5
    |
 37 |     fn emit(&mut self, bytes: &[u8]) {
    |     -------------------------------- private method defined here

error[E0624]: method `emit` is private
   --> src\rust\backend\isa\instructions.rs:420:25
    |
420 |                     enc.emit(&[0xC5, 0xF8, 0x5F, 0xC1]);
    |                         ^^^^ private method
    |
   ::: src\rust\backend\isa\encoder.rs:37:5
    |
 37 |     fn emit(&mut self, bytes: &[u8]) {
    |     -------------------------------- private method defined here

error[E0624]: method `emit` is private
   --> src\rust\backend\isa\instructions.rs:424:25
    |
424 |                     enc.emit(&[0xC5, 0xF8, 0x5D, 0xC1]);
    |                         ^^^^ private method
    |
   ::: src\rust\backend\isa\encoder.rs:37:5
    |
 37 |     fn emit(&mut self, bytes: &[u8]) {
    |     -------------------------------- private method defined here

error[E0624]: method `emit` is private
   --> src\rust\backend\isa\instructions.rs:431:17
    |
431 |             enc.emit(&[0xC5, 0xFC, 0x51, 0xC0]);
    |                 ^^^^ private method
    |
   ::: src\rust\backend\isa\encoder.rs:37:5
    |
 37 |     fn emit(&mut self, bytes: &[u8]) {
    |     -------------------------------- private method defined here

error[E0624]: method `lea_rax_data` is private
   --> src\rust\backend\isa\instructions.rs:438:17
    |
438 |             enc.lea_rax_data(path);
    |                 ^^^^^^^^^^^^ private method
    |
   ::: src\rust\backend\isa\encoder.rs:161:5
    |
161 |     fn lea_rax_data(&mut self, data_label: &str) {
    |     -------------------------------------------- private method defined here

error[E0624]: method `mov_rr` is private
   --> src\rust\backend\isa\instructions.rs:439:17
    |
439 |             enc.mov_rr(X86Reg::RCX, X86Reg::RAX);
    |                 ^^^^^^ private method
    |
   ::: src\rust\backend\isa\encoder.rs:79:5
    |
 79 |     fn mov_rr(&mut self, dst: X86Reg, src: X86Reg) {
    |     ---------------------------------------------- private method defined here

error[E0624]: method `sub_rsp` is private
   --> src\rust\backend\isa\instructions.rs:440:17
    |
440 |             enc.sub_rsp(32);
    |                 ^^^^^^^ private method
    |
   ::: src\rust\backend\isa\encoder.rs:125:5
    |
125 |     fn sub_rsp(&mut self, val: u8) { self.rex_w(); self.emit(&[0x83, 0xEC, val]); }
    |     ------------------------------ private method defined here

error[E0624]: method `call_iat` is private
   --> src\rust\backend\isa\instructions.rs:441:17
    |
441 |             enc.call_iat(IAT_LOAD_LIBRARY);
    |                 ^^^^^^^^ private method
    |
   ::: src\rust\backend\isa\encoder.rs:152:5
    |
152 |     fn call_iat(&mut self, slot: usize) {
    |     ----------------------------------- private method defined here

error[E0624]: method `add_rsp` is private
   --> src\rust\backend\isa\instructions.rs:442:17
    |
442 |             enc.add_rsp(32);
    |                 ^^^^^^^ private method
    |
   ::: src\rust\backend\isa\encoder.rs:126:5
    |
126 |     fn add_rsp(&mut self, val: u8) { self.rex_w(); self.emit(&[0x83, 0xC4, val]); }
    |     ------------------------------ private method defined here

error[E0624]: method `mov_rr` is private
   --> src\rust\backend\isa\instructions.rs:446:17
    |
446 |             enc.mov_rr(X86Reg::RCX, X86Reg::RAX);
    |                 ^^^^^^ private method
    |
   ::: src\rust\backend\isa\encoder.rs:79:5
    |
 79 |     fn mov_rr(&mut self, dst: X86Reg, src: X86Reg) {
    |     ---------------------------------------------- private method defined here

error[E0624]: method `lea_rax_data` is private
   --> src\rust\backend\isa\instructions.rs:447:17
    |
447 |             enc.lea_rax_data(name);
    |                 ^^^^^^^^^^^^ private method
    |
   ::: src\rust\backend\isa\encoder.rs:161:5
    |
161 |     fn lea_rax_data(&mut self, data_label: &str) {
    |     -------------------------------------------- private method defined here

error[E0624]: method `mov_rr` is private
   --> src\rust\backend\isa\instructions.rs:448:17
    |
448 |             enc.mov_rr(X86Reg::RDX, X86Reg::RAX);
    |                 ^^^^^^ private method
    |
   ::: src\rust\backend\isa\encoder.rs:79:5
    |
 79 |     fn mov_rr(&mut self, dst: X86Reg, src: X86Reg) {
    |     ---------------------------------------------- private method defined here

error[E0624]: method `sub_rsp` is private
   --> src\rust\backend\isa\instructions.rs:449:17
    |
449 |             enc.sub_rsp(32);
    |                 ^^^^^^^ private method
    |
   ::: src\rust\backend\isa\encoder.rs:125:5
    |
125 |     fn sub_rsp(&mut self, val: u8) { self.rex_w(); self.emit(&[0x83, 0xEC, val]); }
    |     ------------------------------ private method defined here

error[E0624]: method `call_iat` is private
   --> src\rust\backend\isa\instructions.rs:450:17
    |
450 |             enc.call_iat(IAT_GET_PROC_ADDRESS);
    |                 ^^^^^^^^ private method
    |
   ::: src\rust\backend\isa\encoder.rs:152:5
    |
152 |     fn call_iat(&mut self, slot: usize) {
    |     ----------------------------------- private method defined here

error[E0624]: method `add_rsp` is private
   --> src\rust\backend\isa\instructions.rs:451:17
    |
451 |             enc.add_rsp(32);
    |                 ^^^^^^^ private method
    |
   ::: src\rust\backend\isa\encoder.rs:126:5
    |
126 |     fn add_rsp(&mut self, val: u8) { self.rex_w(); self.emit(&[0x83, 0xC4, val]); }
    |     ------------------------------ private method defined here

error[E0624]: method `mov_rr` is private
   --> src\rust\backend\isa\instructions.rs:455:17
    |
455 |             enc.mov_rr(X86Reg::RCX, X86Reg::RAX);
    |                 ^^^^^^ private method
    |
   ::: src\rust\backend\isa\encoder.rs:79:5
    |
 79 |     fn mov_rr(&mut self, dst: X86Reg, src: X86Reg) {
    |     ---------------------------------------------- private method defined here

error[E0624]: method `sub_rsp` is private
   --> src\rust\backend\isa\instructions.rs:456:17
    |
456 |             enc.sub_rsp(32);
    |                 ^^^^^^^ private method
    |
   ::: src\rust\backend\isa\encoder.rs:125:5
    |
125 |     fn sub_rsp(&mut self, val: u8) { self.rex_w(); self.emit(&[0x83, 0xEC, val]); }
    |     ------------------------------ private method defined here

error[E0624]: method `call_iat` is private
   --> src\rust\backend\isa\instructions.rs:457:17
    |
457 |             enc.call_iat(IAT_FREE_LIBRARY);
    |                 ^^^^^^^^ private method
    |
   ::: src\rust\backend\isa\encoder.rs:152:5
    |
152 |     fn call_iat(&mut self, slot: usize) {
    |     ----------------------------------- private method defined here

error[E0624]: method `add_rsp` is private
   --> src\rust\backend\isa\instructions.rs:458:17
    |
458 |             enc.add_rsp(32);
    |                 ^^^^^^^ private method
    |
   ::: src\rust\backend\isa\encoder.rs:126:5
    |
126 |     fn add_rsp(&mut self, val: u8) { self.rex_w(); self.emit(&[0x83, 0xC4, val]); }
    |     ------------------------------ private method defined here

error[E0624]: method `mov_rr` is private
   --> src\rust\backend\isa\instructions.rs:465:30
    |
465 |                     0 => enc.mov_rr(X86Reg::RCX, X86Reg::RAX),
    |                              ^^^^^^ private method
    |
   ::: src\rust\backend\isa\encoder.rs:79:5
    |
 79 |     fn mov_rr(&mut self, dst: X86Reg, src: X86Reg) {
    |     ---------------------------------------------- private method defined here

error[E0624]: method `mov_rr` is private
   --> src\rust\backend\isa\instructions.rs:466:30
    |
466 |                     1 => enc.mov_rr(X86Reg::RDX, X86Reg::RAX),
    |                              ^^^^^^ private method
    |
   ::: src\rust\backend\isa\encoder.rs:79:5
    |
 79 |     fn mov_rr(&mut self, dst: X86Reg, src: X86Reg) {
    |     ---------------------------------------------- private method defined here

error[E0624]: method `mov_rr` is private
   --> src\rust\backend\isa\instructions.rs:467:30
    |
467 |                     2 => enc.mov_rr(X86Reg::R8, X86Reg::RAX),
    |                              ^^^^^^ private method
    |
   ::: src\rust\backend\isa\encoder.rs:79:5
    |
 79 |     fn mov_rr(&mut self, dst: X86Reg, src: X86Reg) {
    |     ---------------------------------------------- private method defined here

error[E0624]: method `mov_rr` is private
   --> src\rust\backend\isa\instructions.rs:468:30
    |
468 |                     3 => enc.mov_rr(X86Reg::R9, X86Reg::RAX),
    |                              ^^^^^^ private method
    |
   ::: src\rust\backend\isa\encoder.rs:79:5
    |
 79 |     fn mov_rr(&mut self, dst: X86Reg, src: X86Reg) {
    |     ---------------------------------------------- private method defined here

error[E0624]: method `sub_rsp` is private
   --> src\rust\backend\isa\instructions.rs:472:17
    |
472 |             enc.sub_rsp(32);
    |                 ^^^^^^^ private method
    |
   ::: src\rust\backend\isa\encoder.rs:125:5
    |
125 |     fn sub_rsp(&mut self, val: u8) { self.rex_w(); self.emit(&[0x83, 0xEC, val]); }
    |     ------------------------------ private method defined here

error[E0624]: method `emit` is private
   --> src\rust\backend\isa\instructions.rs:474:17
    |
474 |             enc.emit(&[0xFF, 0xD0]);
    |                 ^^^^ private method
    |
   ::: src\rust\backend\isa\encoder.rs:37:5
    |
 37 |     fn emit(&mut self, bytes: &[u8]) {
    |     -------------------------------- private method defined here

error[E0624]: method `add_rsp` is private
   --> src\rust\backend\isa\instructions.rs:475:17
    |
475 |             enc.add_rsp(32);
    |                 ^^^^^^^ private method
    |
   ::: src\rust\backend\isa\encoder.rs:126:5
    |
126 |     fn add_rsp(&mut self, val: u8) { self.rex_w(); self.emit(&[0x83, 0xC4, val]); }
    |     ------------------------------ private method defined here

error[E0624]: method `mov_imm64` is private
   --> src\rust\backend\isa\instructions.rs:481:17
    |
481 |             enc.mov_imm64(X86Reg::RCX, *size as i64);
    |                 ^^^^^^^^^ private method
    |
   ::: src\rust\backend\isa\encoder.rs:70:5
    |
 70 |     fn mov_imm64(&mut self, reg: X86Reg, val: i64) {
    |     ---------------------------------------------- private method defined here

error[E0624]: method `call_label` is private
   --> src\rust\backend\isa\instructions.rs:482:17
    |
482 |             enc.call_label("__pyb_heap_alloc");
    |                 ^^^^^^^^^^ private method
    |
   ::: src\rust\backend\isa\encoder.rs:145:5
    |
145 |     fn call_label(&mut self, lbl: &str) {
    |     ----------------------------------- private method defined here

error[E0624]: method `push` is private
   --> src\rust\backend\isa\instructions.rs:486:17
    |
486 |             enc.push(X86Reg::RBX);
    |                 ^^^^ private method
    |
   ::: src\rust\backend\isa\encoder.rs:115:5
    |
115 |     fn push(&mut self, reg: X86Reg) {
    |     ------------------------------- private method defined here

error[E0624]: method `mov_rr` is private
   --> src\rust\backend\isa\instructions.rs:487:17
    |
487 |             enc.mov_rr(X86Reg::RBX, X86Reg::RAX); // Save struct ptr
    |                 ^^^^^^ private method
    |
   ::: src\rust\backend\isa\encoder.rs:79:5
    |
 79 |     fn mov_rr(&mut self, dst: X86Reg, src: X86Reg) {
    |     ---------------------------------------------- private method defined here

error[E0624]: method `emit` is private
   --> src\rust\backend\isa\instructions.rs:491:21
    |
491 |                 enc.emit(&[0x48, 0x89, 0x43, *offset as u8]); // MOV [RBX+disp8], RAX
    |                     ^^^^ private method
    |
   ::: src\rust\backend\isa\encoder.rs:37:5
    |
 37 |     fn emit(&mut self, bytes: &[u8]) {
    |     -------------------------------- private method defined here

error[E0624]: method `emit` is private
   --> src\rust\backend\isa\instructions.rs:493:21
    |
493 |                 enc.emit(&[0x48, 0x89, 0x83]); // MOV [RBX+disp32], RAX
    |                     ^^^^ private method
    |
   ::: src\rust\backend\isa\encoder.rs:37:5
    |
 37 |     fn emit(&mut self, bytes: &[u8]) {
    |     -------------------------------- private method defined here

error[E0624]: method `emit_u32_le` is private
   --> src\rust\backend\isa\instructions.rs:494:21
    |
494 |                 enc.emit_u32_le(*offset as u32);
    |                     ^^^^^^^^^^^ private method
    |
   ::: src\rust\backend\isa\encoder.rs:44:5
    |
 44 |     fn emit_u32_le(&mut self, v: u32) { self.code.extend_from_slice(&v.to_le_bytes()); }
    |     --------------------------------- private method defined here

error[E0624]: method `mov_rr` is private
   --> src\rust\backend\isa\instructions.rs:496:17
    |
496 |             enc.mov_rr(X86Reg::RAX, X86Reg::RBX); // Restore struct ptr to RAX
    |                 ^^^^^^ private method
    |
   ::: src\rust\backend\isa\encoder.rs:79:5
    |
 79 |     fn mov_rr(&mut self, dst: X86Reg, src: X86Reg) {
    |     ---------------------------------------------- private method defined here

error[E0624]: method `pop` is private
   --> src\rust\backend\isa\instructions.rs:497:17
    |
497 |             enc.pop(X86Reg::RBX);
    |                 ^^^ private method
    |
   ::: src\rust\backend\isa\encoder.rs:120:5
    |
120 |     fn pop(&mut self, reg: X86Reg) {
    |     ------------------------------ private method defined here

error[E0624]: method `emit` is private
   --> src\rust\backend\isa\instructions.rs:502:21
    |
502 |                 enc.emit(&[0x48, 0x8B, 0x41, *offset as u8]); // MOV RAX, [RCX+disp8]
    |                     ^^^^ private method
    |
   ::: src\rust\backend\isa\encoder.rs:37:5
    |
 37 |     fn emit(&mut self, bytes: &[u8]) {
    |     -------------------------------- private method defined here

error[E0624]: method `emit` is private
   --> src\rust\backend\isa\instructions.rs:504:21
    |
504 |                 enc.emit(&[0x48, 0x8B, 0x81]); // MOV RAX, [RCX+disp32]
    |                     ^^^^ private method
    |
   ::: src\rust\backend\isa\encoder.rs:37:5
    |
 37 |     fn emit(&mut self, bytes: &[u8]) {
    |     -------------------------------- private method defined here

error[E0624]: method `emit_u32_le` is private
   --> src\rust\backend\isa\instructions.rs:505:21
    |
505 |                 enc.emit_u32_le(*offset as u32);
    |                     ^^^^^^^^^^^ private method
    |
   ::: src\rust\backend\isa\encoder.rs:44:5
    |
 44 |     fn emit_u32_le(&mut self, v: u32) { self.code.extend_from_slice(&v.to_le_bytes()); }
    |     --------------------------------- private method defined here

error[E0624]: method `mov_imm64` is private
   --> src\rust\backend\isa\instructions.rs:510:17
    |
510 |             enc.mov_imm64(X86Reg::RCX, 8);
    |                 ^^^^^^^^^ private method
    |
   ::: src\rust\backend\isa\encoder.rs:70:5
    |
 70 |     fn mov_imm64(&mut self, reg: X86Reg, val: i64) {
    |     ---------------------------------------------- private method defined here

error[E0624]: method `call_label` is private
   --> src\rust\backend\isa\instructions.rs:511:17
    |
511 |             enc.call_label("__pyb_heap_alloc");
    |                 ^^^^^^^^^^ private method
    |
   ::: src\rust\backend\isa\encoder.rs:145:5
    |
145 |     fn call_label(&mut self, lbl: &str) {
    |     ----------------------------------- private method defined here

error[E0624]: method `emit` is private
   --> src\rust\backend\isa\instructions.rs:515:17
    |
515 |             enc.emit(&[0x48, 0x8B, 0x00]);
    |                 ^^^^ private method
    |
   ::: src\rust\backend\isa\encoder.rs:37:5
    |
 37 |     fn emit(&mut self, bytes: &[u8]) {
    |     -------------------------------- private method defined here

error[E0624]: method `push` is private
   --> src\rust\backend\isa\instructions.rs:519:17
    |
519 |             enc.push(X86Reg::RBX);
    |                 ^^^^ private method
    |
   ::: src\rust\backend\isa\encoder.rs:115:5
    |
115 |     fn push(&mut self, reg: X86Reg) {
    |     ------------------------------- private method defined here

error[E0624]: method `mov_rr` is private
   --> src\rust\backend\isa\instructions.rs:520:17
    |
520 |             enc.mov_rr(X86Reg::RBX, X86Reg::RAX);
    |                 ^^^^^^ private method
    |
   ::: src\rust\backend\isa\encoder.rs:79:5
    |
 79 |     fn mov_rr(&mut self, dst: X86Reg, src: X86Reg) {
    |     ---------------------------------------------- private method defined here

error[E0624]: method `emit` is private
   --> src\rust\backend\isa\instructions.rs:522:17
    |
522 |             enc.emit(&[0x48, 0x89, 0x03]); // MOV [RBX], RAX
    |                 ^^^^ private method
    |
   ::: src\rust\backend\isa\encoder.rs:37:5
    |
 37 |     fn emit(&mut self, bytes: &[u8]) {
    |     -------------------------------- private method defined here

error[E0624]: method `mov_rr` is private
   --> src\rust\backend\isa\instructions.rs:523:17
    |
523 |             enc.mov_rr(X86Reg::RAX, X86Reg::RBX);
    |                 ^^^^^^ private method
    |
   ::: src\rust\backend\isa\encoder.rs:79:5
    |
 79 |     fn mov_rr(&mut self, dst: X86Reg, src: X86Reg) {
    |     ---------------------------------------------- private method defined here

error[E0624]: method `pop` is private
   --> src\rust\backend\isa\instructions.rs:524:17
    |
524 |             enc.pop(X86Reg::RBX);
    |                 ^^^ private method
    |
   ::: src\rust\backend\isa\encoder.rs:120:5
    |
120 |     fn pop(&mut self, reg: X86Reg) {
    |     ------------------------------ private method defined here

error[E0624]: method `lea_rax_data` is private
   --> src\rust\backend\isa\instructions.rs:528:17
    |
528 |             enc.lea_rax_data(var);
    |                 ^^^^^^^^^^^^ private method
    |
   ::: src\rust\backend\isa\encoder.rs:161:5
    |
161 |     fn lea_rax_data(&mut self, data_label: &str) {
    |     -------------------------------------------- private method defined here

error[E0624]: method `mov_imm64` is private
   --> src\rust\backend\isa\instructions.rs:544:17
    |
544 |             enc.mov_imm64(X86Reg::RCX, total_size);
    |                 ^^^^^^^^^ private method
    |
   ::: src\rust\backend\isa\encoder.rs:70:5
    |
 70 |     fn mov_imm64(&mut self, reg: X86Reg, val: i64) {
    |     ---------------------------------------------- private method defined here

error[E0624]: method `call_label` is private
   --> src\rust\backend\isa\instructions.rs:545:17
    |
545 |             enc.call_label("__pyb_heap_alloc");
    |                 ^^^^^^^^^^ private method
    |
   ::: src\rust\backend\isa\encoder.rs:145:5
    |
145 |     fn call_label(&mut self, lbl: &str) {
    |     ----------------------------------- private method defined here

error[E0624]: method `push` is private
   --> src\rust\backend\isa\instructions.rs:549:17
    |
549 |             enc.push(X86Reg::RBX);
    |                 ^^^^ private method
    |
   ::: src\rust\backend\isa\encoder.rs:115:5
    |
115 |     fn push(&mut self, reg: X86Reg) {
    |     ------------------------------- private method defined here

error[E0624]: method `push` is private
   --> src\rust\backend\isa\instructions.rs:550:17
    |
550 |             enc.push(X86Reg::R12);
    |                 ^^^^ private method
    |
   ::: src\rust\backend\isa\encoder.rs:115:5
    |
115 |     fn push(&mut self, reg: X86Reg) {
    |     ------------------------------- private method defined here

error[E0624]: method `mov_rr` is private
   --> src\rust\backend\isa\instructions.rs:551:17
    |
551 |             enc.mov_rr(X86Reg::RBX, X86Reg::RAX); // Save array ptr
    |                 ^^^^^^ private method
    |
   ::: src\rust\backend\isa\encoder.rs:79:5
    |
 79 |     fn mov_rr(&mut self, dst: X86Reg, src: X86Reg) {
    |     ---------------------------------------------- private method defined here

error[E0624]: method `mov_rr` is private
   --> src\rust\backend\isa\instructions.rs:553:17
    |
553 |             enc.mov_rr(X86Reg::R12, X86Reg::RAX); // Save index
    |                 ^^^^^^ private method
    |
   ::: src\rust\backend\isa\encoder.rs:79:5
    |
 79 |     fn mov_rr(&mut self, dst: X86Reg, src: X86Reg) {
    |     ---------------------------------------------- private method defined here

error[E0624]: method `emit` is private
   --> src\rust\backend\isa\instructions.rs:556:17
    |
556 |             enc.emit(&[0x49, 0x6B, 0xC4, *elem_size as u8]); // IMUL RAX, R12, elem_size
    |                 ^^^^ private method
    |
   ::: src\rust\backend\isa\encoder.rs:37:5
    |
 37 |     fn emit(&mut self, bytes: &[u8]) {
    |     -------------------------------- private method defined here

error[E0624]: method `emit` is private
   --> src\rust\backend\isa\instructions.rs:557:17
    |
557 |             enc.emit(&[0x48, 0x01, 0xD8]); // ADD RAX, RBX
    |                 ^^^^ private method
    |
   ::: src\rust\backend\isa\encoder.rs:37:5
    |
 37 |     fn emit(&mut self, bytes: &[u8]) {
    |     -------------------------------- private method defined here

error[E0624]: method `emit` is private
   --> src\rust\backend\isa\instructions.rs:558:17
    |
558 |             enc.emit(&[0x48, 0x89, 0x00]); // MOV [RAX], value (from previous RAX)
    |                 ^^^^ private method
    |
   ::: src\rust\backend\isa\encoder.rs:37:5
    |
 37 |     fn emit(&mut self, bytes: &[u8]) {
    |     -------------------------------- private method defined here

error[E0624]: method `mov_rr` is private
   --> src\rust\backend\isa\instructions.rs:559:17
    |
559 |             enc.mov_rr(X86Reg::RAX, X86Reg::RBX);
    |                 ^^^^^^ private method
    |
   ::: src\rust\backend\isa\encoder.rs:79:5
    |
 79 |     fn mov_rr(&mut self, dst: X86Reg, src: X86Reg) {
    |     ---------------------------------------------- private method defined here

error[E0624]: method `pop` is private
   --> src\rust\backend\isa\instructions.rs:560:17
    |
560 |             enc.pop(X86Reg::R12);
    |                 ^^^ private method
    |
   ::: src\rust\backend\isa\encoder.rs:120:5
    |
120 |     fn pop(&mut self, reg: X86Reg) {
    |     ------------------------------ private method defined here

error[E0624]: method `pop` is private
   --> src\rust\backend\isa\instructions.rs:561:17
    |
561 |             enc.pop(X86Reg::RBX);
    |                 ^^^ private method
    |
   ::: src\rust\backend\isa\encoder.rs:120:5
    |
120 |     fn pop(&mut self, reg: X86Reg) {
    |     ------------------------------ private method defined here

error[E0624]: method `push` is private
   --> src\rust\backend\isa\instructions.rs:565:17
    |
565 |             enc.push(X86Reg::RBX);
    |                 ^^^^ private method
    |
   ::: src\rust\backend\isa\encoder.rs:115:5
    |
115 |     fn push(&mut self, reg: X86Reg) {
    |     ------------------------------- private method defined here

error[E0624]: method `mov_rr` is private
   --> src\rust\backend\isa\instructions.rs:566:17
    |
566 |             enc.mov_rr(X86Reg::RBX, X86Reg::RAX); // Save array ptr
    |                 ^^^^^^ private method
    |
   ::: src\rust\backend\isa\encoder.rs:79:5
    |
 79 |     fn mov_rr(&mut self, dst: X86Reg, src: X86Reg) {
    |     ---------------------------------------------- private method defined here

error[E0624]: method `emit` is private
   --> src\rust\backend\isa\instructions.rs:569:17
    |
569 |             enc.emit(&[0x48, 0x6B, 0xC0, *elem_size as u8]); // IMUL RAX, RAX, elem_size
    |                 ^^^^ private method
    |
   ::: src\rust\backend\isa\encoder.rs:37:5
    |
 37 |     fn emit(&mut self, bytes: &[u8]) {
    |     -------------------------------- private method defined here

error[E0624]: method `emit` is private
   --> src\rust\backend\isa\instructions.rs:570:17
    |
570 |             enc.emit(&[0x48, 0x01, 0xD8]); // ADD RAX, RBX
    |                 ^^^^ private method
    |
   ::: src\rust\backend\isa\encoder.rs:37:5
    |
 37 |     fn emit(&mut self, bytes: &[u8]) {
    |     -------------------------------- private method defined here

error[E0624]: method `emit` is private
   --> src\rust\backend\isa\instructions.rs:571:17
    |
571 |             enc.emit(&[0x48, 0x8B, 0x00]); // MOV RAX, [RAX]
    |                 ^^^^ private method
    |
   ::: src\rust\backend\isa\encoder.rs:37:5
    |
 37 |     fn emit(&mut self, bytes: &[u8]) {
    |     -------------------------------- private method defined here

error[E0624]: method `pop` is private
   --> src\rust\backend\isa\instructions.rs:572:17
    |
572 |             enc.pop(X86Reg::RBX);
    |                 ^^^ private method
    |
   ::: src\rust\backend\isa\encoder.rs:120:5
    |
120 |     fn pop(&mut self, reg: X86Reg) {
    |     ------------------------------ private method defined here

error[E0624]: method `mov_imm64` is private
   --> src\rust\backend\isa\instructions.rs:586:17
    |
586 |             enc.mov_imm64(X86Reg::RCX, size as i64);
    |                 ^^^^^^^^^ private method
    |
   ::: src\rust\backend\isa\encoder.rs:70:5
    |
 70 |     fn mov_imm64(&mut self, reg: X86Reg, val: i64) {
    |     ---------------------------------------------- private method defined here

error[E0624]: method `call_label` is private
   --> src\rust\backend\isa\instructions.rs:587:17
    |
587 |             enc.call_label("__pyb_heap_alloc");
    |                 ^^^^^^^^^^ private method
    |
   ::: src\rust\backend\isa\encoder.rs:145:5
    |
145 |     fn call_label(&mut self, lbl: &str) {
    |     ----------------------------------- private method defined here

error[E0624]: method `push` is private
   --> src\rust\backend\isa\instructions.rs:588:17
    |
588 |             enc.push(X86Reg::RBX);
    |                 ^^^^ private method
    |
   ::: src\rust\backend\isa\encoder.rs:115:5
    |
115 |     fn push(&mut self, reg: X86Reg) {
    |     ------------------------------- private method defined here

error[E0624]: method `mov_rr` is private
   --> src\rust\backend\isa\instructions.rs:589:17
    |
589 |             enc.mov_rr(X86Reg::RBX, X86Reg::RAX); // Save buffer ptr
    |                 ^^^^^^ private method
    |
   ::: src\rust\backend\isa\encoder.rs:79:5
    |
 79 |     fn mov_rr(&mut self, dst: X86Reg, src: X86Reg) {
    |     ---------------------------------------------- private method defined here

error[E0624]: method `emit` is private
   --> src\rust\backend\isa\instructions.rs:596:29
    |
596 |                         enc.emit(&[0x48, 0x89, 0x43, offset as u8]);
    |                             ^^^^ private method
    |
   ::: src\rust\backend\isa\encoder.rs:37:5
    |
 37 |     fn emit(&mut self, bytes: &[u8]) {
    |     -------------------------------- private method defined here

error[E0624]: method `emit` is private
   --> src\rust\backend\isa\instructions.rs:598:29
    |
598 |                         enc.emit(&[0x48, 0x89, 0x83]);
    |                             ^^^^ private method
    |
   ::: src\rust\backend\isa\encoder.rs:37:5
    |
 37 |     fn emit(&mut self, bytes: &[u8]) {
    |     -------------------------------- private method defined here

error[E0624]: method `emit_u32_le` is private
   --> src\rust\backend\isa\instructions.rs:599:29
    |
599 |                         enc.emit_u32_le(offset as u32);
    |                             ^^^^^^^^^^^ private method
    |
   ::: src\rust\backend\isa\encoder.rs:44:5
    |
 44 |     fn emit_u32_le(&mut self, v: u32) { self.code.extend_from_slice(&v.to_le_bytes()); }
    |     --------------------------------- private method defined here

error[E0624]: method `mov_rr` is private
   --> src\rust\backend\isa\instructions.rs:610:17
    |
610 |             enc.mov_rr(X86Reg::RAX, X86Reg::RBX);
    |                 ^^^^^^ private method
    |
   ::: src\rust\backend\isa\encoder.rs:79:5
    |
 79 |     fn mov_rr(&mut self, dst: X86Reg, src: X86Reg) {
    |     ---------------------------------------------- private method defined here

error[E0624]: method `pop` is private
   --> src\rust\backend\isa\instructions.rs:611:17
    |
611 |             enc.pop(X86Reg::RBX);
    |                 ^^^ private method
    |
   ::: src\rust\backend\isa\encoder.rs:120:5
    |
120 |     fn pop(&mut self, reg: X86Reg) {
    |     ------------------------------ private method defined here

error[E0624]: method `ensure_data_label` is private
   --> src\rust\backend\isa\instructions.rs:625:17
    |
625 |             enc.ensure_data_label(nvcuda_label, 0);
    |                 ^^^^^^^^^^^^^^^^^ private method
    |
   ::: src\rust\backend\isa\encoder.rs:170:5
    |
170 |     fn ensure_data_label(&mut self, label: &str, init_val: i64) {
    |     ----------------------------------------------------------- private method defined here

error[E0624]: method `mov_imm64` is private
   --> src\rust\backend\isa\instructions.rs:627:17
    |
627 |             enc.mov_imm64(X86Reg::RCX, 0); // flags = 0
    |                 ^^^^^^^^^ private method
    |
   ::: src\rust\backend\isa\encoder.rs:70:5
    |
 70 |     fn mov_imm64(&mut self, reg: X86Reg, val: i64) {
    |     ---------------------------------------------- private method defined here

error[E0624]: method `sub_rsp` is private
   --> src\rust\backend\isa\instructions.rs:628:17
    |
628 |             enc.sub_rsp(32);
    |                 ^^^^^^^ private method
    |
   ::: src\rust\backend\isa\encoder.rs:125:5
    |
125 |     fn sub_rsp(&mut self, val: u8) { self.rex_w(); self.emit(&[0x83, 0xEC, val]); }
    |     ------------------------------ private method defined here

error[E0624]: method `call_label` is private
   --> src\rust\backend\isa\instructions.rs:629:17
    |
629 |             enc.call_label("__pyb_gpu_init");
    |                 ^^^^^^^^^^ private method
    |
   ::: src\rust\backend\isa\encoder.rs:145:5
    |
145 |     fn call_label(&mut self, lbl: &str) {
    |     ----------------------------------- private method defined here

error[E0624]: method `add_rsp` is private
   --> src\rust\backend\isa\instructions.rs:630:17
    |
630 |             enc.add_rsp(32);
    |                 ^^^^^^^ private method
    |
   ::: src\rust\backend\isa\encoder.rs:126:5
    |
126 |     fn add_rsp(&mut self, val: u8) { self.rex_w(); self.emit(&[0x83, 0xC4, val]); }
    |     ------------------------------ private method defined here

error[E0624]: method `mov_imm64` is private
   --> src\rust\backend\isa\instructions.rs:633:17
    |
633 |             enc.mov_imm64(X86Reg::RCX, 0); // device ordinal = 0
    |                 ^^^^^^^^^ private method
    |
   ::: src\rust\backend\isa\encoder.rs:70:5
    |
 70 |     fn mov_imm64(&mut self, reg: X86Reg, val: i64) {
    |     ---------------------------------------------- private method defined here

error[E0624]: method `sub_rsp` is private
   --> src\rust\backend\isa\instructions.rs:634:17
    |
634 |             enc.sub_rsp(32);
    |                 ^^^^^^^ private method
    |
   ::: src\rust\backend\isa\encoder.rs:125:5
    |
125 |     fn sub_rsp(&mut self, val: u8) { self.rex_w(); self.emit(&[0x83, 0xEC, val]); }
    |     ------------------------------ private method defined here

error[E0624]: method `call_label` is private
   --> src\rust\backend\isa\instructions.rs:635:17
    |
635 |             enc.call_label("__pyb_gpu_device_get");
    |                 ^^^^^^^^^^ private method
    |
   ::: src\rust\backend\isa\encoder.rs:145:5
    |
145 |     fn call_label(&mut self, lbl: &str) {
    |     ----------------------------------- private method defined here

error[E0624]: method `add_rsp` is private
   --> src\rust\backend\isa\instructions.rs:636:17
    |
636 |             enc.add_rsp(32);
    |                 ^^^^^^^ private method
    |
   ::: src\rust\backend\isa\encoder.rs:126:5
    |
126 |     fn add_rsp(&mut self, val: u8) { self.rex_w(); self.emit(&[0x83, 0xC4, val]); }
    |     ------------------------------ private method defined here

error[E0624]: method `sub_rsp` is private
   --> src\rust\backend\isa\instructions.rs:639:17
    |
639 |             enc.sub_rsp(32);
    |                 ^^^^^^^ private method
    |
   ::: src\rust\backend\isa\encoder.rs:125:5
    |
125 |     fn sub_rsp(&mut self, val: u8) { self.rex_w(); self.emit(&[0x83, 0xEC, val]); }
    |     ------------------------------ private method defined here

error[E0624]: method `call_label` is private
   --> src\rust\backend\isa\instructions.rs:640:17
    |
640 |             enc.call_label("__pyb_gpu_ctx_create");
    |                 ^^^^^^^^^^ private method
    |
   ::: src\rust\backend\isa\encoder.rs:145:5
    |
145 |     fn call_label(&mut self, lbl: &str) {
    |     ----------------------------------- private method defined here

error[E0624]: method `add_rsp` is private
   --> src\rust\backend\isa\instructions.rs:641:17
    |
641 |             enc.add_rsp(32);
    |                 ^^^^^^^ private method
    |
   ::: src\rust\backend\isa\encoder.rs:126:5
    |
126 |     fn add_rsp(&mut self, val: u8) { self.rex_w(); self.emit(&[0x83, 0xC4, val]); }
    |     ------------------------------ private method defined here

error[E0624]: method `mov_rr` is private
   --> src\rust\backend\isa\instructions.rs:645:17
    |
645 |             enc.mov_rr(X86Reg::RCX, X86Reg::RAX);
    |                 ^^^^^^ private method
    |
   ::: src\rust\backend\isa\encoder.rs:79:5
    |
 79 |     fn mov_rr(&mut self, dst: X86Reg, src: X86Reg) {
    |     ---------------------------------------------- private method defined here

error[E0624]: method `sub_rsp` is private
   --> src\rust\backend\isa\instructions.rs:646:17
    |
646 |             enc.sub_rsp(32);
    |                 ^^^^^^^ private method
    |
   ::: src\rust\backend\isa\encoder.rs:125:5
    |
125 |     fn sub_rsp(&mut self, val: u8) { self.rex_w(); self.emit(&[0x83, 0xEC, val]); }
    |     ------------------------------ private method defined here

error[E0624]: method `call_label` is private
   --> src\rust\backend\isa\instructions.rs:647:17
    |
647 |             enc.call_label("__pyb_gpu_malloc");
    |                 ^^^^^^^^^^ private method
    |
   ::: src\rust\backend\isa\encoder.rs:145:5
    |
145 |     fn call_label(&mut self, lbl: &str) {
    |     ----------------------------------- private method defined here

error[E0624]: method `add_rsp` is private
   --> src\rust\backend\isa\instructions.rs:648:17
    |
648 |             enc.add_rsp(32);
    |                 ^^^^^^^ private method
    |
   ::: src\rust\backend\isa\encoder.rs:126:5
    |
126 |     fn add_rsp(&mut self, val: u8) { self.rex_w(); self.emit(&[0x83, 0xC4, val]); }
    |     ------------------------------ private method defined here

error[E0624]: method `mov_rr` is private
   --> src\rust\backend\isa\instructions.rs:652:17
    |
652 |             enc.mov_rr(X86Reg::RCX, X86Reg::RAX);
    |                 ^^^^^^ private method
    |
   ::: src\rust\backend\isa\encoder.rs:79:5
    |
 79 |     fn mov_rr(&mut self, dst: X86Reg, src: X86Reg) {
    |     ---------------------------------------------- private method defined here

error[E0624]: method `sub_rsp` is private
   --> src\rust\backend\isa\instructions.rs:653:17
    |
653 |             enc.sub_rsp(32);
    |                 ^^^^^^^ private method
    |
   ::: src\rust\backend\isa\encoder.rs:125:5
    |
125 |     fn sub_rsp(&mut self, val: u8) { self.rex_w(); self.emit(&[0x83, 0xEC, val]); }
    |     ------------------------------ private method defined here

error[E0624]: method `call_label` is private
   --> src\rust\backend\isa\instructions.rs:654:17
    |
654 |             enc.call_label("__pyb_gpu_memcpy_htod");
    |                 ^^^^^^^^^^ private method
    |
   ::: src\rust\backend\isa\encoder.rs:145:5
    |
145 |     fn call_label(&mut self, lbl: &str) {
    |     ----------------------------------- private method defined here

error[E0624]: method `add_rsp` is private
   --> src\rust\backend\isa\instructions.rs:655:17
    |
655 |             enc.add_rsp(32);
    |                 ^^^^^^^ private method
    |
   ::: src\rust\backend\isa\encoder.rs:126:5
    |
126 |     fn add_rsp(&mut self, val: u8) { self.rex_w(); self.emit(&[0x83, 0xC4, val]); }
    |     ------------------------------ private method defined here

error[E0624]: method `mov_rr` is private
   --> src\rust\backend\isa\instructions.rs:659:17
    |
659 |             enc.mov_rr(X86Reg::RCX, X86Reg::RAX);
    |                 ^^^^^^ private method
    |
   ::: src\rust\backend\isa\encoder.rs:79:5
    |
 79 |     fn mov_rr(&mut self, dst: X86Reg, src: X86Reg) {
    |     ---------------------------------------------- private method defined here

error[E0624]: method `sub_rsp` is private
   --> src\rust\backend\isa\instructions.rs:660:17
    |
660 |             enc.sub_rsp(32);
    |                 ^^^^^^^ private method
    |
   ::: src\rust\backend\isa\encoder.rs:125:5
    |
125 |     fn sub_rsp(&mut self, val: u8) { self.rex_w(); self.emit(&[0x83, 0xEC, val]); }
    |     ------------------------------ private method defined here

error[E0624]: method `call_label` is private
   --> src\rust\backend\isa\instructions.rs:661:17
    |
661 |             enc.call_label("__pyb_gpu_memcpy_dtoh");
    |                 ^^^^^^^^^^ private method
    |
   ::: src\rust\backend\isa\encoder.rs:145:5
    |
145 |     fn call_label(&mut self, lbl: &str) {
    |     ----------------------------------- private method defined here

error[E0624]: method `add_rsp` is private
   --> src\rust\backend\isa\instructions.rs:662:17
    |
662 |             enc.add_rsp(32);
    |                 ^^^^^^^ private method
    |
   ::: src\rust\backend\isa\encoder.rs:126:5
    |
126 |     fn add_rsp(&mut self, val: u8) { self.rex_w(); self.emit(&[0x83, 0xC4, val]); }
    |     ------------------------------ private method defined here

error[E0624]: method `mov_rr` is private
   --> src\rust\backend\isa\instructions.rs:669:40
    |
669 |                 if i < abi.len() { enc.mov_rr(abi[i], X86Reg::RAX); }
    |                                        ^^^^^^ private method
    |
   ::: src\rust\backend\isa\encoder.rs:79:5
    |
 79 |     fn mov_rr(&mut self, dst: X86Reg, src: X86Reg) {
    |     ---------------------------------------------- private method defined here

error[E0624]: method `sub_rsp` is private
   --> src\rust\backend\isa\instructions.rs:671:17
    |
671 |             enc.sub_rsp(32);
    |                 ^^^^^^^ private method
    |
   ::: src\rust\backend\isa\encoder.rs:125:5
    |
125 |     fn sub_rsp(&mut self, val: u8) { self.rex_w(); self.emit(&[0x83, 0xEC, val]); }
    |     ------------------------------ private method defined here

error[E0624]: method `call_label` is private
   --> src\rust\backend\isa\instructions.rs:672:17
    |
672 |             enc.call_label("__pyb_gpu_launch");
    |                 ^^^^^^^^^^ private method
    |
   ::: src\rust\backend\isa\encoder.rs:145:5
    |
145 |     fn call_label(&mut self, lbl: &str) {
    |     ----------------------------------- private method defined here

error[E0624]: method `add_rsp` is private
   --> src\rust\backend\isa\instructions.rs:673:17
    |
673 |             enc.add_rsp(32);
    |                 ^^^^^^^ private method
    |
   ::: src\rust\backend\isa\encoder.rs:126:5
    |
126 |     fn add_rsp(&mut self, val: u8) { self.rex_w(); self.emit(&[0x83, 0xC4, val]); }
    |     ------------------------------ private method defined here

error[E0624]: method `mov_rr` is private
   --> src\rust\backend\isa\instructions.rs:676:17
    |
676 |             enc.mov_rr(X86Reg::RCX, X86Reg::RAX);
    |                 ^^^^^^ private method
    |
   ::: src\rust\backend\isa\encoder.rs:79:5
    |
 79 |     fn mov_rr(&mut self, dst: X86Reg, src: X86Reg) {
    |     ---------------------------------------------- private method defined here

error[E0624]: method `sub_rsp` is private
   --> src\rust\backend\isa\instructions.rs:677:17
    |
677 |             enc.sub_rsp(32);
    |                 ^^^^^^^ private method
    |
   ::: src\rust\backend\isa\encoder.rs:125:5
    |
125 |     fn sub_rsp(&mut self, val: u8) { self.rex_w(); self.emit(&[0x83, 0xEC, val]); }
    |     ------------------------------ private method defined here

error[E0624]: method `call_label` is private
   --> src\rust\backend\isa\instructions.rs:678:17
    |
678 |             enc.call_label("__pyb_gpu_free");
    |                 ^^^^^^^^^^ private method
    |
   ::: src\rust\backend\isa\encoder.rs:145:5
    |
145 |     fn call_label(&mut self, lbl: &str) {
    |     ----------------------------------- private method defined here

error[E0624]: method `add_rsp` is private
   --> src\rust\backend\isa\instructions.rs:679:17
    |
679 |             enc.add_rsp(32);
    |                 ^^^^^^^ private method
    |
   ::: src\rust\backend\isa\encoder.rs:126:5
    |
126 |     fn add_rsp(&mut self, val: u8) { self.rex_w(); self.emit(&[0x83, 0xC4, val]); }
    |     ------------------------------ private method defined here

error[E0624]: method `sub_rsp` is private
   --> src\rust\backend\isa\instructions.rs:682:17
    |
682 |             enc.sub_rsp(32);
    |                 ^^^^^^^ private method
    |
   ::: src\rust\backend\isa\encoder.rs:125:5
    |
125 |     fn sub_rsp(&mut self, val: u8) { self.rex_w(); self.emit(&[0x83, 0xEC, val]); }
    |     ------------------------------ private method defined here

error[E0624]: method `call_label` is private
   --> src\rust\backend\isa\instructions.rs:683:17
    |
683 |             enc.call_label("__pyb_gpu_ctx_destroy");
    |                 ^^^^^^^^^^ private method
    |
   ::: src\rust\backend\isa\encoder.rs:145:5
    |
145 |     fn call_label(&mut self, lbl: &str) {
    |     ----------------------------------- private method defined here

error[E0624]: method `add_rsp` is private
   --> src\rust\backend\isa\instructions.rs:684:17
    |
684 |             enc.add_rsp(32);
    |                 ^^^^^^^ private method
    |
   ::: src\rust\backend\isa\encoder.rs:126:5
    |
126 |     fn add_rsp(&mut self, val: u8) { self.rex_w(); self.emit(&[0x83, 0xC4, val]); }
    |     ------------------------------ private method defined here

error[E0624]: method `lea_rax_data` is private
   --> src\rust\backend\isa\instructions.rs:688:17
    |
688 |             enc.lea_rax_data(avx_label);
    |                 ^^^^^^^^^^^^ private method
    |
   ::: src\rust\backend\isa\encoder.rs:161:5
    |
161 |     fn lea_rax_data(&mut self, data_label: &str) {
    |     -------------------------------------------- private method defined here

error[E0624]: method `mov_rr` is private
   --> src\rust\backend\isa\instructions.rs:689:17
    |
689 |             enc.mov_rr(X86Reg::RCX, X86Reg::RAX);
    |                 ^^^^^^ private method
    |
   ::: src\rust\backend\isa\encoder.rs:79:5
    |
 79 |     fn mov_rr(&mut self, dst: X86Reg, src: X86Reg) {
    |     ---------------------------------------------- private method defined here

error[E0624]: method `mov_rr` is private
   --> src\rust\backend\isa\instructions.rs:691:17
    |
691 |             enc.mov_rr(X86Reg::RDX, X86Reg::RAX);
    |                 ^^^^^^ private method
    |
   ::: src\rust\backend\isa\encoder.rs:79:5
    |
 79 |     fn mov_rr(&mut self, dst: X86Reg, src: X86Reg) {
    |     ---------------------------------------------- private method defined here

error[E0624]: method `sub_rsp` is private
   --> src\rust\backend\isa\instructions.rs:692:17
    |
692 |             enc.sub_rsp(32);
    |                 ^^^^^^^ private method
    |
   ::: src\rust\backend\isa\encoder.rs:125:5
    |
125 |     fn sub_rsp(&mut self, val: u8) { self.rex_w(); self.emit(&[0x83, 0xEC, val]); }
    |     ------------------------------ private method defined here

error[E0624]: method `call_label` is private
   --> src\rust\backend\isa\instructions.rs:693:17
    |
693 |             enc.call_label("__pyb_gpu_avx_to_cuda");
    |                 ^^^^^^^^^^ private method
    |
   ::: src\rust\backend\isa\encoder.rs:145:5
    |
145 |     fn call_label(&mut self, lbl: &str) {
    |     ----------------------------------- private method defined here

error[E0624]: method `add_rsp` is private
   --> src\rust\backend\isa\instructions.rs:694:17
    |
694 |             enc.add_rsp(32);
    |                 ^^^^^^^ private method
    |
   ::: src\rust\backend\isa\encoder.rs:126:5
    |
126 |     fn add_rsp(&mut self, val: u8) { self.rex_w(); self.emit(&[0x83, 0xC4, val]); }
    |     ------------------------------ private method defined here

error[E0624]: method `mov_imm64` is private
   --> src\rust\backend\isa\instructions.rs:700:17
    |
700 |             enc.mov_imm64(X86Reg::RCX, 0);
    |                 ^^^^^^^^^ private method
    |
   ::: src\rust\backend\isa\encoder.rs:70:5
    |
 70 |     fn mov_imm64(&mut self, reg: X86Reg, val: i64) {
    |     ---------------------------------------------- private method defined here

error[E0624]: method `sub_rsp` is private
   --> src\rust\backend\isa\instructions.rs:701:17
    |
701 |             enc.sub_rsp(32);
    |                 ^^^^^^^ private method
    |
   ::: src\rust\backend\isa\encoder.rs:125:5
    |
125 |     fn sub_rsp(&mut self, val: u8) { self.rex_w(); self.emit(&[0x83, 0xEC, val]); }
    |     ------------------------------ private method defined here

error[E0624]: method `call_label` is private
   --> src\rust\backend\isa\instructions.rs:702:17
    |
702 |             enc.call_label("__pyb_vk_init");
    |                 ^^^^^^^^^^ private method
    |
   ::: src\rust\backend\isa\encoder.rs:145:5
    |
145 |     fn call_label(&mut self, lbl: &str) {
    |     ----------------------------------- private method defined here

error[E0624]: method `add_rsp` is private
   --> src\rust\backend\isa\instructions.rs:703:17
    |
703 |             enc.add_rsp(32);
    |                 ^^^^^^^ private method
    |
   ::: src\rust\backend\isa\encoder.rs:126:5
    |
126 |     fn add_rsp(&mut self, val: u8) { self.rex_w(); self.emit(&[0x83, 0xC4, val]); }
    |     ------------------------------ private method defined here

error[E0624]: method `mov_imm64` is private
   --> src\rust\backend\isa\instructions.rs:706:17
    |
706 |             enc.mov_imm64(X86Reg::RCX, 0);
    |                 ^^^^^^^^^ private method
    |
   ::: src\rust\backend\isa\encoder.rs:70:5
    |
 70 |     fn mov_imm64(&mut self, reg: X86Reg, val: i64) {
    |     ---------------------------------------------- private method defined here

error[E0624]: method `sub_rsp` is private
   --> src\rust\backend\isa\instructions.rs:707:17
    |
707 |             enc.sub_rsp(32);
    |                 ^^^^^^^ private method
    |
   ::: src\rust\backend\isa\encoder.rs:125:5
    |
125 |     fn sub_rsp(&mut self, val: u8) { self.rex_w(); self.emit(&[0x83, 0xEC, val]); }
    |     ------------------------------ private method defined here

error[E0624]: method `call_label` is private
   --> src\rust\backend\isa\instructions.rs:708:17
    |
708 |             enc.call_label("__pyb_vk_device_get");
    |                 ^^^^^^^^^^ private method
    |
   ::: src\rust\backend\isa\encoder.rs:145:5
    |
145 |     fn call_label(&mut self, lbl: &str) {
    |     ----------------------------------- private method defined here

error[E0624]: method `add_rsp` is private
   --> src\rust\backend\isa\instructions.rs:709:17
    |
709 |             enc.add_rsp(32);
    |                 ^^^^^^^ private method
    |
   ::: src\rust\backend\isa\encoder.rs:126:5
    |
126 |     fn add_rsp(&mut self, val: u8) { self.rex_w(); self.emit(&[0x83, 0xC4, val]); }
    |     ------------------------------ private method defined here

error[E0624]: method `sub_rsp` is private
   --> src\rust\backend\isa\instructions.rs:712:17
    |
712 |             enc.sub_rsp(32);
    |                 ^^^^^^^ private method
    |
   ::: src\rust\backend\isa\encoder.rs:125:5
    |
125 |     fn sub_rsp(&mut self, val: u8) { self.rex_w(); self.emit(&[0x83, 0xEC, val]); }
    |     ------------------------------ private method defined here

error[E0624]: method `call_label` is private
   --> src\rust\backend\isa\instructions.rs:713:17
    |
713 |             enc.call_label("__pyb_vk_device_create");
    |                 ^^^^^^^^^^ private method
    |
   ::: src\rust\backend\isa\encoder.rs:145:5
    |
145 |     fn call_label(&mut self, lbl: &str) {
    |     ----------------------------------- private method defined here

error[E0624]: method `add_rsp` is private
   --> src\rust\backend\isa\instructions.rs:714:17
    |
714 |             enc.add_rsp(32);
    |                 ^^^^^^^ private method
    |
   ::: src\rust\backend\isa\encoder.rs:126:5
    |
126 |     fn add_rsp(&mut self, val: u8) { self.rex_w(); self.emit(&[0x83, 0xC4, val]); }
    |     ------------------------------ private method defined here

error[E0624]: method `mov_rr` is private
   --> src\rust\backend\isa\instructions.rs:718:17
    |
718 |             enc.mov_rr(X86Reg::RCX, X86Reg::RAX);
    |                 ^^^^^^ private method
    |
   ::: src\rust\backend\isa\encoder.rs:79:5
    |
 79 |     fn mov_rr(&mut self, dst: X86Reg, src: X86Reg) {
    |     ---------------------------------------------- private method defined here

error[E0624]: method `sub_rsp` is private
   --> src\rust\backend\isa\instructions.rs:719:17
    |
719 |             enc.sub_rsp(32);
    |                 ^^^^^^^ private method
    |
   ::: src\rust\backend\isa\encoder.rs:125:5
    |
125 |     fn sub_rsp(&mut self, val: u8) { self.rex_w(); self.emit(&[0x83, 0xEC, val]); }
    |     ------------------------------ private method defined here

error[E0624]: method `call_label` is private
   --> src\rust\backend\isa\instructions.rs:720:17
    |
720 |             enc.call_label("__pyb_vk_buffer_create");
    |                 ^^^^^^^^^^ private method
    |
   ::: src\rust\backend\isa\encoder.rs:145:5
    |
145 |     fn call_label(&mut self, lbl: &str) {
    |     ----------------------------------- private method defined here

error[E0624]: method `add_rsp` is private
   --> src\rust\backend\isa\instructions.rs:721:17
    |
721 |             enc.add_rsp(32);
    |                 ^^^^^^^ private method
    |
   ::: src\rust\backend\isa\encoder.rs:126:5
    |
126 |     fn add_rsp(&mut self, val: u8) { self.rex_w(); self.emit(&[0x83, 0xC4, val]); }
    |     ------------------------------ private method defined here

error[E0624]: method `mov_rr` is private
   --> src\rust\backend\isa\instructions.rs:725:17
    |
725 |             enc.mov_rr(X86Reg::RCX, X86Reg::RAX);
    |                 ^^^^^^ private method
    |
   ::: src\rust\backend\isa\encoder.rs:79:5
    |
 79 |     fn mov_rr(&mut self, dst: X86Reg, src: X86Reg) {
    |     ---------------------------------------------- private method defined here

error[E0624]: method `sub_rsp` is private
   --> src\rust\backend\isa\instructions.rs:726:17
    |
726 |             enc.sub_rsp(32);
    |                 ^^^^^^^ private method
    |
   ::: src\rust\backend\isa\encoder.rs:125:5
    |
125 |     fn sub_rsp(&mut self, val: u8) { self.rex_w(); self.emit(&[0x83, 0xEC, val]); }
    |     ------------------------------ private method defined here

error[E0624]: method `call_label` is private
   --> src\rust\backend\isa\instructions.rs:727:17
    |
727 |             enc.call_label("__pyb_vk_buffer_write");
    |                 ^^^^^^^^^^ private method
    |
   ::: src\rust\backend\isa\encoder.rs:145:5
    |
145 |     fn call_label(&mut self, lbl: &str) {
    |     ----------------------------------- private method defined here

error[E0624]: method `add_rsp` is private
   --> src\rust\backend\isa\instructions.rs:728:17
    |
728 |             enc.add_rsp(32);
    |                 ^^^^^^^ private method
    |
   ::: src\rust\backend\isa\encoder.rs:126:5
    |
126 |     fn add_rsp(&mut self, val: u8) { self.rex_w(); self.emit(&[0x83, 0xC4, val]); }
    |     ------------------------------ private method defined here

error[E0624]: method `mov_rr` is private
   --> src\rust\backend\isa\instructions.rs:732:17
    |
732 |             enc.mov_rr(X86Reg::RCX, X86Reg::RAX);
    |                 ^^^^^^ private method
    |
   ::: src\rust\backend\isa\encoder.rs:79:5
    |
 79 |     fn mov_rr(&mut self, dst: X86Reg, src: X86Reg) {
    |     ---------------------------------------------- private method defined here

error[E0624]: method `sub_rsp` is private
   --> src\rust\backend\isa\instructions.rs:733:17
    |
733 |             enc.sub_rsp(32);
    |                 ^^^^^^^ private method
    |
   ::: src\rust\backend\isa\encoder.rs:125:5
    |
125 |     fn sub_rsp(&mut self, val: u8) { self.rex_w(); self.emit(&[0x83, 0xEC, val]); }
    |     ------------------------------ private method defined here

error[E0624]: method `call_label` is private
   --> src\rust\backend\isa\instructions.rs:734:17
    |
734 |             enc.call_label("__pyb_vk_buffer_read");
    |                 ^^^^^^^^^^ private method
    |
   ::: src\rust\backend\isa\encoder.rs:145:5
    |
145 |     fn call_label(&mut self, lbl: &str) {
    |     ----------------------------------- private method defined here

error[E0624]: method `add_rsp` is private
   --> src\rust\backend\isa\instructions.rs:735:17
    |
735 |             enc.add_rsp(32);
    |                 ^^^^^^^ private method
    |
   ::: src\rust\backend\isa\encoder.rs:126:5
    |
126 |     fn add_rsp(&mut self, val: u8) { self.rex_w(); self.emit(&[0x83, 0xC4, val]); }
    |     ------------------------------ private method defined here

error[E0624]: method `sub_rsp` is private
   --> src\rust\backend\isa\instructions.rs:738:17
    |
738 |             enc.sub_rsp(32);
    |                 ^^^^^^^ private method
    |
   ::: src\rust\backend\isa\encoder.rs:125:5
    |
125 |     fn sub_rsp(&mut self, val: u8) { self.rex_w(); self.emit(&[0x83, 0xEC, val]); }
    |     ------------------------------ private method defined here

error[E0624]: method `call_label` is private
   --> src\rust\backend\isa\instructions.rs:739:17
    |
739 |             enc.call_label("__pyb_vk_shader_load");
    |                 ^^^^^^^^^^ private method
    |
   ::: src\rust\backend\isa\encoder.rs:145:5
    |
145 |     fn call_label(&mut self, lbl: &str) {
    |     ----------------------------------- private method defined here

error[E0624]: method `add_rsp` is private
   --> src\rust\backend\isa\instructions.rs:740:17
    |
740 |             enc.add_rsp(32);
    |                 ^^^^^^^ private method
    |
   ::: src\rust\backend\isa\encoder.rs:126:5
    |
126 |     fn add_rsp(&mut self, val: u8) { self.rex_w(); self.emit(&[0x83, 0xC4, val]); }
    |     ------------------------------ private method defined here

error[E0624]: method `mov_rr` is private
   --> src\rust\backend\isa\instructions.rs:744:17
    |
744 |             enc.mov_rr(X86Reg::RCX, X86Reg::RAX);
    |                 ^^^^^^ private method
    |
   ::: src\rust\backend\isa\encoder.rs:79:5
    |
 79 |     fn mov_rr(&mut self, dst: X86Reg, src: X86Reg) {
    |     ---------------------------------------------- private method defined here

error[E0624]: method `mov_rr` is private
   --> src\rust\backend\isa\instructions.rs:746:17
    |
746 |             enc.mov_rr(X86Reg::RDX, X86Reg::RAX);
    |                 ^^^^^^ private method
    |
   ::: src\rust\backend\isa\encoder.rs:79:5
    |
 79 |     fn mov_rr(&mut self, dst: X86Reg, src: X86Reg) {
    |     ---------------------------------------------- private method defined here

error[E0624]: method `mov_rr` is private
   --> src\rust\backend\isa\instructions.rs:748:17
    |
748 |             enc.mov_rr(X86Reg::R8, X86Reg::RAX);
    |                 ^^^^^^ private method
    |
   ::: src\rust\backend\isa\encoder.rs:79:5
    |
 79 |     fn mov_rr(&mut self, dst: X86Reg, src: X86Reg) {
    |     ---------------------------------------------- private method defined here

error[E0624]: method `sub_rsp` is private
   --> src\rust\backend\isa\instructions.rs:749:17
    |
749 |             enc.sub_rsp(32);
    |                 ^^^^^^^ private method
    |
   ::: src\rust\backend\isa\encoder.rs:125:5
    |
125 |     fn sub_rsp(&mut self, val: u8) { self.rex_w(); self.emit(&[0x83, 0xEC, val]); }
    |     ------------------------------ private method defined here

error[E0624]: method `call_label` is private
   --> src\rust\backend\isa\instructions.rs:750:17
    |
750 |             enc.call_label("__pyb_vk_dispatch");
    |                 ^^^^^^^^^^ private method
    |
   ::: src\rust\backend\isa\encoder.rs:145:5
    |
145 |     fn call_label(&mut self, lbl: &str) {
    |     ----------------------------------- private method defined here

error[E0624]: method `add_rsp` is private
   --> src\rust\backend\isa\instructions.rs:751:17
    |
751 |             enc.add_rsp(32);
    |                 ^^^^^^^ private method
    |
   ::: src\rust\backend\isa\encoder.rs:126:5
    |
126 |     fn add_rsp(&mut self, val: u8) { self.rex_w(); self.emit(&[0x83, 0xC4, val]); }
    |     ------------------------------ private method defined here

error[E0624]: method `mov_rr` is private
   --> src\rust\backend\isa\instructions.rs:754:17
    |
754 |             enc.mov_rr(X86Reg::RCX, X86Reg::RAX);
    |                 ^^^^^^ private method
    |
   ::: src\rust\backend\isa\encoder.rs:79:5
    |
 79 |     fn mov_rr(&mut self, dst: X86Reg, src: X86Reg) {
    |     ---------------------------------------------- private method defined here

error[E0624]: method `sub_rsp` is private
   --> src\rust\backend\isa\instructions.rs:755:17
    |
755 |             enc.sub_rsp(32);
    |                 ^^^^^^^ private method
    |
   ::: src\rust\backend\isa\encoder.rs:125:5
    |
125 |     fn sub_rsp(&mut self, val: u8) { self.rex_w(); self.emit(&[0x83, 0xEC, val]); }
    |     ------------------------------ private method defined here

error[E0624]: method `call_label` is private
   --> src\rust\backend\isa\instructions.rs:756:17
    |
756 |             enc.call_label("__pyb_vk_buffer_free");
    |                 ^^^^^^^^^^ private method
    |
   ::: src\rust\backend\isa\encoder.rs:145:5
    |
145 |     fn call_label(&mut self, lbl: &str) {
    |     ----------------------------------- private method defined here

error[E0624]: method `add_rsp` is private
   --> src\rust\backend\isa\instructions.rs:757:17
    |
757 |             enc.add_rsp(32);
    |                 ^^^^^^^ private method
    |
   ::: src\rust\backend\isa\encoder.rs:126:5
    |
126 |     fn add_rsp(&mut self, val: u8) { self.rex_w(); self.emit(&[0x83, 0xC4, val]); }
    |     ------------------------------ private method defined here

error[E0624]: method `sub_rsp` is private
   --> src\rust\backend\isa\instructions.rs:760:17
    |
760 |             enc.sub_rsp(32);
    |                 ^^^^^^^ private method
    |
   ::: src\rust\backend\isa\encoder.rs:125:5
    |
125 |     fn sub_rsp(&mut self, val: u8) { self.rex_w(); self.emit(&[0x83, 0xEC, val]); }
    |     ------------------------------ private method defined here

error[E0624]: method `call_label` is private
   --> src\rust\backend\isa\instructions.rs:761:17
    |
761 |             enc.call_label("__pyb_vk_destroy");
    |                 ^^^^^^^^^^ private method
    |
   ::: src\rust\backend\isa\encoder.rs:145:5
    |
145 |     fn call_label(&mut self, lbl: &str) {
    |     ----------------------------------- private method defined here

error[E0624]: method `add_rsp` is private
   --> src\rust\backend\isa\instructions.rs:762:17
    |
762 |             enc.add_rsp(32);
    |                 ^^^^^^^ private method
    |
   ::: src\rust\backend\isa\encoder.rs:126:5
    |
126 |     fn add_rsp(&mut self, val: u8) { self.rex_w(); self.emit(&[0x83, 0xC4, val]); }
    |     ------------------------------ private method defined here

warning: unused variable: `call_args`
   --> src\rust\frontend\python\to_ir\stmt.rs:123:67
    |
123 |                         if let PyExpr::Call { func: call_f, args: call_args, .. } = value {
    |                                                                   ^^^^^^^^^ help: if this is intentional, prefix 
it with an underscore: `_call_args`
    |
    = note: `#[warn(unused_variables)]` (part of `#[warn(unused)]`) on by default

warning: unused variable: `exc_name`
   --> src\rust\frontend\python\to_ir\stmt.rs:732:29
    |
732 |                         let exc_name = match exc_type_expr {
    |                             ^^^^^^^^ help: if this is intentional, prefix it with an underscore: `_exc_name`

warning: unused variable: `context_expr`
   --> src\rust\frontend\python\to_ir\stmt.rs:862:22
    |
862 |                 for (context_expr, opt_var) in items {
    |                      ^^^^^^^^^^^^ help: if this is intentional, prefix it with an underscore: `_context_expr`

warning: unused variable: `msg`
   --> src\rust\frontend\python\to_ir\stmt.rs:877:36
    |
877 |             PyStmt::Assert { test, msg } => {
    |                                    ^^^ help: try ignoring the field: `msg: _`

warning: unused variable: `elts`
   --> src\rust\frontend\python\to_ir\expr.rs:243:45
    |
243 |                         if let PyExpr::List(elts) = &args[0] {
    |                                             ^^^^ help: if this is intentional, prefix it with an underscore: 
`_elts`

warning: unused variable: `cls_name`
   --> src\rust\frontend\python\to_ir\expr.rs:933:38
    |
933 | ...                   for (cls_name, fields) in &self.class_fields {
    |                            ^^^^^^^^ help: if this is intentional, prefix it with an underscore: `_cls_name`

warning: unused variable: `element`
   --> src\rust\frontend\python\to_ir\expr.rs:956:32
    |
956 |             PyExpr::ListComp { element, generators } => {
    |                                ^^^^^^^ help: try ignoring the field: `element: _`

warning: unused variable: `cond`
   --> src\rust\frontend\python\to_ir\expr.rs:995:21
    |
995 |                 let cond = self.convert_expr_to_instr(test, program);
    |                     ^^^^ help: if this is intentional, prefix it with an underscore: `_cond`

warning: unused variable: `else_val`
   --> src\rust\frontend\python\to_ir\expr.rs:997:21
    |
997 |                 let else_val = self.convert_expr_to_instr(orelse, program);
    |                     ^^^^^^^^ help: if this is intentional, prefix it with an underscore: `_else_val`

warning: variable does not need to be mutable
  --> src\rust\frontend\python\types\mod.rs:86:13
   |
86 |         let mut typed_module = module.clone();
   |             ----^^^^^^^^^^^^
   |             |
   |             help: remove this `mut`
   |
   = note: `#[warn(unused_mut)]` (part of `#[warn(unused)]`) on by default

warning: unused variable: `args`
   --> src\rust\middle\ir\optimizer.rs:164:52
    |
164 |         if let IRInstruction::Call { func: callee, args } = &func.body[i] {
    |                                                    ^^^^ help: try ignoring the field: `args: _`

warning: variable `eax_out` is assigned to, but never used
  --> src\rust\backend\jit\cpu.rs:19:21
   |
19 |             let mut eax_out: u32;
   |                     ^^^^^^^
   |
   = note: consider using `_eax_out` instead
help: you might have meant to pattern match on the similarly named constant `PAGE_READWRITE`
   |
19 -             let mut eax_out: u32;
19 +             let mut backend::jit::execute::execute_windows_v2_stats::PAGE_READWRITE: u32;
   |

warning: variable `edx_out` is assigned to, but never used
  --> src\rust\backend\jit\cpu.rs:22:21
   |
22 |             let mut edx_out: u32;
   |                     ^^^^^^^
   |
   = note: consider using `_edx_out` instead
help: you might have meant to pattern match on the similarly named constant `PAGE_READWRITE`
   |
22 -             let mut edx_out: u32;
22 +             let mut backend::jit::execute::execute_windows_v2_stats::PAGE_READWRITE: u32;
   |

warning: value assigned to `eax_out` is never read
  --> src\rust\backend\jit\cpu.rs:28:38
   |
28 |                 inout("eax") 1u32 => eax_out,
   |                                      ^^^^^^^
   |
   = help: maybe it is overwritten before being read?
   = note: `#[warn(unused_assignments)]` (part of `#[warn(unused)]`) on by default

warning: value assigned to `edx_out` is never read
  --> src\rust\backend\jit\cpu.rs:31:28
   |
31 |                 out("edx") edx_out,
   |                            ^^^^^^^
   |
   = help: maybe it is overwritten before being read?

warning: value assigned to `eax_out` is never read
  --> src\rust\backend\jit\cpu.rs:42:38
   |
42 |                 inout("eax") 7u32 => eax_out,
   |                                      ^^^^^^^
   |
   = help: maybe it is overwritten before being read?

warning: value assigned to `ecx_out` is never read
  --> src\rust\backend\jit\cpu.rs:44:38
   |
44 |                 inout("ecx") 0u32 => ecx_out,
   |                                      ^^^^^^^
   |
   = help: maybe it is overwritten before being read?

warning: value assigned to `edx_out` is never read
  --> src\rust\backend\jit\cpu.rs:45:28
   |
45 |                 out("edx") edx_out,
   |                            ^^^^^^^
   |
   = help: maybe it is overwritten before being read?

warning: unused variable: `entry_offset`
 --> src\rust\backend\jit\image.rs:7:31
  |
7 |     text: &[u8], data: &[u8], entry_offset: u32,
  |                               ^^^^^^^^^^^^
  |
help: if this is intentional, prefix it with an underscore
  |
7 |     text: &[u8], data: &[u8], _entry_offset: u32,
  |                               +
help: you might have meant to pattern match on the similarly named constant `PAGE_READWRITE`
  |
7 -     text: &[u8], data: &[u8], entry_offset: u32,
7 +     text: &[u8], data: &[u8], backend::jit::execute::execute_windows_v2_stats::PAGE_READWRITE: u32,
  |

warning: unused variable: `source_hash`
  --> src\rust\backend\jit\execute.rs:46:165
   |
46 | ...ixups: &[(u32, usize)], source_hash: u64) -> Result<(i32, JitStats), String> {
   |                            ^^^^^^^^^^^ help: if this is intentional, prefix it with an underscore: `_source_hash`

Some errors have detailed explanations: E0616, E0624.
For more information about an error, try `rustc --explain E0616`.
warning: `PyDead-bib` (lib) generated 44 warnings
error: could not compile `PyDead-bib` (lib) due to 2326 previous errors; 44 warnings emitted
